
> vueapp-section-based@1.0.0 test:unit
> vitest --run

[SectionBundler] Creating section bundler plugin
[ManifestGenerator] Creating manifest generator plugin
[Vite] Building in test mode
[SectionBundler] Plugin config hook called: { command: 'serve' }
[SectionBundler] discoverAllSectionsFromConfig() started
[jsonConfigLoaderNode] Loading JSON config: route_config_bundler from D:\projects\new-vue-main\src\router\routeConfig.json
[jsonConfigLoaderNode] Resolving path: D:\projects\new-vue-main\src\router\routeConfig.json
[jsonConfigLoaderNode] Path is already absolute: D:\projects\new-vue-main\src\router\routeConfig.json
[jsonConfigLoaderNode] Parsing JSON string for route_config_bundler
[jsonConfigLoaderNode] Successfully parsed JSON for route_config_bundler
[jsonConfigLoaderNode] Validating JSON data for route_config_bundler
[jsonConfigLoaderNode] JSON data is valid for route_config_bundler
[jsonConfigLoaderNode] Config loaded and cached: route_config_bundler
[SectionBundler] Sections discovered: {
  count: 13,
  sections: [
    'auth',
    'misc',
    'dashboard-global',
    'dashboard-creator',
    'dashboard-fan',
    'dashboard-agent',
    'dashboard-vendor',
    'contact',
    'profile',
    'discover',
    'shop',
    'dev',
    'demo'
  ],
  warningCount: 0
}
[SectionBundler] generateManualChunksConfiguration() called
[SectionCssPlugin] Project root: D:/projects/new-vue-main
[SectionCssPlugin] Build mode: test
[SectionBundler] Build started - analyzing sections
[SectionBundler] discoverAllSectionsFromConfig() started
[jsonConfigLoaderNode] Loading JSON config: route_config_bundler from D:\projects\new-vue-main\src\router\routeConfig.json
[jsonConfigLoaderNode] Config loaded from cache: route_config_bundler
[SectionBundler] Sections discovered: {
  count: 13,
  sections: [
    'auth',
    'misc',
    'dashboard-global',
    'dashboard-creator',
    'dashboard-fan',
    'dashboard-agent',
    'dashboard-vendor',
    'contact',
    'profile',
    'discover',
    'shop',
    'dev',
    'demo'
  ],
  warningCount: 0
}
[SectionBundler] getPreloadConfiguration() called
[SectionBundler] Preload configuration: { eager: 2, lazy: 11 }
[SectionBundler] Section analysis complete: { totalSections: 13, eagerSections: 2, lazySections: 11 }

[SectionCssPlugin] Starting section CSS build...


🎨 Tailwind Section CSS Builder

Building CSS for each section...

[jsonConfigLoaderNode] Loading JSON config: route_config_tailwind from D:\projects\new-vue-main\src\router\routeConfig.json
[jsonConfigLoaderNode] Resolving path: D:\projects\new-vue-main\src\router\routeConfig.json
[jsonConfigLoaderNode] Path is already absolute: D:\projects\new-vue-main\src\router\routeConfig.json
[jsonConfigLoaderNode] Parsing JSON string for route_config_tailwind
[jsonConfigLoaderNode] Successfully parsed JSON for route_config_tailwind
[jsonConfigLoaderNode] Validating JSON data for route_config_tailwind
[jsonConfigLoaderNode] JSON data is valid for route_config_tailwind
[jsonConfigLoaderNode] Config loaded and cached: route_config_tailwind
[Tailwind] Generated content paths: { pathCount: 27 }
[jsonConfigLoaderNode] Loading JSON config: route_config_sections from D:\projects\new-vue-main\src\router\routeConfig.json
[jsonConfigLoaderNode] Resolving path: D:\projects\new-vue-main\src\router\routeConfig.json
[jsonConfigLoaderNode] Path is already absolute: D:\projects\new-vue-main\src\router\routeConfig.json
[jsonConfigLoaderNode] Parsing JSON string for route_config_sections
[jsonConfigLoaderNode] Successfully parsed JSON for route_config_sections
[jsonConfigLoaderNode] Validating JSON data for route_config_sections
[jsonConfigLoaderNode] JSON data is valid for route_config_sections
[jsonConfigLoaderNode] Config loaded and cached: route_config_sections

🔨 Building section: auth
  📁 Content paths: 21
  ✂️  After filtering: 21 paths
npm : Browserslist: browsers data (caniuse-lite) is 7 months old. Please run:
At C:\Users\Coop\AppData\Local\Temp\ps-script-0952d917-d7b2-448b-92d6-e2c591da61f4.ps1:104 char:32
+ ... d "d:\projects\new-vue-main"; npm run test:unit -- --run 2>&1 | Tee-O ...
+                                   ~~~~~~~~~~~~~~~~~~~~~~~~~~~~~~~
    + CategoryInfo          : NotSpecified: (Browserslist: b...ld. Please run::String) [], RemoteException
    + FullyQualifiedErrorId : NativeCommandError
 
  npx update-browserslist-db@latest
  Why you should do it regularly: https://github.com/browserslist/update-db#readme
✅ Compiled CSS for section: auth -> 39.72 KB

🔨 Building section: misc
  📁 Content paths: 14
  ✂️  After filtering: 14 paths
✅ Compiled CSS for section: misc -> 98.81 KB

🔨 Building section: dashboard-global
  📁 Content paths: 24
  ✂️  After filtering: 24 paths
✅ Compiled CSS for section: dashboard-global -> 64.63 KB

🔨 Building section: dashboard-creator
  📁 Content paths: 26
  ✂️  After filtering: 26 paths
✅ Compiled CSS for section: dashboard-creator -> 38.02 KB

🔨 Building section: dashboard-fan
  📁 Content paths: 13
  ✂️  After filtering: 13 paths
✅ Compiled CSS for section: dashboard-fan -> 37.66 KB

🔨 Building section: dashboard-agent
  📁 Content paths: 13
  ✂️  After filtering: 13 paths
✅ Compiled CSS for section: dashboard-agent -> 31.06 KB

🔨 Building section: dashboard-vendor
  📁 Content paths: 13
  ✂️  After filtering: 13 paths
✅ Compiled CSS for section: dashboard-vendor -> 31.06 KB

🔨 Building section: about
  📁 Content paths: 8
  ✂️  After filtering: 8 paths
✅ Compiled CSS for section: about -> 31.05 KB

🔨 Building section: contact
  📁 Content paths: 8
  ✂️  After filtering: 8 paths
✅ Compiled CSS for section: contact -> 31.06 KB

🔨 Building section: profile
  📁 Content paths: 10
  ✂️  After filtering: 10 paths
✅ Compiled CSS for section: profile -> 150.96 KB

🔨 Building section: discover
  📁 Content paths: 8
  ✂️  After filtering: 8 paths
✅ Compiled CSS for section: discover -> 31.06 KB

🔨 Building section: shop
  📁 Content paths: 8
  ✂️  After filtering: 8 paths
✅ Compiled CSS for section: shop -> 31.05 KB

🔨 Building section: dev
  📁 Content paths: 15
  ✂️  After filtering: 15 paths
✅ Compiled CSS for section: dev -> 64.68 KB

🔨 Building section: demo
  📁 Content paths: 16
  ✂️  After filtering: 16 paths
✅ Compiled CSS for section: demo -> 56.02 KB

✅ Section CSS build complete!

Generated 14 CSS files:
  - auth: 39.72 KB
  - misc: 98.81 KB
  - dashboard-global: 64.63 KB
  - dashboard-creator: 38.02 KB
  - dashboard-fan: 37.66 KB
  - dashboard-agent: 31.06 KB
  - dashboard-vendor: 31.06 KB
  - about: 31.05 KB
  - contact: 31.06 KB
  - profile: 150.96 KB
  - discover: 31.06 KB
  - shop: 31.05 KB
  - dev: 64.68 KB
  - demo: 56.02 KB
[SectionCssPlugin] ✅ Generated 14 section CSS files


 RUN  v3.2.4 D:/projects/new-vue-main

stdout | tests/assetLibrary.test.js

AssetLibrary Integration Tests:

These tests verify that the AssetLibrary:
1. Loads assets for individual sections
2. Caches loaded assets properly
3. Preloads multiple sections in parallel
4. Tracks loading states correctly
5. Provides accurate statistics
6. Unloads unused sections for memory optimization
7. Clears caches when requested

To run these tests in a browser:
1. Open the app in development mode
2. Open browser console
3. Import the AssetLibrary functions
4. Run the test functions manually

Example:
  import { loadAssetsForSection } from './src/utils/assets/assetLibrary.js';
  const assets = await loadAssetsForSection('auth');
  console.log(assets);


 ❯ tests/unit/dashboardLayoutSectionRoutes.test.js (2 tests | 1 failed) 15ms
   ✓ dashboard app page route sections > assigns dashboard-global to /dashboard/analytics and /payout 4ms
   × dashboard app page route sections > redirects legacy /analytics to /dashboard/analytics 10ms
     → expected undefined to be '/dashboard/analytics' // Object.is equality
 ❯ tests/unit/resolveRouteAssetPreloads.test.js (3 tests | 2 failed) 21ms
   × resolveRouteAssetPreloads (P4) > expands assetPreloadRef into assetPreload and removes the ref field 16ms
     → expected [ …(21) ] to have a length of 20 but got 21
   × resolveRouteAssetPreloads (P4) > appends inline assetPreload entries after shared ref entries 2ms
     → expected [ …(22) ] to have a length of 21 but got 22
   ✓ resolveRouteAssetPreloads (P4) > throws for unknown assetPreloadRef keys 1ms
stdout | tests/assetMapper.test.js
AssetLibrary flag-to-URL tests loaded. Run window.runAssetLibraryFlagTests() to test.

AssetLibrary Test Suite - Flag-to-URL Mapping:

Tests verify that the AssetLibrary flag-to-URL functionality:
1. Loads asset URLs from JSON configuration
2. Supports environment-specific configurations (dev, staging, prod)
3. Implements inheritance (dev/staging fall back to production)
4. Caches asset URLs for performance
5. Handles multiple asset flags efficiently
6. Provides category-based asset retrieval
7. Validates asset map configuration
8. Handles non-existent flags gracefully
9. Supports environment switching
10. Provides comprehensive statistics

To run these tests in a browser:
1. Open the app in development mode
2. Open browser console
3. Run: window.runAssetLibraryFlagTests()

Example usage:
  import { getAssetUrl } from './src/utils/assets/assetLibrary.js';
  const url = await getAssetUrl('icon.cart');
  console.log(url); // https://cdn.example.com/assets/icons/cart.svg


stdout | tests/unit/applyLocaleTemporarily.test.js > applyLocaleTemporarily (L-03) > starts translation load for resolved section using routePath
[localeManager.js] [window-api] [expose] Locale console commands exposed {
  commands: [
    'window.APP.setLocale("vi")',
    'window.APP.setLocale("en")',
    'window.APP.getLocale()',
    'window.APP.getSupportedLocales()',
    'window.APP.getLocalePreferenceOrder()',
    'window.APP.getTranslationStatistics()',
    'window.APP.testLocalePersistence()'
  ]
}

stdout | tests/unit/applyLocaleTemporarily.test.js > applyLocaleTemporarily (L-03) > starts translation load for resolved section using routePath
[localeManager.js] [applyLocaleTemporarily] [start] Applying locale temporarily (not persisting) { localeCode: 'vi' }
[localeManager.js] [applyLocaleTemporarily] [success] Vue I18n locale updated { localeCode: 'vi' }

stdout | tests/unit/applyLocaleTemporarily.test.js > applyLocaleTemporarily (L-03) > starts translation load for resolved section using routePath
[localeManager.js] [applyLocaleTemporarily] [return] Locale applied temporarily (not persisted) { localeCode: 'vi', loadTranslations: true, awaitTranslations: false }

stdout | tests/unit/applyLocaleTemporarily.test.js > applyLocaleTemporarily (L-03) > starts translation load for resolved section using routePath
[localeManager.js] [getActiveLocale] [start] Getting active locale {}
[localeManager.js] [getActiveLocale] [return] Returning locale from Pinia store { locale: 'en' }

stdout | tests/unit/applyLocaleTemporarily.test.js > applyLocaleTemporarily (L-03) > loads base UI translations before section translations
[localeManager.js] [window-api] [expose] Locale console commands exposed {
  commands: [
    'window.APP.setLocale("vi")',
    'window.APP.setLocale("en")',
    'window.APP.getLocale()',
    'window.APP.getSupportedLocales()',
    'window.APP.getLocalePreferenceOrder()',
    'window.APP.getTranslationStatistics()',
    'window.APP.testLocalePersistence()'
  ]
}

stdout | tests/unit/applyLocaleTemporarily.test.js > applyLocaleTemporarily (L-03) > loads base UI translations before section translations
[localeManager.js] [applyLocaleTemporarily] [start] Applying locale temporarily (not persisting) { localeCode: 'vi' }
[localeManager.js] [applyLocaleTemporarily] [success] Vue I18n locale updated { localeCode: 'vi' }

stdout | tests/unit/applyLocaleTemporarily.test.js > applyLocaleTemporarily (L-03) > loads base UI translations before section translations
[localeManager.js] [applyLocaleTemporarily] [return] Locale applied temporarily (not persisted) { localeCode: 'vi', loadTranslations: true, awaitTranslations: false }

stdout | tests/unit/applyLocaleTemporarily.test.js > applyLocaleTemporarily (L-03) > uses explicit sectionName when provided
[localeManager.js] [window-api] [expose] Locale console commands exposed {
  commands: [
    'window.APP.setLocale("vi")',
    'window.APP.setLocale("en")',
    'window.APP.getLocale()',
    'window.APP.getSupportedLocales()',
    'window.APP.getLocalePreferenceOrder()',
    'window.APP.getTranslationStatistics()',
    'window.APP.testLocalePersistence()'
  ]
}

stdout | tests/unit/applyLocaleTemporarily.test.js > applyLocaleTemporarily (L-03) > uses explicit sectionName when provided
[localeManager.js] [applyLocaleTemporarily] [start] Applying locale temporarily (not persisting) { localeCode: 'vi' }
[localeManager.js] [applyLocaleTemporarily] [success] Vue I18n locale updated { localeCode: 'vi' }

stdout | tests/unit/applyLocaleTemporarily.test.js > applyLocaleTemporarily (L-03) > uses explicit sectionName when provided
[localeManager.js] [applyLocaleTemporarily] [return] Locale applied temporarily (not persisted) { localeCode: 'vi', loadTranslations: true, awaitTranslations: false }

stdout | tests/unit/applyLocaleTemporarily.test.js > applyLocaleTemporarily (L-03) > can await translation load for preview-style callers
[localeManager.js] [window-api] [expose] Locale console commands exposed {
  commands: [
    'window.APP.setLocale("vi")',
    'window.APP.setLocale("en")',
    'window.APP.getLocale()',
    'window.APP.getSupportedLocales()',
    'window.APP.getLocalePreferenceOrder()',
    'window.APP.getTranslationStatistics()',
    'window.APP.testLocalePersistence()'
  ]
}

stdout | tests/unit/applyLocaleTemporarily.test.js > applyLocaleTemporarily (L-03) > can await translation load for preview-style callers
[localeManager.js] [applyLocaleTemporarily] [start] Applying locale temporarily (not persisting) { localeCode: 'vi' }
[localeManager.js] [applyLocaleTemporarily] [success] Vue I18n locale updated { localeCode: 'vi' }

stdout | tests/unit/applyLocaleTemporarily.test.js > applyLocaleTemporarily (L-03) > can await translation load for preview-style callers
[localeManager.js] [loadTranslationsForTemporaryLocale] [success] Translations loaded for temporary locale { localeCode: 'vi', resolvedSection: 'auth' }

stdout | tests/unit/applyLocaleTemporarily.test.js > applyLocaleTemporarily (L-03) > can await translation load for preview-style callers
[localeManager.js] [applyLocaleTemporarily] [return] Locale applied temporarily (not persisted) { localeCode: 'vi', loadTranslations: true, awaitTranslations: true }

stdout | tests/unit/applyLocaleTemporarily.test.js > applyLocaleTemporarily (L-03) > skips translation load when loadTranslations is false
[localeManager.js] [window-api] [expose] Locale console commands exposed {
  commands: [
    'window.APP.setLocale("vi")',
    'window.APP.setLocale("en")',
    'window.APP.getLocale()',
    'window.APP.getSupportedLocales()',
    'window.APP.getLocalePreferenceOrder()',
    'window.APP.getTranslationStatistics()',
    'window.APP.testLocalePersistence()'
  ]
}

stdout | tests/unit/applyLocaleTemporarily.test.js > applyLocaleTemporarily (L-03) > skips translation load when loadTranslations is false
[localeManager.js] [applyLocaleTemporarily] [start] Applying locale temporarily (not persisting) { localeCode: 'vi' }
[localeManager.js] [applyLocaleTemporarily] [success] Vue I18n locale updated { localeCode: 'vi' }
[localeManager.js] [applyLocaleTemporarily] [return] Locale applied temporarily (not persisted) { localeCode: 'vi', loadTranslations: false, awaitTranslations: false }

stdout | tests/unit/applyLocaleTemporarily.test.js > document RTL direction (B-03) > getDocumentDirection returns rtl for RTL locales
[localeManager.js] [window-api] [expose] Locale console commands exposed {
  commands: [
    'window.APP.setLocale("vi")',
    'window.APP.setLocale("en")',
    'window.APP.getLocale()',
    'window.APP.getSupportedLocales()',
    'window.APP.getLocalePreferenceOrder()',
    'window.APP.getTranslationStatistics()',
    'window.APP.testLocalePersistence()'
  ]
}

stdout | tests/unit/applyLocaleTemporarily.test.js > document RTL direction (B-03) > applyLocaleTemporarily sets html dir for RTL and LTR locales
[localeManager.js] [window-api] [expose] Locale console commands exposed {
  commands: [
    'window.APP.setLocale("vi")',
    'window.APP.setLocale("en")',
    'window.APP.getLocale()',
    'window.APP.getSupportedLocales()',
    'window.APP.getLocalePreferenceOrder()',
    'window.APP.getTranslationStatistics()',
    'window.APP.testLocalePersistence()'
  ]
}

stdout | tests/unit/applyLocaleTemporarily.test.js > document RTL direction (B-03) > applyLocaleTemporarily sets html dir for RTL and LTR locales
[localeManager.js] [applyLocaleTemporarily] [start] Applying locale temporarily (not persisting) { localeCode: 'ar' }
[localeManager.js] [applyLocaleTemporarily] [success] Vue I18n locale updated { localeCode: 'ar' }
[localeManager.js] [applyLocaleTemporarily] [return] Locale applied temporarily (not persisted) { localeCode: 'ar', loadTranslations: false, awaitTranslations: false }

stdout | tests/unit/applyLocaleTemporarily.test.js > document RTL direction (B-03) > applyLocaleTemporarily sets html dir for RTL and LTR locales
[localeManager.js] [applyLocaleTemporarily] [start] Applying locale temporarily (not persisting) { localeCode: 'en' }
[localeManager.js] [applyLocaleTemporarily] [return] Locale applied temporarily (not persisted) { localeCode: 'en', loadTranslations: false, awaitTranslations: false }

 ❯ tests/unit/applyLocaleTemporarily.test.js (7 tests | 1 failed) 1558ms
   × applyLocaleTemporarily (L-03) > starts translation load for resolved section using routePath 1086ms
     → expected 'en' to be 'vi' // Object.is equality
   ✓ applyLocaleTemporarily (L-03) > loads base UI translations before section translations 75ms
   ✓ applyLocaleTemporarily (L-03) > uses explicit sectionName when provided 77ms
   ✓ applyLocaleTemporarily (L-03) > can await translation load for preview-style callers 110ms
   ✓ applyLocaleTemporarily (L-03) > skips translation load when loadTranslations is false 70ms
   ✓ document RTL direction (B-03) > getDocumentDirection returns rtl for RTL locales 64ms
   ✓ document RTL direction (B-03) > applyLocaleTemporarily sets html dir for RTL and LTR locales 73ms
stdout | tests/unit/routerExports.test.js > router index exports (B7) > does not re-export runAllRouteGuards
[authHandlerDev.js] [window-api] [expose] Dev auth utilities exposed on window.APP {
  commands: [
    'window.APP.setMockUserState({ role: "creator", onboardingPassed: false, kycPassed: false })',
    'window.APP.mockUser',
    'window.APP.getRegisteredUsers()'
  ]
}

stdout | tests/unit/routerExports.test.js > router index exports (B7) > does not re-export runAllRouteGuards
[authHandler.js] [initialization] [init] Initializing auth handler {
  authMode: undefined,
  isDevelopment: true,
  shouldUseDev: true,
  selectedHandler: 'dev'
}
[authHandler.js] [initialization] [dev-auto] Using development handler (auto-detected development mode) {}
[authHandler.js] [window-api] [expose] Console commands exposed {
  commands: [
    'window.APP.useAuthHandler("dev")',
    'window.APP.useAuthHandler("cognito")',
    'window.APP.getCurrentAuthMode()',
    'window.APP.testAuthToggle()'
  ]
}

stdout | tests/unit/routerExports.test.js > router index exports (B7) > does not re-export runAllRouteGuards
[localeManager.js] [window-api] [expose] Locale console commands exposed {
  commands: [
    'window.APP.setLocale("vi")',
    'window.APP.setLocale("en")',
    'window.APP.getLocale()',
    'window.APP.getSupportedLocales()',
    'window.APP.getLocalePreferenceOrder()',
    'window.APP.getTranslationStatistics()',
    'window.APP.testLocalePersistence()'
  ]
}

stdout | tests/unit/routerExports.test.js > router index exports (B7) > does not re-export runAllRouteGuards
[router/index.js] [generateRoutesFromConfig] [start] Generating routes from configuration {}
[routeConfigLoader.js] [getRouteConfiguration] [call] Getting route configuration {}
[routeConfigLoader.js] [getCachedRouteConfiguration] [start] Getting cached route configuration {}
[routeConfigLoader.js] [loadRouteConfigurationFromFile] [start] Loading route configuration {}
[jsonConfigLoader.js] [loadJsonConfigFromImport] [start] Loading JSON config from import: route_config { configName: 'route_config', dataType: 'array' }
[jsonConfigLoader.js] [validateJsonData] [start] Validating JSON data for route_config {}
[jsonConfigLoader.js] [validateJsonData] [success] JSON data is valid { configName: 'route_config' }
[jsonConfigLoader.js] [validateJsonData] [return] Returning validation success { valid: true }
[jsonConfigLoader.js] [loadJsonConfigFromImport] [info] Running custom validator { configName: 'route_config' }
[jsonConfigValidator.js] [validateRouteConfig] [start] Validating route configuration { routeCount: 71 }
[jsonConfigValidator.js] [validateRouteConfig] [info] Route config validation complete { valid: true, errorCount: 0, warningCount: 0 }
[jsonConfigValidator.js] [validateRouteConfig] [return] Returning validation result { valid: true, errorCount: 0, warningCount: 0 }
[cacheHandler.js] [setValueWithExpiration] [start] Setting value in cache { key: 'json_config_route_config', hasTTL: false }
[cacheHandler.js] [setValueWithExpiration] [success] Value cached successfully { key: 'json_config_route_config', expiresAt: 'never' }
[cacheHandler.js] [setValueWithExpiration] [return] Cache set complete { key: 'json_config_route_config' }
[jsonConfigLoader.js] [loadJsonConfigFromImport] [success] Config loaded and cached: route_config { configName: 'route_config', dataType: 'array' }
[jsonConfigLoader.js] [loadJsonConfigFromImport] [return] Returning imported data { success: true }
[routeConfigLoader.js] [loadRouteConfigurationFromFile] [success] Route configuration loaded { routeCount: 71 }
[routeConfigLoader.js] [loadRouteConfigurationFromFile] [return] Returning loaded route configuration { routeCount: 71 }
[routeConfigLoader.js] [getCachedRouteConfiguration] [success] Route configuration retrieved { routeCount: 71 }
[routeConfigLoader.js] [getCachedRouteConfiguration] [return] Returning route configuration { routeCount: 71 }
[routeConfigLoader.js] [getRouteConfiguration] [return] Returning route configuration via cache { routeCount: 71 }
[router/index.js] [generateRoutesFromConfig] [add-route] Added locale-aware route {
  path: '/:locale?/confirm-email',
  section: 'auth',
  aliasCount: 0,
  redirectFromCount: 0
}
[router/index.js] [generateRoutesFromConfig] [add-route] Added locale-aware route {
  path: '/:locale?/callback',
  section: 'auth',
  aliasCount: 0,
  redirectFromCount: 0
}
[router/index.js] [generateRoutesFromConfig] [add-route] Added locale-aware route {
  path: '/:locale?/404',
  section: 'misc',
  aliasCount: 0,
  redirectFromCount: 0
}
[router/index.js] [generateRoutesFromConfig] [add-route] Added locale-aware route {
  path: '/:locale?/dashboard',
  section: 'dashboard-global',
  aliasCount: 0,
  redirectFromCount: 0
}
[router/index.js] [generateRoutesFromConfig] [redirect-from] Added legacy redirect route { from: '/:locale?/login', to: '/log-in' }
[router/index.js] [generateRoutesFromConfig] [redirect-from] Added legacy redirect route { from: '/:locale?/sign-in', to: '/log-in' }
[router/index.js] [generateRoutesFromConfig] [add-route] Added locale-aware route {
  path: '/:locale?/log-in',
  section: 'auth',
  aliasCount: 0,
  redirectFromCount: 2
}
[router/index.js] [generateRoutesFromConfig] [add-route] Added locale-aware route {
  path: '/:locale?/lost-password',
  section: 'auth',
  aliasCount: 0,
  redirectFromCount: 0
}
[router/index.js] [generateRoutesFromConfig] [add-route] Added locale-aware route {
  path: '/:locale?/reset-password',
  section: 'auth',
  aliasCount: 0,
  redirectFromCount: 0
}
[router/index.js] [generateRoutesFromConfig] [add-route] Added locale-aware route {
  path: '/:locale?/sign-up',
  section: 'auth',
  aliasCount: 0,
  redirectFromCount: 0
}
[router/index.js] [generateRoutesFromConfig] [add-route] Added locale-aware route {
  path: '/:locale?/dashboard/call-and-chat-settings',
  section: { creator: 'dashboard-creator' },
  aliasCount: 0,
  redirectFromCount: 0
}
[router/index.js] [generateRoutesFromConfig] [add-route] Added locale-aware route {
  path: '/:locale?/dashboard/account/change-password',
  section: {
    creator: 'dashboard-global',
    fan: 'dashboard-global',
    agent: 'dashboard-global',
    vendor: 'dashboard-global'
  },
  aliasCount: 0,
  redirectFromCount: 0
}
[router/index.js] [generateRoutesFromConfig] [add-route] Added locale-aware route {
  path: '/:locale?/dashboard/reset-password',
  section: 'dashboard-global',
  aliasCount: 0,
  redirectFromCount: 0
}
[router/index.js] [generateRoutesFromConfig] [skip-disabled] Skipping disabled route { path: '/dashboard/social-linking', section: 'dashboard-global' }
[router/index.js] [generateRoutesFromConfig] [add-route] Added locale-aware route {
  path: '/:locale?/dashboard/telegram-post',
  section: 'dashboard-global',
  aliasCount: 0,
  redirectFromCount: 0
}
[router/index.js] [generateRoutesFromConfig] [add-route] Added locale-aware route {
  path: '/:locale?/dashboard/twitter-post',
  section: 'dashboard-global',
  aliasCount: 0,
  redirectFromCount: 0
}
[router/index.js] [generateRoutesFromConfig] [add-route] Added locale-aware route {
  path: '/:locale?/dashboard/store/coupons',
  section: { creator: 'dashboard-creator', fan: 'dashboard-fan' },
  aliasCount: 0,
  redirectFromCount: 0
}
[router/index.js] [generateRoutesFromConfig] [add-route] Added locale-aware route {
  path: '/:locale?/dashboard/store/custom-product-requests',
  section: { creator: 'dashboard-creator', fan: 'dashboard-fan' },
  aliasCount: 0,
  redirectFromCount: 0
}
[router/index.js] [generateRoutesFromConfig] [add-route] Added locale-aware route {
  path: '/:locale?/dashboard/settings/custom-product-settings',
  section: { creator: 'dashboard-creator' },
  aliasCount: 0,
  redirectFromCount: 0
}
[router/index.js] [generateRoutesFromConfig] [add-route] Added locale-aware route {
  path: '/:locale?/dashboard/edit-profile',
  section: {
    creator: 'dashboard-creator',
    fan: 'dashboard-fan',
    agent: 'dashboard-agent',
    vendor: 'dashboard-vendor'
  },
  aliasCount: 0,
  redirectFromCount: 0
}
[router/index.js] [generateRoutesFromConfig] [add-route] Added locale-aware route {
  path: '/:locale?/dashboard/following',
  section: {
    creator: 'dashboard-global',
    fan: 'dashboard-global',
    agent: 'dashboard-global',
    vendor: 'dashboard-global'
  },
  aliasCount: 0,
  redirectFromCount: 0
}
[router/index.js] [generateRoutesFromConfig] [add-route] Added locale-aware route {
  path: '/:locale?/dashboard/settings/live-stream-settings',
  section: { creator: 'dashboard-creator' },
  aliasCount: 0,
  redirectFromCount: 0
}
[router/index.js] [generateRoutesFromConfig] [add-route] Added locale-aware route {
  path: '/:locale?/dashboard/my-media',
  section: { creator: 'dashboard-creator' },
  aliasCount: 0,
  redirectFromCount: 0
}
[router/index.js] [generateRoutesFromConfig] [add-route] Added locale-aware route {
  path: '/:locale?/dashboard/settings/newsletter-settings',
  section: {
    creator: 'dashboard-creator',
    fan: 'dashboard-fan',
    agent: 'dashboard-agent',
    vendor: 'dashboard-vendor'
  },
  aliasCount: 0,
  redirectFromCount: 0
}
[router/index.js] [generateRoutesFromConfig] [add-route] Added locale-aware route {
  path: '/:locale?/dashboard/overview',
  section: { creator: 'dashboard-creator' },
  aliasCount: 0,
  redirectFromCount: 0
}
[router/index.js] [generateRoutesFromConfig] [add-route] Added locale-aware route {
  path: '/:locale?/dashboard/settings/payout-settings',
  section: {
    creator: 'dashboard-creator',
    agent: 'dashboard-agent',
    vendor: 'dashboard-vendor'
  },
  aliasCount: 0,
  redirectFromCount: 0
}
[router/index.js] [generateRoutesFromConfig] [add-route] Added locale-aware route {
  path: '/:locale?/dashboard/payout',
  section: {
    creator: 'dashboard-creator',
    agent: 'dashboard-agent',
    vendor: 'dashboard-vendor'
  },
  aliasCount: 0,
  redirectFromCount: 0
}
[router/index.js] [generateRoutesFromConfig] [add-route] Added locale-aware route {
  path: '/:locale?/dashboard/settings/privacy-security',
  section: {
    creator: 'dashboard-global',
    fan: 'dashboard-global',
    agent: 'dashboard-global',
    vendor: 'dashboard-global'
  },
  aliasCount: 0,
  redirectFromCount: 0
}
[router/index.js] [generateRoutesFromConfig] [add-route] Added locale-aware route {
  path: '/:locale?/dashboard/settings/private-chat-settings',
  section: { creator: 'dashboard-creator' },
  aliasCount: 0,
  redirectFromCount: 0
}
[router/index.js] [generateRoutesFromConfig] [add-route] Added locale-aware route {
  path: '/:locale?/dashboard/chats',
  section: {
    creator: 'dashboard-creator',
    fan: 'dashboard-fan',
    agent: 'dashboard-agent',
    vendor: 'dashboard-vendor'
  },
  aliasCount: 0,
  redirectFromCount: 0
}
[router/index.js] [generateRoutesFromConfig] [add-route] Added locale-aware route {
  path: '/:locale?/dashboard/store/product-listings',
  section: { creator: 'dashboard-creator' },
  aliasCount: 0,
  redirectFromCount: 0
}
[router/index.js] [generateRoutesFromConfig] [add-route] Added locale-aware route {
  path: '/:locale?/dashboard/store/purchased-media',
  section: {
    creator: 'dashboard-global',
    fan: 'dashboard-global',
    agent: 'dashboard-global',
    vendor: 'dashboard-global'
  },
  aliasCount: 0,
  redirectFromCount: 0
}
[router/index.js] [generateRoutesFromConfig] [add-route] Added locale-aware route {
  path: '/:locale?/dashboard/shop/purchases',
  section: {
    creator: 'dashboard-global',
    fan: 'dashboard-global',
    agent: 'dashboard-global',
    vendor: 'dashboard-global'
  },
  aliasCount: 0,
  redirectFromCount: 0
}
[router/index.js] [generateRoutesFromConfig] [add-route] Added locale-aware route {
  path: '/:locale?/dashboard/referrals',
  section: {
    creator: 'dashboard-global',
    fan: 'dashboard-global',
    agent: 'dashboard-global',
    vendor: 'dashboard-global'
  },
  aliasCount: 0,
  redirectFromCount: 0
}
[router/index.js] [generateRoutesFromConfig] [add-route] Added locale-aware route {
  path: '/:locale?/dashboard/settings',
  section: {
    creator: 'dashboard-creator',
    fan: 'dashboard-fan',
    agent: 'dashboard-agent',
    vendor: 'dashboard-vendor'
  },
  aliasCount: 0,
  redirectFromCount: 0
}
[router/index.js] [generateRoutesFromConfig] [add-route] Added locale-aware route {
  path: '/:locale?/dashboard/account/shipping',
  section: {
    creator: 'dashboard-global',
    fan: 'dashboard-global',
    agent: 'dashboard-global',
    vendor: 'dashboard-global'
  },
  aliasCount: 0,
  redirectFromCount: 0
}
[router/index.js] [generateRoutesFromConfig] [add-route] Added locale-aware route {
  path: '/:locale?/dashboard/settings/subscription-settings',
  section: { creator: 'dashboard-creator' },
  aliasCount: 0,
  redirectFromCount: 0
}
[router/index.js] [generateRoutesFromConfig] [add-route] Added locale-aware route {
  path: '/:locale?/dashboard/store/subscription',
  section: { creator: 'dashboard-creator' },
  aliasCount: 0,
  redirectFromCount: 0
}
[router/index.js] [generateRoutesFromConfig] [add-route] Added locale-aware route {
  path: '/:locale?/dashboard/store/your-orders',
  section: { creator: 'dashboard-creator' },
  aliasCount: 0,
  redirectFromCount: 0
}
[router/index.js] [generateRoutesFromConfig] [add-route] Added locale-aware route {
  path: '/:locale?/dashboard/store/your-posts',
  section: { creator: 'dashboard-creator' },
  aliasCount: 0,
  redirectFromCount: 0
}
[router/index.js] [generateRoutesFromConfig] [add-route] Added locale-aware route {
  path: '/:locale?/sign-up/onboarding',
  section: 'auth',
  aliasCount: 0,
  redirectFromCount: 0
}
[router/index.js] [generateRoutesFromConfig] [add-route] Added locale-aware route {
  path: '/:locale?/sign-up/onboarding/kyc',
  section: 'auth',
  aliasCount: 0,
  redirectFromCount: 0
}
[router/index.js] [generateRoutesFromConfig] [add-route] Added locale-aware route {
  path: '/:locale?/auth/callback/social/facebook',
  section: 'auth',
  aliasCount: 0,
  redirectFromCount: 0
}
[router/index.js] [generateRoutesFromConfig] [add-route] Added locale-aware route {
  path: '/:locale?/auth/callback/social/google',
  section: 'auth',
  aliasCount: 0,
  redirectFromCount: 0
}
[router/index.js] [generateRoutesFromConfig] [add-route] Added locale-aware route {
  path: '/:locale?/auth/callback/social/twitter',
  section: 'auth',
  aliasCount: 0,
  redirectFromCount: 0
}
[router/index.js] [generateRoutesFromConfig] [add-route] Added locale-aware route {
  path: '/:locale?/auth/callback/social/telegram',
  section: 'auth',
  aliasCount: 0,
  redirectFromCount: 0
}
[router/index.js] [generateRoutesFromConfig] [add-route] Added locale-aware route {
  path: '/:locale?/sign-up/onboarding/kyc/callback',
  section: 'auth',
  aliasCount: 0,
  redirectFromCount: 0
}
[router/index.js] [generateRoutesFromConfig] [add-route] Added locale-aware route {
  path: '/:locale?/sign-up/onboarding/kyc/status',
  section: 'auth',
  aliasCount: 0,
  redirectFromCount: 0
}
[router/index.js] [generateRoutesFromConfig] [skip-disabled] Skipping disabled route { path: '/about', section: 'about' }
[router/index.js] [generateRoutesFromConfig] [add-route] Added locale-aware route {
  path: '/:locale?/contact',
  section: 'contact',
  aliasCount: 0,
  redirectFromCount: 0
}
[router/index.js] [generateRoutesFromConfig] [add-route] Added locale-aware route {
  path: '/:locale?/profile',
  section: 'profile',
  aliasCount: 0,
  redirectFromCount: 0
}
[router/index.js] [generateRoutesFromConfig] [add-route] Added locale-aware route {
  path: '/:locale?/discover',
  section: 'discover',
  aliasCount: 0,
  redirectFromCount: 0
}
[router/index.js] [generateRoutesFromConfig] [add-route] Added locale-aware route {
  path: '/:locale?/shop',
  section: 'shop',
  aliasCount: 0,
  redirectFromCount: 0
}
[router/index.js] [generateRoutesFromConfig] [add-route] Added locale-aware route {
  path: '/:locale?/dev/country-state-demo',
  section: 'dev',
  aliasCount: 0,
  redirectFromCount: 0
}
[router/index.js] [generateRoutesFromConfig] [add-route] Added locale-aware route {
  path: '/:locale?/dashboard/demo-page',
  section: 'dev',
  aliasCount: 0,
  redirectFromCount: 0
}
[router/index.js] [generateRoutesFromConfig] [add-route] Added locale-aware route {
  path: '/:locale?/dev/datepicker-showcase',
  section: 'dev',
  aliasCount: 0,
  redirectFromCount: 0
}
[router/index.js] [generateRoutesFromConfig] [add-route] Added locale-aware route {
  path: '/:locale?/dev/bookingform',
  section: 'dev',
  aliasCount: 0,
  redirectFromCount: 0
}
[router/index.js] [generateRoutesFromConfig] [add-route] Added locale-aware route {
  path: '/:locale?/demo/audit/base-input',
  section: 'demo',
  aliasCount: 0,
  redirectFromCount: 0
}
[router/index.js] [generateRoutesFromConfig] [add-route] Added locale-aware route {
  path: '/:locale?/demo/audit/input-dashboard',
  section: 'demo',
  aliasCount: 0,
  redirectFromCount: 0
}
[router/index.js] [generateRoutesFromConfig] [add-route] Added locale-aware route {
  path: '/:locale?/demo/audit/auth-components',
  section: 'demo',
  aliasCount: 0,
  redirectFromCount: 0
}
[router/index.js] [generateRoutesFromConfig] [add-route] Added locale-aware route {
  path: '/:locale?/demo/audit/input-default',
  section: 'demo',
  aliasCount: 0,
  redirectFromCount: 0
}
[router/index.js] [generateRoutesFromConfig] [add-route] Added locale-aware route {
  path: '/:locale?/demo/audit/code-input',
  section: 'demo',
  aliasCount: 0,
  redirectFromCount: 0
}
[router/index.js] [generateRoutesFromConfig] [add-route] Added locale-aware route {
  path: '/:locale?/demo/audit/checkbox-group',
  section: 'demo',
  aliasCount: 0,
  redirectFromCount: 0
}
[router/index.js] [generateRoutesFromConfig] [add-route] Added locale-aware route {
  path: '/:locale?/demo/audit/checkbox-switch',
  section: 'demo',
  aliasCount: 0,
  redirectFromCount: 0
}
[router/index.js] [generateRoutesFromConfig] [add-route] Added locale-aware route {
  path: '/:locale?/settings',
  section: 'misc',
  aliasCount: 0,
  redirectFromCount: 0
}
[router/index.js] [generateRoutesFromConfig] [add-route] Added locale-aware route {
  path: '/:locale?/plan',
  section: 'misc',
  aliasCount: 0,
  redirectFromCount: 0
}
[router/index.js] [generateRoutesFromConfig] [add-route] Added locale-aware route {
  path: '/:locale?/demo-dropdowns',
  section: 'demo',
  aliasCount: 0,
  redirectFromCount: 0
}
[router/index.js] [generateRoutesFromConfig] [add-route] Added locale-aware route {
  path: '/:locale?/edit-profile',
  section: 'profile',
  aliasCount: 0,
  redirectFromCount: 0
}
[router/index.js] [generateRoutesFromConfig] [add-route] Added locale-aware route {
  path: '/:locale?/MediaUploader',
  section: 'misc',
  aliasCount: 0,
  redirectFromCount: 0
}
[router/index.js] [generateRoutesFromConfig] [add-route] Added locale-aware route {
  path: '/:locale?/payout',
  section: 'dashboard-global',
  aliasCount: 0,
  redirectFromCount: 0
}
[router/index.js] [generateRoutesFromConfig] [add-route] Added locale-aware route {
  path: '/:locale?/dashboard/analytics',
  section: 'dashboard-global',
  aliasCount: 0,
  redirectFromCount: 0
}
[router/index.js] [generateRoutesFromConfig] [add-route] Added locale-aware route {
  path: '/:locale?/chats',
  section: 'dev',
  aliasCount: 0,
  redirectFromCount: 0
}
[router/index.js] [generateRoutesFromConfig] [redirect] Added locale-aware redirect route { from: '/:locale?/:pathMatch(.*)*', to: '/404' }
[router/index.js] [generateRoutesFromConfig] [success] Routes generated from config { routeCount: 71 }

 ✓ tests/unit/routerExports.test.js (2 tests) 2404ms
   ✓ router index exports (B7) > does not re-export runAllRouteGuards  2401ms
stdout | tests/unit/localeSwitcherOptions.test.js > getLocaleSwitcherOptions (L-08) > returns one option per SUPPORTED_LOCALES code with labels
[authHandlerDev.js] [window-api] [expose] Dev auth utilities exposed on window.APP {
  commands: [
    'window.APP.setMockUserState({ role: "creator", onboardingPassed: false, kycPassed: false })',
    'window.APP.mockUser',
    'window.APP.getRegisteredUsers()'
  ]
}

stdout | tests/unit/localeSwitcherOptions.test.js > getLocaleSwitcherOptions (L-08) > returns one option per SUPPORTED_LOCALES code with labels
[authHandler.js] [initialization] [init] Initializing auth handler {
  authMode: undefined,
  isDevelopment: true,
  shouldUseDev: true,
  selectedHandler: 'dev'
}
[authHandler.js] [initialization] [dev-auto] Using development handler (auto-detected development mode) {}
[authHandler.js] [window-api] [expose] Console commands exposed {
  commands: [
    'window.APP.useAuthHandler("dev")',
    'window.APP.useAuthHandler("cognito")',
    'window.APP.getCurrentAuthMode()',
    'window.APP.testAuthToggle()'
  ]
}

stdout | tests/unit/getDisplayedLocale.test.js > getDisplayedLocale > prefers window.location.pathname over stale vue-router path
[authHandlerDev.js] [window-api] [expose] Dev auth utilities exposed on window.APP {
  commands: [
    'window.APP.setMockUserState({ role: "creator", onboardingPassed: false, kycPassed: false })',
    'window.APP.mockUser',
    'window.APP.getRegisteredUsers()'
  ]
}

stdout | tests/unit/getDisplayedLocale.test.js > getDisplayedLocale > prefers window.location.pathname over stale vue-router path
[authHandler.js] [initialization] [init] Initializing auth handler {
  authMode: undefined,
  isDevelopment: true,
  shouldUseDev: true,
  selectedHandler: 'dev'
}
[authHandler.js] [initialization] [dev-auto] Using development handler (auto-detected development mode) {}
[authHandler.js] [window-api] [expose] Console commands exposed {
  commands: [
    'window.APP.useAuthHandler("dev")',
    'window.APP.useAuthHandler("cognito")',
    'window.APP.getCurrentAuthMode()',
    'window.APP.testAuthToggle()'
  ]
}

stdout | tests/unit/localeSwitcherOptions.test.js > getLocaleSwitcherOptions (L-08) > returns one option per SUPPORTED_LOCALES code with labels
[localeManager.js] [window-api] [expose] Locale console commands exposed {
  commands: [
    'window.APP.setLocale("vi")',
    'window.APP.setLocale("en")',
    'window.APP.getLocale()',
    'window.APP.getSupportedLocales()',
    'window.APP.getLocalePreferenceOrder()',
    'window.APP.getTranslationStatistics()',
    'window.APP.testLocalePersistence()'
  ]
}

stdout | tests/unit/startupRouteResolution.test.js > startup route resolution (L-11) > normalizeLocalizedPath strips locale before resolveRouteFromPath matches slug
[authHandlerDev.js] [window-api] [expose] Dev auth utilities exposed on window.APP {
  commands: [
    'window.APP.setMockUserState({ role: "creator", onboardingPassed: false, kycPassed: false })',
    'window.APP.mockUser',
    'window.APP.getRegisteredUsers()'
  ]
}

stdout | tests/unit/startupRouteResolution.test.js > startup route resolution (L-11) > normalizeLocalizedPath strips locale before resolveRouteFromPath matches slug
[authHandler.js] [initialization] [init] Initializing auth handler {
  authMode: undefined,
  isDevelopment: true,
  shouldUseDev: true,
  selectedHandler: 'dev'
}
[authHandler.js] [initialization] [dev-auto] Using development handler (auto-detected development mode) {}
[authHandler.js] [window-api] [expose] Console commands exposed {
  commands: [
    'window.APP.useAuthHandler("dev")',
    'window.APP.useAuthHandler("cognito")',
    'window.APP.getCurrentAuthMode()',
    'window.APP.testAuthToggle()'
  ]
}

stdout | tests/unit/localeSwitcherOptions.test.js > getLocaleDisplayName (P-05) > returns curated labels for all supported locales
[localeManager.js] [getLocaleDisplayName] [return] Returning locale display name { localeCode: 'af', displayLocale: 'en', displayName: 'Afrikaans' }
[localeManager.js] [getLocaleDisplayName] [return] Returning locale display name { localeCode: 'sq', displayLocale: 'en', displayName: 'Albanian' }
[localeManager.js] [getLocaleDisplayName] [return] Returning locale display name { localeCode: 'am', displayLocale: 'en', displayName: 'Amharic' }
[localeManager.js] [getLocaleDisplayName] [return] Returning locale display name { localeCode: 'ar', displayLocale: 'en', displayName: 'Arabic' }
[localeManager.js] [getLocaleDisplayName] [return] Returning locale display name { localeCode: 'hy', displayLocale: 'en', displayName: 'Armenian' }
[localeManager.js] [getLocaleDisplayName] [return] Returning locale display name { localeCode: 'az', displayLocale: 'en', displayName: 'Azerbaijani' }
[localeManager.js] [getLocaleDisplayName] [return] Returning locale display name { localeCode: 'bn', displayLocale: 'en', displayName: 'Bengali' }
[localeManager.js] [getLocaleDisplayName] [return] Returning locale display name { localeCode: 'bs', displayLocale: 'en', displayName: 'Bosnian' }
[localeManager.js] [getLocaleDisplayName] [return] Returning locale display name { localeCode: 'bg', displayLocale: 'en', displayName: 'Bulgarian' }
[localeManager.js] [getLocaleDisplayName] [return] Returning locale display name { localeCode: 'ca', displayLocale: 'en', displayName: 'Catalan' }
[localeManager.js] [getLocaleDisplayName] [return] Returning locale display name {
  localeCode: 'zh',
  displayLocale: 'en',
  displayName: 'Chinese (Simplified)'
}
[localeManager.js] [getLocaleDisplayName] [return] Returning locale display name {
  localeCode: 'zh-tw',
  displayLocale: 'en',
  displayName: 'Chinese (Traditional)'
}
[localeManager.js] [getLocaleDisplayName] [return] Returning locale display name { localeCode: 'hr', displayLocale: 'en', displayName: 'Croatian' }
[localeManager.js] [getLocaleDisplayName] [return] Returning locale display name { localeCode: 'cs', displayLocale: 'en', displayName: 'Czech' }
[localeManager.js] [getLocaleDisplayName] [return] Returning locale display name { localeCode: 'da', displayLocale: 'en', displayName: 'Danish' }
[localeManager.js] [getLocaleDisplayName] [return] Returning locale display name { localeCode: 'fa-af', displayLocale: 'en', displayName: 'Dari' }
[localeManager.js] [getLocaleDisplayName] [return] Returning locale display name { localeCode: 'nl', displayLocale: 'en', displayName: 'Dutch' }
[localeManager.js] [getLocaleDisplayName] [return] Returning locale display name { localeCode: 'en', displayLocale: 'en', displayName: 'English' }
[localeManager.js] [getLocaleDisplayName] [return] Returning locale display name { localeCode: 'et', displayLocale: 'en', displayName: 'Estonian' }
[localeManager.js] [getLocaleDisplayName] [return] Returning locale display name {
  localeCode: 'fa',
  displayLocale: 'en',
  displayName: 'Farsi (Persian)'
}
[localeManager.js] [getLocaleDisplayName] [return] Returning locale display name {
  localeCode: 'tl',
  displayLocale: 'en',
  displayName: 'Filipino, Tagalog'
}
[localeManager.js] [getLocaleDisplayName] [return] Returning locale display name { localeCode: 'fi', displayLocale: 'en', displayName: 'Finnish' }
[localeManager.js] [getLocaleDisplayName] [return] Returning locale display name { localeCode: 'fr', displayLocale: 'en', displayName: 'French' }
[localeManager.js] [getLocaleDisplayName] [return] Returning locale display name {
  localeCode: 'fr-ca',
  displayLocale: 'en',
  displayName: 'French (Canada)'
}
[localeManager.js] [getLocaleDisplayName] [return] Returning locale display name { localeCode: 'ka', displayLocale: 'en', displayName: 'Georgian' }
[localeManager.js] [getLocaleDisplayName] [return] Returning locale display name { localeCode: 'de', displayLocale: 'en', displayName: 'German' }
[localeManager.js] [getLocaleDisplayName] [return] Returning locale display name { localeCode: 'el', displayLocale: 'en', displayName: 'Greek' }
[localeManager.js] [getLocaleDisplayName] [return] Returning locale display name { localeCode: 'gu', displayLocale: 'en', displayName: 'Gujarati' }
[localeManager.js] [getLocaleDisplayName] [return] Returning locale display name {
  localeCode: 'ht',
  displayLocale: 'en',
  displayName: 'Haitian Creole'
}
[localeManager.js] [getLocaleDisplayName] [return] Returning locale display name { localeCode: 'ha', displayLocale: 'en', displayName: 'Hausa' }
[localeManager.js] [getLocaleDisplayName] [return] Returning locale display name { localeCode: 'he', displayLocale: 'en', displayName: 'Hebrew' }
[localeManager.js] [getLocaleDisplayName] [return] Returning locale display name { localeCode: 'hi', displayLocale: 'en', displayName: 'Hindi' }
[localeManager.js] [getLocaleDisplayName] [return] Returning locale display name { localeCode: 'hu', displayLocale: 'en', displayName: 'Hungarian' }
[localeManager.js] [getLocaleDisplayName] [return] Returning locale display name { localeCode: 'is', displayLocale: 'en', displayName: 'Icelandic' }
[localeManager.js] [getLocaleDisplayName] [return] Returning locale display name { localeCode: 'id', displayLocale: 'en', displayName: 'Indonesian' }
[localeManager.js] [getLocaleDisplayName] [return] Returning locale display name { localeCode: 'ga', displayLocale: 'en', displayName: 'Irish' }
[localeManager.js] [getLocaleDisplayName] [return] Returning locale display name { localeCode: 'it', displayLocale: 'en', displayName: 'Italian' }
[localeManager.js] [getLocaleDisplayName] [return] Returning locale display name { localeCode: 'ja', displayLocale: 'en', displayName: 'Japanese' }
[localeManager.js] [getLocaleDisplayName] [return] Returning locale display name { localeCode: 'kn', displayLocale: 'en', displayName: 'Kannada' }
[localeManager.js] [getLocaleDisplayName] [return] Returning locale display name { localeCode: 'kk', displayLocale: 'en', displayName: 'Kazakh' }
[localeManager.js] [getLocaleDisplayName] [return] Returning locale display name { localeCode: 'ko', displayLocale: 'en', displayName: 'Korean' }
[localeManager.js] [getLocaleDisplayName] [return] Returning locale display name { localeCode: 'lv', displayLocale: 'en', displayName: 'Latvian' }
[localeManager.js] [getLocaleDisplayName] [return] Returning locale display name { localeCode: 'lt', displayLocale: 'en', displayName: 'Lithuanian' }
[localeManager.js] [getLocaleDisplayName] [return] Returning locale display name { localeCode: 'mk', displayLocale: 'en', displayName: 'Macedonian' }
[localeManager.js] [getLocaleDisplayName] [return] Returning locale display name { localeCode: 'ms', displayLocale: 'en', displayName: 'Malay' }
[localeManager.js] [getLocaleDisplayName] [return] Returning locale display name { localeCode: 'ml', displayLocale: 'en', displayName: 'Malayalam' }
[localeManager.js] [getLocaleDisplayName] [return] Returning locale display name { localeCode: 'mt', displayLocale: 'en', displayName: 'Maltese' }
[localeManager.js] [getLocaleDisplayName] [return] Returning locale display name { localeCode: 'mr', displayLocale: 'en', displayName: 'Marathi' }
[localeManager.js] [getLocaleDisplayName] [return] Returning locale display name { localeCode: 'mn', displayLocale: 'en', displayName: 'Mongolian' }
[localeManager.js] [getLocaleDisplayName] [return] Returning locale display name {
  localeCode: 'no',
  displayLocale: 'en',
  displayName: 'Norwegian (Bokmål)'
}
[localeManager.js] [getLocaleDisplayName] [return] Returning locale display name { localeCode: 'ps', displayLocale: 'en', displayName: 'Pashto' }
[localeManager.js] [getLocaleDisplayName] [return] Returning locale display name { localeCode: 'pl', displayLocale: 'en', displayName: 'Polish' }
[localeManager.js] [getLocaleDisplayName] [return] Returning locale display name {
  localeCode: 'pt',
  displayLocale: 'en',
  displayName: 'Portuguese (Brazil)'
}
[localeManager.js] [getLocaleDisplayName] [return] Returning locale display name {
  localeCode: 'pt-pt',
  displayLocale: 'en',
  displayName: 'Portuguese (Portugal)'
}
[localeManager.js] [getLocaleDisplayName] [return] Returning locale display name { localeCode: 'pa', displayLocale: 'en', displayName: 'Punjabi' }
[localeManager.js] [getLocaleDisplayName] [return] Returning locale display name { localeCode: 'ro', displayLocale: 'en', displayName: 'Romanian' }
[localeManager.js] [getLocaleDisplayName] [return] Returning locale display name { localeCode: 'ru', displayLocale: 'en', displayName: 'Russian' }
[localeManager.js] [getLocaleDisplayName] [return] Returning locale display name { localeCode: 'sr', displayLocale: 'en', displayName: 'Serbian' }
[localeManager.js] [getLocaleDisplayName] [return] Returning locale display name { localeCode: 'si', displayLocale: 'en', displayName: 'Sinhala' }
[localeManager.js] [getLocaleDisplayName] [return] Returning locale display name { localeCode: 'sk', displayLocale: 'en', displayName: 'Slovak' }
[localeManager.js] [getLocaleDisplayName] [return] Returning locale display name { localeCode: 'sl', displayLocale: 'en', displayName: 'Slovenian' }
[localeManager.js] [getLocaleDisplayName] [return] Returning locale display name { localeCode: 'so', displayLocale: 'en', displayName: 'Somali' }
[localeManager.js] [getLocaleDisplayName] [return] Returning locale display name { localeCode: 'es', displayLocale: 'en', displayName: 'Spanish' }
[localeManager.js] [getLocaleDisplayName] [return] Returning locale display name {
  localeCode: 'es-mx',
  displayLocale: 'en',
  displayName: 'Spanish (Mexico)'
}
[localeManager.js] [getLocaleDisplayName] [return] Returning locale display name { localeCode: 'sw', displayLocale: 'en', displayName: 'Swahili' }
[localeManager.js] [getLocaleDisplayName] [return] Returning locale display name { localeCode: 'sv', displayLocale: 'en', displayName: 'Swedish' }
[localeManager.js] [getLocaleDisplayName] [return] Returning locale display name { localeCode: 'ta', displayLocale: 'en', displayName: 'Tamil' }
[localeManager.js] [getLocaleDisplayName] [return] Returning locale display name { localeCode: 'te', displayLocale: 'en', displayName: 'Telugu' }
[localeManager.js] [getLocaleDisplayName] [return] Returning locale display name { localeCode: 'th', displayLocale: 'en', displayName: 'Thai' }
[localeManager.js] [getLocaleDisplayName] [return] Returning locale display name { localeCode: 'tr', displayLocale: 'en', displayName: 'Turkish' }
[localeManager.js] [getLocaleDisplayName] [return] Returning locale display name { localeCode: 'uk', displayLocale: 'en', displayName: 'Ukrainian' }
[localeManager.js] [getLocaleDisplayName] [return] Returning locale display name { localeCode: 'ur', displayLocale: 'en', displayName: 'Urdu' }
[localeManager.js] [getLocaleDisplayName] [return] Returning locale display name { localeCode: 'uz', displayLocale: 'en', displayName: 'Uzbek' }
[localeManager.js] [getLocaleDisplayName] [return] Returning locale display name { localeCode: 'vi', displayLocale: 'en', displayName: 'Vietnamese' }
[localeManager.js] [getLocaleDisplayName] [return] Returning locale display name { localeCode: 'cy', displayLocale: 'en', displayName: 'Welsh' }

stdout | tests/unit/localeSwitcherOptions.test.js > getLocaleDisplayName (P-05) > uses Intl.DisplayNames fallback for locales outside the curated map
[localeManager.js] [getLocaleDisplayName] [return] Returning locale display name { localeCode: 'haw', displayLocale: 'en', displayName: 'Hawaiian' }

stdout | tests/unit/localeSwitcherOptions.test.js > getLocaleDisplayName (P-05) > accepts displayLocale for Intl fallback path
[localeManager.js] [getLocaleDisplayName] [return] Returning locale display name { localeCode: 'haw', displayLocale: 'de', displayName: 'Hawaiisch' }

 ✓ tests/unit/localeSwitcherOptions.test.js (6 tests) 1163ms
   ✓ getLocaleSwitcherOptions (L-08) > returns one option per SUPPORTED_LOCALES code with labels  1138ms
stdout | tests/unit/getDisplayedLocale.test.js > getDisplayedLocale > prefers window.location.pathname over stale vue-router path
[localeManager.js] [window-api] [expose] Locale console commands exposed {
  commands: [
    'window.APP.setLocale("vi")',
    'window.APP.setLocale("en")',
    'window.APP.getLocale()',
    'window.APP.getSupportedLocales()',
    'window.APP.getLocalePreferenceOrder()',
    'window.APP.getTranslationStatistics()',
    'window.APP.testLocalePersistence()'
  ]
}

 ✓ tests/unit/getDisplayedLocale.test.js (1 test) 1114ms
   ✓ getDisplayedLocale > prefers window.location.pathname over stale vue-router path  1112ms
stdout | tests/unit/startupRouteResolution.test.js > startup route resolution (L-11) > normalizeLocalizedPath strips locale before resolveRouteFromPath matches slug
[localeManager.js] [window-api] [expose] Locale console commands exposed {
  commands: [
    'window.APP.setLocale("vi")',
    'window.APP.setLocale("en")',
    'window.APP.getLocale()',
    'window.APP.getSupportedLocales()',
    'window.APP.getLocalePreferenceOrder()',
    'window.APP.getTranslationStatistics()',
    'window.APP.testLocalePersistence()'
  ]
}

stdout | tests/unit/startupRouteResolution.test.js > startup route resolution (L-11) > normalizeLocalizedPath strips locale before resolveRouteFromPath matches slug
[routeResolver.js] [resolveRouteFromPath] [start] Finding route by path { targetPath: '/vi/log-in' }
[routeConfigLoader.js] [getRouteConfiguration] [call] Getting route configuration {}
[routeConfigLoader.js] [getCachedRouteConfiguration] [start] Getting cached route configuration {}
[routeConfigLoader.js] [loadRouteConfigurationFromFile] [start] Loading route configuration {}
[jsonConfigLoader.js] [loadJsonConfigFromImport] [start] Loading JSON config from import: route_config { configName: 'route_config', dataType: 'array' }
[jsonConfigLoader.js] [validateJsonData] [start] Validating JSON data for route_config {}
[jsonConfigLoader.js] [validateJsonData] [success] JSON data is valid { configName: 'route_config' }
[jsonConfigLoader.js] [validateJsonData] [return] Returning validation success { valid: true }
[jsonConfigLoader.js] [loadJsonConfigFromImport] [info] Running custom validator { configName: 'route_config' }
[jsonConfigValidator.js] [validateRouteConfig] [start] Validating route configuration { routeCount: 71 }
[jsonConfigValidator.js] [validateRouteConfig] [info] Route config validation complete { valid: true, errorCount: 0, warningCount: 0 }
[jsonConfigValidator.js] [validateRouteConfig] [return] Returning validation result { valid: true, errorCount: 0, warningCount: 0 }
[cacheHandler.js] [setValueWithExpiration] [start] Setting value in cache { key: 'json_config_route_config', hasTTL: false }
[cacheHandler.js] [setValueWithExpiration] [success] Value cached successfully { key: 'json_config_route_config', expiresAt: 'never' }
[cacheHandler.js] [setValueWithExpiration] [return] Cache set complete { key: 'json_config_route_config' }
[jsonConfigLoader.js] [loadJsonConfigFromImport] [success] Config loaded and cached: route_config { configName: 'route_config', dataType: 'array' }
[jsonConfigLoader.js] [loadJsonConfigFromImport] [return] Returning imported data { success: true }
[routeConfigLoader.js] [loadRouteConfigurationFromFile] [success] Route configuration loaded { routeCount: 71 }
[routeConfigLoader.js] [loadRouteConfigurationFromFile] [return] Returning loaded route configuration { routeCount: 71 }
[routeConfigLoader.js] [getCachedRouteConfiguration] [success] Route configuration retrieved { routeCount: 71 }
[routeConfigLoader.js] [getCachedRouteConfiguration] [return] Returning route configuration { routeCount: 71 }
[routeConfigLoader.js] [getRouteConfiguration] [return] Returning route configuration via cache { routeCount: 71 }
[routeResolver.js] [resolveRouteFromPath] [wildcard-match] Wildcard route match found { slug: '/:pathMatch(.*)*', targetPath: '/vi/log-in' }
[routeResolver.js] [resolveRouteFromPath] [return] Returning wildcard matched route { route: '/:pathMatch(.*)*' }
[routeResolver.js] [resolveRouteFromPath] [start] Finding route by path { targetPath: '/log-in' }
[routeConfigLoader.js] [getRouteConfiguration] [call] Getting route configuration {}
[routeConfigLoader.js] [getCachedRouteConfiguration] [start] Getting cached route configuration {}
[routeConfigLoader.js] [loadRouteConfigurationFromFile] [start] Loading route configuration {}
[jsonConfigLoader.js] [loadJsonConfigFromImport] [start] Loading JSON config from import: route_config { configName: 'route_config', dataType: 'array' }
[jsonConfigLoader.js] [validateJsonData] [start] Validating JSON data for route_config {}
[jsonConfigLoader.js] [validateJsonData] [success] JSON data is valid { configName: 'route_config' }
[jsonConfigLoader.js] [validateJsonData] [return] Returning validation success { valid: true }
[jsonConfigLoader.js] [loadJsonConfigFromImport] [info] Running custom validator { configName: 'route_config' }
[jsonConfigValidator.js] [validateRouteConfig] [start] Validating route configuration { routeCount: 71 }
[jsonConfigValidator.js] [validateRouteConfig] [info] Route config validation complete { valid: true, errorCount: 0, warningCount: 0 }
[jsonConfigValidator.js] [validateRouteConfig] [return] Returning validation result { valid: true, errorCount: 0, warningCount: 0 }
[cacheHandler.js] [setValueWithExpiration] [start] Setting value in cache { key: 'json_config_route_config', hasTTL: false }
[cacheHandler.js] [setValueWithExpiration] [success] Value cached successfully { key: 'json_config_route_config', expiresAt: 'never' }
[cacheHandler.js] [setValueWithExpiration] [return] Cache set complete { key: 'json_config_route_config' }
[jsonConfigLoader.js] [loadJsonConfigFromImport] [success] Config loaded and cached: route_config { configName: 'route_config', dataType: 'array' }
[jsonConfigLoader.js] [loadJsonConfigFromImport] [return] Returning imported data { success: true }
[routeConfigLoader.js] [loadRouteConfigurationFromFile] [success] Route configuration loaded { routeCount: 71 }
[routeConfigLoader.js] [loadRouteConfigurationFromFile] [return] Returning loaded route configuration { routeCount: 71 }
[routeConfigLoader.js] [getCachedRouteConfiguration] [success] Route configuration retrieved { routeCount: 71 }
[routeConfigLoader.js] [getCachedRouteConfiguration] [return] Returning route configuration { routeCount: 71 }
[routeConfigLoader.js] [getRouteConfiguration] [return] Returning route configuration via cache { routeCount: 71 }
[routeResolver.js] [resolveRouteFromPath] [exact-match] Exact route match found { slug: '/log-in', section: 'auth' }
[routeResolver.js] [resolveRouteFromPath] [return] Returning matched route { route: '/log-in' }

stdout | tests/unit/startupRouteResolution.test.js > startup route resolution (L-11) > hyphenated locale prefixes normalize correctly
[routeResolver.js] [resolveRouteFromPath] [start] Finding route by path { targetPath: '/log-in' }
[routeConfigLoader.js] [getRouteConfiguration] [call] Getting route configuration {}
[routeConfigLoader.js] [getCachedRouteConfiguration] [start] Getting cached route configuration {}
[routeConfigLoader.js] [loadRouteConfigurationFromFile] [start] Loading route configuration {}
[jsonConfigLoader.js] [loadJsonConfigFromImport] [start] Loading JSON config from import: route_config { configName: 'route_config', dataType: 'array' }
[jsonConfigLoader.js] [validateJsonData] [start] Validating JSON data for route_config {}
[jsonConfigLoader.js] [validateJsonData] [success] JSON data is valid { configName: 'route_config' }
[jsonConfigLoader.js] [validateJsonData] [return] Returning validation success { valid: true }
[jsonConfigLoader.js] [loadJsonConfigFromImport] [info] Running custom validator { configName: 'route_config' }
[jsonConfigValidator.js] [validateRouteConfig] [start] Validating route configuration { routeCount: 71 }
[jsonConfigValidator.js] [validateRouteConfig] [info] Route config validation complete { valid: true, errorCount: 0, warningCount: 0 }
[jsonConfigValidator.js] [validateRouteConfig] [return] Returning validation result { valid: true, errorCount: 0, warningCount: 0 }
[cacheHandler.js] [setValueWithExpiration] [start] Setting value in cache { key: 'json_config_route_config', hasTTL: false }
[cacheHandler.js] [setValueWithExpiration] [success] Value cached successfully { key: 'json_config_route_config', expiresAt: 'never' }
[cacheHandler.js] [setValueWithExpiration] [return] Cache set complete { key: 'json_config_route_config' }
[jsonConfigLoader.js] [loadJsonConfigFromImport] [success] Config loaded and cached: route_config { configName: 'route_config', dataType: 'array' }
[jsonConfigLoader.js] [loadJsonConfigFromImport] [return] Returning imported data { success: true }
[routeConfigLoader.js] [loadRouteConfigurationFromFile] [success] Route configuration loaded { routeCount: 71 }
[routeConfigLoader.js] [loadRouteConfigurationFromFile] [return] Returning loaded route configuration { routeCount: 71 }
[routeConfigLoader.js] [getCachedRouteConfiguration] [success] Route configuration retrieved { routeCount: 71 }
[routeConfigLoader.js] [getCachedRouteConfiguration] [return] Returning route configuration { routeCount: 71 }
[routeConfigLoader.js] [getRouteConfiguration] [return] Returning route configuration via cache { routeCount: 71 }
[routeResolver.js] [resolveRouteFromPath] [exact-match] Exact route match found { slug: '/log-in', section: 'auth' }
[routeResolver.js] [resolveRouteFromPath] [return] Returning matched route { route: '/log-in' }

 ✓ tests/unit/startupRouteResolution.test.js (2 tests) 1143ms
   ✓ startup route resolution (L-11) > normalizeLocalizedPath strips locale before resolveRouteFromPath matches slug  1137ms
 ✓ tests/handler/AssetHandler.critical.test.js (51 tests) 4220ms
   ✓ AssetHandler Critical: Error Handling & Retry Logic > loadAsset should retry on failure with exponential backoff  3012ms
   ✓ AssetHandler Critical: Error Handling & Retry Logic > loadAsset should fail after max retries  1014ms
stdout | tests/unit/localeStoreSync.test.js > syncCurrentActiveLocaleFromStore (L-12) > aligns in-memory locale after direct Pinia setLocale
[authHandlerDev.js] [window-api] [expose] Dev auth utilities exposed on window.APP {
  commands: [
    'window.APP.setMockUserState({ role: "creator", onboardingPassed: false, kycPassed: false })',
    'window.APP.mockUser',
    'window.APP.getRegisteredUsers()'
  ]
}

stdout | tests/unit/localeStoreSync.test.js > syncCurrentActiveLocaleFromStore (L-12) > aligns in-memory locale after direct Pinia setLocale
[authHandler.js] [initialization] [init] Initializing auth handler {
  authMode: undefined,
  isDevelopment: true,
  shouldUseDev: true,
  selectedHandler: 'dev'
}
[authHandler.js] [initialization] [dev-auto] Using development handler (auto-detected development mode) {}
[authHandler.js] [window-api] [expose] Console commands exposed {
  commands: [
    'window.APP.useAuthHandler("dev")',
    'window.APP.useAuthHandler("cognito")',
    'window.APP.getCurrentAuthMode()',
    'window.APP.testAuthToggle()'
  ]
}

stdout | tests/unit/localeStoreSync.test.js > syncCurrentActiveLocaleFromStore (L-12) > aligns in-memory locale after direct Pinia setLocale
[localeManager.js] [window-api] [expose] Locale console commands exposed {
  commands: [
    'window.APP.setLocale("vi")',
    'window.APP.setLocale("en")',
    'window.APP.getLocale()',
    'window.APP.getSupportedLocales()',
    'window.APP.getLocalePreferenceOrder()',
    'window.APP.getTranslationStatistics()',
    'window.APP.testLocalePersistence()'
  ]
}

stdout | tests/unit/localeStoreSync.test.js > syncCurrentActiveLocaleFromStore (L-12) > aligns in-memory locale after direct Pinia setLocale
[localeManager.js] [applyLocaleTemporarily] [start] Applying locale temporarily (not persisting) { localeCode: 'vi' }
[localeManager.js] [applyLocaleTemporarily] [return] Locale applied temporarily (not persisted) { localeCode: 'vi', loadTranslations: false, awaitTranslations: false }

stdout | tests/unit/localeStoreSync.test.js > syncCurrentActiveLocaleFromStore (L-12) > aligns in-memory locale after direct Pinia setLocale
[useLocaleStore.js] [setLocale] [start] Setting locale { localeCode: 'en' }
[useLocaleStore.js] [setLocale] [success] Locale set successfully { localeCode: 'en' }
[useLocaleStore.js] [setLocale] [return] Returning success { localeCode: 'en' }
[localeManager.js] [syncCurrentActiveLocaleFromStore] [info] Synced in-memory active locale from store { localeCode: 'en' }
[localeManager.js] [getActiveLocale] [start] Getting active locale {}
[localeManager.js] [getActiveLocale] [return] Returning locale from Pinia store { locale: 'en' }

stdout | tests/unit/localeStoreSync.test.js > syncCurrentActiveLocaleFromStore (L-12) > ignores unsupported locale codes
[authHandlerDev.js] [window-api] [expose] Dev auth utilities exposed on window.APP {
  commands: [
    'window.APP.setMockUserState({ role: "creator", onboardingPassed: false, kycPassed: false })',
    'window.APP.mockUser',
    'window.APP.getRegisteredUsers()'
  ]
}

stdout | tests/unit/localeStoreSync.test.js > syncCurrentActiveLocaleFromStore (L-12) > ignores unsupported locale codes
[authHandler.js] [initialization] [init] Initializing auth handler {
  authMode: undefined,
  isDevelopment: true,
  shouldUseDev: true,
  selectedHandler: 'dev'
}
[authHandler.js] [initialization] [dev-auto] Using development handler (auto-detected development mode) {}
[authHandler.js] [window-api] [expose] Console commands exposed {
  commands: [
    'window.APP.useAuthHandler("dev")',
    'window.APP.useAuthHandler("cognito")',
    'window.APP.getCurrentAuthMode()',
    'window.APP.testAuthToggle()'
  ]
}

stdout | tests/unit/localeStoreSync.test.js > syncCurrentActiveLocaleFromStore (L-12) > ignores unsupported locale codes
[localeManager.js] [window-api] [expose] Locale console commands exposed {
  commands: [
    'window.APP.setLocale("vi")',
    'window.APP.setLocale("en")',
    'window.APP.getLocale()',
    'window.APP.getSupportedLocales()',
    'window.APP.getLocalePreferenceOrder()',
    'window.APP.getTranslationStatistics()',
    'window.APP.testLocalePersistence()'
  ]
}

stdout | tests/unit/localeStoreSync.test.js > syncCurrentActiveLocaleFromStore (L-12) > ignores unsupported locale codes
[localeManager.js] [setActiveLocale] [start] Setting active locale { localeCode: 'vi', options: { updateUrl: false, syncProfile: false } }
[useLocaleStore.js] [setLocale] [start] Setting locale { localeCode: 'vi' }
[useLocaleStore.js] [setLocale] [success] Locale set successfully { localeCode: 'vi' }
[useLocaleStore.js] [setLocale] [return] Returning success { localeCode: 'vi' }
[localeManager.js] [setActiveLocale] [success] Active locale set and persisted { localeCode: 'vi', updateUrl: false }

stdout | tests/unit/localeStoreSync.test.js > syncCurrentActiveLocaleFromStore (L-12) > ignores unsupported locale codes
[translationLoader.js] [clearTranslationCaches] [start] Clearing all translation caches {}
[cacheHandler.js] [removeCacheKeysByPrefix] [start] Removing cache entries by prefix { prefix: 'translation_' }
[cacheHandler.js] [removeCacheKeysByPrefix] [success] Cache entries removed by prefix { prefix: 'translation_', removedCount: 0 }
[cacheHandler.js] [removeCacheKeysByPrefix] [return] Returning removed count { removedCount: 0 }
[translationLoader.js] [clearTranslationCaches] [success] Translation caches cleared {
  mapCount: 0,
  removedCacheCount: 0,
  note: 'loadedTranslations Map cleared; cacheHandler translation_* keys removed only'
}
[translationLoader.js] [clearTranslationCaches] [return] Cache clear complete {}
[translationLoader.js] [loadBaseTranslations] [start] Loading base translations { localeCode: 'vi' }
[translationLoader.js] [loadBaseTranslationFile] [start] Loading base translation file { localeCode: 'en' }

stderr | tests/unit/localeStoreSync.test.js > syncCurrentActiveLocaleFromStore (L-12) > ignores unsupported locale 
codes
[translationLoader.js] [loadBaseTranslationFile] [error] Failed to load base translation file {
  localeCode: 'en',
  error: 'Failed to parse URL from /i18n/base/en.json',
  stack: 'TypeError: Failed to parse URL from /i18n/base/en.json\n' +
    '    at node:internal/deps/undici/undici:14902:13\n' +
    '    at processTicksAndRejections (node:internal/process/task_queues:105:5)\n' +
    '    at fetchTranslationJson (D:\\projects\\new-vue-main\\src\\utils\\translation\\translationLoader.js:184:20)\n' 
+
    '    at loadBaseTranslationFile 
(D:\\projects\\new-vue-main\\src\\utils\\translation\\translationLoader.js:318:26)\n' +
    '    at D:\\projects\\new-vue-main\\src\\utils\\translation\\translationLoader.js:261:27'
}
[translationLoader.js] [loadBaseTranslationFile] Failed to load base translation file {
  localeCode: 'en',
  error: 'Failed to parse URL from /i18n/base/en.json',
  stack: 'TypeError: Failed to parse URL from /i18n/base/en.json\n' +
    '    at node:internal/deps/undici/undici:14902:13\n' +
    '    at processTicksAndRejections (node:internal/process/task_queues:105:5)\n' +
    '    at fetchTranslationJson (D:\\projects\\new-vue-main\\src\\utils\\translation\\translationLoader.js:184:20)\n' 
+
    '    at loadBaseTranslationFile 
(D:\\projects\\new-vue-main\\src\\utils\\translation\\translationLoader.js:318:26)\n' +
    '    at D:\\projects\\new-vue-main\\src\\utils\\translation\\translationLoader.js:261:27'
}

stderr | tests/unit/localeStoreSync.test.js > syncCurrentActiveLocaleFromStore (L-12) > ignores unsupported locale 
codes
[translationLoader.js] [loadBaseTranslations] [warn] English base translation file missing { localeCode: 'vi' }

stdout | tests/unit/localeStoreSync.test.js > syncCurrentActiveLocaleFromStore (L-12) > ignores unsupported locale codes
[localeManager.js] [setActiveLocale] [info] Translation caches cleared for locale switch { localeCode: 'vi' }

stdout | tests/unit/localeStoreSync.test.js > syncCurrentActiveLocaleFromStore (L-12) > ignores unsupported locale codes
[routeResolver.js] [resolveRouteFromPath] [start] Finding route by path { targetPath: '/' }
[routeConfigLoader.js] [getRouteConfiguration] [call] Getting route configuration {}
[routeConfigLoader.js] [getCachedRouteConfiguration] [start] Getting cached route configuration {}
[routeConfigLoader.js] [loadRouteConfigurationFromFile] [start] Loading route configuration {}
[jsonConfigLoader.js] [loadJsonConfigFromImport] [start] Loading JSON config from import: route_config { configName: 'route_config', dataType: 'array' }
[jsonConfigLoader.js] [validateJsonData] [start] Validating JSON data for route_config {}
[jsonConfigLoader.js] [validateJsonData] [success] JSON data is valid { configName: 'route_config' }
[jsonConfigLoader.js] [validateJsonData] [return] Returning validation success { valid: true }
[jsonConfigLoader.js] [loadJsonConfigFromImport] [info] Running custom validator { configName: 'route_config' }
[jsonConfigValidator.js] [validateRouteConfig] [start] Validating route configuration { routeCount: 71 }
[jsonConfigValidator.js] [validateRouteConfig] [info] Route config validation complete { valid: true, errorCount: 0, warningCount: 0 }
[jsonConfigValidator.js] [validateRouteConfig] [return] Returning validation result { valid: true, errorCount: 0, warningCount: 0 }
[cacheHandler.js] [setValueWithExpiration] [start] Setting value in cache { key: 'json_config_route_config', hasTTL: false }
[cacheHandler.js] [setValueWithExpiration] [success] Value cached successfully { key: 'json_config_route_config', expiresAt: 'never' }
[cacheHandler.js] [setValueWithExpiration] [return] Cache set complete { key: 'json_config_route_config' }
[jsonConfigLoader.js] [loadJsonConfigFromImport] [success] Config loaded and cached: route_config { configName: 'route_config', dataType: 'array' }
[jsonConfigLoader.js] [loadJsonConfigFromImport] [return] Returning imported data { success: true }
[routeConfigLoader.js] [loadRouteConfigurationFromFile] [success] Route configuration loaded { routeCount: 71 }
[routeConfigLoader.js] [loadRouteConfigurationFromFile] [return] Returning loaded route configuration { routeCount: 71 }
[routeConfigLoader.js] [getCachedRouteConfiguration] [success] Route configuration retrieved { routeCount: 71 }
[routeConfigLoader.js] [getCachedRouteConfiguration] [return] Returning route configuration { routeCount: 71 }
[routeConfigLoader.js] [getRouteConfiguration] [return] Returning route configuration via cache { routeCount: 71 }
[routeResolver.js] [resolveRouteFromPath] [wildcard-match] Wildcard route match found { slug: '/:pathMatch(.*)*', targetPath: '/' }
[routeResolver.js] [resolveRouteFromPath] [return] Returning wildcard matched route { route: '/:pathMatch(.*)*' }
[localeManager.js] [setActiveLocale] [return] Returning success { localeCode: 'vi', success: true }

stdout | tests/unit/localeStoreSync.test.js > syncCurrentActiveLocaleFromStore (L-12) > ignores unsupported locale codes
[localeManager.js] [getActiveLocale] [start] Getting active locale {}
[localeManager.js] [getActiveLocale] [return] Returning locale from Pinia store { locale: 'vi' }

 ✓ tests/unit/localeStoreSync.test.js (2 tests) 1047ms
   ✓ syncCurrentActiveLocaleFromStore (L-12) > aligns in-memory locale after direct Pinia setLocale  901ms
stdout | tests/unit/userLocaleProfile.test.js > userLocaleProfile (F-02) > applyUserPreferredLocaleOnAuth calls setActiveLocale when profile has preferredLocale
[authHandlerDev.js] [window-api] [expose] Dev auth utilities exposed on window.APP {
  commands: [
    'window.APP.setMockUserState({ role: "creator", onboardingPassed: false, kycPassed: false })',
    'window.APP.mockUser',
    'window.APP.getRegisteredUsers()'
  ]
}

stdout | tests/unit/userLocaleProfile.test.js > userLocaleProfile (F-02) > applyUserPreferredLocaleOnAuth calls setActiveLocale when profile has preferredLocale
[authHandler.js] [initialization] [init] Initializing auth handler {
  authMode: undefined,
  isDevelopment: true,
  shouldUseDev: true,
  selectedHandler: 'dev'
}
[authHandler.js] [initialization] [dev-auto] Using development handler (auto-detected development mode) {}
[authHandler.js] [window-api] [expose] Console commands exposed {
  commands: [
    'window.APP.useAuthHandler("dev")',
    'window.APP.useAuthHandler("cognito")',
    'window.APP.getCurrentAuthMode()',
    'window.APP.testAuthToggle()'
  ]
}

stdout | tests/unit/userLocaleProfile.test.js > userLocaleProfile (F-02) > applyUserPreferredLocaleOnAuth calls setActiveLocale when profile has preferredLocale
[localeManager.js] [window-api] [expose] Locale console commands exposed {
  commands: [
    'window.APP.setLocale("vi")',
    'window.APP.setLocale("en")',
    'window.APP.getLocale()',
    'window.APP.getSupportedLocales()',
    'window.APP.getLocalePreferenceOrder()',
    'window.APP.getTranslationStatistics()',
    'window.APP.testLocalePersistence()'
  ]
}

stdout | tests/unit/userLocaleProfile.test.js > userLocaleProfile (F-02) > applyUserPreferredLocaleOnAuth calls setActiveLocale when profile has preferredLocale
[useAuthStore.js] [isAuthenticated] [get] Checking authentication status { authenticated: true }

stdout | tests/unit/userLocaleProfile.test.js > userLocaleProfile (F-02) > applyUserPreferredLocaleOnAuth calls setActiveLocale when profile has preferredLocale
[useAuthStore.js] [updateUserAttributesLocally] [start] Updating user attributes locally { updateKeys: [ 'preferredLocale' ] }
[useAuthStore.js] [updateUserAttributesLocally] [success] User attributes updated and merged {
  updates: { preferredLocale: 'vi' },
  currentUser: {
    role: 'creator',
    kycPassed: undefined,
    onboardingPassed: undefined
  }
}

stdout | tests/unit/userLocaleProfile.test.js > userLocaleProfile (F-02) > applyUserPreferredLocaleOnAuth calls setActiveLocale when profile has preferredLocale
[useAuthStore.js] [updateUserAttributesLocally] [start] Updating user attributes locally { updateKeys: [ 'preferredLocale' ] }
[useAuthStore.js] [updateUserAttributesLocally] [success] User attributes updated and merged {
  updates: { preferredLocale: 'vi' },
  currentUser: {
    role: 'creator',
    kycPassed: undefined,
    onboardingPassed: undefined
  }
}

stdout | tests/unit/userLocaleProfile.test.js > userLocaleProfile (F-02) > syncPreferredLocaleToProfile skips when not authenticated
[useAuthStore.js] [isAuthenticated] [get] Checking authentication status { authenticated: false }

 ✓ tests/unit/userLocaleProfile.test.js (2 tests) 1090ms
   ✓ userLocaleProfile (F-02) > applyUserPreferredLocaleOnAuth calls setActiveLocale when profile has preferredLocale  1084ms
stdout | tests/unit/routeComponentPrefetch.test.js > routeComponentPrefetch (P10) > prefetches the component module for a known route path
[authHandlerDev.js] [window-api] [expose] Dev auth utilities exposed on window.APP {
  commands: [
    'window.APP.setMockUserState({ role: "creator", onboardingPassed: false, kycPassed: false })',
    'window.APP.mockUser',
    'window.APP.getRegisteredUsers()'
  ]
}

stdout | tests/unit/routeComponentPrefetch.test.js > routeComponentPrefetch (P10) > prefetches the component module for a known route path
[authHandler.js] [initialization] [init] Initializing auth handler {
  authMode: undefined,
  isDevelopment: true,
  shouldUseDev: true,
  selectedHandler: 'dev'
}
[authHandler.js] [initialization] [dev-auto] Using development handler (auto-detected development mode) {}
[authHandler.js] [window-api] [expose] Console commands exposed {
  commands: [
    'window.APP.useAuthHandler("dev")',
    'window.APP.useAuthHandler("cognito")',
    'window.APP.getCurrentAuthMode()',
    'window.APP.testAuthToggle()'
  ]
}

stdout | tests/unit/routeComponentPrefetch.test.js > routeComponentPrefetch (P10) > prefetches the component module for a known route path
[localeManager.js] [window-api] [expose] Locale console commands exposed {
  commands: [
    'window.APP.setLocale("vi")',
    'window.APP.setLocale("en")',
    'window.APP.getLocale()',
    'window.APP.getSupportedLocales()',
    'window.APP.getLocalePreferenceOrder()',
    'window.APP.getTranslationStatistics()',
    'window.APP.testLocalePersistence()'
  ]
}

stdout | tests/unit/routeComponentPrefetch.test.js > routeComponentPrefetch (P10) > prefetches the component module for a known route path
[routeComponentPrefetch.js] [prefetchRouteComponent] [success] Route component prefetched on intent {
  menuPath: '/dashboard',
  resolvedSlug: '/dashboard',
  componentPath: '@/templates/dashboard/page/role/Dashboard.vue'
}

stdout | tests/unit/routeComponentPrefetch.test.js > routeComponentPrefetch (P10) > prefetches /dashboard/analytics on exact prefixed menu path
[authHandlerDev.js] [window-api] [expose] Dev auth utilities exposed on window.APP {
  commands: [
    'window.APP.setMockUserState({ role: "creator", onboardingPassed: false, kycPassed: false })',
    'window.APP.mockUser',
    'window.APP.getRegisteredUsers()'
  ]
}

stdout | tests/unit/routeComponentPrefetch.test.js > routeComponentPrefetch (P10) > prefetches /dashboard/analytics on exact prefixed menu path
[authHandler.js] [initialization] [init] Initializing auth handler {
  authMode: undefined,
  isDevelopment: true,
  shouldUseDev: true,
  selectedHandler: 'dev'
}
[authHandler.js] [initialization] [dev-auto] Using development handler (auto-detected development mode) {}
[authHandler.js] [window-api] [expose] Console commands exposed {
  commands: [
    'window.APP.useAuthHandler("dev")',
    'window.APP.useAuthHandler("cognito")',
    'window.APP.getCurrentAuthMode()',
    'window.APP.testAuthToggle()'
  ]
}

stdout | tests/unit/routeComponentPrefetch.test.js > routeComponentPrefetch (P10) > prefetches /dashboard/analytics on exact prefixed menu path
[localeManager.js] [window-api] [expose] Locale console commands exposed {
  commands: [
    'window.APP.setLocale("vi")',
    'window.APP.setLocale("en")',
    'window.APP.getLocale()',
    'window.APP.getSupportedLocales()',
    'window.APP.getLocalePreferenceOrder()',
    'window.APP.getTranslationStatistics()',
    'window.APP.testLocalePersistence()'
  ]
}

stdout | tests/unit/routeComponentPrefetch.test.js > routeComponentPrefetch (P10) > prefetches /dashboard/analytics on exact prefixed menu path
[routeComponentPrefetch.js] [prefetchRouteComponent] [success] Route component prefetched on intent {
  menuPath: '/dashboard/analytics',
  resolvedSlug: '/dashboard/analytics',
  componentPath: '@/templates/analytics/AnalyticsPage.vue'
}

stdout | tests/unit/routeComponentPrefetch.test.js > routeComponentPrefetch (P10) > resolves legacy /analytics hover to /dashboard/analytics route
[authHandlerDev.js] [window-api] [expose] Dev auth utilities exposed on window.APP {
  commands: [
    'window.APP.setMockUserState({ role: "creator", onboardingPassed: false, kycPassed: false })',
    'window.APP.mockUser',
    'window.APP.getRegisteredUsers()'
  ]
}

stdout | tests/unit/routeComponentPrefetch.test.js > routeComponentPrefetch (P10) > resolves legacy /analytics hover to /dashboard/analytics route
[authHandler.js] [initialization] [init] Initializing auth handler {
  authMode: undefined,
  isDevelopment: true,
  shouldUseDev: true,
  selectedHandler: 'dev'
}
[authHandler.js] [initialization] [dev-auto] Using development handler (auto-detected development mode) {}
[authHandler.js] [window-api] [expose] Console commands exposed {
  commands: [
    'window.APP.useAuthHandler("dev")',
    'window.APP.useAuthHandler("cognito")',
    'window.APP.getCurrentAuthMode()',
    'window.APP.testAuthToggle()'
  ]
}

stdout | tests/unit/routeComponentPrefetch.test.js > routeComponentPrefetch (P10) > resolves legacy /analytics hover to /dashboard/analytics route
[localeManager.js] [window-api] [expose] Locale console commands exposed {
  commands: [
    'window.APP.setLocale("vi")',
    'window.APP.setLocale("en")',
    'window.APP.getLocale()',
    'window.APP.getSupportedLocales()',
    'window.APP.getLocalePreferenceOrder()',
    'window.APP.getTranslationStatistics()',
    'window.APP.testLocalePersistence()'
  ]
}

stdout | tests/unit/routeComponentPrefetch.test.js > routeComponentPrefetch (P10) > resolves legacy /analytics hover to /dashboard/analytics route
[routeComponentPrefetch.js] [prefetchRouteComponent] [success] Route component prefetched on intent {
  menuPath: '/analytics',
  resolvedSlug: '/dashboard/analytics',
  componentPath: '@/templates/analytics/AnalyticsPage.vue'
}

stdout | tests/unit/routeComponentPrefetch.test.js > routeComponentPrefetch (P10) > prefetches /payout shared page without aliasing to /dashboard/payout
[authHandlerDev.js] [window-api] [expose] Dev auth utilities exposed on window.APP {
  commands: [
    'window.APP.setMockUserState({ role: "creator", onboardingPassed: false, kycPassed: false })',
    'window.APP.mockUser',
    'window.APP.getRegisteredUsers()'
  ]
}

stdout | tests/unit/routeComponentPrefetch.test.js > routeComponentPrefetch (P10) > prefetches /payout shared page without aliasing to /dashboard/payout
[authHandler.js] [initialization] [init] Initializing auth handler {
  authMode: undefined,
  isDevelopment: true,
  shouldUseDev: true,
  selectedHandler: 'dev'
}
[authHandler.js] [initialization] [dev-auto] Using development handler (auto-detected development mode) {}
[authHandler.js] [window-api] [expose] Console commands exposed {
  commands: [
    'window.APP.useAuthHandler("dev")',
    'window.APP.useAuthHandler("cognito")',
    'window.APP.getCurrentAuthMode()',
    'window.APP.testAuthToggle()'
  ]
}

stdout | tests/unit/routeComponentPrefetch.test.js > routeComponentPrefetch (P10) > prefetches /payout shared page without aliasing to /dashboard/payout
[localeManager.js] [window-api] [expose] Locale console commands exposed {
  commands: [
    'window.APP.setLocale("vi")',
    'window.APP.setLocale("en")',
    'window.APP.getLocale()',
    'window.APP.getSupportedLocales()',
    'window.APP.getLocalePreferenceOrder()',
    'window.APP.getTranslationStatistics()',
    'window.APP.testLocalePersistence()'
  ]
}

stdout | tests/unit/routeComponentPrefetch.test.js > routeComponentPrefetch (P10) > prefetches /payout shared page without aliasing to /dashboard/payout
[routeComponentPrefetch.js] [prefetchRouteComponent] [success] Route component prefetched on intent {
  menuPath: '/payout',
  resolvedSlug: '/payout',
  componentPath: '@/templates/payout/PayoutPage.vue'
}

stdout | tests/unit/routeComponentPrefetch.test.js > routeComponentPrefetch (P10) > does not match catch-all wildcard routes
[authHandlerDev.js] [window-api] [expose] Dev auth utilities exposed on window.APP {
  commands: [
    'window.APP.setMockUserState({ role: "creator", onboardingPassed: false, kycPassed: false })',
    'window.APP.mockUser',
    'window.APP.getRegisteredUsers()'
  ]
}

stdout | tests/unit/routeComponentPrefetch.test.js > routeComponentPrefetch (P10) > does not match catch-all wildcard routes
[authHandler.js] [initialization] [init] Initializing auth handler {
  authMode: undefined,
  isDevelopment: true,
  shouldUseDev: true,
  selectedHandler: 'dev'
}
[authHandler.js] [initialization] [dev-auto] Using development handler (auto-detected development mode) {}
[authHandler.js] [window-api] [expose] Console commands exposed {
  commands: [
    'window.APP.useAuthHandler("dev")',
    'window.APP.useAuthHandler("cognito")',
    'window.APP.getCurrentAuthMode()',
    'window.APP.testAuthToggle()'
  ]
}

stdout | tests/unit/routeComponentPrefetch.test.js > routeComponentPrefetch (P10) > does not match catch-all wildcard routes
[localeManager.js] [window-api] [expose] Locale console commands exposed {
  commands: [
    'window.APP.setLocale("vi")',
    'window.APP.setLocale("en")',
    'window.APP.getLocale()',
    'window.APP.getSupportedLocales()',
    'window.APP.getLocalePreferenceOrder()',
    'window.APP.getTranslationStatistics()',
    'window.APP.testLocalePersistence()'
  ]
}

stdout | tests/unit/routeComponentPrefetch.test.js > routeComponentPrefetch (P10) > does not match catch-all wildcard routes
[routeComponentPrefetch.js] [prefetchRouteComponent] [skip] No exact prefetchable route for path {
  menuPath: '/totally-unknown-path',
  candidates: [ '/totally-unknown-path', '/dashboard/totally-unknown-path' ]
}

stdout | tests/unit/routeComponentPrefetch.test.js > routeComponentPrefetch (P10) > strips locale prefix before resolving route
[authHandlerDev.js] [window-api] [expose] Dev auth utilities exposed on window.APP {
  commands: [
    'window.APP.setMockUserState({ role: "creator", onboardingPassed: false, kycPassed: false })',
    'window.APP.mockUser',
    'window.APP.getRegisteredUsers()'
  ]
}

stdout | tests/unit/routeComponentPrefetch.test.js > routeComponentPrefetch (P10) > strips locale prefix before resolving route
[authHandler.js] [initialization] [init] Initializing auth handler {
  authMode: undefined,
  isDevelopment: true,
  shouldUseDev: true,
  selectedHandler: 'dev'
}
[authHandler.js] [initialization] [dev-auto] Using development handler (auto-detected development mode) {}
[authHandler.js] [window-api] [expose] Console commands exposed {
  commands: [
    'window.APP.useAuthHandler("dev")',
    'window.APP.useAuthHandler("cognito")',
    'window.APP.getCurrentAuthMode()',
    'window.APP.testAuthToggle()'
  ]
}

stdout | tests/unit/routeComponentPrefetch.test.js > routeComponentPrefetch (P10) > strips locale prefix before resolving route
[localeManager.js] [window-api] [expose] Locale console commands exposed {
  commands: [
    'window.APP.setLocale("vi")',
    'window.APP.setLocale("en")',
    'window.APP.getLocale()',
    'window.APP.getSupportedLocales()',
    'window.APP.getLocalePreferenceOrder()',
    'window.APP.getTranslationStatistics()',
    'window.APP.testLocalePersistence()'
  ]
}

stdout | tests/unit/routeComponentPrefetch.test.js > routeComponentPrefetch (P10) > strips locale prefix before resolving route
[routeComponentPrefetch.js] [prefetchRouteComponent] [success] Route component prefetched on intent {
  menuPath: '/sign-up',
  resolvedSlug: '/sign-up',
  componentPath: '@/templates/auth/page/role/AuthSignUp.vue'
}

stdout | tests/unit/routeComponentPrefetch.test.js > routeComponentPrefetch (P10) > createRoutePrefetchIntentHandler triggers prefetch
[authHandlerDev.js] [window-api] [expose] Dev auth utilities exposed on window.APP {
  commands: [
    'window.APP.setMockUserState({ role: "creator", onboardingPassed: false, kycPassed: false })',
    'window.APP.mockUser',
    'window.APP.getRegisteredUsers()'
  ]
}

stdout | tests/unit/routeComponentPrefetch.test.js > routeComponentPrefetch (P10) > createRoutePrefetchIntentHandler triggers prefetch
[authHandler.js] [initialization] [init] Initializing auth handler {
  authMode: undefined,
  isDevelopment: true,
  shouldUseDev: true,
  selectedHandler: 'dev'
}
[authHandler.js] [initialization] [dev-auto] Using development handler (auto-detected development mode) {}
[authHandler.js] [window-api] [expose] Console commands exposed {
  commands: [
    'window.APP.useAuthHandler("dev")',
    'window.APP.useAuthHandler("cognito")',
    'window.APP.getCurrentAuthMode()',
    'window.APP.testAuthToggle()'
  ]
}

stdout | tests/unit/routeComponentPrefetch.test.js > routeComponentPrefetch (P10) > createRoutePrefetchIntentHandler triggers prefetch
[localeManager.js] [window-api] [expose] Locale console commands exposed {
  commands: [
    'window.APP.setLocale("vi")',
    'window.APP.setLocale("en")',
    'window.APP.getLocale()',
    'window.APP.getSupportedLocales()',
    'window.APP.getLocalePreferenceOrder()',
    'window.APP.getTranslationStatistics()',
    'window.APP.testLocalePersistence()'
  ]
}

stdout | tests/unit/routeComponentPrefetch.test.js > routeComponentPrefetch (P10) > createRoutePrefetchIntentHandler triggers prefetch
[routeComponentPrefetch.js] [prefetchRouteComponent] [success] Route component prefetched on intent {
  menuPath: '/sign-up',
  resolvedSlug: '/sign-up',
  componentPath: '@/templates/auth/page/role/AuthSignUp.vue'
}

 ✓ tests/unit/routeComponentPrefetch.test.js (7 tests) 1354ms
   ✓ routeComponentPrefetch (P10) > prefetches the component module for a known route path  1070ms
stdout | tests/unit/resolveActiveLocaleForNavigation.test.js > resolveActiveLocaleForNavigation (L-09) > uses destination route path when window.location is still the previous URL
[useLocaleStore.js] [setLocale] [start] Setting locale { localeCode: 'en' }
[useLocaleStore.js] [setLocale] [success] Locale set successfully { localeCode: 'en' }
[useLocaleStore.js] [setLocale] [return] Returning success { localeCode: 'en' }

stdout | tests/unit/resolveActiveLocaleProfile.test.js > resolveActiveLocale profile priority > prefers Cognito profile locale over stale persisted localStorage
[authHandlerDev.js] [window-api] [expose] Dev auth utilities exposed on window.APP {
  commands: [
    'window.APP.setMockUserState({ role: "creator", onboardingPassed: false, kycPassed: false })',
    'window.APP.mockUser',
    'window.APP.getRegisteredUsers()'
  ]
}

stdout | tests/unit/resolveActiveLocaleProfile.test.js > resolveActiveLocale profile priority > prefers Cognito profile locale over stale persisted localStorage
[authHandler.js] [initialization] [init] Initializing auth handler {
  authMode: undefined,
  isDevelopment: true,
  shouldUseDev: true,
  selectedHandler: 'dev'
}
[authHandler.js] [initialization] [dev-auto] Using development handler (auto-detected development mode) {}
[authHandler.js] [window-api] [expose] Console commands exposed {
  commands: [
    'window.APP.useAuthHandler("dev")',
    'window.APP.useAuthHandler("cognito")',
    'window.APP.getCurrentAuthMode()',
    'window.APP.testAuthToggle()'
  ]
}

stdout | tests/unit/temporaryPageLocale.test.js > temporary page locale (F-03) > stores and reads temp locale keys
[authHandlerDev.js] [window-api] [expose] Dev auth utilities exposed on window.APP {
  commands: [
    'window.APP.setMockUserState({ role: "creator", onboardingPassed: false, kycPassed: false })',
    'window.APP.mockUser',
    'window.APP.getRegisteredUsers()'
  ]
}

stdout | tests/unit/temporaryPageLocale.test.js > temporary page locale (F-03) > stores and reads temp locale keys
[authHandler.js] [initialization] [init] Initializing auth handler {
  authMode: undefined,
  isDevelopment: true,
  shouldUseDev: true,
  selectedHandler: 'dev'
}
[authHandler.js] [initialization] [dev-auto] Using development handler (auto-detected development mode) {}
[authHandler.js] [window-api] [expose] Console commands exposed {
  commands: [
    'window.APP.useAuthHandler("dev")',
    'window.APP.useAuthHandler("cognito")',
    'window.APP.getCurrentAuthMode()',
    'window.APP.testAuthToggle()'
  ]
}

stdout | tests/unit/resolveActiveLocaleProfile.test.js > resolveActiveLocale profile priority > prefers Cognito profile locale over stale persisted localStorage
[localeManager.js] [window-api] [expose] Locale console commands exposed {
  commands: [
    'window.APP.setLocale("vi")',
    'window.APP.setLocale("en")',
    'window.APP.getLocale()',
    'window.APP.getSupportedLocales()',
    'window.APP.getLocalePreferenceOrder()',
    'window.APP.getTranslationStatistics()',
    'window.APP.testLocalePersistence()'
  ]
}

stdout | tests/unit/temporaryPageLocale.test.js > temporary page locale (F-03) > stores and reads temp locale keys
[localeManager.js] [window-api] [expose] Locale console commands exposed {
  commands: [
    'window.APP.setLocale("vi")',
    'window.APP.setLocale("en")',
    'window.APP.getLocale()',
    'window.APP.getSupportedLocales()',
    'window.APP.getLocalePreferenceOrder()',
    'window.APP.getTranslationStatistics()',
    'window.APP.testLocalePersistence()'
  ]
}

stdout | tests/unit/resolveActiveLocaleProfile.test.js > resolveActiveLocale profile priority > prefers Cognito profile locale over stale persisted localStorage
[useLocaleStore.js] [setLocale] [start] Setting locale { localeCode: 'am' }
[useLocaleStore.js] [setLocale] [success] Locale set successfully { localeCode: 'am' }
[useLocaleStore.js] [setLocale] [return] Returning success { localeCode: 'am' }
[localeManager.js] [resolveActiveLocale] [start] Resolving active locale {}
[localeManager.js] [getLocaleFromUrl] [start] Getting locale from URL {}
[localeManager.js] [getLocaleFromUrl] [return] No locale found in URL {}
[useAuthStore.js] [isAuthenticated] [get] Checking authentication status { authenticated: true }
[useLocaleStore.js] [setLocale] [start] Setting locale { localeCode: 'en' }
[useLocaleStore.js] [setLocale] [success] Locale set successfully { localeCode: 'en' }
[useLocaleStore.js] [setLocale] [return] Returning success { localeCode: 'en' }
[localeManager.js] [resolveActiveLocale] [info] Locale resolved from user profile { locale: 'en' }
[localeManager.js] [resolveActiveLocale] [return] Returning profile locale { locale: 'en' }

 ✓ tests/unit/resolveActiveLocaleProfile.test.js (1 test) 1196ms
   ✓ resolveActiveLocale profile priority > prefers Cognito profile locale over stale persisted localStorage  1193ms
stdout | tests/unit/temporaryPageLocale.test.js > temporary page locale (F-03) > clearTemporaryPageLocaleOnReload clears keys on reload navigation
[authHandlerDev.js] [window-api] [expose] Dev auth utilities exposed on window.APP {
  commands: [
    'window.APP.setMockUserState({ role: "creator", onboardingPassed: false, kycPassed: false })',
    'window.APP.mockUser',
    'window.APP.getRegisteredUsers()'
  ]
}

stdout | tests/unit/temporaryPageLocale.test.js > temporary page locale (F-03) > clearTemporaryPageLocaleOnReload clears keys on reload navigation
[authHandler.js] [initialization] [init] Initializing auth handler {
  authMode: undefined,
  isDevelopment: true,
  shouldUseDev: true,
  selectedHandler: 'dev'
}
[authHandler.js] [initialization] [dev-auto] Using development handler (auto-detected development mode) {}
[authHandler.js] [window-api] [expose] Console commands exposed {
  commands: [
    'window.APP.useAuthHandler("dev")',
    'window.APP.useAuthHandler("cognito")',
    'window.APP.getCurrentAuthMode()',
    'window.APP.testAuthToggle()'
  ]
}

stdout | tests/unit/routerLocaleInject.test.js > router locale inject prefers store over stale URL (L-10 en switch) > getActiveLocale returns en from store while resolveActiveLocale still reads /vi from URL
[useLocaleStore.js] [setLocale] [start] Setting locale { localeCode: 'en' }
[useLocaleStore.js] [setLocale] [success] Locale set successfully { localeCode: 'en' }
[useLocaleStore.js] [setLocale] [return] Returning success { localeCode: 'en' }

stdout | tests/unit/temporaryPageLocale.test.js > temporary page locale (F-03) > clearTemporaryPageLocaleOnReload clears keys on reload navigation
[localeManager.js] [window-api] [expose] Locale console commands exposed {
  commands: [
    'window.APP.setLocale("vi")',
    'window.APP.setLocale("en")',
    'window.APP.getLocale()',
    'window.APP.getSupportedLocales()',
    'window.APP.getLocalePreferenceOrder()',
    'window.APP.getTranslationStatistics()',
    'window.APP.testLocalePersistence()'
  ]
}

 ✓ tests/unit/temporaryPageLocale.test.js (2 tests) 1476ms
   ✓ temporary page locale (F-03) > stores and reads temp locale keys  1355ms
stdout | tests/unit/getBrowserLocale.test.js
[authHandlerDev.js] [window-api] [expose] Dev auth utilities exposed on window.APP {
  commands: [
    'window.APP.setMockUserState({ role: "creator", onboardingPassed: false, kycPassed: false })',
    'window.APP.mockUser',
    'window.APP.getRegisteredUsers()'
  ]
}

stdout | tests/unit/getBrowserLocale.test.js
[authHandler.js] [initialization] [init] Initializing auth handler {
  authMode: undefined,
  isDevelopment: true,
  shouldUseDev: true,
  selectedHandler: 'dev'
}
[authHandler.js] [initialization] [dev-auto] Using development handler (auto-detected development mode) {}
[authHandler.js] [window-api] [expose] Console commands exposed {
  commands: [
    'window.APP.useAuthHandler("dev")',
    'window.APP.useAuthHandler("cognito")',
    'window.APP.getCurrentAuthMode()',
    'window.APP.testAuthToggle()'
  ]
}

stdout | tests/unit/getBrowserLocale.test.js
[localeManager.js] [window-api] [expose] Locale console commands exposed {
  commands: [
    'window.APP.setLocale("vi")',
    'window.APP.setLocale("en")',
    'window.APP.getLocale()',
    'window.APP.getSupportedLocales()',
    'window.APP.getLocalePreferenceOrder()',
    'window.APP.getTranslationStatistics()',
    'window.APP.testLocalePersistence()'
  ]
}

stdout | tests/unit/getBrowserLocale.test.js > getBrowserLocale regional variants (L-05) > prefers full regional code when supported (zh-TW → zh-tw)
[localeManager.js] [resolveActiveLocale] [start] Resolving active locale {}
[localeManager.js] [getLocaleFromUrl] [start] Getting locale from URL {}
[localeManager.js] [getLocaleFromUrl] [return] No locale found in URL {}
[localeManager.js] [getBrowserLocale] [start] Getting browser locale {}
[localeManager.js] [getBrowserLocale] [info] Browser locale is supported (full regional code) { browserLanguage: 'zh-TW', locale: 'zh-tw' }
[localeManager.js] [getBrowserLocale] [return] Returning browser locale { locale: 'zh-tw' }
[localeManager.js] [resolveActiveLocale] [info] Locale resolved from browser { locale: 'zh-tw' }
[localeManager.js] [resolveActiveLocale] [return] Returning browser locale { locale: 'zh-tw' }

stdout | tests/unit/getBrowserLocale.test.js > getBrowserLocale regional variants (L-05) > prefers full regional code when supported (pt-PT → pt-pt)
[localeManager.js] [resolveActiveLocale] [start] Resolving active locale {}
[localeManager.js] [getLocaleFromUrl] [start] Getting locale from URL {}
[localeManager.js] [getLocaleFromUrl] [return] No locale found in URL {}
[localeManager.js] [getBrowserLocale] [start] Getting browser locale {}
[localeManager.js] [getBrowserLocale] [info] Browser locale is supported (full regional code) { browserLanguage: 'pt-PT', locale: 'pt-pt' }
[localeManager.js] [getBrowserLocale] [return] Returning browser locale { locale: 'pt-pt' }
[localeManager.js] [resolveActiveLocale] [info] Locale resolved from browser { locale: 'pt-pt' }
[localeManager.js] [resolveActiveLocale] [return] Returning browser locale { locale: 'pt-pt' }

stdout | tests/unit/getBrowserLocale.test.js > getBrowserLocale regional variants (L-05) > normalizes underscore separators (fr_CA → fr-ca)
[localeManager.js] [resolveActiveLocale] [start] Resolving active locale {}
[localeManager.js] [getLocaleFromUrl] [start] Getting locale from URL {}
[localeManager.js] [getLocaleFromUrl] [return] No locale found in URL {}
[localeManager.js] [getBrowserLocale] [start] Getting browser locale {}
[localeManager.js] [getBrowserLocale] [info] Browser locale is supported (full regional code) { browserLanguage: 'fr_CA', locale: 'fr-ca' }
[localeManager.js] [getBrowserLocale] [return] Returning browser locale { locale: 'fr-ca' }
[localeManager.js] [resolveActiveLocale] [info] Locale resolved from browser { locale: 'fr-ca' }
[localeManager.js] [resolveActiveLocale] [return] Returning browser locale { locale: 'fr-ca' }

stdout | tests/unit/getBrowserLocale.test.js > getBrowserLocale regional variants (L-05) > falls back to base code when regional variant is unsupported
[localeManager.js] [resolveActiveLocale] [start] Resolving active locale {}
[localeManager.js] [getLocaleFromUrl] [start] Getting locale from URL {}
[localeManager.js] [getLocaleFromUrl] [return] No locale found in URL {}
[localeManager.js] [getBrowserLocale] [start] Getting browser locale {}
[localeManager.js] [getBrowserLocale] [info] Browser locale is supported (base code fallback) { browserLanguage: 'en-US', locale: 'en' }
[localeManager.js] [getBrowserLocale] [return] Returning browser locale { locale: 'en' }
[localeManager.js] [resolveActiveLocale] [info] Locale resolved from browser { locale: 'en' }
[localeManager.js] [resolveActiveLocale] [return] Returning browser locale { locale: 'en' }

 ✓ tests/unit/getBrowserLocale.test.js (4 tests) 1453ms
stdout | tests/unit/localeFormatting.test.js > localeFormatting (B-07) > formats numbers differently for en vs vi via vue-i18n n()
[authHandlerDev.js] [window-api] [expose] Dev auth utilities exposed on window.APP {
  commands: [
    'window.APP.setMockUserState({ role: "creator", onboardingPassed: false, kycPassed: false })',
    'window.APP.mockUser',
    'window.APP.getRegisteredUsers()'
  ]
}

stdout | tests/unit/localeFormatting.test.js > localeFormatting (B-07) > formats numbers differently for en vs vi via vue-i18n n()
[authHandler.js] [initialization] [init] Initializing auth handler {
  authMode: undefined,
  isDevelopment: true,
  shouldUseDev: true,
  selectedHandler: 'dev'
}
[authHandler.js] [initialization] [dev-auto] Using development handler (auto-detected development mode) {}
[authHandler.js] [window-api] [expose] Console commands exposed {
  commands: [
    'window.APP.useAuthHandler("dev")',
    'window.APP.useAuthHandler("cognito")',
    'window.APP.getCurrentAuthMode()',
    'window.APP.testAuthToggle()'
  ]
}

stdout | tests/unit/localeFormatting.test.js > localeFormatting (B-07) > formats numbers differently for en vs vi via vue-i18n n()
[localeManager.js] [window-api] [expose] Locale console commands exposed {
  commands: [
    'window.APP.setLocale("vi")',
    'window.APP.setLocale("en")',
    'window.APP.getLocale()',
    'window.APP.getSupportedLocales()',
    'window.APP.getLocalePreferenceOrder()',
    'window.APP.getTranslationStatistics()',
    'window.APP.testLocalePersistence()'
  ]
}

 ✓ tests/unit/localeFormatting.test.js (5 tests) 1356ms
   ✓ localeFormatting (B-07) > formats numbers differently for en vs vi via vue-i18n n()  1322ms
stdout | tests/unit/resolveActiveLocaleForNavigation.test.js > resolveActiveLocaleForNavigation (L-09) > uses destination route path when window.location is still the previous URL
[authHandlerDev.js] [window-api] [expose] Dev auth utilities exposed on window.APP {
  commands: [
    'window.APP.setMockUserState({ role: "creator", onboardingPassed: false, kycPassed: false })',
    'window.APP.mockUser',
    'window.APP.getRegisteredUsers()'
  ]
}

stdout | tests/unit/resolveActiveLocaleForNavigation.test.js > resolveActiveLocaleForNavigation (L-09) > uses destination route path when window.location is still the previous URL
[authHandler.js] [initialization] [init] Initializing auth handler {
  authMode: undefined,
  isDevelopment: true,
  shouldUseDev: true,
  selectedHandler: 'dev'
}
[authHandler.js] [initialization] [dev-auto] Using development handler (auto-detected development mode) {}
[authHandler.js] [window-api] [expose] Console commands exposed {
  commands: [
    'window.APP.useAuthHandler("dev")',
    'window.APP.useAuthHandler("cognito")',
    'window.APP.getCurrentAuthMode()',
    'window.APP.testAuthToggle()'
  ]
}

stdout | tests/unit/resolveActiveLocaleForNavigation.test.js > resolveActiveLocaleForNavigation (L-09) > uses destination route path when window.location is still the previous URL
[localeManager.js] [window-api] [expose] Locale console commands exposed {
  commands: [
    'window.APP.setLocale("vi")',
    'window.APP.setLocale("en")',
    'window.APP.getLocale()',
    'window.APP.getSupportedLocales()',
    'window.APP.getLocalePreferenceOrder()',
    'window.APP.getTranslationStatistics()',
    'window.APP.testLocalePersistence()'
  ]
}

stdout | tests/unit/resolveActiveLocaleForNavigation.test.js > resolveActiveLocaleForNavigation (L-09) > uses destination route path when window.location is still the previous URL
[localeManager.js] [resolveActiveLocaleForNavigation] [return] Returning locale from route params { locale: 'vi', path: '/vi/log-in' }
[localeManager.js] [resolveActiveLocale] [start] Resolving active locale {}
[localeManager.js] [getLocaleFromUrl] [start] Getting locale from URL {}
[localeManager.js] [getLocaleFromUrl] [return] No locale found in URL {}
[useAuthStore.js] [isAuthenticated] [get] Checking authentication status { authenticated: false }
[localeManager.js] [resolveActiveLocale] [info] Locale resolved from persisted store { locale: 'en' }
[localeManager.js] [resolveActiveLocale] [return] Returning persisted locale { locale: 'en' }

stdout | tests/unit/routerLocaleInject.test.js > router locale inject prefers store over stale URL (L-10 en switch) > getActiveLocale returns en from store while resolveActiveLocale still reads /vi from URL
[authHandlerDev.js] [window-api] [expose] Dev auth utilities exposed on window.APP {
  commands: [
    'window.APP.setMockUserState({ role: "creator", onboardingPassed: false, kycPassed: false })',
    'window.APP.mockUser',
    'window.APP.getRegisteredUsers()'
  ]
}

stdout | tests/unit/routerLocaleInject.test.js > router locale inject prefers store over stale URL (L-10 en switch) > getActiveLocale returns en from store while resolveActiveLocale still reads /vi from URL
[authHandler.js] [initialization] [init] Initializing auth handler {
  authMode: undefined,
  isDevelopment: true,
  shouldUseDev: true,
  selectedHandler: 'dev'
}
[authHandler.js] [initialization] [dev-auto] Using development handler (auto-detected development mode) {}
[authHandler.js] [window-api] [expose] Console commands exposed {
  commands: [
    'window.APP.useAuthHandler("dev")',
    'window.APP.useAuthHandler("cognito")',
    'window.APP.getCurrentAuthMode()',
    'window.APP.testAuthToggle()'
  ]
}

stdout | tests/unit/resolveActiveLocaleForNavigation.test.js > resolveActiveLocaleForNavigation (L-09) > uses temporary page locale when destination path has no locale prefix
[authHandlerDev.js] [window-api] [expose] Dev auth utilities exposed on window.APP {
  commands: [
    'window.APP.setMockUserState({ role: "creator", onboardingPassed: false, kycPassed: false })',
    'window.APP.mockUser',
    'window.APP.getRegisteredUsers()'
  ]
}

stdout | tests/unit/resolveActiveLocaleForNavigation.test.js > resolveActiveLocaleForNavigation (L-09) > uses temporary page locale when destination path has no locale prefix
[authHandler.js] [initialization] [init] Initializing auth handler {
  authMode: undefined,
  isDevelopment: true,
  shouldUseDev: true,
  selectedHandler: 'dev'
}
[authHandler.js] [initialization] [dev-auto] Using development handler (auto-detected development mode) {}
[authHandler.js] [window-api] [expose] Console commands exposed {
  commands: [
    'window.APP.useAuthHandler("dev")',
    'window.APP.useAuthHandler("cognito")',
    'window.APP.getCurrentAuthMode()',
    'window.APP.testAuthToggle()'
  ]
}

stdout | tests/unit/resolveActiveLocaleForNavigation.test.js > resolveActiveLocaleForNavigation (L-09) > uses temporary page locale when destination path has no locale prefix
[localeManager.js] [window-api] [expose] Locale console commands exposed {
  commands: [
    'window.APP.setLocale("vi")',
    'window.APP.setLocale("en")',
    'window.APP.getLocale()',
    'window.APP.getSupportedLocales()',
    'window.APP.getLocalePreferenceOrder()',
    'window.APP.getTranslationStatistics()',
    'window.APP.testLocalePersistence()'
  ]
}

stdout | tests/unit/resolveActiveLocaleForNavigation.test.js > resolveActiveLocaleForNavigation (L-09) > uses temporary page locale when destination path has no locale prefix
[localeManager.js] [resolveActiveLocaleForNavigation] [return] Returning temporary page locale { locale: 'vi', path: '/dashboard' }

 ✓ tests/unit/resolveActiveLocaleForNavigation.test.js (2 tests) 1350ms
   ✓ resolveActiveLocaleForNavigation (L-09) > uses destination route path when window.location is still the previous URL  1229ms
stdout | tests/unit/routerLocaleInject.test.js > router locale inject prefers store over stale URL (L-10 en switch) > getActiveLocale returns en from store while resolveActiveLocale still reads /vi from URL
[localeManager.js] [window-api] [expose] Locale console commands exposed {
  commands: [
    'window.APP.setLocale("vi")',
    'window.APP.setLocale("en")',
    'window.APP.getLocale()',
    'window.APP.getSupportedLocales()',
    'window.APP.getLocalePreferenceOrder()',
    'window.APP.getTranslationStatistics()',
    'window.APP.testLocalePersistence()'
  ]
}

stdout | tests/unit/routerLocaleInject.test.js > router locale inject prefers store over stale URL (L-10 en switch) > getActiveLocale returns en from store while resolveActiveLocale still reads /vi from URL
[localeManager.js] [getActiveLocale] [start] Getting active locale {}
[localeManager.js] [getActiveLocale] [return] Returning locale from Pinia store { locale: 'en' }
[localeManager.js] [resolveActiveLocale] [start] Resolving active locale {}
[localeManager.js] [getLocaleFromUrl] [start] Getting locale from URL {}
[localeManager.js] [getLocaleFromUrl] [info] Found locale in path { locale: 'vi' }
[localeManager.js] [getLocaleFromUrl] [return] Returning path locale { locale: 'vi' }
[localeManager.js] [resolveActiveLocale] [info] Locale resolved from URL { locale: 'vi' }
[localeManager.js] [resolveActiveLocale] [return] Returning URL locale { locale: 'vi' }

 ✓ tests/unit/routerLocaleInject.test.js (1 test) 1183ms
   ✓ router locale inject prefers store over stale URL (L-10 en switch) > getActiveLocale returns en from store while resolveActiveLocale still reads /vi from URL  1181ms
stdout | tests/unit/routeAssetPrefetch.test.js > routeAssetPrefetch (M-08) > prefetches section assets for a hover target path
[authHandlerDev.js] [window-api] [expose] Dev auth utilities exposed on window.APP {
  commands: [
    'window.APP.setMockUserState({ role: "creator", onboardingPassed: false, kycPassed: false })',
    'window.APP.mockUser',
    'window.APP.getRegisteredUsers()'
  ]
}

stdout | tests/unit/routeAssetPrefetch.test.js > routeAssetPrefetch (M-08) > prefetches section assets for a hover target path
[authHandler.js] [initialization] [init] Initializing auth handler {
  authMode: undefined,
  isDevelopment: true,
  shouldUseDev: true,
  selectedHandler: 'dev'
}
[authHandler.js] [initialization] [dev-auto] Using development handler (auto-detected development mode) {}
[authHandler.js] [window-api] [expose] Console commands exposed {
  commands: [
    'window.APP.useAuthHandler("dev")',
    'window.APP.useAuthHandler("cognito")',
    'window.APP.getCurrentAuthMode()',
    'window.APP.testAuthToggle()'
  ]
}

stdout | tests/unit/routeAssetPrefetch.test.js > routeAssetPrefetch (M-08) > prefetches section assets for a hover target path
[localeManager.js] [window-api] [expose] Locale console commands exposed {
  commands: [
    'window.APP.setLocale("vi")',
    'window.APP.setLocale("en")',
    'window.APP.getLocale()',
    'window.APP.getSupportedLocales()',
    'window.APP.getLocalePreferenceOrder()',
    'window.APP.getTranslationStatistics()',
    'window.APP.testLocalePersistence()'
  ]
}

stdout | tests/unit/routeAssetPrefetch.test.js > routeAssetPrefetch (M-08) > prefetches section assets for a hover target path
[routeResolver.js] [inheritConfigurationFromParentRoute] [start] Inheriting configuration from parent { childSlug: '/shop' }
[routeResolver.js] [inheritConfigurationFromParentRoute] [skip] Route does not inherit from parent, returning as-is {}
[routeResolver.js] [inheritConfigurationFromParentRoute] [return] Returning original route - no inheritance { slug: '/shop' }
[sectionResolver.js] [resolveRoleSectionVariant] [start] Resolving role-specific section variant { userRole: 'guest', configType: 'string' }
[sectionResolver.js] [resolveRoleSectionVariant] [info] Simple section resolved { section: 'shop' }
[sectionResolver.js] [resolveRoleSectionVariant] [return] Returning simple section { section: 'shop' }

stdout | tests/unit/routeAssetPrefetch.test.js > routeAssetPrefetch (M-08) > prefetches section assets for a hover target path
[routeAssetPrefetch.js] [prefetchSectionAssetsForRoute] [success] Section assets prefetched on intent { menuPath: '/shop', resolvedSlug: '/shop', sectionName: 'shop' }

stdout | tests/unit/routeAssetPrefetch.test.js > routeAssetPrefetch (M-08) > dedupes section asset prefetch for the same section
[authHandlerDev.js] [window-api] [expose] Dev auth utilities exposed on window.APP {
  commands: [
    'window.APP.setMockUserState({ role: "creator", onboardingPassed: false, kycPassed: false })',
    'window.APP.mockUser',
    'window.APP.getRegisteredUsers()'
  ]
}

stdout | tests/unit/routeAssetPrefetch.test.js > routeAssetPrefetch (M-08) > dedupes section asset prefetch for the same section
[authHandler.js] [initialization] [init] Initializing auth handler {
  authMode: undefined,
  isDevelopment: true,
  shouldUseDev: true,
  selectedHandler: 'dev'
}
[authHandler.js] [initialization] [dev-auto] Using development handler (auto-detected development mode) {}
[authHandler.js] [window-api] [expose] Console commands exposed {
  commands: [
    'window.APP.useAuthHandler("dev")',
    'window.APP.useAuthHandler("cognito")',
    'window.APP.getCurrentAuthMode()',
    'window.APP.testAuthToggle()'
  ]
}

stdout | tests/unit/routeAssetPrefetch.test.js > routeAssetPrefetch (M-08) > dedupes section asset prefetch for the same section
[localeManager.js] [window-api] [expose] Locale console commands exposed {
  commands: [
    'window.APP.setLocale("vi")',
    'window.APP.setLocale("en")',
    'window.APP.getLocale()',
    'window.APP.getSupportedLocales()',
    'window.APP.getLocalePreferenceOrder()',
    'window.APP.getTranslationStatistics()',
    'window.APP.testLocalePersistence()'
  ]
}

stdout | tests/unit/routeAssetPrefetch.test.js > routeAssetPrefetch (M-08) > dedupes section asset prefetch for the same section
[routeResolver.js] [inheritConfigurationFromParentRoute] [start] Inheriting configuration from parent { childSlug: '/shop' }
[routeResolver.js] [inheritConfigurationFromParentRoute] [skip] Route does not inherit from parent, returning as-is {}
[routeResolver.js] [inheritConfigurationFromParentRoute] [return] Returning original route - no inheritance { slug: '/shop' }
[sectionResolver.js] [resolveRoleSectionVariant] [start] Resolving role-specific section variant { userRole: 'guest', configType: 'string' }
[sectionResolver.js] [resolveRoleSectionVariant] [info] Simple section resolved { section: 'shop' }
[sectionResolver.js] [resolveRoleSectionVariant] [return] Returning simple section { section: 'shop' }

stdout | tests/unit/routeAssetPrefetch.test.js > routeAssetPrefetch (M-08) > dedupes section asset prefetch for the same section
[routeAssetPrefetch.js] [prefetchSectionAssetsForRoute] [success] Section assets prefetched on intent { menuPath: '/shop', resolvedSlug: '/shop', sectionName: 'shop' }

stdout | tests/unit/routeAssetPrefetch.test.js > routeAssetPrefetch (M-08) > dedupes section asset prefetch for the same section
[routeResolver.js] [inheritConfigurationFromParentRoute] [start] Inheriting configuration from parent { childSlug: '/shop' }
[routeResolver.js] [inheritConfigurationFromParentRoute] [skip] Route does not inherit from parent, returning as-is {}
[routeResolver.js] [inheritConfigurationFromParentRoute] [return] Returning original route - no inheritance { slug: '/shop' }
[sectionResolver.js] [resolveRoleSectionVariant] [start] Resolving role-specific section variant { userRole: 'guest', configType: 'string' }
[sectionResolver.js] [resolveRoleSectionVariant] [info] Simple section resolved { section: 'shop' }
[sectionResolver.js] [resolveRoleSectionVariant] [return] Returning simple section { section: 'shop' }

 ✓ tests/unit/routeAssetPrefetch.test.js (2 tests) 1062ms
   ✓ routeAssetPrefetch (M-08) > prefetches section assets for a hover target path  958ms
stdout | tests/unit/translationLoader.test.js > translationLoader section name validation (S-04 / S-05) > loads translations for allowlisted section names
[translationLoader.js] [loadTranslationsForSection] [start] Loading translations for section { sectionName: 'dashboard-global', localeCode: 'en' }
[routeConfigLoader.js] [getRouteConfiguration] [call] Getting route configuration {}
[routeConfigLoader.js] [getCachedRouteConfiguration] [start] Getting cached route configuration {}
[routeConfigLoader.js] [loadRouteConfigurationFromFile] [start] Loading route configuration {}
[jsonConfigLoader.js] [loadJsonConfigFromImport] [start] Loading JSON config from import: route_config { configName: 'route_config', dataType: 'array' }
[jsonConfigLoader.js] [validateJsonData] [start] Validating JSON data for route_config {}
[jsonConfigLoader.js] [validateJsonData] [success] JSON data is valid { configName: 'route_config' }
[jsonConfigLoader.js] [validateJsonData] [return] Returning validation success { valid: true }
[jsonConfigLoader.js] [loadJsonConfigFromImport] [info] Running custom validator { configName: 'route_config' }
[jsonConfigValidator.js] [validateRouteConfig] [start] Validating route configuration { routeCount: 71 }
[jsonConfigValidator.js] [validateRouteConfig] [info] Route config validation complete { valid: true, errorCount: 0, warningCount: 0 }
[jsonConfigValidator.js] [validateRouteConfig] [return] Returning validation result { valid: true, errorCount: 0, warningCount: 0 }
[jsonConfigLoader.js] [loadJsonConfigFromImport] [success] Config loaded and cached: route_config { configName: 'route_config', dataType: 'array' }
[jsonConfigLoader.js] [loadJsonConfigFromImport] [return] Returning imported data { success: true }
[routeConfigLoader.js] [loadRouteConfigurationFromFile] [success] Route configuration loaded { routeCount: 71 }
[routeConfigLoader.js] [loadRouteConfigurationFromFile] [return] Returning loaded route configuration { routeCount: 71 }
[routeConfigLoader.js] [getCachedRouteConfiguration] [success] Route configuration retrieved { routeCount: 71 }
[routeConfigLoader.js] [getCachedRouteConfiguration] [return] Returning route configuration { routeCount: 71 }
[routeConfigLoader.js] [getRouteConfiguration] [return] Returning route configuration via cache { routeCount: 71 }
[translationLoader.js] [loadTranslationFile] [start] Loading translation file { sectionName: 'dashboard-global', localeCode: 'en' }

stdout | tests/unit/translationLoader.test.js > translationLoader section name validation (S-04 / S-05) > loads translations for allowlisted section names
[translationLoader.js] [fetchTranslationJson] [success] Translation file loaded successfully {
  sectionName: 'dashboard-global',
  localeCode: 'en',
  jsonUrl: '/i18n/section-dashboard-global/en.json',
  keyCount: 1
}

stdout | tests/unit/translationLoader.test.js > translationLoader section name validation (S-04 / S-05) > loads translations for allowlisted section names
[translationLoader.js] [loadTranslationFile] [return] Returning loaded translations { keyCount: 1 }

stdout | tests/unit/translationLoader.test.js > translationLoader section name validation (S-04 / S-05) > loads translations for allowlisted section names
[translationLoader.js] [loadTranslationsForSection] [english-only] Loaded English translations { sectionName: 'dashboard-global', keyCount: 1 }
[translationLoader.js] [loadTranslationsForSection] [return] Returning loaded translations { sectionName: 'dashboard-global', localeCode: 'en', keyCount: 1 }

stdout | tests/unit/translationLoader.test.js > translationLoader section name validation (S-04 / S-05) > rejects traversal-like section names without fetching
[translationLoader.js] [loadTranslationsForSection] [start] Loading translations for section { sectionName: '../../api/admin', localeCode: 'en' }

stderr | tests/unit/translationLoader.test.js > translationLoader section name validation (S-04 / S-05) > rejects 
traversal-like section names without fetching
[translationLoader.js] [loadTranslationsForSection] [warn] Rejected translation load — invalid section or locale { 
sectionName: '../../api/admin', localeCode: 'en' }

stdout | tests/unit/translationLoader.test.js > translationLoader section name validation (S-04 / S-05) > rejects section names with path separators or spaces
[translationLoader.js] [loadTranslationsForSection] [start] Loading translations for section { sectionName: 'auth/extra', localeCode: 'en' }

stderr | tests/unit/translationLoader.test.js > translationLoader section name validation (S-04 / S-05) > rejects 
section names with path separators or spaces
[translationLoader.js] [loadTranslationsForSection] [warn] Rejected translation load — invalid section or locale { 
sectionName: 'auth/extra', localeCode: 'en' }

stdout | tests/unit/translationLoader.test.js > translationLoader section name validation (S-04 / S-05) > rejects section names with path separators or spaces
[translationLoader.js] [loadTranslationsForSection] [start] Loading translations for section { sectionName: 'auth extra', localeCode: 'en' }

stderr | tests/unit/translationLoader.test.js > translationLoader section name validation (S-04 / S-05) > rejects 
section names with path separators or spaces
[translationLoader.js] [loadTranslationsForSection] [warn] Rejected translation load — invalid section or locale { 
sectionName: 'auth extra', localeCode: 'en' }

stdout | tests/unit/translationLoader.test.js > translationLoader section name validation (S-04 / S-05) > rejects unknown but syntactically valid section names (S-05 allowlist)
[translationLoader.js] [loadTranslationsForSection] [start] Loading translations for section { sectionName: 'not-a-real-section', localeCode: 'en' }
[routeConfigLoader.js] [getRouteConfiguration] [call] Getting route configuration {}
[routeConfigLoader.js] [getCachedRouteConfiguration] [start] Getting cached route configuration {}
[routeConfigLoader.js] [loadRouteConfigurationFromFile] [start] Loading route configuration {}
[jsonConfigLoader.js] [loadJsonConfigFromImport] [start] Loading JSON config from import: route_config { configName: 'route_config', dataType: 'array' }
[jsonConfigLoader.js] [validateJsonData] [start] Validating JSON data for route_config {}
[jsonConfigLoader.js] [validateJsonData] [success] JSON data is valid { configName: 'route_config' }
[jsonConfigLoader.js] [validateJsonData] [return] Returning validation success { valid: true }
[jsonConfigLoader.js] [loadJsonConfigFromImport] [info] Running custom validator { configName: 'route_config' }
[jsonConfigValidator.js] [validateRouteConfig] [start] Validating route configuration { routeCount: 71 }
[jsonConfigValidator.js] [validateRouteConfig] [info] Route config validation complete { valid: true, errorCount: 0, warningCount: 0 }
[jsonConfigValidator.js] [validateRouteConfig] [return] Returning validation result { valid: true, errorCount: 0, warningCount: 0 }
[jsonConfigLoader.js] [loadJsonConfigFromImport] [success] Config loaded and cached: route_config { configName: 'route_config', dataType: 'array' }
[jsonConfigLoader.js] [loadJsonConfigFromImport] [return] Returning imported data { success: true }
[routeConfigLoader.js] [loadRouteConfigurationFromFile] [success] Route configuration loaded { routeCount: 71 }
[routeConfigLoader.js] [loadRouteConfigurationFromFile] [return] Returning loaded route configuration { routeCount: 71 }
[routeConfigLoader.js] [getCachedRouteConfiguration] [success] Route configuration retrieved { routeCount: 71 }
[routeConfigLoader.js] [getCachedRouteConfiguration] [return] Returning route configuration { routeCount: 71 }
[routeConfigLoader.js] [getRouteConfiguration] [return] Returning route configuration via cache { routeCount: 71 }

stderr | tests/unit/translationLoader.test.js > translationLoader section name validation (S-04 / S-05) > rejects 
unknown but syntactically valid section names (S-05 allowlist)
[translationLoader.js] [loadTranslationsForSection] [warn] Rejected translation load — invalid section or locale { 
sectionName: 'not-a-real-section', localeCode: 'en' }

stdout | tests/unit/translationLoader.test.js > translationLoader section name validation (S-04 / S-05) > rejects unsupported locale codes without fetching (S-05)
[translationLoader.js] [loadTranslationsForSection] [start] Loading translations for section { sectionName: 'auth', localeCode: 'vif' }
[routeConfigLoader.js] [getRouteConfiguration] [call] Getting route configuration {}
[routeConfigLoader.js] [getCachedRouteConfiguration] [start] Getting cached route configuration {}
[routeConfigLoader.js] [loadRouteConfigurationFromFile] [start] Loading route configuration {}
[jsonConfigLoader.js] [loadJsonConfigFromImport] [start] Loading JSON config from import: route_config { configName: 'route_config', dataType: 'array' }
[jsonConfigLoader.js] [validateJsonData] [start] Validating JSON data for route_config {}
[jsonConfigLoader.js] [validateJsonData] [success] JSON data is valid { configName: 'route_config' }
[jsonConfigLoader.js] [validateJsonData] [return] Returning validation success { valid: true }
[jsonConfigLoader.js] [loadJsonConfigFromImport] [info] Running custom validator { configName: 'route_config' }
[jsonConfigValidator.js] [validateRouteConfig] [start] Validating route configuration { routeCount: 71 }
[jsonConfigValidator.js] [validateRouteConfig] [info] Route config validation complete { valid: true, errorCount: 0, warningCount: 0 }
[jsonConfigValidator.js] [validateRouteConfig] [return] Returning validation result { valid: true, errorCount: 0, warningCount: 0 }
[jsonConfigLoader.js] [loadJsonConfigFromImport] [success] Config loaded and cached: route_config { configName: 'route_config', dataType: 'array' }
[jsonConfigLoader.js] [loadJsonConfigFromImport] [return] Returning imported data { success: true }
[routeConfigLoader.js] [loadRouteConfigurationFromFile] [success] Route configuration loaded { routeCount: 71 }
[routeConfigLoader.js] [loadRouteConfigurationFromFile] [return] Returning loaded route configuration { routeCount: 71 }
[routeConfigLoader.js] [getCachedRouteConfiguration] [success] Route configuration retrieved { routeCount: 71 }
[routeConfigLoader.js] [getCachedRouteConfiguration] [return] Returning route configuration { routeCount: 71 }
[routeConfigLoader.js] [getRouteConfiguration] [return] Returning route configuration via cache { routeCount: 71 }

stderr | tests/unit/translationLoader.test.js > translationLoader section name validation (S-04 / S-05) > rejects 
unsupported locale codes without fetching (S-05)
[translationLoader.js] [loadTranslationsForSection] [warn] Rejected translation load — invalid section or locale { 
sectionName: 'auth', localeCode: 'vif' }

stdout | tests/unit/translationLoader.test.js > translationLoader section name validation (S-04 / S-05) > encodes locale path segments in fetch URLs (S-05)
[translationLoader.js] [loadTranslationsForSection] [start] Loading translations for section { sectionName: 'auth', localeCode: 'zh-tw' }
[routeConfigLoader.js] [getRouteConfiguration] [call] Getting route configuration {}
[routeConfigLoader.js] [getCachedRouteConfiguration] [start] Getting cached route configuration {}
[routeConfigLoader.js] [loadRouteConfigurationFromFile] [start] Loading route configuration {}
[jsonConfigLoader.js] [loadJsonConfigFromImport] [start] Loading JSON config from import: route_config { configName: 'route_config', dataType: 'array' }
[jsonConfigLoader.js] [validateJsonData] [start] Validating JSON data for route_config {}
[jsonConfigLoader.js] [validateJsonData] [success] JSON data is valid { configName: 'route_config' }
[jsonConfigLoader.js] [validateJsonData] [return] Returning validation success { valid: true }
[jsonConfigLoader.js] [loadJsonConfigFromImport] [info] Running custom validator { configName: 'route_config' }
[jsonConfigValidator.js] [validateRouteConfig] [start] Validating route configuration { routeCount: 71 }
[jsonConfigValidator.js] [validateRouteConfig] [info] Route config validation complete { valid: true, errorCount: 0, warningCount: 0 }
[jsonConfigValidator.js] [validateRouteConfig] [return] Returning validation result { valid: true, errorCount: 0, warningCount: 0 }
[jsonConfigLoader.js] [loadJsonConfigFromImport] [success] Config loaded and cached: route_config { configName: 'route_config', dataType: 'array' }
[jsonConfigLoader.js] [loadJsonConfigFromImport] [return] Returning imported data { success: true }
[routeConfigLoader.js] [loadRouteConfigurationFromFile] [success] Route configuration loaded { routeCount: 71 }
[routeConfigLoader.js] [loadRouteConfigurationFromFile] [return] Returning loaded route configuration { routeCount: 71 }
[routeConfigLoader.js] [getCachedRouteConfiguration] [success] Route configuration retrieved { routeCount: 71 }
[routeConfigLoader.js] [getCachedRouteConfiguration] [return] Returning route configuration { routeCount: 71 }
[routeConfigLoader.js] [getRouteConfiguration] [return] Returning route configuration via cache { routeCount: 71 }
[translationLoader.js] [loadTranslationFile] [start] Loading translation file { sectionName: 'auth', localeCode: 'en' }

stdout | tests/unit/translationLoader.test.js > translationLoader section name validation (S-04 / S-05) > encodes locale path segments in fetch URLs (S-05)
[translationLoader.js] [fetchTranslationJson] [success] Translation file loaded successfully {
  sectionName: 'auth',
  localeCode: 'en',
  jsonUrl: '/i18n/section-auth/en.json',
  keyCount: 1
}

stdout | tests/unit/translationLoader.test.js > translationLoader section name validation (S-04 / S-05) > encodes locale path segments in fetch URLs (S-05)
[translationLoader.js] [loadTranslationFile] [return] Returning loaded translations { keyCount: 1 }

stdout | tests/unit/translationLoader.test.js > translationLoader section name validation (S-04 / S-05) > encodes locale path segments in fetch URLs (S-05)
[translationLoader.js] [loadTranslationFile] [start] Loading translation file { sectionName: 'auth', localeCode: 'zh-tw' }

stdout | tests/unit/translationLoader.test.js > translationLoader section name validation (S-04 / S-05) > encodes locale path segments in fetch URLs (S-05)
[translationLoader.js] [fetchTranslationJson] [success] Translation file loaded successfully {
  sectionName: 'auth',
  localeCode: 'zh-tw',
  jsonUrl: '/i18n/section-auth/zh-tw.json',
  keyCount: 1
}

stdout | tests/unit/translationLoader.test.js > translationLoader section name validation (S-04 / S-05) > encodes locale path segments in fetch URLs (S-05)
[translationLoader.js] [loadTranslationFile] [return] Returning loaded translations { keyCount: 1 }

stdout | tests/unit/translationLoader.test.js > translationLoader section name validation (S-04 / S-05) > encodes locale path segments in fetch URLs (S-05)
[objectSafety.js] [deepMergePreferChild] [start] Starting deep merge operation { hasParent: true, hasChild: true }
[objectSafety.js] [deepMergePreferChild] [success] Deep merge completed { mergedKeys: 1 }
[objectSafety.js] [deepMergePreferChild] [return] Returning merged object { mergedKeys: 1 }
[translationLoader.js] [loadTranslationsForSection] [merged] Translations loaded and merged {
  sectionName: 'auth',
  localeCode: 'zh-tw',
  englishKeys: 1,
  localeKeys: 1
}
[translationLoader.js] [loadTranslationsForSection] [return] Returning loaded translations { sectionName: 'auth', localeCode: 'zh-tw', keyCount: 1 }

stdout | tests/unit/translationLoader.test.js > translationLoader locale merge (L-02) > deep-merges nested English keys into cached return value for non-English locales
[translationLoader.js] [loadTranslationsForSection] [start] Loading translations for section { sectionName: 'auth', localeCode: 'vi' }
[routeConfigLoader.js] [getRouteConfiguration] [call] Getting route configuration {}
[routeConfigLoader.js] [getCachedRouteConfiguration] [start] Getting cached route configuration {}
[routeConfigLoader.js] [loadRouteConfigurationFromFile] [start] Loading route configuration {}
[jsonConfigLoader.js] [loadJsonConfigFromImport] [start] Loading JSON config from import: route_config { configName: 'route_config', dataType: 'array' }
[jsonConfigLoader.js] [validateJsonData] [start] Validating JSON data for route_config {}
[jsonConfigLoader.js] [validateJsonData] [success] JSON data is valid { configName: 'route_config' }
[jsonConfigLoader.js] [validateJsonData] [return] Returning validation success { valid: true }
[jsonConfigLoader.js] [loadJsonConfigFromImport] [info] Running custom validator { configName: 'route_config' }
[jsonConfigValidator.js] [validateRouteConfig] [start] Validating route configuration { routeCount: 71 }
[jsonConfigValidator.js] [validateRouteConfig] [info] Route config validation complete { valid: true, errorCount: 0, warningCount: 0 }
[jsonConfigValidator.js] [validateRouteConfig] [return] Returning validation result { valid: true, errorCount: 0, warningCount: 0 }
[jsonConfigLoader.js] [loadJsonConfigFromImport] [success] Config loaded and cached: route_config { configName: 'route_config', dataType: 'array' }
[jsonConfigLoader.js] [loadJsonConfigFromImport] [return] Returning imported data { success: true }
[routeConfigLoader.js] [loadRouteConfigurationFromFile] [success] Route configuration loaded { routeCount: 71 }
[routeConfigLoader.js] [loadRouteConfigurationFromFile] [return] Returning loaded route configuration { routeCount: 71 }
[routeConfigLoader.js] [getCachedRouteConfiguration] [success] Route configuration retrieved { routeCount: 71 }
[routeConfigLoader.js] [getCachedRouteConfiguration] [return] Returning route configuration { routeCount: 71 }
[routeConfigLoader.js] [getRouteConfiguration] [return] Returning route configuration via cache { routeCount: 71 }
[translationLoader.js] [loadTranslationFile] [start] Loading translation file { sectionName: 'auth', localeCode: 'en' }

stdout | tests/unit/translationLoader.test.js > translationLoader locale merge (L-02) > deep-merges nested English keys into cached return value for non-English locales
[translationLoader.js] [fetchTranslationJson] [success] Translation file loaded successfully {
  sectionName: 'auth',
  localeCode: 'en',
  jsonUrl: '/i18n/section-auth/en.json',
  keyCount: 1
}

stdout | tests/unit/translationLoader.test.js > translationLoader locale merge (L-02) > deep-merges nested English keys into cached return value for non-English locales
[translationLoader.js] [loadTranslationFile] [return] Returning loaded translations { keyCount: 1 }

stdout | tests/unit/translationLoader.test.js > translationLoader locale merge (L-02) > deep-merges nested English keys into cached return value for non-English locales
[translationLoader.js] [loadTranslationFile] [start] Loading translation file { sectionName: 'auth', localeCode: 'vi' }

stdout | tests/unit/translationLoader.test.js > translationLoader locale merge (L-02) > deep-merges nested English keys into cached return value for non-English locales
[translationLoader.js] [fetchTranslationJson] [success] Translation file loaded successfully {
  sectionName: 'auth',
  localeCode: 'vi',
  jsonUrl: '/i18n/section-auth/vi.json',
  keyCount: 1
}

stdout | tests/unit/translationLoader.test.js > translationLoader locale merge (L-02) > deep-merges nested English keys into cached return value for non-English locales
[translationLoader.js] [loadTranslationFile] [return] Returning loaded translations { keyCount: 1 }

stdout | tests/unit/translationLoader.test.js > translationLoader locale merge (L-02) > deep-merges nested English keys into cached return value for non-English locales
[objectSafety.js] [deepMergePreferChild] [start] Starting deep merge operation { hasParent: true, hasChild: true }
[objectSafety.js] [deepMergePreferChild] [start] Starting deep merge operation { hasParent: true, hasChild: true }
[objectSafety.js] [deepMergePreferChild] [start] Starting deep merge operation { hasParent: true, hasChild: true }
[objectSafety.js] [deepMergePreferChild] [success] Deep merge completed { mergedKeys: 3 }
[objectSafety.js] [deepMergePreferChild] [return] Returning merged object { mergedKeys: 3 }
[objectSafety.js] [deepMergePreferChild] [success] Deep merge completed { mergedKeys: 1 }
[objectSafety.js] [deepMergePreferChild] [return] Returning merged object { mergedKeys: 1 }
[objectSafety.js] [deepMergePreferChild] [success] Deep merge completed { mergedKeys: 1 }
[objectSafety.js] [deepMergePreferChild] [return] Returning merged object { mergedKeys: 1 }
[translationLoader.js] [loadTranslationsForSection] [merged] Translations loaded and merged {
  sectionName: 'auth',
  localeCode: 'vi',
  englishKeys: 1,
  localeKeys: 1
}
[translationLoader.js] [loadTranslationsForSection] [return] Returning loaded translations { sectionName: 'auth', localeCode: 'vi', keyCount: 1 }

stdout | tests/unit/translationLoader.test.js > translationLoader loaded-state (L-03 browser test helper) > areTranslationsLoadedForSection is true after a successful load
[translationLoader.js] [loadTranslationsForSection] [start] Loading translations for section { sectionName: 'auth', localeCode: 'vi' }
[routeConfigLoader.js] [getRouteConfiguration] [call] Getting route configuration {}
[routeConfigLoader.js] [getCachedRouteConfiguration] [start] Getting cached route configuration {}
[routeConfigLoader.js] [loadRouteConfigurationFromFile] [start] Loading route configuration {}
[jsonConfigLoader.js] [loadJsonConfigFromImport] [start] Loading JSON config from import: route_config { configName: 'route_config', dataType: 'array' }
[jsonConfigLoader.js] [validateJsonData] [start] Validating JSON data for route_config {}
[jsonConfigLoader.js] [validateJsonData] [success] JSON data is valid { configName: 'route_config' }
[jsonConfigLoader.js] [validateJsonData] [return] Returning validation success { valid: true }
[jsonConfigLoader.js] [loadJsonConfigFromImport] [info] Running custom validator { configName: 'route_config' }
[jsonConfigValidator.js] [validateRouteConfig] [start] Validating route configuration { routeCount: 71 }
stderr | tests/unit/translationLoader.test.js > translationLoader concurrent wait (L-07) > waiter receives empty 
object when lead load fails (null sentinel)
[jsonConfigValidator.js] [validateRouteConfig] [info] Route config validation complete { valid: true, errorCount: 0, warningCount: 0 }
[jsonConfigValidator.js] [validateRouteConfig] [return] Returning validation result { valid: true, errorCount: 0, warningCount: 0 }
[translationLoader.js] [loadTranslationsForSection] [error] English translation file missing - cannot load 
translations { sectionName: 'auth', localeCode: 'vi' }

[jsonConfigLoader.js] [loadJsonConfigFromImport] [success] Config loaded and cached: route_config { configName: 'route_config', dataType: 'array' }
[jsonConfigLoader.js] [loadJsonConfigFromImport] [return] Returning imported data { success: true }
[routeConfigLoader.js] [loadRouteConfigurationFromFile] [success] Route configuration loaded { routeCount: 71 }
[routeConfigLoader.js] [loadRouteConfigurationFromFile] [return] Returning loaded route configuration { routeCount: 71 }
[routeConfigLoader.js] [getCachedRouteConfiguration] [success] Route configuration retrieved { routeCount: 71 }
[routeConfigLoader.js] [getCachedRouteConfiguration] [return] Returning route configuration { routeCount: 71 }
[routeConfigLoader.js] [getRouteConfiguration] [return] Returning route configuration via cache { routeCount: 71 }
[translationLoader.js] [loadTranslationFile] [start] Loading translation file { sectionName: 'auth', localeCode: 'en' }

stdout | tests/unit/translationLoader.test.js > translationLoader loaded-state (L-03 browser test helper) > areTranslationsLoadedForSection is true after a successful load
[translationLoader.js] [fetchTranslationJson] [success] Translation file loaded successfully {
  sectionName: 'auth',
  localeCode: 'en',
  jsonUrl: '/i18n/section-auth/en.json',
  keyCount: 1
}

stdout | tests/unit/translationLoader.test.js > translationLoader loaded-state (L-03 browser test helper) > areTranslationsLoadedForSection is true after a successful load
[translationLoader.js] [loadTranslationFile] [return] Returning loaded translations { keyCount: 1 }

stdout | tests/unit/translationLoader.test.js > translationLoader loaded-state (L-03 browser test helper) > areTranslationsLoadedForSection is true after a successful load
[translationLoader.js] [loadTranslationFile] [start] Loading translation file { sectionName: 'auth', localeCode: 'vi' }

stdout | tests/unit/translationLoader.test.js > translationLoader loaded-state (L-03 browser test helper) > areTranslationsLoadedForSection is true after a successful load
[translationLoader.js] [fetchTranslationJson] [success] Translation file loaded successfully {
  sectionName: 'auth',
  localeCode: 'vi',
  jsonUrl: '/i18n/section-auth/vi.json',
  keyCount: 1
}

stdout | tests/unit/translationLoader.test.js > translationLoader loaded-state (L-03 browser test helper) > areTranslationsLoadedForSection is true after a successful load
[translationLoader.js] [loadTranslationFile] [return] Returning loaded translations { keyCount: 1 }

stdout | tests/unit/translationLoader.test.js > translationLoader loaded-state (L-03 browser test helper) > areTranslationsLoadedForSection is true after a successful load
[objectSafety.js] [deepMergePreferChild] [start] Starting deep merge operation { hasParent: true, hasChild: true }
[objectSafety.js] [deepMergePreferChild] [success] Deep merge completed { mergedKeys: 1 }
[objectSafety.js] [deepMergePreferChild] [return] Returning merged object { mergedKeys: 1 }
[translationLoader.js] [loadTranslationsForSection] [merged] Translations loaded and merged {
  sectionName: 'auth',
  localeCode: 'vi',
  englishKeys: 1,
  localeKeys: 1
}
[translationLoader.js] [loadTranslationsForSection] [return] Returning loaded translations { sectionName: 'auth', localeCode: 'vi', keyCount: 1 }

stdout | tests/unit/translationLoader.test.js > translationLoader loaded-state (L-03 browser test helper) > areTranslationsLoadedForSection is true after a successful load
[translationLoader.js] [areTranslationsLoadedForSection] [return] Returning loaded status { sectionName: 'auth', localeCode: 'vi', loaded: true }

stdout | tests/unit/translationLoader.test.js > translationLoader concurrent wait (L-07) > waiter receives empty object when lead load fails (null sentinel)
[translationLoader.js] [loadTranslationsForSection] [start] Loading translations for section { sectionName: 'auth', localeCode: 'vi' }
[routeConfigLoader.js] [getRouteConfiguration] [call] Getting route configuration {}
[routeConfigLoader.js] [getCachedRouteConfiguration] [start] Getting cached route configuration {}
[routeConfigLoader.js] [loadRouteConfigurationFromFile] [start] Loading route configuration {}
[jsonConfigLoader.js] [loadJsonConfigFromImport] [start] Loading JSON config from import: route_config { configName: 'route_config', dataType: 'array' }
[jsonConfigLoader.js] [validateJsonData] [start] Validating JSON data for route_config {}
[jsonConfigLoader.js] [validateJsonData] [success] JSON data is valid { configName: 'route_config' }
[jsonConfigLoader.js] [validateJsonData] [return] Returning validation success { valid: true }
[jsonConfigLoader.js] [loadJsonConfigFromImport] [info] Running custom validator { configName: 'route_config' }
[jsonConfigValidator.js] [validateRouteConfig] [start] Validating route configuration { routeCount: 71 }
[jsonConfigValidator.js] [validateRouteConfig] [info] Route config validation complete { valid: true, errorCount: 0, warningCount: 0 }
[jsonConfigValidator.js] [validateRouteConfig] [return] Returning validation result { valid: true, errorCount: 0, warningCount: 0 }
[jsonConfigLoader.js] [loadJsonConfigFromImport] [success] Config loaded and cached: route_config { configName: 'route_config', dataType: 'array' }
[jsonConfigLoader.js] [loadJsonConfigFromImport] [return] Returning imported data { success: true }
[routeConfigLoader.js] [loadRouteConfigurationFromFile] [success] Route configuration loaded { routeCount: 71 }
[routeConfigLoader.js] [loadRouteConfigurationFromFile] [return] Returning loaded route configuration { routeCount: 71 }
[routeConfigLoader.js] [getCachedRouteConfiguration] [success] Route configuration retrieved { routeCount: 71 }
[routeConfigLoader.js] [getCachedRouteConfiguration] [return] Returning route configuration { routeCount: 71 }
[routeConfigLoader.js] [getRouteConfiguration] [return] Returning route configuration via cache { routeCount: 71 }
[translationLoader.js] [loadTranslationFile] [start] Loading translation file { sectionName: 'auth', localeCode: 'en' }
[translationLoader.js] [loadTranslationsForSection] [start] Loading translations for section { sectionName: 'auth', localeCode: 'vi' }
[translationLoader.js] [loadTranslationsForSection] [in-progress] Translation load already in progress, awaiting shared promise { sectionName: 'auth', localeCode: 'vi' }
[translationLoader.js] [fetchTranslationJson] [file-missing] Translation file not found {
  sectionName: 'auth',
  localeCode: 'en',
  status: undefined,
  jsonUrl: '/i18n/section-auth/en.json'
}

stdout | tests/unit/translationLoader.test.js > translationLoader concurrent wait (L-07) > waiter receives empty object when lead load fails (null sentinel)
[translationLoader.js] [loadTranslationFile] [return] Returning empty object due to missing file {}

stdout | tests/unit/translationLoader.test.js > translationLoader concurrent wait (L-07) > waiter receives empty object when lead load fails (null sentinel)
[translationLoader.js] [loadTranslationsForSection] [return] Returning empty object due to missing English file {}

stdout | tests/unit/translationLoader.test.js > translationLoader concurrent wait (L-07) > waiter receives empty object when lead load fails (null sentinel)
[translationLoader.js] [loadTranslationsForSection] [return] Returning translations from concurrent load { keyCount: 0 }

stdout | tests/unit/translationLoader.test.js > translationLoader single GET per file (P-01) > issues one GET per locale file on cold load (no HEAD)
[translationLoader.js] [loadTranslationsForSection] [start] Loading translations for section { sectionName: 'auth', localeCode: 'vi' }
[routeConfigLoader.js] [getRouteConfiguration] [call] Getting route configuration {}
[routeConfigLoader.js] [getCachedRouteConfiguration] [start] Getting cached route configuration {}
[routeConfigLoader.js] [loadRouteConfigurationFromFile] [start] Loading route configuration {}
[jsonConfigLoader.js] [loadJsonConfigFromImport] [start] Loading JSON config from import: route_config { configName: 'route_config', dataType: 'array' }
[jsonConfigLoader.js] [validateJsonData] [start] Validating JSON data for route_config {}
[jsonConfigLoader.js] [validateJsonData] [success] JSON data is valid { configName: 'route_config' }
[jsonConfigLoader.js] [validateJsonData] [return] Returning validation success { valid: true }
[jsonConfigLoader.js] [loadJsonConfigFromImport] [info] Running custom validator { configName: 'route_config' }
[jsonConfigValidator.js] [validateRouteConfig] [start] Validating route configuration { routeCount: 71 }
[jsonConfigValidator.js] [validateRouteConfig] [info] Route config validation complete { valid: true, errorCount: 0, warningCount: 0 }
[jsonConfigValidator.js] [validateRouteConfig] [return] Returning validation result { valid: true, errorCount: 0, warningCount: 0 }
[jsonConfigLoader.js] [loadJsonConfigFromImport] [success] Config loaded and cached: route_config { configName: 'route_config', dataType: 'array' }
[jsonConfigLoader.js] [loadJsonConfigFromImport] [return] Returning imported data { success: true }
[routeConfigLoader.js] [loadRouteConfigurationFromFile] [success] Route configuration loaded { routeCount: 71 }
[routeConfigLoader.js] [loadRouteConfigurationFromFile] [return] Returning loaded route configuration { routeCount: 71 }
[routeConfigLoader.js] [getCachedRouteConfiguration] [success] Route configuration retrieved { routeCount: 71 }
[routeConfigLoader.js] [getCachedRouteConfiguration] [return] Returning route configuration { routeCount: 71 }
[routeConfigLoader.js] [getRouteConfiguration] [return] Returning route configuration via cache { routeCount: 71 }
[translationLoader.js] [loadTranslationFile] [start] Loading translation file { sectionName: 'auth', localeCode: 'en' }

stdout | tests/unit/translationLoader.test.js > translationLoader single GET per file (P-01) > issues one GET per locale file on cold load (no HEAD)
[translationLoader.js] [fetchTranslationJson] [success] Translation file loaded successfully {
stderr | tests/unit/translationLoader.test.js > translationLoader single GET per file (P-01) > returns empty object 
when GET response is not JSON (SPA fallback)
[translationLoader.js] [loadTranslationsForSection] [error] English translation file missing - cannot load 
translations { sectionName: 'auth', localeCode: 'en' }

  sectionName: 'auth',
  localeCode: 'en',
  jsonUrl: '/i18n/section-auth/en.json',
  keyCount: 1
}

stdout | tests/unit/translationLoader.test.js > translationLoader single GET per file (P-01) > issues one GET per locale file on cold load (no HEAD)
[translationLoader.js] [loadTranslationFile] [return] Returning loaded translations { keyCount: 1 }

stdout | tests/unit/translationLoader.test.js > translationLoader single GET per file (P-01) > issues one GET per locale file on cold load (no HEAD)
[translationLoader.js] [loadTranslationFile] [start] Loading translation file { sectionName: 'auth', localeCode: 'vi' }

stdout | tests/unit/translationLoader.test.js > translationLoader single GET per file (P-01) > issues one GET per locale file on cold load (no HEAD)
[translationLoader.js] [fetchTranslationJson] [success] Translation file loaded successfully {
  sectionName: 'auth',
  localeCode: 'vi',
  jsonUrl: '/i18n/section-auth/vi.json',
  keyCount: 1
}

stdout | tests/unit/translationLoader.test.js > translationLoader single GET per file (P-01) > issues one GET per locale file on cold load (no HEAD)
[translationLoader.js] [loadTranslationFile] [return] Returning loaded translations { keyCount: 1 }

stdout | tests/unit/translationLoader.test.js > translationLoader single GET per file (P-01) > issues one GET per locale file on cold load (no HEAD)
[objectSafety.js] [deepMergePreferChild] [start] Starting deep merge operation { hasParent: true, hasChild: true }
[objectSafety.js] [deepMergePreferChild] [success] Deep merge completed { mergedKeys: 1 }
[objectSafety.js] [deepMergePreferChild] [return] Returning merged object { mergedKeys: 1 }
[translationLoader.js] [loadTranslationsForSection] [merged] Translations loaded and merged {
  sectionName: 'auth',
  localeCode: 'vi',
  englishKeys: 1,
  localeKeys: 1
}
[translationLoader.js] [loadTranslationsForSection] [return] Returning loaded translations { sectionName: 'auth', localeCode: 'vi', keyCount: 1 }

 ✓ tests/unit/translationSecurityAudit.test.js (3 tests) 528ms
stdout | tests/unit/localeManagerWindowApi.test.js > localeManager window.APP exposure (S-01) > exposes locale console helpers when import.meta.env.DEV is true
[localeManager.js] [window-api] [expose] Locale console commands exposed {
  commands: [
    'window.APP.setLocale("vi")',
    'window.APP.setLocale("en")',
    'window.APP.getLocale()',
    'window.APP.getSupportedLocales()',
    'window.APP.getLocalePreferenceOrder()',
    'window.APP.getTranslationStatistics()',
    'window.APP.testLocalePersistence()'
  ]
}

stdout | tests/unit/translationLoader.test.js > translationLoader single GET per file (P-01) > returns empty object when GET response is not JSON (SPA fallback)
[translationLoader.js] [loadTranslationsForSection] [start] Loading translations for section { sectionName: 'auth', localeCode: 'en' }
[routeConfigLoader.js] [getRouteConfiguration] [call] Getting route configuration {}
[routeConfigLoader.js] [getCachedRouteConfiguration] [start] Getting cached route configuration {}
[routeConfigLoader.js] [loadRouteConfigurationFromFile] [start] Loading route configuration {}
[jsonConfigLoader.js] [loadJsonConfigFromImport] [start] Loading JSON config from import: route_config { configName: 'route_config', dataType: 'array' }
[jsonConfigLoader.js] [validateJsonData] [start] Validating JSON data for route_config {}
[jsonConfigLoader.js] [validateJsonData] [success] JSON data is valid { configName: 'route_config' }
[jsonConfigLoader.js] [validateJsonData] [return] Returning validation success { valid: true }
[jsonConfigLoader.js] [loadJsonConfigFromImport] [info] Running custom validator { configName: 'route_config' }
[jsonConfigValidator.js] [validateRouteConfig] [start] Validating route configuration { routeCount: 71 }
[jsonConfigValidator.js] [validateRouteConfig] [info] Route config validation complete { valid: true, errorCount: 0, warningCount: 0 }
[jsonConfigValidator.js] [validateRouteConfig] [return] Returning validation result { valid: true, errorCount: 0, warningCount: 0 }
[jsonConfigLoader.js] [loadJsonConfigFromImport] [success] Config loaded and cached: route_config { configName: 'route_config', dataType: 'array' }
[jsonConfigLoader.js] [loadJsonConfigFromImport] [return] Returning imported data { success: true }
[routeConfigLoader.js] [loadRouteConfigurationFromFile] [success] Route configuration loaded { routeCount: 71 }
[routeConfigLoader.js] [loadRouteConfigurationFromFile] [return] Returning loaded route configuration { routeCount: 71 }
[routeConfigLoader.js] [getCachedRouteConfiguration] [success] Route configuration retrieved { routeCount: 71 }
[routeConfigLoader.js] [getCachedRouteConfiguration] [return] Returning route configuration { routeCount: 71 }
[routeConfigLoader.js] [getRouteConfiguration] [return] Returning route configuration via cache { routeCount: 71 }
[translationLoader.js] [loadTranslationFile] [start] Loading translation file { sectionName: 'auth', localeCode: 'en' }

stdout | tests/unit/translationLoader.test.js > translationLoader single GET per file (P-01) > returns empty object when GET response is not JSON (SPA fallback)
[translationLoader.js] [fetchTranslationJson] [file-missing] Translation response is not JSON (likely SPA fallback) {
  sectionName: 'auth',
  localeCode: 'en',
  contentType: 'text/html',
  jsonUrl: '/i18n/section-auth/en.json'
}

stdout | tests/unit/translationLoader.test.js > translationLoader single GET per file (P-01) > returns empty object when GET response is not JSON (SPA fallback)
[translationLoader.js] [loadTranslationFile] [return] Returning empty object due to missing file {}

stdout | tests/unit/translationLoader.test.js > translationLoader single GET per file (P-01) > returns empty object when GET response is not JSON (SPA fallback)
[translationLoader.js] [loadTranslationsForSection] [return] Returning empty object due to missing English file {}

stdout | tests/unit/translationLoader.test.js > translationLoader in-flight promise (P-04) > concurrent waiters share one in-flight promise without polling
[translationLoader.js] [loadTranslationsForSection] [start] Loading translations for section { sectionName: 'auth', localeCode: 'en' }
[routeConfigLoader.js] [getRouteConfiguration] [call] Getting route configuration {}
[routeConfigLoader.js] [getCachedRouteConfiguration] [start] Getting cached route configuration {}
[routeConfigLoader.js] [loadRouteConfigurationFromFile] [start] Loading route configuration {}
[jsonConfigLoader.js] [loadJsonConfigFromImport] [start] Loading JSON config from import: route_config { configName: 'route_config', dataType: 'array' }
[jsonConfigLoader.js] [validateJsonData] [start] Validating JSON data for route_config {}
[jsonConfigLoader.js] [validateJsonData] [success] JSON data is valid { configName: 'route_config' }
[jsonConfigLoader.js] [validateJsonData] [return] Returning validation success { valid: true }
[jsonConfigLoader.js] [loadJsonConfigFromImport] [info] Running custom validator { configName: 'route_config' }
[jsonConfigValidator.js] [validateRouteConfig] [start] Validating route configuration { routeCount: 71 }
[jsonConfigValidator.js] [validateRouteConfig] [info] Route config validation complete { valid: true, errorCount: 0, warningCount: 0 }
[jsonConfigValidator.js] [validateRouteConfig] [return] Returning validation result { valid: true, errorCount: 0, warningCount: 0 }
[jsonConfigLoader.js] [loadJsonConfigFromImport] [success] Config loaded and cached: route_config { configName: 'route_config', dataType: 'array' }
[jsonConfigLoader.js] [loadJsonConfigFromImport] [return] Returning imported data { success: true }
[routeConfigLoader.js] [loadRouteConfigurationFromFile] [success] Route configuration loaded { routeCount: 71 }
[routeConfigLoader.js] [loadRouteConfigurationFromFile] [return] Returning loaded route configuration { routeCount: 71 }
[routeConfigLoader.js] [getCachedRouteConfiguration] [success] Route configuration retrieved { routeCount: 71 }
[routeConfigLoader.js] [getCachedRouteConfiguration] [return] Returning route configuration { routeCount: 71 }
[routeConfigLoader.js] [getRouteConfiguration] [return] Returning route configuration via cache { routeCount: 71 }
[translationLoader.js] [loadTranslationFile] [start] Loading translation file { sectionName: 'auth', localeCode: 'en' }
[translationLoader.js] [loadTranslationsForSection] [start] Loading translations for section { sectionName: 'auth', localeCode: 'en' }
[translationLoader.js] [loadTranslationsForSection] [in-progress] Translation load already in progress, awaiting shared promise { sectionName: 'auth', localeCode: 'en' }

stdout | tests/unit/translationLoader.test.js > translationLoader in-flight promise (P-04) > concurrent waiters share one in-flight promise without polling
[translationLoader.js] [fetchTranslationJson] [success] Translation file loaded successfully {
  sectionName: 'auth',
  localeCode: 'en',
  jsonUrl: '/i18n/section-auth/en.json',
  keyCount: 1
}

stdout | tests/unit/translationLoader.test.js > translationLoader in-flight promise (P-04) > concurrent waiters share one in-flight promise without polling
[translationLoader.js] [loadTranslationFile] [return] Returning loaded translations { keyCount: 1 }

stdout | tests/unit/translationLoader.test.js > translationLoader in-flight promise (P-04) > concurrent waiters share one in-flight promise without polling
[translationLoader.js] [loadTranslationsForSection] [english-only] Loaded English translations { sectionName: 'auth', keyCount: 1 }
[translationLoader.js] [loadTranslationsForSection] [return] Returning loaded translations { sectionName: 'auth', localeCode: 'en', keyCount: 1 }

stdout | tests/unit/translationLoader.test.js > translationLoader in-flight promise (P-04) > concurrent waiters share one in-flight promise without polling
[translationLoader.js] [loadTranslationsForSection] [return] Returning translations from concurrent load { keyCount: 1 }

 ✓ tests/unit/localeManagerWindowApi.test.js (2 tests) 535ms
   ✓ localeManager window.APP exposure (S-01) > exposes locale console helpers when import.meta.env.DEV is true  418ms
stdout | tests/unit/translationLoader.test.js > translationLoader cache clear (P-03) > clearTranslationCaches removes only translation_ prefixed cache keys
[translationLoader.js] [clearTranslationCaches] [start] Clearing all translation caches {}
[translationLoader.js] [clearTranslationCaches] [success] Translation caches cleared {
  mapCount: 0,
  removedCacheCount: 0,
  note: 'loadedTranslations Map cleared; cacheHandler translation_* keys removed only'
}
[translationLoader.js] [clearTranslationCaches] [return] Cache clear complete {}

stdout | tests/unit/translationLoader.test.js > translationLoader in-memory scope (P-06) > evicts other locales from loadedTranslations when a new locale is stored
[translationLoader.js] [loadTranslationsForSection] [start] Loading translations for section { sectionName: 'auth', localeCode: 'vi' }
[routeConfigLoader.js] [getRouteConfiguration] [call] Getting route configuration {}
[routeConfigLoader.js] [getCachedRouteConfiguration] [start] Getting cached route configuration {}
[routeConfigLoader.js] [loadRouteConfigurationFromFile] [start] Loading route configuration {}
[jsonConfigLoader.js] [loadJsonConfigFromImport] [start] Loading JSON config from import: route_config { configName: 'route_config', dataType: 'array' }
[jsonConfigLoader.js] [validateJsonData] [start] Validating JSON data for route_config {}
[jsonConfigLoader.js] [validateJsonData] [success] JSON data is valid { configName: 'route_config' }
[jsonConfigLoader.js] [validateJsonData] [return] Returning validation success { valid: true }
[jsonConfigLoader.js] [loadJsonConfigFromImport] [info] Running custom validator { configName: 'route_config' }
[jsonConfigValidator.js] [validateRouteConfig] [start] Validating route configuration { routeCount: 71 }
[jsonConfigValidator.js] [validateRouteConfig] [info] Route config validation complete { valid: true, errorCount: 0, warningCount: 0 }
[jsonConfigValidator.js] [validateRouteConfig] [return] Returning validation result { valid: true, errorCount: 0, warningCount: 0 }
[jsonConfigLoader.js] [loadJsonConfigFromImport] [success] Config loaded and cached: route_config { configName: 'route_config', dataType: 'array' }
[jsonConfigLoader.js] [loadJsonConfigFromImport] [return] Returning imported data { success: true }
[routeConfigLoader.js] [loadRouteConfigurationFromFile] [success] Route configuration loaded { routeCount: 71 }
[routeConfigLoader.js] [loadRouteConfigurationFromFile] [return] Returning loaded route configuration { routeCount: 71 }
[routeConfigLoader.js] [getCachedRouteConfiguration] [success] Route configuration retrieved { routeCount: 71 }
[routeConfigLoader.js] [getCachedRouteConfiguration] [return] Returning route configuration { routeCount: 71 }
[routeConfigLoader.js] [getRouteConfiguration] [return] Returning route configuration via cache { routeCount: 71 }
[translationLoader.js] [loadTranslationFile] [start] Loading translation file { sectionName: 'auth', localeCode: 'en' }

stdout | tests/unit/translationLoader.test.js > translationLoader in-memory scope (P-06) > evicts other locales from loadedTranslations when a new locale is stored
[translationLoader.js] [fetchTranslationJson] [success] Translation file loaded successfully {
  sectionName: 'auth',
  localeCode: 'en',
  jsonUrl: '/i18n/section-auth/en.json',
  keyCount: 1
}

stdout | tests/unit/translationLoader.test.js > translationLoader in-memory scope (P-06) > evicts other locales from loadedTranslations when a new locale is stored
[translationLoader.js] [loadTranslationFile] [return] Returning loaded translations { keyCount: 1 }

stdout | tests/unit/translationLoader.test.js > translationLoader in-memory scope (P-06) > evicts other locales from loadedTranslations when a new locale is stored
[translationLoader.js] [loadTranslationFile] [start] Loading translation file { sectionName: 'auth', localeCode: 'vi' }

stdout | tests/unit/translationLoader.test.js > translationLoader in-memory scope (P-06) > evicts other locales from loadedTranslations when a new locale is stored
[translationLoader.js] [fetchTranslationJson] [success] Translation file loaded successfully {
  sectionName: 'auth',
  localeCode: 'vi',
  jsonUrl: '/i18n/section-auth/vi.json',
  keyCount: 1
}

stdout | tests/unit/translationLoader.test.js > translationLoader in-memory scope (P-06) > evicts other locales from loadedTranslations when a new locale is stored
[translationLoader.js] [loadTranslationFile] [return] Returning loaded translations { keyCount: 1 }

stdout | tests/unit/translationLoader.test.js > translationLoader in-memory scope (P-06) > evicts other locales from loadedTranslations when a new locale is stored
[objectSafety.js] [deepMergePreferChild] [start] Starting deep merge operation { hasParent: true, hasChild: true }
[objectSafety.js] [deepMergePreferChild] [success] Deep merge completed { mergedKeys: 1 }
[objectSafety.js] [deepMergePreferChild] [return] Returning merged object { mergedKeys: 1 }
[translationLoader.js] [loadTranslationsForSection] [merged] Translations loaded and merged {
  sectionName: 'auth',
  localeCode: 'vi',
  englishKeys: 1,
  localeKeys: 1
}
[translationLoader.js] [loadTranslationsForSection] [return] Returning loaded translations { sectionName: 'auth', localeCode: 'vi', keyCount: 1 }

stdout | tests/unit/translationLoader.test.js > translationLoader in-memory scope (P-06) > evicts other locales from loadedTranslations when a new locale is stored
[translationLoader.js] [getTranslationStatistics] [return] Returning translation statistics {
  loadedCount: 1,
  loadedSections: [ 'auth_vi' ],
  loadingInProgress: []
}
[translationLoader.js] [loadTranslationsForSection] [start] Loading translations for section { sectionName: 'auth', localeCode: 'fr' }
[translationLoader.js] [loadTranslationFile] [start] Loading translation file { sectionName: 'auth', localeCode: 'en' }

stdout | tests/unit/translationLoader.test.js > translationLoader in-memory scope (P-06) > evicts other locales from loadedTranslations when a new locale is stored
[translationLoader.js] [fetchTranslationJson] [success] Translation file loaded successfully {
  sectionName: 'auth',
  localeCode: 'en',
  jsonUrl: '/i18n/section-auth/en.json',
  keyCount: 1
}

stdout | tests/unit/translationLoader.test.js > translationLoader in-memory scope (P-06) > evicts other locales from loadedTranslations when a new locale is stored
[translationLoader.js] [loadTranslationFile] [return] Returning loaded translations { keyCount: 1 }

stdout | tests/unit/translationLoader.test.js > translationLoader in-memory scope (P-06) > evicts other locales from loadedTranslations when a new locale is stored
[translationLoader.js] [loadTranslationFile] [start] Loading translation file { sectionName: 'auth', localeCode: 'fr' }

stdout | tests/unit/translationLoader.test.js > translationLoader in-memory scope (P-06) > evicts other locales from loadedTranslations when a new locale is stored
[translationLoader.js] [fetchTranslationJson] [success] Translation file loaded successfully {
  sectionName: 'auth',
  localeCode: 'fr',
  jsonUrl: '/i18n/section-auth/fr.json',
  keyCount: 1
}

stdout | tests/unit/translationLoader.test.js > translationLoader in-memory scope (P-06) > evicts other locales from loadedTranslations when a new locale is stored
[translationLoader.js] [loadTranslationFile] [return] Returning loaded translations { keyCount: 1 }

stdout | tests/unit/translationLoader.test.js > translationLoader in-memory scope (P-06) > evicts other locales from loadedTranslations when a new locale is stored
[objectSafety.js] [deepMergePreferChild] [start] Starting deep merge operation { hasParent: true, hasChild: true }
[objectSafety.js] [deepMergePreferChild] [success] Deep merge completed { mergedKeys: 1 }
[objectSafety.js] [deepMergePreferChild] [return] Returning merged object { mergedKeys: 1 }
[translationLoader.js] [loadTranslationsForSection] [merged] Translations loaded and merged {
  sectionName: 'auth',
  localeCode: 'fr',
  englishKeys: 1,
  localeKeys: 1
}
[translationLoader.js] [loadTranslationsForSection] [return] Returning loaded translations { sectionName: 'auth', localeCode: 'fr', keyCount: 1 }

stdout | tests/unit/translationLoader.test.js > translationLoader in-memory scope (P-06) > evicts other locales from loadedTranslations when a new locale is stored
[translationLoader.js] [getTranslationStatistics] [return] Returning translation statistics {
  loadedCount: 1,
  loadedSections: [ 'auth_fr' ],
  loadingInProgress: []
}

stdout | tests/unit/translationLoader.test.js > translationLoader in-memory scope (P-06) > keeps multiple sections for the same active locale
[translationLoader.js] [loadTranslationsForSection] [start] Loading translations for section { sectionName: 'auth', localeCode: 'vi' }
[routeConfigLoader.js] [getRouteConfiguration] [call] Getting route configuration {}
[routeConfigLoader.js] [getCachedRouteConfiguration] [start] Getting cached route configuration {}
[routeConfigLoader.js] [loadRouteConfigurationFromFile] [start] Loading route configuration {}
[jsonConfigLoader.js] [loadJsonConfigFromImport] [start] Loading JSON config from import: route_config { configName: 'route_config', dataType: 'array' }
[jsonConfigLoader.js] [validateJsonData] [start] Validating JSON data for route_config {}
[jsonConfigLoader.js] [validateJsonData] [success] JSON data is valid { configName: 'route_config' }
[jsonConfigLoader.js] [validateJsonData] [return] Returning validation success { valid: true }
[jsonConfigLoader.js] [loadJsonConfigFromImport] [info] Running custom validator { configName: 'route_config' }
[jsonConfigValidator.js] [validateRouteConfig] [start] Validating route configuration { routeCount: 71 }
[jsonConfigValidator.js] [validateRouteConfig] [info] Route config validation complete { valid: true, errorCount: 0, warningCount: 0 }
[jsonConfigValidator.js] [validateRouteConfig] [return] Returning validation result { valid: true, errorCount: 0, warningCount: 0 }
[jsonConfigLoader.js] [loadJsonConfigFromImport] [success] Config loaded and cached: route_config { configName: 'route_config', dataType: 'array' }
[jsonConfigLoader.js] [loadJsonConfigFromImport] [return] Returning imported data { success: true }
[routeConfigLoader.js] [loadRouteConfigurationFromFile] [success] Route configuration loaded { routeCount: 71 }
[routeConfigLoader.js] [loadRouteConfigurationFromFile] [return] Returning loaded route configuration { routeCount: 71 }
[routeConfigLoader.js] [getCachedRouteConfiguration] [success] Route configuration retrieved { routeCount: 71 }
[routeConfigLoader.js] [getCachedRouteConfiguration] [return] Returning route configuration { routeCount: 71 }
[routeConfigLoader.js] [getRouteConfiguration] [return] Returning route configuration via cache { routeCount: 71 }
[translationLoader.js] [loadTranslationFile] [start] Loading translation file { sectionName: 'auth', localeCode: 'en' }

stdout | tests/unit/translationLoader.test.js > translationLoader in-memory scope (P-06) > keeps multiple sections for the same active locale
[translationLoader.js] [fetchTranslationJson] [success] Translation file loaded successfully {
  sectionName: 'auth',
  localeCode: 'en',
  jsonUrl: '/i18n/section-auth/en.json',
  keyCount: 1
}

stdout | tests/unit/translationLoader.test.js > translationLoader in-memory scope (P-06) > keeps multiple sections for the same active locale
[translationLoader.js] [loadTranslationFile] [return] Returning loaded translations { keyCount: 1 }

stdout | tests/unit/translationLoader.test.js > translationLoader in-memory scope (P-06) > keeps multiple sections for the same active locale
[translationLoader.js] [loadTranslationFile] [start] Loading translation file { sectionName: 'auth', localeCode: 'vi' }

stdout | tests/unit/translationLoader.test.js > translationLoader in-memory scope (P-06) > keeps multiple sections for the same active locale
[translationLoader.js] [fetchTranslationJson] [success] Translation file loaded successfully {
  sectionName: 'auth',
  localeCode: 'vi',
  jsonUrl: '/i18n/section-auth/vi.json',
  keyCount: 1
}

stdout | tests/unit/translationLoader.test.js > translationLoader in-memory scope (P-06) > keeps multiple sections for the same active locale
[translationLoader.js] [loadTranslationFile] [return] Returning loaded translations { keyCount: 1 }

stdout | tests/unit/translationLoader.test.js > translationLoader in-memory scope (P-06) > keeps multiple sections for the same active locale
[objectSafety.js] [deepMergePreferChild] [start] Starting deep merge operation { hasParent: true, hasChild: true }
[objectSafety.js] [deepMergePreferChild] [success] Deep merge completed { mergedKeys: 1 }
[objectSafety.js] [deepMergePreferChild] [return] Returning merged object { mergedKeys: 1 }
[translationLoader.js] [loadTranslationsForSection] [merged] Translations loaded and merged {
  sectionName: 'auth',
  localeCode: 'vi',
  englishKeys: 1,
  localeKeys: 1
}
[translationLoader.js] [loadTranslationsForSection] [return] Returning loaded translations { sectionName: 'auth', localeCode: 'vi', keyCount: 1 }

stdout | tests/unit/translationLoader.test.js > translationLoader in-memory scope (P-06) > keeps multiple sections for the same active locale
[translationLoader.js] [loadTranslationsForSection] [start] Loading translations for section { sectionName: 'shop', localeCode: 'vi' }
[translationLoader.js] [loadTranslationFile] [start] Loading translation file { sectionName: 'shop', localeCode: 'en' }

stdout | tests/unit/translationLoader.test.js > translationLoader in-memory scope (P-06) > keeps multiple sections for the same active locale
[translationLoader.js] [fetchTranslationJson] [success] Translation file loaded successfully {
  sectionName: 'shop',
  localeCode: 'en',
  jsonUrl: '/i18n/section-shop/en.json',
  keyCount: 1
}

stdout | tests/unit/translationLoader.test.js > translationLoader in-memory scope (P-06) > keeps multiple sections for the same active locale
[translationLoader.js] [loadTranslationFile] [return] Returning loaded translations { keyCount: 1 }

stdout | tests/unit/translationLoader.test.js > translationLoader in-memory scope (P-06) > keeps multiple sections for the same active locale
[translationLoader.js] [loadTranslationFile] [start] Loading translation file { sectionName: 'shop', localeCode: 'vi' }

stdout | tests/unit/translationLoader.test.js > translationLoader in-memory scope (P-06) > keeps multiple sections for the same active locale
[translationLoader.js] [fetchTranslationJson] [success] Translation file loaded successfully {
  sectionName: 'shop',
  localeCode: 'vi',
  jsonUrl: '/i18n/section-shop/vi.json',
  keyCount: 1
}

stdout | tests/unit/translationLoader.test.js > translationLoader in-memory scope (P-06) > keeps multiple sections for the same active locale
[translationLoader.js] [loadTranslationFile] [return] Returning loaded translations { keyCount: 1 }

stdout | tests/unit/translationLoader.test.js > translationLoader in-memory scope (P-06) > keeps multiple sections for the same active locale
[objectSafety.js] [deepMergePreferChild] [start] Starting deep merge operation { hasParent: true, hasChild: true }
[objectSafety.js] [deepMergePreferChild] [success] Deep merge completed { mergedKeys: 1 }
[objectSafety.js] [deepMergePreferChild] [return] Returning merged object { mergedKeys: 1 }
[translationLoader.js] [loadTranslationsForSection] [merged] Translations loaded and merged {
  sectionName: 'shop',
  localeCode: 'vi',
  englishKeys: 1,
  localeKeys: 1
}
[translationLoader.js] [loadTranslationsForSection] [return] Returning loaded translations { sectionName: 'shop', localeCode: 'vi', keyCount: 1 }

stdout | tests/unit/translationLoader.test.js > translationLoader in-memory scope (P-06) > keeps multiple sections for the same active locale
[translationLoader.js] [getTranslationStatistics] [return] Returning translation statistics {
  loadedCount: 2,
  loadedSections: [ 'auth_vi', 'shop_vi' ],
  loadingInProgress: []
}

stdout | tests/unit/translationLoader.test.js > translationLoader base bundle (B-05) > loads /i18n/base/en.json and merges locale override for non-English
[translationLoader.js] [loadBaseTranslations] [start] Loading base translations { localeCode: 'vi' }
[translationLoader.js] [loadBaseTranslationFile] [start] Loading base translation file { localeCode: 'en' }

stdout | tests/unit/translationLoader.test.js > translationLoader base bundle (B-05) > loads /i18n/base/en.json and merges locale override for non-English
[translationLoader.js] [fetchTranslationJson] [success] Translation file loaded successfully {
  bundle: 'base',
  localeCode: 'en',
  jsonUrl: '/i18n/base/en.json',
  keyCount: 1
}

stdout | tests/unit/translationLoader.test.js > translationLoader base bundle (B-05) > loads /i18n/base/en.json and merges locale override for non-English
[translationLoader.js] [loadBaseTranslationFile] [return] Returning base translations { localeCode: 'en', keyCount: 1 }

stdout | tests/unit/translationLoader.test.js > translationLoader base bundle (B-05) > loads /i18n/base/en.json and merges locale override for non-English
[translationLoader.js] [loadBaseTranslationFile] [start] Loading base translation file { localeCode: 'vi' }

stdout | tests/unit/translationLoader.test.js > translationLoader base bundle (B-05) > loads /i18n/base/en.json and merges locale override for non-English
[translationLoader.js] [fetchTranslationJson] [success] Translation file loaded successfully {
  bundle: 'base',
  localeCode: 'vi',
  jsonUrl: '/i18n/base/vi.json',
  keyCount: 1
}

stdout | tests/unit/translationLoader.test.js > translationLoader base bundle (B-05) > loads /i18n/base/en.json and merges locale override for non-English
[translationLoader.js] [loadBaseTranslationFile] [return] Returning base translations { localeCode: 'vi', keyCount: 1 }

stdout | tests/unit/translationLoader.test.js > translationLoader base bundle (B-05) > loads /i18n/base/en.json and merges locale override for non-English
[objectSafety.js] [deepMergePreferChild] [start] Starting deep merge operation { hasParent: true, hasChild: true }
[objectSafety.js] [deepMergePreferChild] [start] Starting deep merge operation { hasParent: true, hasChild: true }
[objectSafety.js] [deepMergePreferChild] [success] Deep merge completed { mergedKeys: 2 }
[objectSafety.js] [deepMergePreferChild] [return] Returning merged object { mergedKeys: 2 }
[objectSafety.js] [deepMergePreferChild] [success] Deep merge completed { mergedKeys: 1 }
[objectSafety.js] [deepMergePreferChild] [return] Returning merged object { mergedKeys: 1 }

stdout | tests/unit/translationLoader.test.js > applyTranslationsToI18n setLocaleMessage fallback (B-06) > deep-merges nested keys when mergeLocaleMessage is unavailable
[translationLoader.js] [loadTranslationsForSection] [start] Loading translations for section { sectionName: 'auth', localeCode: 'en' }
[routeConfigLoader.js] [getRouteConfiguration] [call] Getting route configuration {}
[routeConfigLoader.js] [getCachedRouteConfiguration] [start] Getting cached route configuration {}
[routeConfigLoader.js] [loadRouteConfigurationFromFile] [start] Loading route configuration {}
[jsonConfigLoader.js] [loadJsonConfigFromImport] [start] Loading JSON config from import: route_config { configName: 'route_config', dataType: 'array' }
[jsonConfigLoader.js] [validateJsonData] [start] Validating JSON data for route_config {}
[jsonConfigLoader.js] [validateJsonData] [success] JSON data is valid { configName: 'route_config' }
[jsonConfigLoader.js] [validateJsonData] [return] Returning validation success { valid: true }
[jsonConfigLoader.js] [loadJsonConfigFromImport] [info] Running custom validator { configName: 'route_config' }
[jsonConfigValidator.js] [validateRouteConfig] [start] Validating route configuration { routeCount: 71 }
[jsonConfigValidator.js] [validateRouteConfig] [info] Route config validation complete { valid: true, errorCount: 0, warningCount: 0 }
[jsonConfigValidator.js] [validateRouteConfig] [return] Returning validation result { valid: true, errorCount: 0, warningCount: 0 }
[jsonConfigLoader.js] [loadJsonConfigFromImport] [success] Config loaded and cached: route_config { configName: 'route_config', dataType: 'array' }
[jsonConfigLoader.js] [loadJsonConfigFromImport] [return] Returning imported data { success: true }
[routeConfigLoader.js] [loadRouteConfigurationFromFile] [success] Route configuration loaded { routeCount: 71 }
[routeConfigLoader.js] [loadRouteConfigurationFromFile] [return] Returning loaded route configuration { routeCount: 71 }
[routeConfigLoader.js] [getCachedRouteConfiguration] [success] Route configuration retrieved { routeCount: 71 }
[routeConfigLoader.js] [getCachedRouteConfiguration] [return] Returning route configuration { routeCount: 71 }
[routeConfigLoader.js] [getRouteConfiguration] [return] Returning route configuration via cache { routeCount: 71 }
[translationLoader.js] [loadTranslationFile] [start] Loading translation file { sectionName: 'auth', localeCode: 'en' }

stdout | tests/unit/translationLoader.test.js > applyTranslationsToI18n setLocaleMessage fallback (B-06) > deep-merges nested keys when mergeLocaleMessage is unavailable
[translationLoader.js] [fetchTranslationJson] [success] Translation file loaded successfully {
  sectionName: 'auth',
  localeCode: 'en',
  jsonUrl: '/i18n/section-auth/en.json',
  keyCount: 1
}

stdout | tests/unit/translationLoader.test.js > applyTranslationsToI18n setLocaleMessage fallback (B-06) > deep-merges nested keys when mergeLocaleMessage is unavailable
[translationLoader.js] [loadTranslationFile] [return] Returning loaded translations { keyCount: 1 }

stdout | tests/unit/translationLoader.test.js > applyTranslationsToI18n setLocaleMessage fallback (B-06) > deep-merges nested keys when mergeLocaleMessage is unavailable
[objectSafety.js] [deepMergePreferChild] [start] Starting deep merge operation { hasParent: true, hasChild: true }
[objectSafety.js] [deepMergePreferChild] [start] Starting deep merge operation { hasParent: true, hasChild: true }
[objectSafety.js] [deepMergePreferChild] [start] Starting deep merge operation { hasParent: true, hasChild: true }
[objectSafety.js] [deepMergePreferChild] [success] Deep merge completed { mergedKeys: 3 }
[objectSafety.js] [deepMergePreferChild] [return] Returning merged object { mergedKeys: 3 }
[objectSafety.js] [deepMergePreferChild] [success] Deep merge completed { mergedKeys: 1 }
[objectSafety.js] [deepMergePreferChild] [return] Returning merged object { mergedKeys: 1 }
[objectSafety.js] [deepMergePreferChild] [success] Deep merge completed { mergedKeys: 1 }
[objectSafety.js] [deepMergePreferChild] [return] Returning merged object { mergedKeys: 1 }
[translationLoader.js] [loadTranslationsForSection] [english-only] Loaded English translations { sectionName: 'auth', keyCount: 1 }
[translationLoader.js] [loadTranslationsForSection] [return] Returning loaded translations { sectionName: 'auth', localeCode: 'en', keyCount: 1 }

 ✓ tests/unit/translationLoader.test.js (17 tests) 1173ms
stdout | tests/unit/preloadPrefetch.test.js > preload prefetch hint (M-03) > uses rel=prefetch for low-priority images
[assetPreloader.js] [preloadImage] [start] Preloading image { src: '/assets/bg-low.webp', options: { priority: 'low' } }

stdout | tests/unit/preloadPrefetch.test.js > preload prefetch hint (M-03) > uses rel=prefetch for low-priority images
[assetPreloader.js] [preloadImage] [success] Image preloaded successfully { src: '/assets/bg-low.webp' }

stdout | tests/unit/preloadPrefetch.test.js > preload prefetch hint (M-03) > uses rel=prefetch for normal-priority images (C-03)
[assetPreloader.js] [preloadImage] [start] Preloading image { src: '/assets/bg-normal.webp', options: { priority: 'normal' } }

stdout | tests/unit/preloadPrefetch.test.js > preload prefetch hint (M-03) > uses rel=prefetch for normal-priority images (C-03)
[assetPreloader.js] [preloadImage] [success] Image preloaded successfully { src: '/assets/bg-normal.webp' }

stdout | tests/unit/sectionPreloader.test.js > sectionPreloader (Task 5 lifecycle) > returns an immediately resolved true when section is already in store
[usePreloadStore.js] [addSection] [add] Section marked as preloaded { sectionName: 'auth' }
[sectionPreloader.js] [preloadSection] [start] Starting section preload { sectionName: 'auth' }
[sectionPreloader.js] [preloadSection] [cache-hit] Section already preloaded { sectionName: 'auth' }
[sectionPreloader.js] [preloadSection] [return] Returning cached section status { sectionName: 'auth', preloaded: true }

stdout | tests/unit/preloadPrefetch.test.js > preload prefetch hint (M-03) > uses rel=preload for high-priority images
[assetPreloader.js] [preloadImage] [start] Preloading image { src: '/assets/logo-high.png', options: { priority: 'high' } }

stdout | tests/unit/preloadPrefetch.test.js > preload prefetch hint (M-03) > uses rel=preload for high-priority images
[assetPreloader.js] [preloadImage] [success] Image preloaded successfully { src: '/assets/logo-high.png' }

stdout | tests/unit/sectionPreloader.test.js > sectionPreloader (Task 5 lifecycle) > shares the same promise for concurrent callers (5b)
[sectionPreloader.js] [preloadSection] [start] Starting section preload { sectionName: 'auth' }
[usePreloadStore.js] [markSectionInProgress] [start] Section preload in progress { sectionName: 'auth' }
[sectionPreloader.js] [preloadSection] [start] Starting section preload { sectionName: 'auth' }
[sectionPreloader.js] [preloadSection] [in-progress] Section preload already in progress — sharing promise { sectionName: 'auth' }
[sectionPreloader.js] [_doPreload] [paths-resolved] Bundle paths resolved from manifest { sectionName: 'auth', hasCss: true, hasJs: true }
[sectionPreloader.js] [preloadJavaScriptBundle] [start] Preloading JavaScript bundle { bundlePath: '/assets/section-auth-abc123.js', sectionName: 'auth' }

stdout | tests/unit/sectionPreloader.test.js > sectionPreloader (Task 5 lifecycle) > shares the same promise for concurrent callers (5b)
[sectionPreloader.js] [preloadJavaScriptBundle] [success] JavaScript bundle preloaded { bundlePath: '/assets/section-auth-abc123.js', sectionName: 'auth' }

stdout | tests/unit/sectionPreloader.test.js > sectionPreloader (Task 5 lifecycle) > shares the same promise for concurrent callers (5b)
[sectionPreloader.js] [getPreloadStatistics] [return] Returning preload statistics { preloadedCount: 0, inProgressCount: 1 }

stdout | tests/unit/preloadScript.test.js > preloadScript (P-07) > uses rel=preload as=script for classic UMD scripts
[assetPreloader.js] [preloadScript] [start] Preloading script { src: '/vendor/amazon-cognito-identity-6.3.15.min.js', options: {} }

stdout | tests/unit/sectionPreloader.test.js > sectionPreloader (Task 5 lifecycle) > shares the same promise for concurrent callers (5b)
[usePreloadStore.js] [addSection] [add] Section marked as preloaded { sectionName: 'auth' }
[sectionPreloader.js] [_doPreload] [success] Section preload completed successfully { sectionName: 'auth' }
[sectionPreloader.js] [_doPreload] [return] Returning successful preload status { sectionName: 'auth', preloaded: true }

stdout | tests/unit/sectionPreloader.test.js > sectionPreloader (Task 5 lifecycle) > shares the same promise for concurrent callers (5b)
[usePreloadStore.js] [unmarkSectionInProgress] [complete] Section preload no longer in progress { sectionName: 'auth' }

stdout | tests/unit/preloadScript.test.js > preloadScript (P-07) > uses rel=preload as=script for classic UMD scripts
[assetPreloader.js] [preloadScript] [success] Script preloaded successfully { src: '/vendor/amazon-cognito-identity-6.3.15.min.js' }

stdout | tests/unit/sectionPreloader.test.js > sectionPreloader (Task 5 lifecycle) > marks section preloaded only after JS and CSS both complete (5a)
[sectionPreloader.js] [preloadSection] [start] Starting section preload { sectionName: 'auth' }
[usePreloadStore.js] [markSectionInProgress] [start] Section preload in progress { sectionName: 'auth' }
[sectionPreloader.js] [_doPreload] [paths-resolved] Bundle paths resolved from manifest { sectionName: 'auth', hasCss: true, hasJs: true }
[sectionPreloader.js] [preloadJavaScriptBundle] [start] Preloading JavaScript bundle { bundlePath: '/assets/section-auth-abc123.js', sectionName: 'auth' }

stdout | tests/unit/sectionPreloader.test.js > sectionPreloader (Task 5 lifecycle) > marks section preloaded only after JS and CSS both complete (5a)
[sectionPreloader.js] [preloadJavaScriptBundle] [success] JavaScript bundle preloaded { bundlePath: '/assets/section-auth-abc123.js', sectionName: 'auth' }

stdout | tests/unit/sectionPreloader.test.js > sectionPreloader (Task 5 lifecycle) > marks section preloaded only after JS and CSS both complete (5a)
[usePreloadStore.js] [addSection] [add] Section marked as preloaded { sectionName: 'auth' }
[sectionPreloader.js] [_doPreload] [success] Section preload completed successfully { sectionName: 'auth' }
[sectionPreloader.js] [_doPreload] [return] Returning successful preload status { sectionName: 'auth', preloaded: true }

stdout | tests/unit/sectionPreloader.test.js > sectionPreloader (Task 5 lifecycle) > marks section preloaded only after JS and CSS both complete (5a)
[usePreloadStore.js] [unmarkSectionInProgress] [complete] Section preload no longer in progress { sectionName: 'auth' }

stdout | tests/unit/preloadPrefetch.test.js > preload prefetch hint (M-03) > uses rel=prefetch for low-priority classic scripts
[assetPreloader.js] [preloadScript] [start] Preloading script {
  src: '/vendor/amazon-cognito-identity-6.3.15.min.js',
  options: { priority: 'low' }
}

stdout | tests/unit/preloadPrefetch.test.js > preload prefetch hint (M-03) > uses rel=prefetch for low-priority classic scripts
[assetPreloader.js] [preloadScript] [success] Script preloaded successfully { src: '/vendor/amazon-cognito-identity-6.3.15.min.js' }

stdout | tests/unit/sectionPreloader.test.js > sectionPreloader (Task 5 lifecycle) > delegates CSS preload to sectionCssLoader, not an internal helper (5c)
[sectionPreloader.js] [preloadSection] [start] Starting section preload { sectionName: 'auth' }
[usePreloadStore.js] [markSectionInProgress] [start] Section preload in progress { sectionName: 'auth' }
[sectionPreloader.js] [_doPreload] [paths-resolved] Bundle paths resolved from manifest { sectionName: 'auth', hasCss: true, hasJs: true }
[sectionPreloader.js] [preloadJavaScriptBundle] [start] Preloading JavaScript bundle { bundlePath: '/assets/section-auth-abc123.js', sectionName: 'auth' }

stdout | tests/unit/sectionPreloader.test.js > sectionPreloader (Task 5 lifecycle) > delegates CSS preload to sectionCssLoader, not an internal helper (5c)
[sectionPreloader.js] [preloadJavaScriptBundle] [success] JavaScript bundle preloaded { bundlePath: '/assets/section-auth-abc123.js', sectionName: 'auth' }

stdout | tests/unit/sectionPreloader.test.js > sectionPreloader (Task 5 lifecycle) > delegates CSS preload to sectionCssLoader, not an internal helper (5c)
[usePreloadStore.js] [addSection] [add] Section marked as preloaded { sectionName: 'auth' }
[sectionPreloader.js] [_doPreload] [success] Section preload completed successfully { sectionName: 'auth' }
[sectionPreloader.js] [_doPreload] [return] Returning successful preload status { sectionName: 'auth', preloaded: true }

stdout | tests/unit/sectionPreloader.test.js > sectionPreloader (Task 5 lifecycle) > delegates CSS preload to sectionCssLoader, not an internal helper (5c)
[usePreloadStore.js] [unmarkSectionInProgress] [complete] Section preload no longer in progress { sectionName: 'auth' }

stdout | tests/unit/preloadScript.test.js > preloadScript (P-07) > uses modulepreload when options.module is true
[assetPreloader.js] [preloadScript] [start] Preloading script { src: '/assets/chunk.mjs', options: { module: true } }

stdout | tests/unit/preloadScript.test.js > preloadScript (P-07) > uses modulepreload when options.module is true
[assetPreloader.js] [preloadScript] [success] Script preloaded successfully { src: '/assets/chunk.mjs' }

stdout | tests/unit/sectionPreloader.test.js > sectionPreloader (Task 5 lifecycle) > returns false when manifest has no bundle paths
[sectionPreloader.js] [preloadSection] [start] Starting section preload { sectionName: 'missing-section' }
[usePreloadStore.js] [markSectionInProgress] [start] Section preload in progress { sectionName: 'missing-section' }
[sectionPreloader.js] [_doPreload] [no-paths] No bundle paths found in manifest { sectionName: 'missing-section' }
[sectionPreloader.js] [_doPreload] [return] Returning no-paths status { sectionName: 'missing-section', preloaded: false }

stdout | tests/unit/sectionPreloader.test.js > sectionPreloader (Task 5 lifecycle) > returns false when manifest has no bundle paths
[usePreloadStore.js] [unmarkSectionInProgress] [complete] Section preload no longer in progress { sectionName: 'missing-section' }

stdout | tests/unit/sectionPreloader.test.js > sectionPreloader (Task 5 lifecycle) > clears in-progress tracking after preload completes
[sectionPreloader.js] [preloadSection] [start] Starting section preload { sectionName: 'auth' }
[usePreloadStore.js] [markSectionInProgress] [start] Section preload in progress { sectionName: 'auth' }
[sectionPreloader.js] [_doPreload] [paths-resolved] Bundle paths resolved from manifest { sectionName: 'auth', hasCss: true, hasJs: true }
[sectionPreloader.js] [preloadJavaScriptBundle] [start] Preloading JavaScript bundle { bundlePath: '/assets/section-auth-abc123.js', sectionName: 'auth' }

stdout | tests/unit/sectionPreloader.test.js > sectionPreloader (Task 5 lifecycle) > clears in-progress tracking after preload completes
[sectionPreloader.js] [preloadJavaScriptBundle] [success] JavaScript bundle preloaded { bundlePath: '/assets/section-auth-abc123.js', sectionName: 'auth' }

stdout | tests/unit/sectionPreloader.test.js > sectionPreloader (Task 5 lifecycle) > clears in-progress tracking after preload completes
[usePreloadStore.js] [addSection] [add] Section marked as preloaded { sectionName: 'auth' }
[sectionPreloader.js] [_doPreload] [success] Section preload completed successfully { sectionName: 'auth' }
[sectionPreloader.js] [_doPreload] [return] Returning successful preload status { sectionName: 'auth', preloaded: true }

stdout | tests/unit/sectionPreloader.test.js > sectionPreloader (Task 5 lifecycle) > clears in-progress tracking after preload completes
[usePreloadStore.js] [unmarkSectionInProgress] [complete] Section preload no longer in progress { sectionName: 'auth' }

stdout | tests/unit/sectionPreloader.test.js > sectionPreloader (Task 5 lifecycle) > clears in-progress tracking after preload completes
[sectionPreloader.js] [getPreloadStatistics] [return] Returning preload statistics { preloadedCount: 1, inProgressCount: 0 }

stdout | tests/unit/preloadPrefetch.test.js > preload prefetch hint (M-03) > dedupes against an existing prefetch link in the DOM
[assetPreloader.js] [preloadImage] [start] Preloading image { src: '/assets/already-prefetched.png', options: { priority: 'low' } }
[assetPreloader.js] [preloadImage] [already-exists] Image preload link already exists in DOM { src: '/assets/already-prefetched.png' }

 ✓ tests/unit/preloadPrefetch.test.js (5 tests) 399ms
stdout | tests/unit/sectionPreloader.test.js > sectionPreloader (Task 5 lifecycle) > clearPreloadState resets store, in-progress map, and section preload DOM hints
[sectionPreloader.js] [preloadSection] [start] Starting section preload { sectionName: 'auth' }
[usePreloadStore.js] [markSectionInProgress] [start] Section preload in progress { sectionName: 'auth' }
[sectionPreloader.js] [_doPreload] [paths-resolved] Bundle paths resolved from manifest { sectionName: 'auth', hasCss: true, hasJs: true }
[sectionPreloader.js] [preloadJavaScriptBundle] [start] Preloading JavaScript bundle { bundlePath: '/assets/section-auth-abc123.js', sectionName: 'auth' }

stdout | tests/unit/sectionPreloader.test.js > sectionPreloader (Task 5 lifecycle) > clearPreloadState resets store, in-progress map, and section preload DOM hints
[sectionPreloader.js] [preloadJavaScriptBundle] [success] JavaScript bundle preloaded { bundlePath: '/assets/section-auth-abc123.js', sectionName: 'auth' }

stdout | tests/unit/preloadScript.test.js > preloadScript (P-07) > blocks javascript: URLs without injecting a link (S-03)
[assetPreloader.js] [preloadScript] [blocked] Preload blocked by URL policy { src: 'javascript:alert(1)', reason: 'blocked-scheme' }

stdout | tests/unit/sectionPreloader.test.js > sectionPreloader (Task 5 lifecycle) > clearPreloadState resets store, in-progress map, and section preload DOM hints
[sectionPreloader.js] [getPreloadStatistics] [return] Returning preload statistics { preloadedCount: 0, inProgressCount: 1 }
[sectionPreloader.js] [clearPreloadState] [start] Clearing preload state {}
[usePreloadStore.js] [clearState] [clear] Preload state cleared {}
[sectionPreloader.js] [clearPreloadState] [success] Preload state cleared { clearedCount: 0 }
[sectionPreloader.js] [clearPreloadState] [return] Clear complete {}
[sectionPreloader.js] [getPreloadStatistics] [return] Returning preload statistics { preloadedCount: 0, inProgressCount: 0 }

stdout | tests/unit/sectionPreloader.test.js > sectionPreloader (Task 5 lifecycle) > clearPreloadState resets store, in-progress map, and section preload DOM hints
[usePreloadStore.js] [addSection] [add] Section marked as preloaded { sectionName: 'auth' }
[sectionPreloader.js] [_doPreload] [success] Section preload completed successfully { sectionName: 'auth' }
[sectionPreloader.js] [_doPreload] [return] Returning successful preload status { sectionName: 'auth', preloaded: true }

stdout | tests/unit/sectionPreloader.test.js > sectionPreloader (Task 5 lifecycle) > clearPreloadState removes section JS modulepreload links after preload completes
[sectionPreloader.js] [preloadSection] [start] Starting section preload { sectionName: 'auth' }
[usePreloadStore.js] [markSectionInProgress] [start] Section preload in progress { sectionName: 'auth' }
[sectionPreloader.js] [_doPreload] [paths-resolved] Bundle paths resolved from manifest { sectionName: 'auth', hasCss: true, hasJs: true }
[sectionPreloader.js] [preloadJavaScriptBundle] [start] Preloading JavaScript bundle { bundlePath: '/assets/section-auth-abc123.js', sectionName: 'auth' }

stdout | tests/unit/sectionPreloader.test.js > sectionPreloader (Task 5 lifecycle) > clearPreloadState removes section JS modulepreload links after preload completes
[sectionPreloader.js] [preloadJavaScriptBundle] [success] JavaScript bundle preloaded { bundlePath: '/assets/section-auth-abc123.js', sectionName: 'auth' }

stdout | tests/unit/sectionPreloader.test.js > sectionPreloader (Task 5 lifecycle) > clearPreloadState removes section JS modulepreload links after preload completes
[usePreloadStore.js] [addSection] [add] Section marked as preloaded { sectionName: 'auth' }
[sectionPreloader.js] [_doPreload] [success] Section preload completed successfully { sectionName: 'auth' }
[sectionPreloader.js] [_doPreload] [return] Returning successful preload status { sectionName: 'auth', preloaded: true }

stdout | tests/unit/sectionPreloader.test.js > sectionPreloader (Task 5 lifecycle) > clearPreloadState removes section JS modulepreload links after preload completes
[usePreloadStore.js] [unmarkSectionInProgress] [complete] Section preload no longer in progress { sectionName: 'auth' }

stdout | tests/unit/sectionPreloader.test.js > sectionPreloader (Task 5 lifecycle) > clearPreloadState removes section JS modulepreload links after preload completes
[sectionPreloader.js] [clearPreloadState] [start] Clearing preload state {}
[usePreloadStore.js] [clearState] [clear] Preload state cleared {}
[sectionPreloader.js] [clearPreloadState] [success] Preload state cleared { clearedCount: 1 }
[sectionPreloader.js] [clearPreloadState] [return] Clear complete {}

stdout | tests/unit/preloadScript.test.js > preloadScript (P-07) > sets integrity when provided for allowed scripts (S-03)
[assetPreloader.js] [preloadScript] [start] Preloading script {
  src: '/vendor/amazon-cognito-identity-6.3.15.min.js',
  options: { integrity: 'sha384-test' }
}

stdout | tests/unit/preloadScript.test.js > preloadScript (P-07) > sets integrity when provided for allowed scripts (S-03)
[assetPreloader.js] [preloadScript] [success] Script preloaded successfully { src: '/vendor/amazon-cognito-identity-6.3.15.min.js' }

stdout | tests/unit/sectionPreloader.test.js > sectionPreloader (Task 5 lifecycle) > resetSectionPreloadState clears one section so it can be preloaded again (M-07)
[sectionPreloader.js] [preloadSection] [start] Starting section preload { sectionName: 'auth' }
[usePreloadStore.js] [markSectionInProgress] [start] Section preload in progress { sectionName: 'auth' }
[sectionPreloader.js] [_doPreload] [paths-resolved] Bundle paths resolved from manifest { sectionName: 'auth', hasCss: true, hasJs: true }
[sectionPreloader.js] [preloadJavaScriptBundle] [start] Preloading JavaScript bundle { bundlePath: '/assets/section-auth-abc123.js', sectionName: 'auth' }

stdout | tests/unit/sectionPreloader.test.js > sectionPreloader (Task 5 lifecycle) > resetSectionPreloadState clears one section so it can be preloaded again (M-07)
[sectionPreloader.js] [preloadJavaScriptBundle] [success] JavaScript bundle preloaded { bundlePath: '/assets/section-auth-abc123.js', sectionName: 'auth' }

stdout | tests/unit/sectionPreloader.test.js > sectionPreloader (Task 5 lifecycle) > resetSectionPreloadState clears one section so it can be preloaded again (M-07)
[usePreloadStore.js] [addSection] [add] Section marked as preloaded { sectionName: 'auth' }
[sectionPreloader.js] [_doPreload] [success] Section preload completed successfully { sectionName: 'auth' }
[sectionPreloader.js] [_doPreload] [return] Returning successful preload status { sectionName: 'auth', preloaded: true }

stdout | tests/unit/sectionPreloader.test.js > sectionPreloader (Task 5 lifecycle) > resetSectionPreloadState clears one section so it can be preloaded again (M-07)
[usePreloadStore.js] [unmarkSectionInProgress] [complete] Section preload no longer in progress { sectionName: 'auth' }

stdout | tests/unit/sectionPreloader.test.js > sectionPreloader (Task 5 lifecycle) > resetSectionPreloadState clears one section so it can be preloaded again (M-07)
[usePreloadStore.js] [removeSection] [remove] Section removed from preload cache { sectionName: 'auth' }
[sectionPreloader.js] [resetSectionPreloadState] [reset] Section preload state reset { sectionName: 'auth' }
[sectionPreloader.js] [preloadSection] [start] Starting section preload { sectionName: 'auth' }
[usePreloadStore.js] [markSectionInProgress] [start] Section preload in progress { sectionName: 'auth' }
[sectionPreloader.js] [_doPreload] [paths-resolved] Bundle paths resolved from manifest { sectionName: 'auth', hasCss: true, hasJs: true }
[sectionPreloader.js] [preloadJavaScriptBundle] [start] Preloading JavaScript bundle { bundlePath: '/assets/section-auth-abc123.js', sectionName: 'auth' }

stdout | tests/unit/sectionPreloader.test.js > sectionPreloader (Task 5 lifecycle) > resetSectionPreloadState clears one section so it can be preloaded again (M-07)
[sectionPreloader.js] [preloadJavaScriptBundle] [success] JavaScript bundle preloaded { bundlePath: '/assets/section-auth-abc123.js', sectionName: 'auth' }

stdout | tests/unit/sectionPreloader.test.js > sectionPreloader (Task 5 lifecycle) > resetSectionPreloadState clears one section so it can be preloaded again (M-07)
[usePreloadStore.js] [addSection] [add] Section marked as preloaded { sectionName: 'auth' }
[sectionPreloader.js] [_doPreload] [success] Section preload completed successfully { sectionName: 'auth' }
[sectionPreloader.js] [_doPreload] [return] Returning successful preload status { sectionName: 'auth', preloaded: true }

stdout | tests/unit/sectionPreloader.test.js > sectionPreloader (Task 5 lifecycle) > resetSectionPreloadState clears one section so it can be preloaded again (M-07)
[usePreloadStore.js] [unmarkSectionInProgress] [complete] Section preload no longer in progress { sectionName: 'auth' }

stdout | tests/unit/sectionPreloader.test.js > sectionPreloader (Task 5 lifecycle) > rejects untrusted JS bundle paths and does not inject modulepreload links (S-03)
[sectionPreloader.js] [preloadSection] [start] Starting section preload { sectionName: 'auth' }
[usePreloadStore.js] [markSectionInProgress] [start] Section preload in progress { sectionName: 'auth' }
[sectionPreloader.js] [_doPreload] [paths-resolved] Bundle paths resolved from manifest { sectionName: 'auth', hasCss: false, hasJs: true }
[sectionPreloader.js] [preloadJavaScriptBundle] [start] Preloading JavaScript bundle {
  bundlePath: 'https://evil.example.com/malicious.js',
  sectionName: 'auth'
}

stderr | tests/unit/sectionPreloader.test.js > sectionPreloader (Task 5 lifecycle) > rejects untrusted JS bundle paths 
and does not inject modulepreload links (S-03)
[sectionPreloader.js] [preloadJavaScriptBundle] [error] Untrusted bundle path rejected {
  bundlePath: 'https://evil.example.com/malicious.js',
  sectionName: 'auth',
  error: 'Untrusted JS bundle path for section: auth',
  stack: 'Error: Untrusted JS bundle path for section: auth\n' +
    '    at preloadJavaScriptBundle (D:\\projects\\new-vue-main\\src\\utils\\section\\sectionPreloader.js:209:19)\n' +
    '    at _doPreload (D:\\projects\\new-vue-main\\src\\utils\\section\\sectionPreloader.js:135:11)\n' +
    '    at processTicksAndRejections (node:internal/process/task_queues:105:5)\n' +
    '    at D:\\projects\\new-vue-main\\tests\\unit\\sectionPreloader.test.js:236:20\n' +
    '    at file:///D:/projects/new-vue-main/node_modules/@vitest/runner/dist/chunk-hooks.js:752:20'
}
[sectionPreloader.js] [preloadJavaScriptBundle] Untrusted bundle path rejected {
  bundlePath: 'https://evil.example.com/malicious.js',
  sectionName: 'auth',
  error: 'Untrusted JS bundle path for section: auth',
  stack: 'Error: Untrusted JS bundle path for section: auth\n' +
    '    at preloadJavaScriptBundle (D:\\projects\\new-vue-main\\src\\utils\\section\\sectionPreloader.js:209:19)\n' +
    '    at _doPreload (D:\\projects\\new-vue-main\\src\\utils\\section\\sectionPreloader.js:135:11)\n' +
    '    at processTicksAndRejections (node:internal/process/task_queues:105:5)\n' +
    '    at D:\\projects\\new-vue-main\\tests\\unit\\sectionPreloader.test.js:236:20\n' +
    '    at file:///D:/projects/new-vue-main/node_modules/@vitest/runner/dist/chunk-hooks.js:752:20'
}

stdout | tests/unit/sectionPreloader.test.js > sectionPreloader (Task 5 lifecycle) > rejects untrusted JS bundle paths and does not inject modulepreload links (S-03)
[sectionPreloader.js] [_doPreload] [return] Returning failed preload status {
  sectionName: 'auth',
  preloaded: false,
  error: 'Untrusted JS bundle path for section: auth'
}

stderr | tests/unit/sectionPreloader.test.js > sectionPreloader (Task 5 lifecycle) > rejects untrusted JS bundle paths 
and does not inject modulepreload links (S-03)
[sectionPreloader.js] [_doPreload] [error] Section preload failed {
  sectionName: 'auth',
  error: 'Untrusted JS bundle path for section: auth',
  stack: 'Error: Untrusted JS bundle path for section: auth\n' +
    '    at preloadJavaScriptBundle (D:\\projects\\new-vue-main\\src\\utils\\section\\sectionPreloader.js:209:19)\n' +
    '    at _doPreload (D:\\projects\\new-vue-main\\src\\utils\\section\\sectionPreloader.js:135:11)\n' +
    '    at processTicksAndRejections (node:internal/process/task_queues:105:5)\n' +
    '    at D:\\projects\\new-vue-main\\tests\\unit\\sectionPreloader.test.js:236:20\n' +
    '    at file:///D:/projects/new-vue-main/node_modules/@vitest/runner/dist/chunk-hooks.js:752:20'
}
[sectionPreloader.js] [_doPreload] Section preload failed {
  sectionName: 'auth',
  error: 'Untrusted JS bundle path for section: auth',
  stack: 'Error: Untrusted JS bundle path for section: auth\n' +
    '    at preloadJavaScriptBundle (D:\\projects\\new-vue-main\\src\\utils\\section\\sectionPreloader.js:209:19)\n' +
    '    at _doPreload (D:\\projects\\new-vue-main\\src\\utils\\section\\sectionPreloader.js:135:11)\n' +
    '    at processTicksAndRejections (node:internal/process/task_queues:105:5)\n' +
    '    at D:\\projects\\new-vue-main\\tests\\unit\\sectionPreloader.test.js:236:20\n' +
    '    at file:///D:/projects/new-vue-main/node_modules/@vitest/runner/dist/chunk-hooks.js:752:20'
}

stdout | tests/unit/sectionPreloader.test.js > sectionPreloader (Task 5 lifecycle) > rejects untrusted JS bundle paths and does not inject modulepreload links (S-03)
[usePreloadStore.js] [unmarkSectionInProgress] [complete] Section preload no longer in progress { sectionName: 'auth' }

stdout | tests/unit/sectionPreloader.test.js > sectionPreloader (Task 5 lifecycle) > clearPreloadState clears reactive sectionsInProgress in store (M-06)
[sectionPreloader.js] [preloadSection] [start] Starting section preload { sectionName: 'auth' }
[usePreloadStore.js] [markSectionInProgress] [start] Section preload in progress { sectionName: 'auth' }
[sectionPreloader.js] [_doPreload] [paths-resolved] Bundle paths resolved from manifest { sectionName: 'auth', hasCss: true, hasJs: true }
[sectionPreloader.js] [preloadJavaScriptBundle] [start] Preloading JavaScript bundle { bundlePath: '/assets/section-auth-abc123.js', sectionName: 'auth' }
[sectionPreloader.js] [clearPreloadState] [start] Clearing preload state {}
[usePreloadStore.js] [clearState] [clear] Preload state cleared {}
[sectionPreloader.js] [clearPreloadState] [success] Preload state cleared { clearedCount: 0 }
[sectionPreloader.js] [clearPreloadState] [return] Clear complete {}
[sectionPreloader.js] [preloadJavaScriptBundle] [success] JavaScript bundle preloaded { bundlePath: '/assets/section-auth-abc123.js', sectionName: 'auth' }

stdout | tests/unit/sectionPreloader.test.js > sectionPreloader (Task 5 lifecycle) > clearPreloadState clears reactive sectionsInProgress in store (M-06)
[usePreloadStore.js] [addSection] [add] Section marked as preloaded { sectionName: 'auth' }
[sectionPreloader.js] [_doPreload] [success] Section preload completed successfully { sectionName: 'auth' }
[sectionPreloader.js] [_doPreload] [return] Returning successful preload status { sectionName: 'auth', preloaded: true }

 ✓ tests/unit/preloadScript.test.js (5 tests) 411ms
stdout | tests/unit/sectionPreloader.test.js > sectionPreloader (Task 5 lifecycle) > rejects hung JS preload after timeout and clears in-progress tracking (M-05)
[sectionPreloader.js] [preloadSection] [start] Starting section preload { sectionName: 'auth' }
[usePreloadStore.js] [markSectionInProgress] [start] Section preload in progress { sectionName: 'auth' }
[sectionPreloader.js] [getPreloadStatistics] [return] Returning preload statistics { preloadedCount: 0, inProgressCount: 1 }
[sectionPreloader.js] [_doPreload] [paths-resolved] Bundle paths resolved from manifest { sectionName: 'auth', hasCss: true, hasJs: true }
[sectionPreloader.js] [preloadJavaScriptBundle] [start] Preloading JavaScript bundle { bundlePath: '/assets/section-auth-abc123.js', sectionName: 'auth' }

stderr | tests/unit/sectionPreloader.test.js > sectionPreloader (Task 5 lifecycle) > rejects hung JS preload after 
timeout and clears in-progress tracking (M-05)
[sectionPreloader.js] [preloadJavaScriptBundle] [error] JavaScript bundle preload timed out {
  bundlePath: '/assets/section-auth-abc123.js',
  sectionName: 'auth',
  timeoutMs: 500,
  error: 'Section JS preload timeout after 500ms: auth (/assets/section-auth-abc123.js)',
  stack: 'Error: Section JS preload timeout after 500ms: auth (/assets/section-auth-abc123.js)\n' +
    '    at D:\\projects\\new-vue-main\\src\\utils\\section\\sectionPreloader.js:33:14\n' +
    '    at callTimer (file:///D:/projects/new-vue-main/node_modules/vitest/dist/chunks/vi.bdSIJ99Y.js:2211:25)\n' +
    '    at doTickInner (file:///D:/projects/new-vue-main/node_modules/vitest/dist/chunks/vi.bdSIJ99Y.js:2814:30)\n' +
    '    at doTick (file:///D:/projects/new-vue-main/node_modules/vitest/dist/chunks/vi.bdSIJ99Y.js:2895:21)\n' +
    '    at Immediate.<anonymous> 
(file:///D:/projects/new-vue-main/node_modules/vitest/dist/chunks/vi.bdSIJ99Y.js:2915:30)\n' +
    '    at processImmediate (node:internal/timers:485:21)'
}
[sectionPreloader.js] [preloadJavaScriptBundle] JavaScript bundle preload timed out {
  bundlePath: '/assets/section-auth-abc123.js',
  sectionName: 'auth',
  timeoutMs: 500,
  error: 'Section JS preload timeout after 500ms: auth (/assets/section-auth-abc123.js)',
  stack: 'Error: Section JS preload timeout after 500ms: auth (/assets/section-auth-abc123.js)\n' +
    '    at D:\\projects\\new-vue-main\\src\\utils\\section\\sectionPreloader.js:33:14\n' +
    '    at callTimer (file:///D:/projects/new-vue-main/node_modules/vitest/dist/chunks/vi.bdSIJ99Y.js:2211:25)\n' +
    '    at doTickInner (file:///D:/projects/new-vue-main/node_modules/vitest/dist/chunks/vi.bdSIJ99Y.js:2814:30)\n' +
    '    at doTick (file:///D:/projects/new-vue-main/node_modules/vitest/dist/chunks/vi.bdSIJ99Y.js:2895:21)\n' +
    '    at Immediate.<anonymous> 
(file:///D:/projects/new-vue-main/node_modules/vitest/dist/chunks/vi.bdSIJ99Y.js:2915:30)\n' +
    '    at processImmediate (node:internal/timers:485:21)'
}

stderr | tests/unit/sectionPreloader.test.js > sectionPreloader (Task 5 lifecycle) > rejects hung JS preload after 
timeout and clears in-progress tracking (M-05)
[sectionPreloader.js] [_doPreload] [error] Section preload failed {
  sectionName: 'auth',
  error: 'Section JS preload timeout after 500ms: auth (/assets/section-auth-abc123.js)',
  stack: 'Error: Section JS preload timeout after 500ms: auth (/assets/section-auth-abc123.js)\n' +
    '    at D:\\projects\\new-vue-main\\src\\utils\\section\\sectionPreloader.js:33:14\n' +
    '    at callTimer (file:///D:/projects/new-vue-main/node_modules/vitest/dist/chunks/vi.bdSIJ99Y.js:2211:25)\n' +
    '    at doTickInner (file:///D:/projects/new-vue-main/node_modules/vitest/dist/chunks/vi.bdSIJ99Y.js:2814:30)\n' +
    '    at doTick (file:///D:/projects/new-vue-main/node_modules/vitest/dist/chunks/vi.bdSIJ99Y.js:2895:21)\n' +
    '    at Immediate.<anonymous> 
(file:///D:/projects/new-vue-main/node_modules/vitest/dist/chunks/vi.bdSIJ99Y.js:2915:30)\n' +
    '    at processImmediate (node:internal/timers:485:21)'
}
[sectionPreloader.js] [_doPreload] Section preload failed {
  sectionName: 'auth',
  error: 'Section JS preload timeout after 500ms: auth (/assets/section-auth-abc123.js)',
  stack: 'Error: Section JS preload timeout after 500ms: auth (/assets/section-auth-abc123.js)\n' +
    '    at D:\\projects\\new-vue-main\\src\\utils\\section\\sectionPreloader.js:33:14\n' +
    '    at callTimer (file:///D:/projects/new-vue-main/node_modules/vitest/dist/chunks/vi.bdSIJ99Y.js:2211:25)\n' +
    '    at doTickInner (file:///D:/projects/new-vue-main/node_modules/vitest/dist/chunks/vi.bdSIJ99Y.js:2814:30)\n' +
    '    at doTick (file:///D:/projects/new-vue-main/node_modules/vitest/dist/chunks/vi.bdSIJ99Y.js:2895:21)\n' +
    '    at Immediate.<anonymous> 
(file:///D:/projects/new-vue-main/node_modules/vitest/dist/chunks/vi.bdSIJ99Y.js:2915:30)\n' +
    '    at processImmediate (node:internal/timers:485:21)'
}

stdout | tests/unit/sectionPreloader.test.js > sectionPreloader (Task 5 lifecycle) > rejects hung JS preload after timeout and clears in-progress tracking (M-05)
[sectionPreloader.js] [_doPreload] [return] Returning failed preload status {
  sectionName: 'auth',
  preloaded: false,
  error: 'Section JS preload timeout after 500ms: auth (/assets/section-auth-abc123.js)'
}

stdout | tests/unit/sectionPreloader.test.js > sectionPreloader (Task 5 lifecycle) > rejects hung JS preload after timeout and clears in-progress tracking (M-05)
[usePreloadStore.js] [unmarkSectionInProgress] [complete] Section preload no longer in progress { sectionName: 'auth' }

stdout | tests/unit/sectionPreloader.test.js > sectionPreloader (Task 5 lifecycle) > rejects hung JS preload after timeout and clears in-progress tracking (M-05)
[sectionPreloader.js] [getPreloadStatistics] [return] Returning preload statistics { preloadedCount: 0, inProgressCount: 0 }

 ✓ tests/unit/sectionPreloader.test.js (12 tests) 376ms
stdout | tests/unit/sectionResolver.test.js > getPreloadSectionsForRoute (L-06) > returns flat preLoadSections arrays unchanged
[sectionResolver.js] [getPreloadSectionsForRoute] [start] Getting preload sections for route { slug: '/log-in', userRole: 'creator' }
[sectionResolver.js] [getPreloadSectionsForRoute] [info] Preload sections resolved { slug: '/log-in', sectionCount: 2, sections: [ 'dashboard', 'shop' ] }
[sectionResolver.js] [getPreloadSectionsForRoute] [return] Returning preload sections { count: 2 }

stdout | tests/unit/sectionResolver.test.js > getPreloadSectionsForRoute (L-06) > resolves role-keyed preLoadSections using userRole
[sectionResolver.js] [getPreloadSectionsForRoute] [start] Getting preload sections for route { slug: '/dashboard', userRole: 'creator' }
[objectSafety.js] [safelyGetNestedProperty] [start] Getting nested property { hasTarget: true, path: 'creator' }
[objectSafety.js] [safelyGetNestedProperty] [success] Property found { path: 'creator', foundValue: 'object' }
[objectSafety.js] [safelyGetNestedProperty] [return] Returning found value { path: 'creator' }
[sectionResolver.js] [getPreloadSectionsForRoute] [info] Preload sections resolved {
  slug: '/dashboard',
  sectionCount: 2,
  sections: [ 'dashboard-creator', 'analytics' ]
}
[sectionResolver.js] [getPreloadSectionsForRoute] [return] Returning preload sections { count: 2 }
[sectionResolver.js] [getPreloadSectionsForRoute] [start] Getting preload sections for route { slug: '/dashboard', userRole: 'fan' }
[objectSafety.js] [safelyGetNestedProperty] [start] Getting nested property { hasTarget: true, path: 'fan' }
[objectSafety.js] [safelyGetNestedProperty] [success] Property found { path: 'fan', foundValue: 'object' }
[objectSafety.js] [safelyGetNestedProperty] [return] Returning found value { path: 'fan' }
[sectionResolver.js] [getPreloadSectionsForRoute] [info] Preload sections resolved {
  slug: '/dashboard',
  sectionCount: 2,
  sections: [ 'dashboard-fan', 'shop' ]
}
[sectionResolver.js] [getPreloadSectionsForRoute] [return] Returning preload sections { count: 2 }

stdout | tests/unit/sectionResolver.test.js > getPreloadSectionsForRoute (L-06) > falls back to default then guest for role-keyed preLoadSections
[sectionResolver.js] [getPreloadSectionsForRoute] [start] Getting preload sections for route { slug: '/dashboard', userRole: 'vendor' }
[objectSafety.js] [safelyGetNestedProperty] [start] Getting nested property { hasTarget: true, path: 'vendor' }
[objectSafety.js] [safelyGetNestedProperty] [not-found] Property not found in object {
  path: 'vendor',
  key: 'vendor',
  availableKeys: [ 'default', 'creator' ]
}
[objectSafety.js] [safelyGetNestedProperty] [return] Returning fallback due to missing property { fallbackValue: undefined }
[objectSafety.js] [safelyGetNestedProperty] [start] Getting nested property { hasTarget: true, path: 'default' }
[objectSafety.js] [safelyGetNestedProperty] [success] Property found { path: 'default', foundValue: 'object' }
[objectSafety.js] [safelyGetNestedProperty] [return] Returning found value { path: 'default' }
[sectionResolver.js] [getPreloadSectionsForRoute] [info] Preload sections resolved {
  slug: '/dashboard',
  sectionCount: 1,
  sections: [ 'dashboard-global' ]
}
[sectionResolver.js] [getPreloadSectionsForRoute] [return] Returning preload sections { count: 1 }
[sectionResolver.js] [getPreloadSectionsForRoute] [start] Getting preload sections for route { slug: '/dashboard', userRole: 'vendor' }
[objectSafety.js] [safelyGetNestedProperty] [start] Getting nested property { hasTarget: true, path: 'vendor' }
[objectSafety.js] [safelyGetNestedProperty] [not-found] Property not found in object {
  path: 'vendor',
  key: 'vendor',
  availableKeys: [ 'guest', 'creator' ]
}
[objectSafety.js] [safelyGetNestedProperty] [return] Returning fallback due to missing property { fallbackValue: undefined }
[objectSafety.js] [safelyGetNestedProperty] [start] Getting nested property { hasTarget: true, path: 'default' }
[objectSafety.js] [safelyGetNestedProperty] [not-found] Property not found in object {
  path: 'default',
  key: 'default',
  availableKeys: [ 'guest', 'creator' ]
}
[objectSafety.js] [safelyGetNestedProperty] [return] Returning fallback due to missing property { fallbackValue: undefined }
[objectSafety.js] [safelyGetNestedProperty] [start] Getting nested property { hasTarget: true, path: 'guest' }
[objectSafety.js] [safelyGetNestedProperty] [success] Property found { path: 'guest', foundValue: 'object' }
[objectSafety.js] [safelyGetNestedProperty] [return] Returning found value { path: 'guest' }
[sectionResolver.js] [getPreloadSectionsForRoute] [info] Preload sections resolved { slug: '/dashboard', sectionCount: 1, sections: [ 'auth' ] }
[sectionResolver.js] [getPreloadSectionsForRoute] [return] Returning preload sections { count: 1 }

stdout | tests/unit/sectionResolver.test.js > getPreloadSectionsForRoute (L-06) > returns an empty array when role-keyed preLoadSections cannot be resolved
[sectionResolver.js] [getPreloadSectionsForRoute] [start] Getting preload sections for route { slug: '/dashboard', userRole: 'fan' }
[objectSafety.js] [safelyGetNestedProperty] [start] Getting nested property { hasTarget: true, path: 'fan' }
[objectSafety.js] [safelyGetNestedProperty] [not-found] Property not found in object { path: 'fan', key: 'fan', availableKeys: [ 'creator' ] }
[objectSafety.js] [safelyGetNestedProperty] [return] Returning fallback due to missing property { fallbackValue: undefined }
[objectSafety.js] [safelyGetNestedProperty] [start] Getting nested property { hasTarget: true, path: 'default' }
[objectSafety.js] [safelyGetNestedProperty] [not-found] Property not found in object { path: 'default', key: 'default', availableKeys: [ 'creator' ] }
[objectSafety.js] [safelyGetNestedProperty] [return] Returning fallback due to missing property { fallbackValue: undefined }
[objectSafety.js] [safelyGetNestedProperty] [start] Getting nested property { hasTarget: true, path: 'guest' }
[objectSafety.js] [safelyGetNestedProperty] [not-found] Property not found in object { path: 'guest', key: 'guest', availableKeys: [ 'creator' ] }
[objectSafety.js] [safelyGetNestedProperty] [return] Returning fallback due to missing property { fallbackValue: undefined }
[sectionResolver.js] [getPreloadSectionsForRoute] [info] Preload sections resolved { slug: '/dashboard', sectionCount: 0, sections: [] }
[sectionResolver.js] [getPreloadSectionsForRoute] [return] Returning preload sections { count: 0 }

stderr | tests/unit/sectionResolver.test.js > getPreloadSectionsForRoute (L-06) > returns an empty array when 
role-keyed preLoadSections cannot be resolved
[sectionResolver.js] [resolveRolePreLoadSections] [warn] Role-keyed preLoadSections could not be resolved { userRole: 
'fan', availableRoles: [ 'creator' ] }

stdout | tests/unit/sectionResolver.test.js > getPreloadSectionsForRoute (L-06) > deduplicates resolved preload section identifiers
[sectionResolver.js] [getPreloadSectionsForRoute] [start] Getting preload sections for route { slug: '/log-in', userRole: 'guest' }
[sectionResolver.js] [getPreloadSectionsForRoute] [info] Preload sections resolved { slug: '/log-in', sectionCount: 2, sections: [ 'dashboard', 'shop' ] }
[sectionResolver.js] [getPreloadSectionsForRoute] [return] Returning preload sections { count: 2 }

stdout | tests/unit/sectionResolver.test.js > resolveRoleSectionVariant (L-07) > returns the role-specific section when present
[sectionResolver.js] [resolveRoleSectionVariant] [start] Resolving role-specific section variant { userRole: 'creator', configType: 'object' }
[objectSafety.js] [safelyGetNestedProperty] [start] Getting nested property { hasTarget: true, path: 'creator' }
[objectSafety.js] [safelyGetNestedProperty] [success] Property found { path: 'creator', foundValue: 'string' }
[objectSafety.js] [safelyGetNestedProperty] [return] Returning found value { path: 'creator' }
[sectionResolver.js] [resolveRoleSectionVariant] [info] Role-specific section resolved { userRole: 'creator', section: 'dashboard-creator' }
[sectionResolver.js] [resolveRoleSectionVariant] [return] Returning role-specific section { section: 'dashboard-creator' }

stdout | tests/unit/sectionResolver.test.js > resolveRoleSectionVariant (L-07) > falls back to the default key when role is missing
[sectionResolver.js] [resolveRoleSectionVariant] [start] Resolving role-specific section variant { userRole: 'vendor', configType: 'object' }
[objectSafety.js] [safelyGetNestedProperty] [start] Getting nested property { hasTarget: true, path: 'vendor' }
[objectSafety.js] [safelyGetNestedProperty] [not-found] Property not found in object {
  path: 'vendor',
  key: 'vendor',
  availableKeys: [ 'default', 'creator' ]
}
[objectSafety.js] [safelyGetNestedProperty] [return] Returning fallback due to missing property { fallbackValue: undefined }
[objectSafety.js] [safelyGetNestedProperty] [start] Getting nested property { hasTarget: true, path: 'default' }
[objectSafety.js] [safelyGetNestedProperty] [success] Property found { path: 'default', foundValue: 'string' }
[objectSafety.js] [safelyGetNestedProperty] [return] Returning found value { path: 'default' }
[sectionResolver.js] [resolveRoleSectionVariant] [return] Returning fallback section { section: 'dashboard-global' }

stderr | tests/unit/sectionResolver.test.js > resolveRoleSectionVariant (L-07) > falls back to the default key when 
role is missing
[sectionResolver.js] [resolveRoleSectionVariant] [warn] Using fallback section {
  userRole: 'vendor',
  fallback: 'default',
  section: 'dashboard-global'
}

stdout | tests/unit/sectionResolver.test.js > resolveRoleSectionVariant (L-07) > returns null instead of Object.values()[0] when role and default are missing
[sectionResolver.js] [resolveRoleSectionVariant] [start] Resolving role-specific section variant { userRole: 'vendor', configType: 'object' }
[objectSafety.js] [safelyGetNestedProperty] [start] Getting nested property { hasTarget: true, path: 'vendor' }
[objectSafety.js] [safelyGetNestedProperty] [not-found] Property not found in object { path: 'vendor', key: 'vendor', availableKeys: [ 'creator', 'fan' ] }
[objectSafety.js] [safelyGetNestedProperty] [return] Returning fallback due to missing property { fallbackValue: undefined }
[objectSafety.js] [safelyGetNestedProperty] [start] Getting nested property { hasTarget: true, path: 'default' }
[objectSafety.js] [safelyGetNestedProperty] [not-found] Property not found in object {
  path: 'default',
  key: 'default',
  availableKeys: [ 'creator', 'fan' ]
}
[objectSafety.js] [safelyGetNestedProperty] [return] Returning fallback due to missing property { fallbackValue: undefined }
[sectionResolver.js] [resolveRoleSectionVariant] [return] Returning null - no section resolved {}

stderr | tests/unit/sectionResolver.test.js > resolveRoleSectionVariant (L-07) > returns null instead of 
Object.values()[0] when role and default are missing
[sectionResolver.js] [resolveRoleSectionVariant] [warn] Could not resolve role-based section {
  userRole: 'vendor',
  fallback: 'default',
  availableRoles: [ 'creator', 'fan' ]
}
[sectionResolver.js] [resolveRoleSectionVariant] [warn] Could not resolve section { userRole: 'vendor', configType: 
'object' }

 ✓ tests/unit/sectionResolver.test.js (8 tests) 383ms
stderr | tests/unit/manifestLoader.test.js > manifestLoader failure recovery (L-14 / Task 8) > does not cache failed 
fetch — retries on next loadSectionManifest call
[manifestLoader] Section manifest load failed: TypeError: Failed to fetch
    at D:\projects\new-vue-main\tests\unit\manifestLoader.test.js:127:29
    at file:///D:/projects/new-vue-main/node_modules/@vitest/runner/dist/chunk-hooks.js:155:11
    at file:///D:/projects/new-vue-main/node_modules/@vitest/runner/dist/chunk-hooks.js:752:26
    at file:///D:/projects/new-vue-main/node_modules/@vitest/runner/dist/chunk-hooks.js:1897:20
    at new Promise (<anonymous>)
    at runWithTimeout (file:///D:/projects/new-vue-main/node_modules/@vitest/runner/dist/chunk-hooks.js:1863:10)
    at runTest (file:///D:/projects/new-vue-main/node_modules/@vitest/runner/dist/chunk-hooks.js:1574:12)
    at processTicksAndRejections (node:internal/process/task_queues:105:5)
    at runSuite (file:///D:/projects/new-vue-main/node_modules/@vitest/runner/dist/chunk-hooks.js:1729:8)
    at runSuite (file:///D:/projects/new-vue-main/node_modules/@vitest/runner/dist/chunk-hooks.js:1729:8)

stderr | tests/unit/manifestLoader.test.js > manifestLoader failure recovery (L-14 / Task 8) > getSectionBundlePaths 
succeeds after manifest fetch recovers
[manifestLoader] Section manifest load failed: TypeError: Failed to fetch
    at D:\projects\new-vue-main\tests\unit\manifestLoader.test.js:152:29
    at file:///D:/projects/new-vue-main/node_modules/@vitest/runner/dist/chunk-hooks.js:155:11
    at file:///D:/projects/new-vue-main/node_modules/@vitest/runner/dist/chunk-hooks.js:752:26
    at file:///D:/projects/new-vue-main/node_modules/@vitest/runner/dist/chunk-hooks.js:1897:20
    at new Promise (<anonymous>)
    at runWithTimeout (file:///D:/projects/new-vue-main/node_modules/@vitest/runner/dist/chunk-hooks.js:1863:10)
    at runTest (file:///D:/projects/new-vue-main/node_modules/@vitest/runner/dist/chunk-hooks.js:1574:12)
    at runSuite (file:///D:/projects/new-vue-main/node_modules/@vitest/runner/dist/chunk-hooks.js:1729:8)
    at runSuite (file:///D:/projects/new-vue-main/node_modules/@vitest/runner/dist/chunk-hooks.js:1729:8)
    at runFiles (file:///D:/projects/new-vue-main/node_modules/@vitest/runner/dist/chunk-hooks.js:1787:3)

 ✓ tests/unit/manifestLoader.test.js (6 tests) 321ms
stdout | tests/unit/preloadFetchPriority.test.js > preload fetchpriority (M-02) > maps critical/high route priority to fetchpriority=high on image links
[assetPreloader.js] [preloadImage] [start] Preloading image { src: '/assets/icon-high.png', options: { priority: 'high' } }

stdout | tests/unit/preloadFetchPriority.test.js > preload fetchpriority (M-02) > maps critical/high route priority to fetchpriority=high on image links
[assetPreloader.js] [preloadImage] [success] Image preloaded successfully { src: '/assets/icon-high.png' }

stdout | tests/unit/preloadFetchPriority.test.js > preload fetchpriority (M-02) > maps low route priority to fetchpriority=low on image links
[assetPreloader.js] [preloadImage] [start] Preloading image { src: '/assets/icon-low.png', options: { priority: 'low' } }

stdout | tests/unit/preloadFetchPriority.test.js > preload fetchpriority (M-02) > maps low route priority to fetchpriority=low on image links
[assetPreloader.js] [preloadImage] [success] Image preloaded successfully { src: '/assets/icon-low.png' }

stdout | tests/unit/preloadFetchPriority.test.js > preload fetchpriority (M-02) > maps medium/normal route priority to fetchpriority=auto on script links
[assetPreloader.js] [preloadScript] [start] Preloading script {
  src: '/vendor/amazon-cognito-identity-6.3.15.min.js',
  options: { priority: 'medium' }
}

stdout | tests/unit/preloadFetchPriority.test.js > preload fetchpriority (M-02) > maps medium/normal route priority to fetchpriority=auto on script links
[assetPreloader.js] [preloadScript] [success] Script preloaded successfully { src: '/vendor/amazon-cognito-identity-6.3.15.min.js' }

 ✓ tests/unit/preloadFetchPriority.test.js (4 tests) 317ms
 ✓ tests/unit/sectionBarrel.test.js (1 test) 341ms
   ✓ section barrel exports (B-08 / Task 9) > exports preloadSection from the barrel, not the removed preloadSectionBundle name  339ms
stdout | tests/unit/jsonConfigValidator.test.js > jsonConfigValidator preLoadSections (M-08) > validateRouteConfig passes when preLoadSections resolve to known sections
[jsonConfigValidator.js] [validateRouteConfig] [start] Validating route configuration { routeCount: 3 }
[jsonConfigValidator.js] [validateRouteConfig] [info] Route config validation complete { valid: true, errorCount: 0, warningCount: 0 }
[jsonConfigValidator.js] [validateRouteConfig] [return] Returning validation result { valid: true, errorCount: 0, warningCount: 0 }

stdout | tests/unit/jsonConfigValidator.test.js > jsonConfigValidator preLoadSections (M-08) > validateRouteConfig fails build on unknown preLoadSections entries
[jsonConfigValidator.js] [validateRouteConfig] [start] Validating route configuration { routeCount: 3 }
[jsonConfigValidator.js] [validateRouteConfig] [return] Returning validation result { valid: false, errorCount: 1, warningCount: 0 }

stderr | tests/unit/jsonConfigValidator.test.js > jsonConfigValidator preLoadSections (M-08) > validateRouteConfig 
fails build on unknown preLoadSections entries
[jsonConfigValidator.js] [validateRouteConfig] [error] Route config validation complete { valid: false, errorCount: 1, 
warningCount: 0 }
[jsonConfigValidator.js] [validateRouteConfig] [error] Validation errors found {
  errors: [
    {
      type: 'UNKNOWN_PRELOAD_SECTION',
      routeIndex: 0,
      field: 'preLoadSections',
      message: 'Route at index 0 (/log-in) has unknown preLoadSections entry "dashbord"',
      identifier: 'dashbord'
    }
  ]
}

stdout | tests/unit/jsonConfigValidator.test.js > jsonConfigValidator preLoadSections (M-08) > validateRouteConfig fails on empty and non-string preLoadSections entries
[jsonConfigValidator.js] [validateRouteConfig] [start] Validating route configuration { routeCount: 3 }
[jsonConfigValidator.js] [validateRouteConfig] [return] Returning validation result { valid: false, errorCount: 2, warningCount: 0 }

stderr | tests/unit/jsonConfigValidator.test.js > jsonConfigValidator preLoadSections (M-08) > validateRouteConfig 
fails on empty and non-string preLoadSections entries
[jsonConfigValidator.js] [validateRouteConfig] [error] Route config validation complete { valid: false, errorCount: 2, 
warningCount: 0 }
[jsonConfigValidator.js] [validateRouteConfig] [error] Validation errors found {
  errors: [
    {
      type: 'INVALID_PRELOAD_SECTION',
      routeIndex: 0,
      field: 'preLoadSections',
      message: 'Route at index 0 (/log-in) has empty preLoadSections entry',
      identifier: ''
    },
    {
      type: 'INVALID_FIELD_TYPE',
      routeIndex: 0,
      field: 'preLoadSections',
      message: 'Route at index 0 (/log-in) has non-string preLoadSections entry',
      expected: 'string',
      received: 'number'
    }
  ]
}

stdout | tests/unit/jsonConfigValidator.test.js > jsonConfigValidator preLoadSections (M-08) > validateRouteConfig validates role-keyed preLoadSections entries
[jsonConfigValidator.js] [validateRouteConfig] [start] Validating route configuration { routeCount: 2 }
[jsonConfigValidator.js] [validateRouteConfig] [return] Returning validation result { valid: false, errorCount: 1, warningCount: 0 }

stderr | tests/unit/jsonConfigValidator.test.js > jsonConfigValidator preLoadSections (M-08) > validateRouteConfig 
validates role-keyed preLoadSections entries
[jsonConfigValidator.js] [validateRouteConfig] [error] Route config validation complete { valid: false, errorCount: 1, 
warningCount: 0 }
[jsonConfigValidator.js] [validateRouteConfig] [error] Validation errors found {
  errors: [
    {
      type: 'UNKNOWN_PRELOAD_SECTION',
      routeIndex: 0,
      field: 'preLoadSections',
      message: 'Route at index 0 (/dashboard) has unknown preLoadSections entry "unknown-section"',
      identifier: 'unknown-section'
    }
  ]
}

stdout | tests/unit/jsonConfigValidator.test.js > jsonConfigValidator preLoadSections (M-08) > validates production routeConfig preLoadSections without unknown identifiers
[jsonConfigValidator.js] [validateRouteConfig] [start] Validating route configuration { routeCount: 71 }
[jsonConfigValidator.js] [validateRouteConfig] [info] Route config validation complete { valid: true, errorCount: 0, warningCount: 0 }
[jsonConfigValidator.js] [validateRouteConfig] [return] Returning validation result { valid: true, errorCount: 0, warningCount: 0 }

stdout | tests/unit/jsonConfigValidator.test.js > jsonConfigValidator supportedRoles (B4) > validateRouteConfig rejects empty supportedRoles
[jsonConfigValidator.js] [validateRouteConfig] [start] Validating route configuration { routeCount: 1 }
[jsonConfigValidator.js] [validateRouteConfig] [return] Returning validation result { valid: false, errorCount: 1, warningCount: 0 }

stderr | tests/unit/jsonConfigValidator.test.js > jsonConfigValidator supportedRoles (B4) > validateRouteConfig 
rejects empty supportedRoles
[jsonConfigValidator.js] [validateRouteConfig] [error] Route config validation complete { valid: false, errorCount: 1, 
warningCount: 0 }
[jsonConfigValidator.js] [validateRouteConfig] [error] Validation errors found {
  errors: [
    {
      type: 'INVALID_FIELD_VALUE',
      routeIndex: 0,
      field: 'supportedRoles',
      message: 'Route at index 0 (/open) has empty supportedRoles — use ["all"] for unrestricted access',
      expected: '["all"] or role list e.g. ["creator"]',
      received: []
    }
  ]
}

stdout | tests/unit/jsonConfigValidator.test.js > jsonConfigValidator supportedRoles (B4) > validateRouteConfig rejects deprecated "any" wildcard
[jsonConfigValidator.js] [validateRouteConfig] [start] Validating route configuration { routeCount: 1 }
[jsonConfigValidator.js] [validateRouteConfig] [return] Returning validation result { valid: false, errorCount: 1, warningCount: 0 }

stderr | tests/unit/jsonConfigValidator.test.js > jsonConfigValidator supportedRoles (B4) > validateRouteConfig 
rejects deprecated "any" wildcard
[jsonConfigValidator.js] [validateRouteConfig] [error] Route config validation complete { valid: false, errorCount: 1, 
warningCount: 0 }
[jsonConfigValidator.js] [validateRouteConfig] [error] Validation errors found {
  errors: [
    {
      type: 'INVALID_FIELD_VALUE',
      routeIndex: 0,
      field: 'supportedRoles',
      message: 'Route at index 0 (/profile) uses deprecated "any" — use "all" instead',
      expected: '"all"',
      received: 'any'
    }
  ]
}

stdout | tests/unit/jsonConfigValidator.test.js > jsonConfigValidator supportedRoles (B4) > validateRouteConfig allows redirect-only routes without supportedRoles
[jsonConfigValidator.js] [validateRouteConfig] [start] Validating route configuration { routeCount: 1 }
[jsonConfigValidator.js] [validateRouteConfig] [info] Route config validation complete { valid: true, errorCount: 0, warningCount: 0 }
[jsonConfigValidator.js] [validateRouteConfig] [return] Returning validation result { valid: true, errorCount: 0, warningCount: 0 }

stdout | tests/unit/jsonConfigValidator.test.js > jsonConfigValidator supportedRoles (B4) > production routeConfig uses supportedRoles convention
[jsonConfigValidator.js] [validateRouteConfig] [start] Validating route configuration { routeCount: 71 }
[jsonConfigValidator.js] [validateRouteConfig] [info] Route config validation complete { valid: true, errorCount: 0, warningCount: 0 }
[jsonConfigValidator.js] [validateRouteConfig] [return] Returning validation result { valid: true, errorCount: 0, warningCount: 0 }

stdout | tests/unit/jsonConfigValidator.test.js > jsonConfigValidator section (A6) > validateRouteConfig fails when navigable route is missing section
[jsonConfigValidator.js] [validateRouteConfig] [start] Validating route configuration { routeCount: 1 }
[jsonConfigValidator.js] [validateRouteConfig] [return] Returning validation result { valid: false, errorCount: 1, warningCount: 0 }

stderr | tests/unit/jsonConfigValidator.test.js > jsonConfigValidator section (A6) > validateRouteConfig fails when 
navigable route is missing section
[jsonConfigValidator.js] [validateRouteConfig] [error] Route config validation complete { valid: false, errorCount: 1, 
warningCount: 0 }
[jsonConfigValidator.js] [validateRouteConfig] [error] Validation errors found {
  errors: [
    {
      type: 'MISSING_REQUIRED_FIELD',
      routeIndex: 0,
      field: 'section',
      message: "Route at index 0 (/missing-section) missing required field 'section'",
      route: [Object]
    }
  ]
}

stdout | tests/unit/jsonConfigValidator.test.js > jsonConfigValidator section (A6) > validateRouteConfig allows redirect-only routes without section
[jsonConfigValidator.js] [validateRouteConfig] [start] Validating route configuration { routeCount: 1 }
[jsonConfigValidator.js] [validateRouteConfig] [info] Route config validation complete { valid: true, errorCount: 0, warningCount: 0 }
[jsonConfigValidator.js] [validateRouteConfig] [return] Returning validation result { valid: true, errorCount: 0, warningCount: 0 }

stdout | tests/unit/jsonConfigValidator.test.js > jsonConfigValidator section (A6) > validateRouteConfig rejects invalid assetPreload entry shape (C-09)
[jsonConfigValidator.js] [validateRouteConfig] [start] Validating route configuration { routeCount: 1 }
[jsonConfigValidator.js] [validateRouteConfig] [return] Returning validation result { valid: false, errorCount: 4, warningCount: 0 }

stderr | tests/unit/jsonConfigValidator.test.js > jsonConfigValidator section (A6) > validateRouteConfig rejects 
invalid assetPreload entry shape (C-09)
[jsonConfigValidator.js] [validateRouteConfig] [error] Route config validation complete { valid: false, errorCount: 4, 
warningCount: 0 }
[jsonConfigValidator.js] [validateRouteConfig] [error] Validation errors found {
  errors: [
    {
      type: 'INVALID_ASSET_PRELOAD_ENTRY',
      routeIndex: 0,
      field: 'assetPreload',
      message: 'Route "/dashboard/overview": assetPreload[0] has invalid or missing type "sprite" — allowed: image, 
font, video, audio, script, json',
      route: [Object]
    },
stdout | tests/unit/jsonConfigValidator.test.js > jsonConfigValidator section (A6) > validateRouteConfig fails when assetPreload flags are missing from assetMap (M-04 / C-09)
    {
[jsonConfigValidator.js] [validateRouteConfig] [start] Validating route configuration { routeCount: 1 }
      type: 'INVALID_ASSET_PRELOAD_ENTRY',
[jsonConfigValidator.js] [validateRouteConfig] [return] Returning validation result { valid: false, errorCount: 1, warningCount: 0 }
      routeIndex: 0,

      field: 'assetPreload',
stdout | tests/unit/jsonConfigValidator.test.js > jsonConfigValidator section (A6) > production routeConfig has section on all navigable routes
[jsonConfigValidator.js] [validateRouteConfig] [start] Validating route configuration { routeCount: 71 }
[jsonConfigValidator.js] [validateRouteConfig] [info] Route config validation complete { valid: true, errorCount: 0, warningCount: 0 }
[jsonConfigValidator.js] [validateRouteConfig] [return] Returning validation result { valid: true, errorCount: 0, warningCount: 0 }

 ✓ tests/unit/jsonConfigValidator.test.js (17 tests) 325ms
stdout | tests/unit/assetPerformanceTrackerGuards.test.js > asset modules performanceTracker guards (B-01) > preloadImage does not throw when performanceTracker is missing
[assetPreloader.js] [preloadImage] [start] Preloading image { src: '/assets/test-icon.webp', options: {} }

      message: 'Route "/dashboard/overview": assetPreload[0] has invalid priority "urgent" — allowed: critical, high, 
medium, low, normal',
      route: [Object]
stdout | tests/unit/assetPerformanceTrackerGuards.test.js > asset modules performanceTracker guards (B-01) > preloadImage does not throw when performanceTracker is missing
[assetPreloader.js] [preloadImage] [success] Image preloaded successfully { src: '/assets/test-icon.webp' }
    },
    {
      type: 'INVALID_ASSET_PRELOAD_FLAG',
      message: 'Route "/dashboard/overview": assetPreload[0] has invalid or missing type "sprite" — allowed: image, 
font, video, audio, script, json'

stdout | tests/unit/sectionPreloadOrchestrator.test.js > startBackgroundSectionPreloads (P-07 / Task 4b) > calls preloadSection only for each background section
    },
[test] [test] [preload-status] Section preload status before background preloads start {
    {
  path: null,
  configuredSections: [ 'auth', 'shop' ],
  skipSection: 'auth',
  sectionStatus: [
    {
      section: 'auth',
      skipped: true,
      willPreload: false,
      isPreloaded: false,
      inProgress: false,
      needsPreload: false
    },
    {
      section: 'shop',
      skipped: false,
      willPreload: true,
      isPreloaded: false,
      inProgress: false,
      needsPreload: true
    }
  ],
  alreadyPreloaded: [],
  needsPreload: [ 'shop' ],
  skippedSections: [ 'auth' ]
      type: 'INVALID_ASSET_PRELOAD_FLAG',
      message: 'Route "/dashboard/overview": assetPreload[0] has invalid priority "urgent" — allowed: critical, high, 
medium, low, normal'
    }
  ]
}

stderr | tests/unit/jsonConfigValidator.test.js > jsonConfigValidator section (A6) > validateRouteConfig fails when 
assetPreload flags are missing from assetMap (M-04 / C-09)
[jsonConfigValidator.js] [validateRouteConfig] [error] Route config validation complete { valid: false, errorCount: 1, 
warningCount: 0 }
[jsonConfigValidator.js] [validateRouteConfig] [error] Validation errors found {
  errors: [
    {
      type: 'INVALID_ASSET_PRELOAD_FLAG',
      message: 'Route "/dashboard": assetPreload flag "dashboard.typo.flag" not found in assetMap.json'
    }
  ]
}

}
[test] [test] [preload-section] Preloading specific section { section: 'shop', path: null }

stdout | tests/unit/assetPerformanceTrackerGuards.test.js > asset modules performanceTracker guards (B-01) > extractAssetsFromComponent does not throw when performanceTracker is missing
[assetScanner.js] [extractAssetsFromComponent] [start] Extracting assets from component { hasComponent: true }
[assetScanner.js] [extractAssetsFromComponent] [found] Found preloadAssets array { count: 1 }
[assetScanner.js] [extractAssetsFromComponent] [success] Assets extracted from component { totalCount: 1 }

stdout | tests/unit/sectionPreloadOrchestrator.test.js > startBackgroundSectionPreloads (P-07 / Task 4b) > does not import or call preloadSectionCss directly
[test] [test] [preload-status] Section preload status before background preloads start {
  path: null,
  configuredSections: [ 'auth' ],
  skipSection: null,
  sectionStatus: [
    {
      section: 'auth',
      skipped: false,
      willPreload: true,
      isPreloaded: false,
      inProgress: false,
      needsPreload: true
    }
  ],
  alreadyPreloaded: [],
  needsPreload: [ 'auth' ],
  skippedSections: []
}
[test] [test] [preload-section] Preloading specific section { section: 'auth', path: null }

stdout | tests/unit/assetPerformanceTrackerGuards.test.js > asset modules performanceTracker guards (B-01) > scanSectionComponents does not throw when performanceTracker is missing
[assetScanner.js] [scanSectionComponents] [start] Scanning section components { sectionName: 'auth' }
[routeConfigLoader.js] [getRouteConfiguration] [call] Getting route configuration {}
[routeConfigLoader.js] [getCachedRouteConfiguration] [start] Getting cached route configuration {}
[routeConfigLoader.js] [loadRouteConfigurationFromFile] [start] Loading route configuration {}
[jsonConfigLoader.js] [loadJsonConfigFromImport] [start] Loading JSON config from import: route_config { configName: 'route_config', dataType: 'array' }
[jsonConfigLoader.js] [validateJsonData] [start] Validating JSON data for route_config {}
[jsonConfigLoader.js] [validateJsonData] [success] JSON data is valid { configName: 'route_config' }
[jsonConfigLoader.js] [validateJsonData] [return] Returning validation success { valid: true }
[jsonConfigLoader.js] [loadJsonConfigFromImport] [info] Running custom validator { configName: 'route_config' }
[jsonConfigValidator.js] [validateRouteConfig] [start] Validating route configuration { routeCount: 71 }
[jsonConfigValidator.js] [validateRouteConfig] [info] Route config validation complete { valid: true, errorCount: 0, warningCount: 0 }
[jsonConfigValidator.js] [validateRouteConfig] [return] Returning validation result { valid: true, errorCount: 0, warningCount: 0 }
[cacheHandler.js] [setValueWithExpiration] [start] Setting value in cache { key: 'json_config_route_config', hasTTL: false }
[cacheHandler.js] [setValueWithExpiration] [success] Value cached successfully { key: 'json_config_route_config', expiresAt: 'never' }
[cacheHandler.js] [setValueWithExpiration] [return] Cache set complete { key: 'json_config_route_config' }
[jsonConfigLoader.js] [loadJsonConfigFromImport] [success] Config loaded and cached: route_config { configName: 'route_config', dataType: 'array' }
[jsonConfigLoader.js] [loadJsonConfigFromImport] [return] Returning imported data { success: true }
[routeConfigLoader.js] [loadRouteConfigurationFromFile] [success] Route configuration loaded { routeCount: 71 }
[routeConfigLoader.js] [loadRouteConfigurationFromFile] [return] Returning loaded route configuration { routeCount: 71 }
[routeConfigLoader.js] [getCachedRouteConfiguration] [success] Route configuration retrieved { routeCount: 71 }
[routeConfigLoader.js] [getCachedRouteConfiguration] [return] Returning route configuration { routeCount: 71 }
[routeConfigLoader.js] [getRouteConfiguration] [return] Returning route configuration via cache { routeCount: 71 }
[getAssetPreloadEntriesForSection.js] [getAssetPreloadEntriesForSection] [success] Section asset preload rollup built {
  sectionName: 'auth',
  routeCount: 14,
  assetCount: 2,
  rawAssetCount: 2,
  duplicateCount: 0
}
[assetScanner.js] [scanSectionComponents] [routes-found] Section routes found { sectionName: 'auth', routeCount: 14 }
[assetScanner.js] [scanSectionComponents] [success] Section component scanning complete { sectionName: 'auth', assetCount: 2 }

 ✓ tests/unit/assetPerformanceTrackerGuards.test.js (3 tests) 289ms
stdout | tests/unit/sectionPreloadOrchestrator.test.js > startBackgroundSectionPreloads (P-07 / Task 4b) > skips background translation preload when section/locale already loaded (P-02)
[test] [test] [preload-status] Section preload status before background preloads start {
  path: null,
  configuredSections: [ 'shop' ],
  skipSection: null,
  sectionStatus: [
    {
      section: 'shop',
      skipped: false,
      willPreload: true,
      isPreloaded: false,
      inProgress: false,
      needsPreload: true
    }
  ],
  alreadyPreloaded: [],
  needsPreload: [ 'shop' ],
  skippedSections: []
}
[test] [test] [preload-section] Preloading specific section { section: 'shop', path: null }
[test] [test] [translation-skip] Translations already loaded for background section { section: 'shop', locale: 'vi', path: null }

stdout | tests/unit/sectionPreloadOrchestrator.test.js > refreshSectionPreloadsOnLocaleChange (M-07) > resets preload state then re-runs bundles and translations
[test] [test] [locale-refresh] Refreshing section preloads for locale change { locale: 'vi', sections: [ 'shop' ], skipSection: 'auth' }
[test] [test] [preload-status] Section preload status before background preloads start {
  path: null,
  configuredSections: [ 'shop' ],
  skipSection: null,
  sectionStatus: [
    {
      section: 'shop',
      skipped: false,
      willPreload: true,
      isPreloaded: false,
      inProgress: false,
      needsPreload: true
    }
  ],
  alreadyPreloaded: [],
  needsPreload: [ 'shop' ],
  skippedSections: []
}
[test] [test] [preload-section] Preloading specific section { section: 'shop', path: null }

 ✓ tests/unit/sectionPreloadOrchestrator.test.js (4 tests) 392ms
stdout | tests/unit/assetPreloadCache.test.js > asset preload cache SSOT (P-03) > clearPreloadCache clears asset URLs but preserves section preload state
[usePreloadStore.js] [addSection] [add] Section marked as preloaded { sectionName: 'dashboard-global' }

stdout | tests/unit/assetPreloadCache.test.js > asset preload cache SSOT (P-03) > clearPreloadCache clears asset URLs but preserves section preload state
[assetPreloader.js] [clearPreloadCache] [start] Clearing preload cache { cacheSize: 1 }
[assetPreloader.js] [clearPreloadCache] [success] Preload cache cleared {}

stdout | tests/unit/assetPreloadCache.test.js > asset preload cache SSOT (P-03) > preloadJSON uses hasAsset as completion SSOT with jsonDataCache for content
[assetPreloader.js] [preloadJSON] [start] Preloading JSON { src: '/src/config/countries.json', options: {} }
[assetPreloader.js] [preloadJSON] [fetching] Fetching JSON file { src: '/src/config/countries.json' }

stdout | tests/unit/assetPreloadCache.test.js > asset preload cache SSOT (P-03) > preloadJSON uses hasAsset as completion SSOT with jsonDataCache for content
[assetPreloader.js] [preloadJSON] [success] JSON loaded and cached successfully { src: '/src/config/countries.json' }

stdout | tests/unit/assetPreloadCache.test.js > asset preload cache SSOT (P-03) > preloadJSON uses hasAsset as completion SSOT with jsonDataCache for content
[assetPreloader.js] [preloadJSON] [start] Preloading JSON { src: '/src/config/countries.json', options: {} }
[assetPreloader.js] [preloadJSON] [cache-hit] JSON already cached { src: '/src/config/countries.json' }

stdout | tests/unit/assetPreloadCache.test.js > asset preload cache SSOT (P-03) > clearPreloadCache clears jsonDataCache so JSON is re-fetched
[assetPreloader.js] [preloadJSON] [start] Preloading JSON { src: '/src/config/countries.json', options: {} }
[assetPreloader.js] [preloadJSON] [fetching] Fetching JSON file { src: '/src/config/countries.json' }

stdout | tests/unit/assetPreloadCache.test.js > asset preload cache SSOT (P-03) > clearPreloadCache clears jsonDataCache so JSON is re-fetched
[assetPreloader.js] [preloadJSON] [success] JSON loaded and cached successfully { src: '/src/config/countries.json' }

stdout | tests/unit/assetPreloadCache.test.js > asset preload cache SSOT (P-03) > clearPreloadCache clears jsonDataCache so JSON is re-fetched
[assetPreloader.js] [clearPreloadCache] [start] Clearing preload cache { cacheSize: 1 }
[assetPreloader.js] [clearPreloadCache] [success] Preload cache cleared {}
[assetPreloader.js] [preloadJSON] [start] Preloading JSON { src: '/src/config/countries.json', options: {} }
[assetPreloader.js] [preloadJSON] [fetching] Fetching JSON file { src: '/src/config/countries.json' }

stdout | tests/unit/assetPreloadCache.test.js > asset preload cache SSOT (P-03) > clearPreloadCache clears jsonDataCache so JSON is re-fetched
[assetPreloader.js] [preloadJSON] [success] JSON loaded and cached successfully { src: '/src/config/countries.json' }

 ✓ tests/unit/assetPreloadCache.test.js (3 tests) 227ms
stdout | tests/unit/preloadNormalPriority.test.js > preload normal priority (C-03) > schedules high-priority assets before normal-priority assets
[assetPreloader.js] [preloadAssets] [start] Preloading multiple assets { count: 2 }
[assetPreloader.js] [preloadAssets] [sorted] Assets sorted by priority { count: 2 }
[assetPreloader.js] [preloadAsset] [start] Preloading asset {
  asset: { src: '/assets/logo-high.png', type: 'image', priority: 'high' }
}
[assetPreloader.js] [preloadImage] [start] Preloading image { src: '/assets/logo-high.png', options: { priority: 'high' } }

stdout | tests/unit/preloadNormalPriority.test.js > preload normal priority (C-03) > schedules high-priority assets before normal-priority assets
[assetPreloader.js] [preloadImage] [success] Image preloaded successfully { src: '/assets/logo-high.png' }

stdout | tests/unit/preloadNormalPriority.test.js > preload normal priority (C-03) > schedules high-priority assets before normal-priority assets
[assetPreloader.js] [preloadAsset] [success] Asset preloaded { src: '/assets/logo-high.png', type: 'image' }

stdout | tests/unit/preloadNormalPriority.test.js > preload normal priority (C-03) > schedules high-priority assets before normal-priority assets
[assetPreloader.js] [preloadAsset] [start] Preloading asset {
  asset: { src: '/assets/icon-normal.png', type: 'image', priority: 'normal' }
}
[assetPreloader.js] [preloadImage] [start] Preloading image { src: '/assets/icon-normal.png', options: { priority: 'normal' } }

stdout | tests/unit/preloadNormalPriority.test.js > preload normal priority (C-03) > schedules high-priority assets before normal-priority assets
[assetPreloader.js] [preloadImage] [success] Image preloaded successfully { src: '/assets/icon-normal.png' }

stdout | tests/unit/preloadNormalPriority.test.js > preload normal priority (C-03) > schedules high-priority assets before normal-priority assets
[assetPreloader.js] [preloadAsset] [success] Asset preloaded { src: '/assets/icon-normal.png', type: 'image' }

stdout | tests/unit/preloadNormalPriority.test.js > preload normal priority (C-03) > schedules high-priority assets before normal-priority assets
[assetPreloader.js] [preloadAssets] [success] All assets preloaded { count: 2 }

stdout | tests/unit/preloadNormalPriority.test.js > preload normal priority (C-03) > maps normal route priority to fetchpriority=auto on image links
[assetPreloader.js] [preloadImage] [start] Preloading image { src: '/assets/icon-normal.png', options: { priority: 'normal' } }

stdout | tests/unit/preloadNormalPriority.test.js > preload normal priority (C-03) > maps normal route priority to fetchpriority=auto on image links
[assetPreloader.js] [preloadImage] [success] Image preloaded successfully { src: '/assets/icon-normal.png' }

 ✓ tests/unit/preloadNormalPriority.test.js (2 tests) 200ms
stdout | tests/unit/preloadUrlGuard.test.js > preload URL guard (S-04) > preloadImage does not inject link for data: URIs
[assetPreloader.js] [preloadImage] [blocked] Preload blocked by URL policy { src: 'data:image/png;base64,abc', reason: 'blocked-scheme' }

stdout | tests/unit/preloadUrlGuard.test.js > preload URL guard (S-04) > preloadFont allows same-origin paths
[assetPreloader.js] [preloadFont] [start] Preloading font { src: '/assets/fonts/primary.woff2', options: {} }

stdout | tests/unit/preloadUrlGuard.test.js > preload URL guard (S-04) > preloadFont allows same-origin paths
[assetPreloader.js] [preloadFont] [success] Font preloaded successfully { src: '/assets/fonts/primary.woff2' }

 ✓ tests/unit/preloadUrlGuard.test.js (2 tests) 192ms
stdout | tests/unit/preloadRetry.test.js > preloadImage retry (M-06) > retries after link onerror and succeeds on a later attempt
[assetPreloader.js] [preloadImage] [start] Preloading image { src: '/assets/retry-icon.png', options: { priority: 'high' } }

stdout | tests/unit/preloadRetry.test.js > preloadImage retry (M-06) > retries after link onerror and succeeds on a later attempt
[assetPreloader.js] [preloadImage] [retry] Retrying image preload { src: '/assets/retry-icon.png', attempt: 1 }

stdout | tests/unit/preloadRetry.test.js > preloadImage retry (M-06) > retries after link onerror and succeeds on a later attempt
[assetPreloader.js] [preloadImage] [success] Image preloaded successfully { src: '/assets/retry-icon.png' }

 ✓ tests/unit/preloadRetry.test.js (2 tests) 193ms
stdout | tests/unit/getAssetUrlAllowlist.test.js > getAssetUrl allowlist (S-06 login fix) > resolves auth.background from legacy i.ibb.co host until S-01
[cacheHandler.js] [removeFromCache] [start] Removing value from cache { key: 'asset_map_config' }
[cacheHandler.js] [removeFromCache] [not-found] Cache entry not found { key: 'asset_map_config' }
[cacheHandler.js] [removeFromCache] [return] Returning removal status { key: 'asset_map_config', existed: false }
[assetLibrary.js] [getAssetUrl] [start] Getting asset URL { flag: 'auth.background', environment: 'development' }
[cacheHandler.js] [getValueFromCache] [start] Getting value from cache { key: 'asset_url_development_auth.background' }
[cacheHandler.js] [getValueFromCache] [cache-miss] Key not found in cache { key: 'asset_url_development_auth.background' }
[cacheHandler.js] [getValueFromCache] [return] Returning null - key not found { key: 'asset_url_development_auth.background' }
[assetLibrary.js] [loadAssetMapConfig] [start] Loading asset map configuration {}
[cacheHandler.js] [getValueFromCache] [start] Getting value from cache { key: 'asset_map_config' }
[cacheHandler.js] [getValueFromCache] [cache-miss] Key not found in cache { key: 'asset_map_config' }
[cacheHandler.js] [getValueFromCache] [return] Returning null - key not found { key: 'asset_map_config' }
[assetLibrary.js] [loadAssetMapConfig] [bundled] Using build-time bundled asset map { source: 'bundled-dev' }
[assetLibrary.js] [loadAssetMapConfig] [success] Asset map loaded successfully {
  environments: [ 'development', 'staging', 'production' ],
  totalFlags: 40,
  source: 'bundled-dev'
}
[cacheHandler.js] [setValueWithExpiration] [start] Setting value in cache { key: 'asset_map_config', hasTTL: true }
[cacheHandler.js] [setValueWithExpiration] [success] Value cached successfully { key: 'asset_map_config', expiresAt: '2026-05-29T13:41:50.177Z' }
[cacheHandler.js] [setValueWithExpiration] [return] Cache set complete { key: 'asset_map_config' }

stdout | tests/unit/getAssetUrlAllowlist.test.js > getAssetUrl allowlist (S-06 login fix) > resolves auth.background from legacy i.ibb.co host until S-01
[assetLibrary.js] [getAssetUrl] [success] Asset URL resolved {
  flag: 'auth.background',
  url: 'https://i.ibb.co/jPw7ChWb/auth-bg.webp',
  environment: 'development'
}
[cacheHandler.js] [setValueWithExpiration] [start] Setting value in cache { key: 'asset_url_development_auth.background', hasTTL: true }
[cacheHandler.js] [setValueWithExpiration] [success] Value cached successfully {
  key: 'asset_url_development_auth.background',
  expiresAt: '2026-05-29T13:11:50.180Z'
}
[cacheHandler.js] [setValueWithExpiration] [return] Cache set complete { key: 'asset_url_development_auth.background' }

stdout | tests/unit/getAssetUrlAllowlist.test.js > getAssetUrl allowlist (S-06 login fix) > still blocks javascript: URLs from getAssetUrl
[cacheHandler.js] [removeFromCache] [start] Removing value from cache { key: 'asset_map_config' }
[cacheHandler.js] [removeFromCache] [not-found] Cache entry not found { key: 'asset_map_config' }
[cacheHandler.js] [removeFromCache] [return] Returning removal status { key: 'asset_map_config', existed: false }
[assetLibrary.js] [loadAssetMapConfig] [start] Loading asset map configuration {}
[cacheHandler.js] [getValueFromCache] [start] Getting value from cache { key: 'asset_map_config' }
[cacheHandler.js] [getValueFromCache] [cache-miss] Key not found in cache { key: 'asset_map_config' }
[cacheHandler.js] [getValueFromCache] [return] Returning null - key not found { key: 'asset_map_config' }
[assetLibrary.js] [loadAssetMapConfig] [bundled] Using build-time bundled asset map { source: 'bundled-dev' }
[assetLibrary.js] [loadAssetMapConfig] [success] Asset map loaded successfully {
  environments: [ 'development', 'staging', 'production' ],
  totalFlags: 40,
  source: 'bundled-dev'
}
[cacheHandler.js] [setValueWithExpiration] [start] Setting value in cache { key: 'asset_map_config', hasTTL: true }
[cacheHandler.js] [setValueWithExpiration] [success] Value cached successfully { key: 'asset_map_config', expiresAt: '2026-05-29T13:41:50.227Z' }
[cacheHandler.js] [setValueWithExpiration] [return] Cache set complete { key: 'asset_map_config' }

stdout | tests/unit/getAssetUrlAllowlist.test.js > getAssetUrl allowlist (S-06 login fix) > still blocks javascript: URLs from getAssetUrl
[assetLibrary.js] [getAssetUrl] [start] Getting asset URL { flag: 'icon.test', environment: 'development' }
[cacheHandler.js] [getValueFromCache] [start] Getting value from cache { key: 'asset_url_development_icon.test' }
[cacheHandler.js] [getValueFromCache] [cache-miss] Key not found in cache { key: 'asset_url_development_icon.test' }
[cacheHandler.js] [getValueFromCache] [return] Returning null - key not found { key: 'asset_url_development_icon.test' }
[assetLibrary.js] [loadAssetMapConfig] [start] Loading asset map configuration {}
[assetLibrary.js] [loadAssetMapConfig] [memory-hit] Returning cached asset map from memory { source: 'bundled-dev' }

stdout | tests/unit/getAssetUrlAllowlist.test.js > getAssetUrl allowlist (S-06 login fix) > still blocks javascript: URLs from getAssetUrl
[assetLibrary.js] [getAssetUrl] [success] Asset URL resolved {
  flag: 'icon.test',
  url: 'javascript:alert(1)',
  environment: 'development'
}
[assetLibrary.js] [getAssetUrl] [blocked] Resolved URL blocked by policy {
  flag: 'icon.test',
  url: 'javascript:alert(1)',
  reason: 'blocked-scheme'
}

 ✓ tests/unit/getAssetUrlAllowlist.test.js (2 tests) 143ms
 ✓ tests/unit/assetMapUrl.test.js (2 tests) 140ms
 ✓ tests/unit/assetMapConfig.test.js (2 tests) 150ms
 ✓ tests/handler/AssetHandler.validation.test.js (23 tests) 130ms
stdout | tests/unit/getAssetPreloadEntriesForSection.test.js > getAssetPreloadEntriesForSection (P-06) > merges assetPreload from routes in the same section
[getAssetPreloadEntriesForSection.js] [getAssetPreloadEntriesForSection] [success] Section asset preload rollup built {
  sectionName: 'dashboard-global',
  routeCount: 2,
  assetCount: 2,
  rawAssetCount: 2,
  duplicateCount: 0
}

stdout | tests/unit/getAssetPreloadEntriesForSection.test.js > getAssetPreloadEntriesForSection (P-06) > returns memoized rollup without re-scanning routes
[getAssetPreloadEntriesForSection.js] [getAssetPreloadEntriesForSection] [success] Section asset preload rollup built {
  sectionName: 'auth',
  routeCount: 1,
  assetCount: 1,
  rawAssetCount: 1,
  duplicateCount: 0
}
[getAssetPreloadEntriesForSection.js] [getAssetPreloadEntriesForSection] [cache-hit] Returning cached section asset preload rollup { sectionName: 'auth', routeCount: 1, assetCount: 1, rawAssetCount: 1 }

stdout | tests/unit/getAssetPreloadEntriesForSection.test.js > getAssetPreloadEntriesForSection (P-06) > deduplicates assetPreload entries by flag within a section (M-01)
[getAssetPreloadEntriesForSection.js] [getAssetPreloadEntriesForSection] [success] Section asset preload rollup built {
  sectionName: 'dashboard-global',
  routeCount: 2,
  assetCount: 3,
  rawAssetCount: 4,
  duplicateCount: 1
}

stdout | tests/unit/getAssetPreloadEntriesForSection.test.js > getAssetPreloadEntriesForSection (P-06) > deduplicates assetPreload entries by src when flag is absent (M-01)
[getAssetPreloadEntriesForSection.js] [getAssetPreloadEntriesForSection] [success] Section asset preload rollup built {
  sectionName: 'auth',
  routeCount: 2,
  assetCount: 1,
  rawAssetCount: 2,
  duplicateCount: 1
}

stdout | tests/unit/getAssetPreloadEntriesForSection.test.js > getAssetPreloadEntriesForSection (P-06) > excludes enabled: false routes from section assetPreload rollups (C-01)
[getAssetPreloadEntriesForSection.js] [getAssetPreloadEntriesForSection] [success] Section asset preload rollup built {
  sectionName: 'dashboard-global',
  routeCount: 2,
  assetCount: 2,
  rawAssetCount: 2,
  duplicateCount: 0
}

stdout | tests/unit/getAssetPreloadEntriesForSection.test.js > getAssetPreloadEntriesForSection (P-06) > inherits parent assetPreload for child routes with inheritConfigFromParent (C-02)
[routeResolver.js] [inheritConfigurationFromParentRoute] [start] Inheriting configuration from parent { childSlug: '/dashboard/payout' }
[routeResolver.js] [findParentRouteBySlug] [found] Parent route found { childSlug: '/dashboard/payout', parentSlug: '/dashboard' }
[routeResolver.js] [findParentRouteBySlug] [return] Returning found parent route { childSlug: '/dashboard/payout', parentSlug: '/dashboard' }
[objectSafety.js] [deepMergePreferChild] [start] Starting deep merge operation { hasParent: true, hasChild: true }
[objectSafety.js] [deepMergePreferChild] [success] Deep merge completed { mergedKeys: 6 }
[objectSafety.js] [deepMergePreferChild] [return] Returning merged object { mergedKeys: 6 }
[routeResolver.js] [inheritConfigurationFromParentRoute] [success] Parent configuration inherited {
  childSlug: '/dashboard/payout',
  parentSlug: '/dashboard',
  requiresAuth: undefined,
  redirectIfNotAuth: undefined,
  inheritedRequiresAuth: false,
  inheritedAssetPreloadCount: 1
}
[routeResolver.js] [inheritConfigurationFromParentRoute] [return] Returning merged configuration { childSlug: '/dashboard/payout', parentSlug: '/dashboard' }
[getAssetPreloadEntriesForSection.js] [getAssetPreloadEntriesForSection] [success] Section asset preload rollup built {
  sectionName: 'dashboard-creator',
  routeCount: 1,
  assetCount: 1,
  rawAssetCount: 1,
  duplicateCount: 0
}

stdout | tests/unit/getAssetPreloadEntriesForSection.test.js > getAssetPreloadEntriesForSection (P-06) > clearAssetPreloadSectionCache forces a rebuild on next call
[getAssetPreloadEntriesForSection.js] [getAssetPreloadEntriesForSection] [success] Section asset preload rollup built {
  sectionName: 'auth',
  routeCount: 1,
  assetCount: 1,
  rawAssetCount: 1,
  duplicateCount: 0
}
[getAssetPreloadEntriesForSection.js] [getAssetPreloadEntriesForSection] [success] Section asset preload rollup built {
  sectionName: 'auth',
  routeCount: 1,
  assetCount: 1,
  rawAssetCount: 1,
  duplicateCount: 0
}

 ✓ tests/unit/getAssetPreloadEntriesForSection.test.js (7 tests) 104ms
stdout | tests/unit/shopAssetPreloadConfig.test.js > C-04 — /shop does not duplicate dashboard icons in shop section bucket > shop route has no assetPreloadRef; dashboard-global owns dashboardMenuIcons
[routeConfigLoader.js] [getRouteConfiguration] [call] Getting route configuration {}
[routeConfigLoader.js] [getCachedRouteConfiguration] [start] Getting cached route configuration {}
[routeConfigLoader.js] [loadRouteConfigurationFromFile] [start] Loading route configuration {}
[jsonConfigLoader.js] [loadJsonConfigFromImport] [start] Loading JSON config from import: route_config { configName: 'route_config', dataType: 'array' }
[jsonConfigLoader.js] [validateJsonData] [start] Validating JSON data for route_config {}
[jsonConfigLoader.js] [validateJsonData] [success] JSON data is valid { configName: 'route_config' }
[jsonConfigLoader.js] [validateJsonData] [return] Returning validation success { valid: true }
[jsonConfigLoader.js] [loadJsonConfigFromImport] [info] Running custom validator { configName: 'route_config' }
[jsonConfigValidator.js] [validateRouteConfig] [start] Validating route configuration { routeCount: 71 }
[jsonConfigValidator.js] [validateRouteConfig] [info] Route config validation complete { valid: true, errorCount: 0, warningCount: 0 }
[jsonConfigValidator.js] [validateRouteConfig] [return] Returning validation result { valid: true, errorCount: 0, warningCount: 0 }
[cacheHandler.js] [setValueWithExpiration] [start] Setting value in cache { key: 'json_config_route_config', hasTTL: false }
[cacheHandler.js] [setValueWithExpiration] [success] Value cached successfully { key: 'json_config_route_config', expiresAt: 'never' }
[cacheHandler.js] [setValueWithExpiration] [return] Cache set complete { key: 'json_config_route_config' }
[jsonConfigLoader.js] [loadJsonConfigFromImport] [success] Config loaded and cached: route_config { configName: 'route_config', dataType: 'array' }
[jsonConfigLoader.js] [loadJsonConfigFromImport] [return] Returning imported data { success: true }
[routeConfigLoader.js] [loadRouteConfigurationFromFile] [success] Route configuration loaded { routeCount: 71 }
[routeConfigLoader.js] [loadRouteConfigurationFromFile] [return] Returning loaded route configuration { routeCount: 71 }
[routeConfigLoader.js] [getCachedRouteConfiguration] [success] Route configuration retrieved { routeCount: 71 }
[routeConfigLoader.js] [getCachedRouteConfiguration] [return] Returning route configuration { routeCount: 71 }
[routeConfigLoader.js] [getRouteConfiguration] [return] Returning route configuration via cache { routeCount: 71 }
[routeConfigLoader.js] [getRouteConfiguration] [call] Getting route configuration {}
[routeConfigLoader.js] [getCachedRouteConfiguration] [start] Getting cached route configuration {}
[routeConfigLoader.js] [loadRouteConfigurationFromFile] [start] Loading route configuration {}
[jsonConfigLoader.js] [loadJsonConfigFromImport] [start] Loading JSON config from import: route_config { configName: 'route_config', dataType: 'array' }
[jsonConfigLoader.js] [validateJsonData] [start] Validating JSON data for route_config {}
[jsonConfigLoader.js] [validateJsonData] [success] JSON data is valid { configName: 'route_config' }
[jsonConfigLoader.js] [validateJsonData] [return] Returning validation success { valid: true }
[jsonConfigLoader.js] [loadJsonConfigFromImport] [info] Running custom validator { configName: 'route_config' }
[jsonConfigValidator.js] [validateRouteConfig] [start] Validating route configuration { routeCount: 71 }
[jsonConfigValidator.js] [validateRouteConfig] [info] Route config validation complete { valid: true, errorCount: 0, warningCount: 0 }
[jsonConfigValidator.js] [validateRouteConfig] [return] Returning validation result { valid: true, errorCount: 0, warningCount: 0 }
[cacheHandler.js] [setValueWithExpiration] [start] Setting value in cache { key: 'json_config_route_config', hasTTL: false }
[cacheHandler.js] [setValueWithExpiration] [success] Value cached successfully { key: 'json_config_route_config', expiresAt: 'never' }
[cacheHandler.js] [setValueWithExpiration] [return] Cache set complete { key: 'json_config_route_config' }
[jsonConfigLoader.js] [loadJsonConfigFromImport] [success] Config loaded and cached: route_config { configName: 'route_config', dataType: 'array' }
[jsonConfigLoader.js] [loadJsonConfigFromImport] [return] Returning imported data { success: true }
[routeConfigLoader.js] [loadRouteConfigurationFromFile] [success] Route configuration loaded { routeCount: 71 }
[routeConfigLoader.js] [loadRouteConfigurationFromFile] [return] Returning loaded route configuration { routeCount: 71 }
[routeConfigLoader.js] [getCachedRouteConfiguration] [success] Route configuration retrieved { routeCount: 71 }
[routeConfigLoader.js] [getCachedRouteConfiguration] [return] Returning route configuration { routeCount: 71 }
[routeConfigLoader.js] [getRouteConfiguration] [return] Returning route configuration via cache { routeCount: 71 }
[getAssetPreloadEntriesForSection.js] [getAssetPreloadEntriesForSection] [success] Section asset preload rollup built {
  sectionName: 'shop',
  routeCount: 1,
  assetCount: 0,
  rawAssetCount: 0,
  duplicateCount: 0
}
[routeConfigLoader.js] [getRouteConfiguration] [call] Getting route configuration {}
[routeConfigLoader.js] [getCachedRouteConfiguration] [start] Getting cached route configuration {}
[routeConfigLoader.js] [loadRouteConfigurationFromFile] [start] Loading route configuration {}
[jsonConfigLoader.js] [loadJsonConfigFromImport] [start] Loading JSON config from import: route_config { configName: 'route_config', dataType: 'array' }
[jsonConfigLoader.js] [validateJsonData] [start] Validating JSON data for route_config {}
[jsonConfigLoader.js] [validateJsonData] [success] JSON data is valid { configName: 'route_config' }
[jsonConfigLoader.js] [validateJsonData] [return] Returning validation success { valid: true }
[jsonConfigLoader.js] [loadJsonConfigFromImport] [info] Running custom validator { configName: 'route_config' }
[jsonConfigValidator.js] [validateRouteConfig] [start] Validating route configuration { routeCount: 71 }
[jsonConfigValidator.js] [validateRouteConfig] [info] Route config validation complete { valid: true, errorCount: 0, warningCount: 0 }
[jsonConfigValidator.js] [validateRouteConfig] [return] Returning validation result { valid: true, errorCount: 0, warningCount: 0 }
[cacheHandler.js] [setValueWithExpiration] [start] Setting value in cache { key: 'json_config_route_config', hasTTL: false }
[cacheHandler.js] [setValueWithExpiration] [success] Value cached successfully { key: 'json_config_route_config', expiresAt: 'never' }
[cacheHandler.js] [setValueWithExpiration] [return] Cache set complete { key: 'json_config_route_config' }
[jsonConfigLoader.js] [loadJsonConfigFromImport] [success] Config loaded and cached: route_config { configName: 'route_config', dataType: 'array' }
[jsonConfigLoader.js] [loadJsonConfigFromImport] [return] Returning imported data { success: true }
[routeConfigLoader.js] [loadRouteConfigurationFromFile] [success] Route configuration loaded { routeCount: 71 }
[routeConfigLoader.js] [loadRouteConfigurationFromFile] [return] Returning loaded route configuration { routeCount: 71 }
[routeConfigLoader.js] [getCachedRouteConfiguration] [success] Route configuration retrieved { routeCount: 71 }
[routeConfigLoader.js] [getCachedRouteConfiguration] [return] Returning route configuration { routeCount: 71 }
[routeConfigLoader.js] [getRouteConfiguration] [return] Returning route configuration via cache { routeCount: 71 }
[routeResolver.js] [inheritConfigurationFromParentRoute] [start] Inheriting configuration from parent { childSlug: '/dashboard/account/change-password' }
[routeConfigLoader.js] [getRouteConfiguration] [call] Getting route configuration {}
[routeConfigLoader.js] [getCachedRouteConfiguration] [start] Getting cached route configuration {}
[routeConfigLoader.js] [loadRouteConfigurationFromFile] [start] Loading route configuration {}
[jsonConfigLoader.js] [loadJsonConfigFromImport] [start] Loading JSON config from import: route_config { configName: 'route_config', dataType: 'array' }
[jsonConfigLoader.js] [validateJsonData] [start] Validating JSON data for route_config {}
[jsonConfigLoader.js] [validateJsonData] [success] JSON data is valid { configName: 'route_config' }
[jsonConfigLoader.js] [validateJsonData] [return] Returning validation success { valid: true }
[jsonConfigLoader.js] [loadJsonConfigFromImport] [info] Running custom validator { configName: 'route_config' }
[jsonConfigValidator.js] [validateRouteConfig] [start] Validating route configuration { routeCount: 71 }
[jsonConfigValidator.js] [validateRouteConfig] [info] Route config validation complete { valid: true, errorCount: 0, warningCount: 0 }
[jsonConfigValidator.js] [validateRouteConfig] [return] Returning validation result { valid: true, errorCount: 0, warningCount: 0 }
[cacheHandler.js] [setValueWithExpiration] [start] Setting value in cache { key: 'json_config_route_config', hasTTL: false }
[cacheHandler.js] [setValueWithExpiration] [success] Value cached successfully { key: 'json_config_route_config', expiresAt: 'never' }
[cacheHandler.js] [setValueWithExpiration] [return] Cache set complete { key: 'json_config_route_config' }
[jsonConfigLoader.js] [loadJsonConfigFromImport] [success] Config loaded and cached: route_config { configName: 'route_config', dataType: 'array' }
[jsonConfigLoader.js] [loadJsonConfigFromImport] [return] Returning imported data { success: true }
[routeConfigLoader.js] [loadRouteConfigurationFromFile] [success] Route configuration loaded { routeCount: 71 }
[routeConfigLoader.js] [loadRouteConfigurationFromFile] [return] Returning loaded route configuration { routeCount: 71 }
[routeConfigLoader.js] [getCachedRouteConfiguration] [success] Route configuration retrieved { routeCount: 71 }
[routeConfigLoader.js] [getCachedRouteConfiguration] [return] Returning route configuration { routeCount: 71 }
[routeConfigLoader.js] [getRouteConfiguration] [return] Returning route configuration via cache { routeCount: 71 }
[routeResolver.js] [findParentRouteBySlug] [found] Parent route found {
  childSlug: '/dashboard/account/change-password',
  parentSlug: '/dashboard'
}
[routeResolver.js] [findParentRouteBySlug] [return] Returning found parent route {
  childSlug: '/dashboard/account/change-password',
  parentSlug: '/dashboard'
}
[objectSafety.js] [deepMergePreferChild] [start] Starting deep merge operation { hasParent: true, hasChild: true }
[objectSafety.js] [deepMergePreferChild] [success] Deep merge completed { mergedKeys: 10 }
[objectSafety.js] [deepMergePreferChild] [return] Returning merged object { mergedKeys: 10 }
[routeResolver.js] [inheritConfigurationFromParentRoute] [success] Parent configuration inherited {
  childSlug: '/dashboard/account/change-password',
  parentSlug: '/dashboard',
  requiresAuth: true,
  redirectIfNotAuth: '/log-in',
  inheritedRequiresAuth: true,
  inheritedAssetPreloadCount: 21
}
[routeResolver.js] [inheritConfigurationFromParentRoute] [return] Returning merged configuration {
  childSlug: '/dashboard/account/change-password',
  parentSlug: '/dashboard'
}
[routeResolver.js] [inheritConfigurationFromParentRoute] [start] Inheriting configuration from parent { childSlug: '/dashboard/following' }
[routeConfigLoader.js] [getRouteConfiguration] [call] Getting route configuration {}
[routeConfigLoader.js] [getCachedRouteConfiguration] [start] Getting cached route configuration {}
[routeConfigLoader.js] [loadRouteConfigurationFromFile] [start] Loading route configuration {}
[jsonConfigLoader.js] [loadJsonConfigFromImport] [start] Loading JSON config from import: route_config { configName: 'route_config', dataType: 'array' }
[jsonConfigLoader.js] [validateJsonData] [start] Validating JSON data for route_config {}
[jsonConfigLoader.js] [validateJsonData] [success] JSON data is valid { configName: 'route_config' }
[jsonConfigLoader.js] [validateJsonData] [return] Returning validation success { valid: true }
[jsonConfigLoader.js] [loadJsonConfigFromImport] [info] Running custom validator { configName: 'route_config' }
[jsonConfigValidator.js] [validateRouteConfig] [start] Validating route configuration { routeCount: 71 }
[jsonConfigValidator.js] [validateRouteConfig] [info] Route config validation complete { valid: true, errorCount: 0, warningCount: 0 }
[jsonConfigValidator.js] [validateRouteConfig] [return] Returning validation result { valid: true, errorCount: 0, warningCount: 0 }
[cacheHandler.js] [setValueWithExpiration] [start] Setting value in cache { key: 'json_config_route_config', hasTTL: false }
[cacheHandler.js] [setValueWithExpiration] [success] Value cached successfully { key: 'json_config_route_config', expiresAt: 'never' }
[cacheHandler.js] [setValueWithExpiration] [return] Cache set complete { key: 'json_config_route_config' }
[jsonConfigLoader.js] [loadJsonConfigFromImport] [success] Config loaded and cached: route_config { configName: 'route_config', dataType: 'array' }
[jsonConfigLoader.js] [loadJsonConfigFromImport] [return] Returning imported data { success: true }
[routeConfigLoader.js] [loadRouteConfigurationFromFile] [success] Route configuration loaded { routeCount: 71 }
[routeConfigLoader.js] [loadRouteConfigurationFromFile] [return] Returning loaded route configuration { routeCount: 71 }
[routeConfigLoader.js] [getCachedRouteConfiguration] [success] Route configuration retrieved { routeCount: 71 }
[routeConfigLoader.js] [getCachedRouteConfiguration] [return] Returning route configuration { routeCount: 71 }
[routeConfigLoader.js] [getRouteConfiguration] [return] Returning route configuration via cache { routeCount: 71 }
[routeResolver.js] [findParentRouteBySlug] [found] Parent route found { childSlug: '/dashboard/following', parentSlug: '/dashboard' }
[routeResolver.js] [findParentRouteBySlug] [return] Returning found parent route { childSlug: '/dashboard/following', parentSlug: '/dashboard' }
[objectSafety.js] [deepMergePreferChild] [start] Starting deep merge operation { hasParent: true, hasChild: true }
[objectSafety.js] [deepMergePreferChild] [success] Deep merge completed { mergedKeys: 10 }
[objectSafety.js] [deepMergePreferChild] [return] Returning merged object { mergedKeys: 10 }
[routeResolver.js] [inheritConfigurationFromParentRoute] [success] Parent configuration inherited {
  childSlug: '/dashboard/following',
  parentSlug: '/dashboard',
  requiresAuth: true,
  redirectIfNotAuth: '/log-in',
  inheritedRequiresAuth: true,
  inheritedAssetPreloadCount: 21
}
[routeResolver.js] [inheritConfigurationFromParentRoute] [return] Returning merged configuration { childSlug: '/dashboard/following', parentSlug: '/dashboard' }
[routeResolver.js] [inheritConfigurationFromParentRoute] [start] Inheriting configuration from parent { childSlug: '/dashboard/settings/privacy-security' }
[routeConfigLoader.js] [getRouteConfiguration] [call] Getting route configuration {}
[routeConfigLoader.js] [getCachedRouteConfiguration] [start] Getting cached route configuration {}
[routeConfigLoader.js] [loadRouteConfigurationFromFile] [start] Loading route configuration {}
[jsonConfigLoader.js] [loadJsonConfigFromImport] [start] Loading JSON config from import: route_config { configName: 'route_config', dataType: 'array' }
[jsonConfigLoader.js] [validateJsonData] [start] Validating JSON data for route_config {}
[jsonConfigLoader.js] [validateJsonData] [success] JSON data is valid { configName: 'route_config' }
[jsonConfigLoader.js] [validateJsonData] [return] Returning validation success { valid: true }
[jsonConfigLoader.js] [loadJsonConfigFromImport] [info] Running custom validator { configName: 'route_config' }
[jsonConfigValidator.js] [validateRouteConfig] [start] Validating route configuration { routeCount: 71 }
[jsonConfigValidator.js] [validateRouteConfig] [info] Route config validation complete { valid: true, errorCount: 0, warningCount: 0 }
[jsonConfigValidator.js] [validateRouteConfig] [return] Returning validation result { valid: true, errorCount: 0, warningCount: 0 }
[cacheHandler.js] [setValueWithExpiration] [start] Setting value in cache { key: 'json_config_route_config', hasTTL: false }
[cacheHandler.js] [setValueWithExpiration] [success] Value cached successfully { key: 'json_config_route_config', expiresAt: 'never' }
[cacheHandler.js] [setValueWithExpiration] [return] Cache set complete { key: 'json_config_route_config' }
[jsonConfigLoader.js] [loadJsonConfigFromImport] [success] Config loaded and cached: route_config { configName: 'route_config', dataType: 'array' }
[jsonConfigLoader.js] [loadJsonConfigFromImport] [return] Returning imported data { success: true }
[routeConfigLoader.js] [loadRouteConfigurationFromFile] [success] Route configuration loaded { routeCount: 71 }
[routeConfigLoader.js] [loadRouteConfigurationFromFile] [return] Returning loaded route configuration { routeCount: 71 }
[routeConfigLoader.js] [getCachedRouteConfiguration] [success] Route configuration retrieved { routeCount: 71 }
[routeConfigLoader.js] [getCachedRouteConfiguration] [return] Returning route configuration { routeCount: 71 }
[routeConfigLoader.js] [getRouteConfiguration] [return] Returning route configuration via cache { routeCount: 71 }
[routeResolver.js] [findParentRouteBySlug] [found] Parent route found {
  childSlug: '/dashboard/settings/privacy-security',
  parentSlug: '/dashboard/settings'
}
[routeResolver.js] [findParentRouteBySlug] [return] Returning found parent route {
  childSlug: '/dashboard/settings/privacy-security',
  parentSlug: '/dashboard/settings'
}
[routeResolver.js] [inheritConfigurationFromParentRoute] [start] Inheriting configuration from parent { childSlug: '/dashboard/settings' }
[routeConfigLoader.js] [getRouteConfiguration] [call] Getting route configuration {}
[routeConfigLoader.js] [getCachedRouteConfiguration] [start] Getting cached route configuration {}
[routeConfigLoader.js] [loadRouteConfigurationFromFile] [start] Loading route configuration {}
[jsonConfigLoader.js] [loadJsonConfigFromImport] [start] Loading JSON config from import: route_config { configName: 'route_config', dataType: 'array' }
[jsonConfigLoader.js] [validateJsonData] [start] Validating JSON data for route_config {}
[jsonConfigLoader.js] [validateJsonData] [success] JSON data is valid { configName: 'route_config' }
[jsonConfigLoader.js] [validateJsonData] [return] Returning validation success { valid: true }
[jsonConfigLoader.js] [loadJsonConfigFromImport] [info] Running custom validator { configName: 'route_config' }
[jsonConfigValidator.js] [validateRouteConfig] [start] Validating route configuration { routeCount: 71 }
[jsonConfigValidator.js] [validateRouteConfig] [info] Route config validation complete { valid: true, errorCount: 0, warningCount: 0 }
[jsonConfigValidator.js] [validateRouteConfig] [return] Returning validation result { valid: true, errorCount: 0, warningCount: 0 }
[cacheHandler.js] [setValueWithExpiration] [start] Setting value in cache { key: 'json_config_route_config', hasTTL: false }
[cacheHandler.js] [setValueWithExpiration] [success] Value cached successfully { key: 'json_config_route_config', expiresAt: 'never' }
[cacheHandler.js] [setValueWithExpiration] [return] Cache set complete { key: 'json_config_route_config' }
[jsonConfigLoader.js] [loadJsonConfigFromImport] [success] Config loaded and cached: route_config { configName: 'route_config', dataType: 'array' }
[jsonConfigLoader.js] [loadJsonConfigFromImport] [return] Returning imported data { success: true }
[routeConfigLoader.js] [loadRouteConfigurationFromFile] [success] Route configuration loaded { routeCount: 71 }
[routeConfigLoader.js] [loadRouteConfigurationFromFile] [return] Returning loaded route configuration { routeCount: 71 }
[routeConfigLoader.js] [getCachedRouteConfiguration] [success] Route configuration retrieved { routeCount: 71 }
[routeConfigLoader.js] [getCachedRouteConfiguration] [return] Returning route configuration { routeCount: 71 }
[routeConfigLoader.js] [getRouteConfiguration] [return] Returning route configuration via cache { routeCount: 71 }
[routeResolver.js] [findParentRouteBySlug] [found] Parent route found { childSlug: '/dashboard/settings', parentSlug: '/dashboard' }
[routeResolver.js] [findParentRouteBySlug] [return] Returning found parent route { childSlug: '/dashboard/settings', parentSlug: '/dashboard' }
[objectSafety.js] [deepMergePreferChild] [start] Starting deep merge operation { hasParent: true, hasChild: true }
[objectSafety.js] [deepMergePreferChild] [success] Deep merge completed { mergedKeys: 11 }
[objectSafety.js] [deepMergePreferChild] [return] Returning merged object { mergedKeys: 11 }
[routeResolver.js] [inheritConfigurationFromParentRoute] [success] Parent configuration inherited {
  childSlug: '/dashboard/settings',
  parentSlug: '/dashboard',
  requiresAuth: true,
  redirectIfNotAuth: '/log-in',
  inheritedRequiresAuth: true,
  inheritedAssetPreloadCount: 21
}
[routeResolver.js] [inheritConfigurationFromParentRoute] [return] Returning merged configuration { childSlug: '/dashboard/settings', parentSlug: '/dashboard' }
[objectSafety.js] [deepMergePreferChild] [start] Starting deep merge operation { hasParent: true, hasChild: true }
[objectSafety.js] [deepMergePreferChild] [start] Starting deep merge operation { hasParent: true, hasChild: true }
[objectSafety.js] [deepMergePreferChild] [success] Deep merge completed { mergedKeys: 4 }
[objectSafety.js] [deepMergePreferChild] [return] Returning merged object { mergedKeys: 4 }
[objectSafety.js] [deepMergePreferChild] [success] Deep merge completed { mergedKeys: 11 }
[objectSafety.js] [deepMergePreferChild] [return] Returning merged object { mergedKeys: 11 }
[routeResolver.js] [inheritConfigurationFromParentRoute] [success] Parent configuration inherited {
  childSlug: '/dashboard/settings/privacy-security',
  parentSlug: '/dashboard/settings',
  requiresAuth: true,
  redirectIfNotAuth: '/log-in',
  inheritedRequiresAuth: true,
  inheritedAssetPreloadCount: 21
}
[routeResolver.js] [inheritConfigurationFromParentRoute] [return] Returning merged configuration {
  childSlug: '/dashboard/settings/privacy-security',
  parentSlug: '/dashboard/settings'
}
[routeResolver.js] [inheritConfigurationFromParentRoute] [start] Inheriting configuration from parent { childSlug: '/dashboard/store/purchased-media' }
[routeConfigLoader.js] [getRouteConfiguration] [call] Getting route configuration {}
[routeConfigLoader.js] [getCachedRouteConfiguration] [start] Getting cached route configuration {}
[routeConfigLoader.js] [loadRouteConfigurationFromFile] [start] Loading route configuration {}
[jsonConfigLoader.js] [loadJsonConfigFromImport] [start] Loading JSON config from import: route_config { configName: 'route_config', dataType: 'array' }
[jsonConfigLoader.js] [validateJsonData] [start] Validating JSON data for route_config {}
[jsonConfigLoader.js] [validateJsonData] [success] JSON data is valid { configName: 'route_config' }
[jsonConfigLoader.js] [validateJsonData] [return] Returning validation success { valid: true }
[jsonConfigLoader.js] [loadJsonConfigFromImport] [info] Running custom validator { configName: 'route_config' }
[jsonConfigValidator.js] [validateRouteConfig] [start] Validating route configuration { routeCount: 71 }
[jsonConfigValidator.js] [validateRouteConfig] [info] Route config validation complete { valid: true, errorCount: 0, warningCount: 0 }
[jsonConfigValidator.js] [validateRouteConfig] [return] Returning validation result { valid: true, errorCount: 0, warningCount: 0 }
[cacheHandler.js] [setValueWithExpiration] [start] Setting value in cache { key: 'json_config_route_config', hasTTL: false }
[cacheHandler.js] [setValueWithExpiration] [success] Value cached successfully { key: 'json_config_route_config', expiresAt: 'never' }
[cacheHandler.js] [setValueWithExpiration] [return] Cache set complete { key: 'json_config_route_config' }
[jsonConfigLoader.js] [loadJsonConfigFromImport] [success] Config loaded and cached: route_config { configName: 'route_config', dataType: 'array' }
[jsonConfigLoader.js] [loadJsonConfigFromImport] [return] Returning imported data { success: true }
[routeConfigLoader.js] [loadRouteConfigurationFromFile] [success] Route configuration loaded { routeCount: 71 }
[routeConfigLoader.js] [loadRouteConfigurationFromFile] [return] Returning loaded route configuration { routeCount: 71 }
[routeConfigLoader.js] [getCachedRouteConfiguration] [success] Route configuration retrieved { routeCount: 71 }
[routeConfigLoader.js] [getCachedRouteConfiguration] [return] Returning route configuration { routeCount: 71 }
[routeConfigLoader.js] [getRouteConfiguration] [return] Returning route configuration via cache { routeCount: 71 }
[routeResolver.js] [findParentRouteBySlug] [found] Parent route found {
  childSlug: '/dashboard/store/purchased-media',
  parentSlug: '/dashboard'
}
[routeResolver.js] [findParentRouteBySlug] [return] Returning found parent route {
  childSlug: '/dashboard/store/purchased-media',
  parentSlug: '/dashboard'
}
[objectSafety.js] [deepMergePreferChild] [start] Starting deep merge operation { hasParent: true, hasChild: true }
[objectSafety.js] [deepMergePreferChild] [success] Deep merge completed { mergedKeys: 10 }
[objectSafety.js] [deepMergePreferChild] [return] Returning merged object { mergedKeys: 10 }
[routeResolver.js] [inheritConfigurationFromParentRoute] [success] Parent configuration inherited {
  childSlug: '/dashboard/store/purchased-media',
  parentSlug: '/dashboard',
  requiresAuth: true,
  redirectIfNotAuth: '/log-in',
  inheritedRequiresAuth: true,
  inheritedAssetPreloadCount: 21
}
[routeResolver.js] [inheritConfigurationFromParentRoute] [return] Returning merged configuration {
  childSlug: '/dashboard/store/purchased-media',
  parentSlug: '/dashboard'
}
[routeResolver.js] [inheritConfigurationFromParentRoute] [start] Inheriting configuration from parent { childSlug: '/dashboard/shop/purchases' }
[routeConfigLoader.js] [getRouteConfiguration] [call] Getting route configuration {}
[routeConfigLoader.js] [getCachedRouteConfiguration] [start] Getting cached route configuration {}
[routeConfigLoader.js] [loadRouteConfigurationFromFile] [start] Loading route configuration {}
[jsonConfigLoader.js] [loadJsonConfigFromImport] [start] Loading JSON config from import: route_config { configName: 'route_config', dataType: 'array' }
[jsonConfigLoader.js] [validateJsonData] [start] Validating JSON data for route_config {}
[jsonConfigLoader.js] [validateJsonData] [success] JSON data is valid { configName: 'route_config' }
[jsonConfigLoader.js] [validateJsonData] [return] Returning validation success { valid: true }
[jsonConfigLoader.js] [loadJsonConfigFromImport] [info] Running custom validator { configName: 'route_config' }
[jsonConfigValidator.js] [validateRouteConfig] [start] Validating route configuration { routeCount: 71 }
[jsonConfigValidator.js] [validateRouteConfig] [info] Route config validation complete { valid: true, errorCount: 0, warningCount: 0 }
[jsonConfigValidator.js] [validateRouteConfig] [return] Returning validation result { valid: true, errorCount: 0, warningCount: 0 }
[cacheHandler.js] [setValueWithExpiration] [start] Setting value in cache { key: 'json_config_route_config', hasTTL: false }
[cacheHandler.js] [setValueWithExpiration] [success] Value cached successfully { key: 'json_config_route_config', expiresAt: 'never' }
[cacheHandler.js] [setValueWithExpiration] [return] Cache set complete { key: 'json_config_route_config' }
[jsonConfigLoader.js] [loadJsonConfigFromImport] [success] Config loaded and cached: route_config { configName: 'route_config', dataType: 'array' }
[jsonConfigLoader.js] [loadJsonConfigFromImport] [return] Returning imported data { success: true }
[routeConfigLoader.js] [loadRouteConfigurationFromFile] [success] Route configuration loaded { routeCount: 71 }
[routeConfigLoader.js] [loadRouteConfigurationFromFile] [return] Returning loaded route configuration { routeCount: 71 }
[routeConfigLoader.js] [getCachedRouteConfiguration] [success] Route configuration retrieved { routeCount: 71 }
[routeConfigLoader.js] [getCachedRouteConfiguration] [return] Returning route configuration { routeCount: 71 }
[routeConfigLoader.js] [getRouteConfiguration] [return] Returning route configuration via cache { routeCount: 71 }
[routeResolver.js] [findParentRouteBySlug] [found] Parent route found { childSlug: '/dashboard/shop/purchases', parentSlug: '/dashboard' }
[routeResolver.js] [findParentRouteBySlug] [return] Returning found parent route { childSlug: '/dashboard/shop/purchases', parentSlug: '/dashboard' }
[objectSafety.js] [deepMergePreferChild] [start] Starting deep merge operation { hasParent: true, hasChild: true }
[objectSafety.js] [deepMergePreferChild] [success] Deep merge completed { mergedKeys: 10 }
[objectSafety.js] [deepMergePreferChild] [return] Returning merged object { mergedKeys: 10 }
[routeResolver.js] [inheritConfigurationFromParentRoute] [success] Parent configuration inherited {
  childSlug: '/dashboard/shop/purchases',
  parentSlug: '/dashboard',
  requiresAuth: true,
  redirectIfNotAuth: '/log-in',
  inheritedRequiresAuth: true,
  inheritedAssetPreloadCount: 21
}
[routeResolver.js] [inheritConfigurationFromParentRoute] [return] Returning merged configuration { childSlug: '/dashboard/shop/purchases', parentSlug: '/dashboard' }
[routeResolver.js] [inheritConfigurationFromParentRoute] [start] Inheriting configuration from parent { childSlug: '/dashboard/referrals' }
[routeConfigLoader.js] [getRouteConfiguration] [call] Getting route configuration {}
[routeConfigLoader.js] [getCachedRouteConfiguration] [start] Getting cached route configuration {}
[routeConfigLoader.js] [loadRouteConfigurationFromFile] [start] Loading route configuration {}
[jsonConfigLoader.js] [loadJsonConfigFromImport] [start] Loading JSON config from import: route_config { configName: 'route_config', dataType: 'array' }
[jsonConfigLoader.js] [validateJsonData] [start] Validating JSON data for route_config {}
[jsonConfigLoader.js] [validateJsonData] [success] JSON data is valid { configName: 'route_config' }
[jsonConfigLoader.js] [validateJsonData] [return] Returning validation success { valid: true }
[jsonConfigLoader.js] [loadJsonConfigFromImport] [info] Running custom validator { configName: 'route_config' }
[jsonConfigValidator.js] [validateRouteConfig] [start] Validating route configuration { routeCount: 71 }
[jsonConfigValidator.js] [validateRouteConfig] [info] Route config validation complete { valid: true, errorCount: 0, warningCount: 0 }
[jsonConfigValidator.js] [validateRouteConfig] [return] Returning validation result { valid: true, errorCount: 0, warningCount: 0 }
[cacheHandler.js] [setValueWithExpiration] [start] Setting value in cache { key: 'json_config_route_config', hasTTL: false }
[cacheHandler.js] [setValueWithExpiration] [success] Value cached successfully { key: 'json_config_route_config', expiresAt: 'never' }
[cacheHandler.js] [setValueWithExpiration] [return] Cache set complete { key: 'json_config_route_config' }
[jsonConfigLoader.js] [loadJsonConfigFromImport] [success] Config loaded and cached: route_config { configName: 'route_config', dataType: 'array' }
[jsonConfigLoader.js] [loadJsonConfigFromImport] [return] Returning imported data { success: true }
[routeConfigLoader.js] [loadRouteConfigurationFromFile] [success] Route configuration loaded { routeCount: 71 }
[routeConfigLoader.js] [loadRouteConfigurationFromFile] [return] Returning loaded route configuration { routeCount: 71 }
[routeConfigLoader.js] [getCachedRouteConfiguration] [success] Route configuration retrieved { routeCount: 71 }
[routeConfigLoader.js] [getCachedRouteConfiguration] [return] Returning route configuration { routeCount: 71 }
[routeConfigLoader.js] [getRouteConfiguration] [return] Returning route configuration via cache { routeCount: 71 }
[routeResolver.js] [findParentRouteBySlug] [found] Parent route found { childSlug: '/dashboard/referrals', parentSlug: '/dashboard' }
[routeResolver.js] [findParentRouteBySlug] [return] Returning found parent route { childSlug: '/dashboard/referrals', parentSlug: '/dashboard' }
[objectSafety.js] [deepMergePreferChild] [start] Starting deep merge operation { hasParent: true, hasChild: true }
[objectSafety.js] [deepMergePreferChild] [success] Deep merge completed { mergedKeys: 10 }
[objectSafety.js] [deepMergePreferChild] [return] Returning merged object { mergedKeys: 10 }
[routeResolver.js] [inheritConfigurationFromParentRoute] [success] Parent configuration inherited {
  childSlug: '/dashboard/referrals',
  parentSlug: '/dashboard',
  requiresAuth: true,
  redirectIfNotAuth: '/log-in',
  inheritedRequiresAuth: true,
  inheritedAssetPreloadCount: 21
}
[routeResolver.js] [inheritConfigurationFromParentRoute] [return] Returning merged configuration { childSlug: '/dashboard/referrals', parentSlug: '/dashboard' }
[routeResolver.js] [inheritConfigurationFromParentRoute] [start] Inheriting configuration from parent { childSlug: '/dashboard/account/shipping' }
[routeConfigLoader.js] [getRouteConfiguration] [call] Getting route configuration {}
[routeConfigLoader.js] [getCachedRouteConfiguration] [start] Getting cached route configuration {}
[routeConfigLoader.js] [loadRouteConfigurationFromFile] [start] Loading route configuration {}
[jsonConfigLoader.js] [loadJsonConfigFromImport] [start] Loading JSON config from import: route_config { configName: 'route_config', dataType: 'array' }
[jsonConfigLoader.js] [validateJsonData] [start] Validating JSON data for route_config {}
[jsonConfigLoader.js] [validateJsonData] [success] JSON data is valid { configName: 'route_config' }
[jsonConfigLoader.js] [validateJsonData] [return] Returning validation success { valid: true }
[jsonConfigLoader.js] [loadJsonConfigFromImport] [info] Running custom validator { configName: 'route_config' }
[jsonConfigValidator.js] [validateRouteConfig] [start] Validating route configuration { routeCount: 71 }
[jsonConfigValidator.js] [validateRouteConfig] [info] Route config validation complete { valid: true, errorCount: 0, warningCount: 0 }
[jsonConfigValidator.js] [validateRouteConfig] [return] Returning validation result { valid: true, errorCount: 0, warningCount: 0 }
[cacheHandler.js] [setValueWithExpiration] [start] Setting value in cache { key: 'json_config_route_config', hasTTL: false }
[cacheHandler.js] [setValueWithExpiration] [success] Value cached successfully { key: 'json_config_route_config', expiresAt: 'never' }
[cacheHandler.js] [setValueWithExpiration] [return] Cache set complete { key: 'json_config_route_config' }
[jsonConfigLoader.js] [loadJsonConfigFromImport] [success] Config loaded and cached: route_config { configName: 'route_config', dataType: 'array' }
[jsonConfigLoader.js] [loadJsonConfigFromImport] [return] Returning imported data { success: true }
[routeConfigLoader.js] [loadRouteConfigurationFromFile] [success] Route configuration loaded { routeCount: 71 }
[routeConfigLoader.js] [loadRouteConfigurationFromFile] [return] Returning loaded route configuration { routeCount: 71 }
[routeConfigLoader.js] [getCachedRouteConfiguration] [success] Route configuration retrieved { routeCount: 71 }
[routeConfigLoader.js] [getCachedRouteConfiguration] [return] Returning route configuration { routeCount: 71 }
[routeConfigLoader.js] [getRouteConfiguration] [return] Returning route configuration via cache { routeCount: 71 }
[routeResolver.js] [findParentRouteBySlug] [found] Parent route found { childSlug: '/dashboard/account/shipping', parentSlug: '/dashboard' }
[routeResolver.js] [findParentRouteBySlug] [return] Returning found parent route { childSlug: '/dashboard/account/shipping', parentSlug: '/dashboard' }
[objectSafety.js] [deepMergePreferChild] [start] Starting deep merge operation { hasParent: true, hasChild: true }
[objectSafety.js] [deepMergePreferChild] [success] Deep merge completed { mergedKeys: 10 }
[objectSafety.js] [deepMergePreferChild] [return] Returning merged object { mergedKeys: 10 }
[routeResolver.js] [inheritConfigurationFromParentRoute] [success] Parent configuration inherited {
  childSlug: '/dashboard/account/shipping',
  parentSlug: '/dashboard',
  requiresAuth: true,
  redirectIfNotAuth: '/log-in',
  inheritedRequiresAuth: true,
  inheritedAssetPreloadCount: 21
}
[routeResolver.js] [inheritConfigurationFromParentRoute] [return] Returning merged configuration { childSlug: '/dashboard/account/shipping', parentSlug: '/dashboard' }
[getAssetPreloadEntriesForSection.js] [getAssetPreloadEntriesForSection] [success] Section asset preload rollup built {
  sectionName: 'dashboard-global',
  routeCount: 13,
  assetCount: 21,
  rawAssetCount: 168,
  duplicateCount: 147
}

 ✓ tests/unit/shopAssetPreloadConfig.test.js (1 test) 117ms
stderr | tests/unit/sectionCssLoader.test.js > preloadSectionCss cleanup (P-05) > rejects untrusted CSS bundle paths 
from manifest (S-03)
[sectionCssLoader.js] [getSectionCssBundle] Untrusted CSS bundle path rejected {
  sectionName: 'auth',
  cssPath: 'https://evil.example.com/malicious.css',
  error: 'Untrusted path',
  stack: 'Error: Untrusted path\n' +
    '    at getSectionCssBundle (D:\\projects\\new-vue-main\\src\\utils\\section\\sectionCssLoader.js:75:102)\n' +
    '    at processTicksAndRejections (node:internal/process/task_queues:105:5)\n' +
    '    at preloadSectionCss (D:\\projects\\new-vue-main\\src\\utils\\section\\sectionCssLoader.js:299:17)\n' +
    '    at D:\\projects\\new-vue-main\\tests\\unit\\sectionCssLoader.test.js:104:12\n' +
    '    at file:///D:/projects/new-vue-main/node_modules/@vitest/runner/dist/chunk-hooks.js:752:20'
}

stderr | tests/unit/sectionCssLoader.test.js > preloadSectionCss cleanup (P-05) > rejects untrusted CSS bundle paths 
from manifest (S-03)
[sectionCssLoader.js] [getSectionCssBundle] Untrusted CSS bundle path rejected {
  sectionName: 'auth',
  cssPath: 'https://evil.example.com/malicious.css',
  error: 'Untrusted path',
  stack: 'Error: Untrusted path\n' +
    '    at getSectionCssBundle (D:\\projects\\new-vue-main\\src\\utils\\section\\sectionCssLoader.js:75:102)\n' +
    '    at processTicksAndRejections (node:internal/process/task_queues:105:5)\n' +
    '    at loadSectionCss (D:\\projects\\new-vue-main\\src\\utils\\section\\sectionCssLoader.js:227:23)\n' +
    '    at D:\\projects\\new-vue-main\\tests\\unit\\sectionCssLoader.test.js:105:12\n' +
    '    at file:///D:/projects/new-vue-main/node_modules/@vitest/runner/dist/chunk-hooks.js:752:20'
}

 ✓ tests/unit/sectionCssLoader.test.js (5 tests) 116ms
stdout | tests/unit/jsonConfigLoader.test.js > jsonConfigLoader (browser) > loads and caches config data on first request
[jsonConfigLoader.js] [loadJsonConfig] [start] Loading JSON config: feature-config {
  path: './configs/feature.json',
  configName: 'feature-config',
  cacheTTL: 3600000,
  skipCache: false,
  skipValidation: false
}
[cacheHandler.js] [getValueFromCache] [start] Getting value from cache { key: 'json_config_feature-config' }
[cacheHandler.js] [getValueFromCache] [cache-miss] Key not found in cache { key: 'json_config_feature-config' }
[cacheHandler.js] [getValueFromCache] [return] Returning null - key not found { key: 'json_config_feature-config' }
[jsonConfigLoader.js] [loadJsonConfig] [cache-miss] Cache miss for config: feature-config {}
[jsonConfigLoader.js] [resolvePath] [start] Resolving path { path: './configs/feature.json' }
[jsonConfigLoader.js] [resolvePath] [relative] Resolved relative path {
  original: './configs/feature.json',
  base: 'http://localhost:3000/',
  resolved: 'http://localhost:3000/configs/feature.json'
}
[jsonConfigLoader.js] [resolvePath] [return] Returning resolved path { resolved: 'http://localhost:3000/configs/feature.json' }
[jsonConfigLoader.js] [fetchJsonFromUrl] [start] Fetching JSON from URL for feature-config { url: 'http://localhost:3000/configs/feature.json' }

stdout | tests/unit/jsonConfigLoader.test.js > jsonConfigLoader (browser) > loads and caches config data on first request
[jsonConfigLoader.js] [fetchJsonFromUrl] [success] Successfully fetched JSON for feature-config {
  url: 'http://localhost:3000/configs/feature.json',
  dataType: 'object'
}
[jsonConfigLoader.js] [fetchJsonFromUrl] [return] Returning fetched data { success: true }

stdout | tests/unit/jsonConfigLoader.test.js > jsonConfigLoader (browser) > loads and caches config data on first request
[jsonConfigLoader.js] [validateJsonData] [start] Validating JSON data for feature-config {}
[jsonConfigLoader.js] [validateJsonData] [success] JSON data is valid { configName: 'feature-config' }
[jsonConfigLoader.js] [validateJsonData] [return] Returning validation success { valid: true }
[cacheHandler.js] [setValueWithExpiration] [start] Setting value in cache { key: 'json_config_feature-config', hasTTL: true }
[cacheHandler.js] [setValueWithExpiration] [success] Value cached successfully {
  key: 'json_config_feature-config',
  expiresAt: '2026-05-29T13:41:54.075Z'
}
[cacheHandler.js] [setValueWithExpiration] [return] Cache set complete { key: 'json_config_feature-config' }
[jsonConfigLoader.js] [loadJsonConfig] [success] Config loaded and cached: feature-config { configName: 'feature-config', dataType: 'object' }
[jsonConfigLoader.js] [loadJsonConfig] [return] Returning loaded data { success: true }

stdout | tests/unit/jsonConfigLoader.test.js > jsonConfigLoader (browser) > loads and caches config data on first request
[jsonConfigLoader.js] [getConfigStatistics] [return] Returning config statistics {
  loadedCount: 1,
  loadedConfigs: [ 'feature-config_./configs/feature.json' ],
  loadingInProgress: []
}

stdout | tests/unit/jsonConfigLoader.test.js > jsonConfigLoader (browser) > returns cached data on subsequent calls without refetching
[jsonConfigLoader.js] [loadJsonConfig] [start] Loading JSON config: feature-config {
  path: './configs/feature.json',
  configName: 'feature-config',
  cacheTTL: 3600000,
  skipCache: false,
  skipValidation: false
}
[cacheHandler.js] [getValueFromCache] [start] Getting value from cache { key: 'json_config_feature-config' }
[cacheHandler.js] [getValueFromCache] [cache-miss] Key not found in cache { key: 'json_config_feature-config' }
[cacheHandler.js] [getValueFromCache] [return] Returning null - key not found { key: 'json_config_feature-config' }
[jsonConfigLoader.js] [loadJsonConfig] [cache-miss] Cache miss for config: feature-config {}
[jsonConfigLoader.js] [resolvePath] [start] Resolving path { path: './configs/feature.json' }
[jsonConfigLoader.js] [resolvePath] [relative] Resolved relative path {
  original: './configs/feature.json',
  base: 'http://localhost:3000/',
  resolved: 'http://localhost:3000/configs/feature.json'
}
[jsonConfigLoader.js] [resolvePath] [return] Returning resolved path { resolved: 'http://localhost:3000/configs/feature.json' }
[jsonConfigLoader.js] [fetchJsonFromUrl] [start] Fetching JSON from URL for feature-config { url: 'http://localhost:3000/configs/feature.json' }

stdout | tests/unit/jsonConfigLoader.test.js > jsonConfigLoader (browser) > returns cached data on subsequent calls without refetching
[jsonConfigLoader.js] [fetchJsonFromUrl] [success] Successfully fetched JSON for feature-config {
  url: 'http://localhost:3000/configs/feature.json',
  dataType: 'object'
}
[jsonConfigLoader.js] [fetchJsonFromUrl] [return] Returning fetched data { success: true }

stdout | tests/unit/jsonConfigLoader.test.js > jsonConfigLoader (browser) > returns cached data on subsequent calls without refetching
[jsonConfigLoader.js] [validateJsonData] [start] Validating JSON data for feature-config {}
[jsonConfigLoader.js] [validateJsonData] [success] JSON data is valid { configName: 'feature-config' }
[jsonConfigLoader.js] [validateJsonData] [return] Returning validation success { valid: true }
[cacheHandler.js] [setValueWithExpiration] [start] Setting value in cache { key: 'json_config_feature-config', hasTTL: true }
[cacheHandler.js] [setValueWithExpiration] [success] Value cached successfully {
  key: 'json_config_feature-config',
  expiresAt: '2026-05-29T13:41:54.095Z'
}
[cacheHandler.js] [setValueWithExpiration] [return] Cache set complete { key: 'json_config_feature-config' }
[jsonConfigLoader.js] [loadJsonConfig] [success] Config loaded and cached: feature-config { configName: 'feature-config', dataType: 'object' }
[jsonConfigLoader.js] [loadJsonConfig] [return] Returning loaded data { success: true }

stdout | tests/unit/jsonConfigLoader.test.js > jsonConfigLoader (browser) > returns cached data on subsequent calls without refetching
[jsonConfigLoader.js] [loadJsonConfig] [start] Loading JSON config: feature-config {
  path: './configs/feature.json',
  configName: 'feature-config',
  cacheTTL: 3600000,
  skipCache: false,
  skipValidation: false
}
[cacheHandler.js] [getValueFromCache] [start] Getting value from cache { key: 'json_config_feature-config' }
[cacheHandler.js] [getValueFromCache] [cache-hit] Cache hit, returning value { key: 'json_config_feature-config' }
[cacheHandler.js] [getValueFromCache] [return] Returning cached value { key: 'json_config_feature-config' }
[jsonConfigLoader.js] [loadJsonConfig] [cache-hit] Config loaded from cache: feature-config { configName: 'feature-config' }
[jsonConfigLoader.js] [loadJsonConfig] [return] Returning cached data { success: true }

stdout | tests/unit/jsonConfigLoader.test.js > jsonConfigLoader (browser) > handles invalid JSON data gracefully
[jsonConfigLoader.js] [loadJsonConfig] [start] Loading JSON config: invalid-config {
  path: './configs/invalid.json',
  configName: 'invalid-config',
  cacheTTL: 3600000,
  skipCache: false,
  skipValidation: false
}
[cacheHandler.js] [getValueFromCache] [start] Getting value from cache { key: 'json_config_invalid-config' }
[cacheHandler.js] [getValueFromCache] [cache-miss] Key not found in cache { key: 'json_config_invalid-config' }
[cacheHandler.js] [getValueFromCache] [return] Returning null - key not found { key: 'json_config_invalid-config' }
[jsonConfigLoader.js] [loadJsonConfig] [cache-miss] Cache miss for config: invalid-config {}
[jsonConfigLoader.js] [resolvePath] [start] Resolving path { path: './configs/invalid.json' }
[jsonConfigLoader.js] [resolvePath] [relative] Resolved relative path {
  original: './configs/invalid.json',
  base: 'http://localhost:3000/',
  resolved: 'http://localhost:3000/configs/invalid.json'
}
[jsonConfigLoader.js] [resolvePath] [return] Returning resolved path { resolved: 'http://localhost:3000/configs/invalid.json' }
[jsonConfigLoader.js] [fetchJsonFromUrl] [start] Fetching JSON from URL for invalid-config { url: 'http://localhost:3000/configs/invalid.json' }

stdout | tests/unit/jsonConfigLoader.test.js > jsonConfigLoader (browser) > handles invalid JSON data gracefully
[jsonConfigLoader.js] [fetchJsonFromUrl] [success] Successfully fetched JSON for invalid-config {
  url: 'http://localhost:3000/configs/invalid.json',
  dataType: 'string'
}
[jsonConfigLoader.js] [fetchJsonFromUrl] [return] Returning fetched data { success: true }

stdout | tests/unit/jsonConfigLoader.test.js > jsonConfigLoader (browser) > handles invalid JSON data gracefully
[jsonConfigLoader.js] [validateJsonData] [start] Validating JSON data for invalid-config {}
[jsonConfigLoader.js] [validateJsonData] [return] Returning validation failure { valid: false }
[jsonConfigLoader.js] [loadJsonConfig] [return] Returning validation error { success: false }

stdout | tests/unit/jsonConfigLoader.test.js > jsonConfigLoader (browser) > deduplicates concurrent loads for the same config
[jsonConfigLoader.js] [loadJsonConfig] [start] Loading JSON config: preloaded-config {
  path: './configs/preloaded.json',
  configName: 'preloaded-config',
  cacheTTL: 3600000,
  skipCache: false,
  skipValidation: false
}
[cacheHandler.js] [getValueFromCache] [start] Getting value from cache { key: 'json_config_preloaded-config' }
[cacheHandler.js] [getValueFromCache] [cache-miss] Key not found in cache { key: 'json_config_preloaded-config' }
[cacheHandler.js] [getValueFromCache] [return] Returning null - key not found { key: 'json_config_preloaded-config' }
[jsonConfigLoader.js] [loadJsonConfig] [cache-miss] Cache miss for config: preloaded-config {}
[jsonConfigLoader.js] [resolvePath] [start] Resolving path { path: './configs/preloaded.json' }
[jsonConfigLoader.js] [resolvePath] [relative] Resolved relative path {
  original: './configs/preloaded.json',
  base: 'http://localhost:3000/',
  resolved: 'http://localhost:3000/configs/preloaded.json'
}
[jsonConfigLoader.js] [resolvePath] [return] Returning resolved path { resolved: 'http://localhost:3000/configs/preloaded.json' }
[jsonConfigLoader.js] [fetchJsonFromUrl] [start] Fetching JSON from URL for preloaded-config { url: 'http://localhost:3000/configs/preloaded.json' }
[jsonConfigLoader.js] [loadJsonConfig] [start] Loading JSON config: preloaded-config {
  path: './configs/preloaded.json',
  configName: 'preloaded-config',
  cacheTTL: 3600000,
  skipCache: false,
  skipValidation: false
}
[cacheHandler.js] [getValueFromCache] [start] Getting value from cache { key: 'json_config_preloaded-config' }
[cacheHandler.js] [getValueFromCache] [cache-miss] Key not found in cache { key: 'json_config_preloaded-config' }
[cacheHandler.js] [getValueFromCache] [return] Returning null - key not found { key: 'json_config_preloaded-config' }
[jsonConfigLoader.js] [loadJsonConfig] [cache-miss] Cache miss for config: preloaded-config {}
[jsonConfigLoader.js] [loadJsonConfig] [in-progress] Config load already in progress, waiting { configName: 'preloaded-config' }
[jsonConfigLoader.js] [waitForConfigLoad] [start] Waiting for config load {
  loadingKey: 'preloaded-config_./configs/preloaded.json',
  configName: 'preloaded-config'
}

stdout | tests/unit/jsonConfigLoader.test.js > jsonConfigLoader (browser) > deduplicates concurrent loads for the same config
[jsonConfigLoader.js] [fetchJsonFromUrl] [success] Successfully fetched JSON for preloaded-config {
  url: 'http://localhost:3000/configs/preloaded.json',
  dataType: 'object'
}
[jsonConfigLoader.js] [fetchJsonFromUrl] [return] Returning fetched data { success: true }

stdout | tests/unit/jsonConfigLoader.test.js > jsonConfigLoader (browser) > deduplicates concurrent loads for the same config
[jsonConfigLoader.js] [validateJsonData] [start] Validating JSON data for preloaded-config {}
[jsonConfigLoader.js] [validateJsonData] [success] JSON data is valid { configName: 'preloaded-config' }
[jsonConfigLoader.js] [validateJsonData] [return] Returning validation success { valid: true }
[cacheHandler.js] [setValueWithExpiration] [start] Setting value in cache { key: 'json_config_preloaded-config', hasTTL: true }
[cacheHandler.js] [setValueWithExpiration] [success] Value cached successfully {
  key: 'json_config_preloaded-config',
  expiresAt: '2026-05-29T13:41:54.111Z'
}
[cacheHandler.js] [setValueWithExpiration] [return] Cache set complete { key: 'json_config_preloaded-config' }
[jsonConfigLoader.js] [loadJsonConfig] [success] Config loaded and cached: preloaded-config { configName: 'preloaded-config', dataType: 'object' }
[jsonConfigLoader.js] [loadJsonConfig] [return] Returning loaded data { success: true }

stdout | tests/unit/jsonConfigLoader.test.js > jsonConfigLoader (browser) > deduplicates concurrent loads for the same config
[jsonConfigLoader.js] [waitForConfigLoad] [success] Config loaded by concurrent request { loadingKey: 'preloaded-config_./configs/preloaded.json' }
[jsonConfigLoader.js] [waitForConfigLoad] [return] Returning loaded config { success: true }

stdout | tests/unit/jsonConfigLoader.test.js > jsonConfigLoader (browser) > deduplicates concurrent loads for the same config
[jsonConfigLoader.js] [loadJsonConfig] [return] Returning data from concurrent load { success: true }

stdout | tests/unit/jsonConfigLoader.test.js > jsonConfigLoader (browser) > supports absolute config URLs without modification
[jsonConfigLoader.js] [loadJsonConfig] [start] Loading JSON config: absolute-config {
  path: 'https://cdn.example.com/configs/absolute.json',
  configName: 'absolute-config',
  cacheTTL: 3600000,
  skipCache: false,
  skipValidation: false
}
[cacheHandler.js] [getValueFromCache] [start] Getting value from cache { key: 'json_config_absolute-config' }
[cacheHandler.js] [getValueFromCache] [cache-miss] Key not found in cache { key: 'json_config_absolute-config' }
[cacheHandler.js] [getValueFromCache] [return] Returning null - key not found { key: 'json_config_absolute-config' }
[jsonConfigLoader.js] [loadJsonConfig] [cache-miss] Cache miss for config: absolute-config {}
[jsonConfigLoader.js] [resolvePath] [start] Resolving path { path: 'https://cdn.example.com/configs/absolute.json' }
[jsonConfigLoader.js] [resolvePath] [absolute] Path is already absolute URL { path: 'https://cdn.example.com/configs/absolute.json' }
[jsonConfigLoader.js] [resolvePath] [return] Returning absolute URL { path: 'https://cdn.example.com/configs/absolute.json' }
[jsonConfigLoader.js] [fetchJsonFromUrl] [start] Fetching JSON from URL for absolute-config { url: 'https://cdn.example.com/configs/absolute.json' }

stdout | tests/unit/jsonConfigLoader.test.js > jsonConfigLoader (browser) > supports absolute config URLs without modification
[jsonConfigLoader.js] [fetchJsonFromUrl] [success] Successfully fetched JSON for absolute-config {
  url: 'https://cdn.example.com/configs/absolute.json',
  dataType: 'object'
}
[jsonConfigLoader.js] [fetchJsonFromUrl] [return] Returning fetched data { success: true }

stdout | tests/unit/jsonConfigLoader.test.js > jsonConfigLoader (browser) > supports absolute config URLs without modification
[jsonConfigLoader.js] [validateJsonData] [start] Validating JSON data for absolute-config {}
[jsonConfigLoader.js] [validateJsonData] [success] JSON data is valid { configName: 'absolute-config' }
[jsonConfigLoader.js] [validateJsonData] [return] Returning validation success { valid: true }
[cacheHandler.js] [setValueWithExpiration] [start] Setting value in cache { key: 'json_config_absolute-config', hasTTL: true }
[cacheHandler.js] [setValueWithExpiration] [success] Value cached successfully {
  key: 'json_config_absolute-config',
  expiresAt: '2026-05-29T13:41:54.625Z'
}
[cacheHandler.js] [setValueWithExpiration] [return] Cache set complete { key: 'json_config_absolute-config' }
[jsonConfigLoader.js] [loadJsonConfig] [success] Config loaded and cached: absolute-config { configName: 'absolute-config', dataType: 'object' }
[jsonConfigLoader.js] [loadJsonConfig] [return] Returning loaded data { success: true }

stdout | tests/unit/jsonConfigLoader.test.js > jsonConfigLoader (browser) > loads configuration data from static imports with validation
[jsonConfigLoader.js] [loadJsonConfigFromImport] [start] Loading JSON config from import: imported-config { configName: 'imported-config', dataType: 'object' }
[jsonConfigLoader.js] [validateJsonData] [start] Validating JSON data for imported-config {}
[jsonConfigLoader.js] [validateJsonData] [success] JSON data is valid { configName: 'imported-config' }
[jsonConfigLoader.js] [validateJsonData] [return] Returning validation success { valid: true }
[cacheHandler.js] [setValueWithExpiration] [start] Setting value in cache { key: 'json_config_imported-config', hasTTL: true }
[cacheHandler.js] [setValueWithExpiration] [success] Value cached successfully {
  key: 'json_config_imported-config',
  expiresAt: '2026-05-29T13:41:54.636Z'
}
[cacheHandler.js] [setValueWithExpiration] [return] Cache set complete { key: 'json_config_imported-config' }
[jsonConfigLoader.js] [loadJsonConfigFromImport] [success] Config loaded and cached: imported-config { configName: 'imported-config', dataType: 'object' }
[jsonConfigLoader.js] [loadJsonConfigFromImport] [return] Returning imported data { success: true }

stdout | tests/unit/jsonConfigLoader.test.js > jsonConfigLoader (browser) > clearConfigCache removes cached config entries without throwing
[jsonConfigLoader.js] [loadJsonConfigFromImport] [start] Loading JSON config from import: clearable-config { configName: 'clearable-config', dataType: 'object' }
[jsonConfigLoader.js] [validateJsonData] [start] Validating JSON data for clearable-config {}
[jsonConfigLoader.js] [validateJsonData] [success] JSON data is valid { configName: 'clearable-config' }
[jsonConfigLoader.js] [validateJsonData] [return] Returning validation success { valid: true }
[cacheHandler.js] [setValueWithExpiration] [start] Setting value in cache { key: 'json_config_clearable-config', hasTTL: true }
[cacheHandler.js] [setValueWithExpiration] [success] Value cached successfully {
  key: 'json_config_clearable-config',
  expiresAt: '2026-05-29T13:41:54.734Z'
}
[cacheHandler.js] [setValueWithExpiration] [return] Cache set complete { key: 'json_config_clearable-config' }
[jsonConfigLoader.js] [loadJsonConfigFromImport] [success] Config loaded and cached: clearable-config { configName: 'clearable-config', dataType: 'object' }
[jsonConfigLoader.js] [loadJsonConfigFromImport] [return] Returning imported data { success: true }
[jsonConfigLoader.js] [clearConfigCache] [start] Clearing cache for config: clearable-config { configName: 'clearable-config' }
[cacheHandler.js] [getValueFromCache] [start] Getting value from cache { key: 'json_config_clearable-config' }
[cacheHandler.js] [getValueFromCache] [cache-hit] Cache hit, returning value { key: 'json_config_clearable-config' }
[cacheHandler.js] [getValueFromCache] [return] Returning cached value { key: 'json_config_clearable-config' }
[cacheHandler.js] [removeFromCache] [start] Removing value from cache { key: 'json_config_clearable-config' }
[cacheHandler.js] [removeFromCache] [success] Cache entry removed { key: 'json_config_clearable-config' }
[cacheHandler.js] [removeFromCache] [return] Returning removal status { key: 'json_config_clearable-config', existed: true }
[jsonConfigLoader.js] [clearConfigCache] [success] Config cache cleared {
  configName: 'clearable-config',
  clearedFromCache: true,
  clearedLoadedCount: 0
}
[jsonConfigLoader.js] [clearConfigCache] [return] Returning cleared status { cleared: true }
[jsonConfigLoader.js] [clearConfigCache] [start] Clearing cache for config: clearable-config { configName: 'clearable-config' }
[cacheHandler.js] [getValueFromCache] [start] Getting value from cache { key: 'json_config_clearable-config' }
[cacheHandler.js] [getValueFromCache] [cache-miss] Key not found in cache { key: 'json_config_clearable-config' }
[cacheHandler.js] [getValueFromCache] [return] Returning null - key not found { key: 'json_config_clearable-config' }
[jsonConfigLoader.js] [clearConfigCache] [success] Config cache cleared {
  configName: 'clearable-config',
  clearedFromCache: false,
  clearedLoadedCount: 0
}
[jsonConfigLoader.js] [clearConfigCache] [return] Returning cleared status { cleared: false }

 ✓ tests/unit/jsonConfigLoader.test.js (7 tests) 690ms
stdout | tests/unit/updateUrlWithLocale.test.js > updateUrlWithLocale via setActiveLocale (L-10) > uses router.replace instead of pushState when router is registered
[localeManager.js] [window-api] [expose] Locale console commands exposed {
  commands: [
    'window.APP.setLocale("vi")',
    'window.APP.setLocale("en")',
    'window.APP.getLocale()',
    'window.APP.getSupportedLocales()',
    'window.APP.getLocalePreferenceOrder()',
    'window.APP.getTranslationStatistics()',
    'window.APP.testLocalePersistence()'
  ]
}

stdout | tests/unit/updateUrlWithLocale.test.js > updateUrlWithLocale via setActiveLocale (L-10) > uses router.replace instead of pushState when router is registered
[localeManager.js] [setActiveLocale] [start] Setting active locale { localeCode: 'vi', options: { updateUrl: true, syncProfile: false } }
[localeManager.js] [setActiveLocale] [success] Active locale set and persisted { localeCode: 'vi', updateUrl: true }
[localeManager.js] [updateUrlWithLocale] [start] Updating URL with locale { localeCode: 'vi' }

stdout | tests/unit/updateUrlWithLocale.test.js > updateUrlWithLocale via setActiveLocale (L-10) > uses router.replace instead of pushState when router is registered
[localeManager.js] [updateUrlWithLocale] [success] URL updated via Vue Router replace {
  localeCode: 'vi',
  oldPath: '/log-in',
  newPath: '/vi/log-in',
  isDefaultLocale: false
}
[localeManager.js] [updateUrlWithLocale] [return] URL update complete {}

stdout | tests/unit/updateUrlWithLocale.test.js > updateUrlWithLocale via setActiveLocale (L-10) > uses router.replace instead of pushState when router is registered
[localeManager.js] [setActiveLocale] [info] Translation caches cleared for locale switch { localeCode: 'vi' }

stdout | tests/unit/updateUrlWithLocale.test.js > updateUrlWithLocale via setActiveLocale (L-10) > uses router.replace instead of pushState when router is registered
[localeManager.js] [setActiveLocale] [info] Reloaded current section translations for new locale { originalSection: 'auth', resolvedSection: 'auth', localeCode: 'vi' }
[localeManager.js] [setActiveLocale] [return] Returning success { localeCode: 'vi', success: true }

stdout | tests/unit/updateUrlWithLocale.test.js > updateUrlWithLocale via setActiveLocale (L-10) > removes locale prefix via router.replace when switching to default locale
[localeManager.js] [window-api] [expose] Locale console commands exposed {
  commands: [
    'window.APP.setLocale("vi")',
    'window.APP.setLocale("en")',
    'window.APP.getLocale()',
    'window.APP.getSupportedLocales()',
    'window.APP.getLocalePreferenceOrder()',
    'window.APP.getTranslationStatistics()',
    'window.APP.testLocalePersistence()'
  ]
}

stdout | tests/unit/updateUrlWithLocale.test.js > updateUrlWithLocale via setActiveLocale (L-10) > removes locale prefix via router.replace when switching to default locale
[localeManager.js] [setActiveLocale] [start] Setting active locale { localeCode: 'en', options: { updateUrl: true, syncProfile: false } }
[localeManager.js] [setActiveLocale] [success] Active locale set and persisted { localeCode: 'en', updateUrl: true }
[localeManager.js] [updateUrlWithLocale] [start] Updating URL with locale { localeCode: 'en' }

stdout | tests/unit/performanceTrackerGuards.test.js > performanceTracker guards (S-05) > manifestLoader getSectionBundlePaths works without performanceTracker
[manifestLoader.js] [getSectionBundlePaths] [start] Getting bundle paths for section { sectionName: 'auth' }
[manifestLoader.js] [getSectionBundlePaths] [success] Bundle paths resolved (object format) {
  sectionName: 'auth',
  paths: {
    js: '/assets/section-auth-abc123.js',
    css: null,
    integrity: { js: 'sha384-test' }
  }
}

stdout | tests/unit/updateUrlWithLocale.test.js > updateUrlWithLocale via setActiveLocale (L-10) > removes locale prefix via router.replace when switching to default locale
[localeManager.js] [updateUrlWithLocale] [success] URL updated via Vue Router replace {
  localeCode: 'en',
  oldPath: '/vi/log-in',
  newPath: '/log-in',
  isDefaultLocale: true
}
[localeManager.js] [updateUrlWithLocale] [return] URL update complete {}

stdout | tests/unit/updateUrlWithLocale.test.js > updateUrlWithLocale via setActiveLocale (L-10) > removes locale prefix via router.replace when switching to default locale
[localeManager.js] [setActiveLocale] [info] Translation caches cleared for locale switch { localeCode: 'en' }

stdout | tests/unit/updateUrlWithLocale.test.js > updateUrlWithLocale via setActiveLocale (L-10) > removes locale prefix via router.replace when switching to default locale
[localeManager.js] [setActiveLocale] [info] Reloaded current section translations for new locale { originalSection: 'auth', resolvedSection: 'auth', localeCode: 'en' }
[localeManager.js] [setActiveLocale] [return] Returning success { localeCode: 'en', success: true }

stdout | tests/unit/updateUrlWithLocale.test.js > updateUrlWithLocale via setActiveLocale (L-10) > removes locale prefix when route.path is slug-only but params.locale is set (Vue Router optional param)
[localeManager.js] [window-api] [expose] Locale console commands exposed {
  commands: [
    'window.APP.setLocale("vi")',
    'window.APP.setLocale("en")',
    'window.APP.getLocale()',
    'window.APP.getSupportedLocales()',
    'window.APP.getLocalePreferenceOrder()',
    'window.APP.getTranslationStatistics()',
    'window.APP.testLocalePersistence()'
  ]
}

stdout | tests/unit/updateUrlWithLocale.test.js > updateUrlWithLocale via setActiveLocale (L-10) > removes locale prefix when route.path is slug-only but params.locale is set (Vue Router optional param)
[localeManager.js] [setActiveLocale] [start] Setting active locale { localeCode: 'en', options: { updateUrl: true, syncProfile: false } }
[localeManager.js] [setActiveLocale] [success] Active locale set and persisted { localeCode: 'en', updateUrl: true }
[localeManager.js] [updateUrlWithLocale] [start] Updating URL with locale { localeCode: 'en' }

stdout | tests/unit/updateUrlWithLocale.test.js > updateUrlWithLocale via setActiveLocale (L-10) > removes locale prefix when route.path is slug-only but params.locale is set (Vue Router optional param)
[localeManager.js] [updateUrlWithLocale] [success] URL updated via Vue Router replace {
  localeCode: 'en',
  oldPath: '/vi/log-in',
  newPath: '/log-in',
  isDefaultLocale: true
}
[localeManager.js] [updateUrlWithLocale] [return] URL update complete {}

stdout | tests/unit/updateUrlWithLocale.test.js > updateUrlWithLocale via setActiveLocale (L-10) > removes locale prefix when route.path is slug-only but params.locale is set (Vue Router optional param)
[localeManager.js] [setActiveLocale] [info] Translation caches cleared for locale switch { localeCode: 'en' }

stdout | tests/unit/updateUrlWithLocale.test.js > updateUrlWithLocale via setActiveLocale (L-10) > removes locale prefix when route.path is slug-only but params.locale is set (Vue Router optional param)
[localeManager.js] [setActiveLocale] [info] Reloaded current section translations for new locale { originalSection: 'auth', resolvedSection: 'auth', localeCode: 'en' }
[localeManager.js] [setActiveLocale] [return] Returning success { localeCode: 'en', success: true }

stdout | tests/unit/performanceTrackerGuards.test.js > performanceTracker guards (S-05) > routeResolver resolveRouteFromPath works without performanceTracker (A4)
[routeResolver.js] [resolveRouteFromPath] [start] Finding route by path { targetPath: '/log-in' }
[routeResolver.js] [resolveRouteFromPath] [exact-match] Exact route match found { slug: '/log-in', section: 'auth' }
[routeResolver.js] [resolveRouteFromPath] [return] Returning matched route { route: '/log-in' }

 ✓ tests/unit/updateUrlWithLocale.test.js (3 tests) 152ms
stdout | tests/unit/performanceTrackerGuards.test.js > performanceTracker guards (S-05) > routeGuards runAllRouteGuards works without performanceTracker (B1)
[routeGuards.js] [runAllRouteGuards] [start] Starting guard chain { toPath: '/log-in', fromPath: '/' }
[routeGuards.js] [guardPreventNavigationLoop] [start] Checking for navigation loops { toPath: '/log-in', fromPath: '/' }
[routeGuards.js] [guardPreventNavigationLoop] [return] No loop – different path { allow: true, redirectTo: null, reason: 'No loop – different path' }
[routeGuards.js] [guardCheckRouteEnvironmentAccess] [start] Checking route environment access { slug: '/log-in', envAccess: undefined }
[routeGuards.js] [guardCheckRouteEnvironmentAccess] [return] Route environment check passed {
  allow: true,
  redirectTo: null,
  reason: 'Route available in this environment'
}
[routeGuards.js] [guardCheckAuthentication] [start] Checking authentication requirements { slug: '/log-in', requiresAuth: false, isAuthenticated: false }
[routeGuards.js] [guardCheckAuthentication] [return] Authentication check passed {
  allow: true,
  redirectTo: null,
  reason: 'Authentication check passed'
}
[routeGuards.js] [guardCheckRouteAdminAccess] [start] Checking admin-only route access { slug: '/log-in', adminOnly: undefined, userRole: 'guest' }
[routeGuards.js] [guardCheckRouteAdminAccess] [return] Admin access check passed { allow: true, redirectTo: null, reason: 'Admin access check passed' }
[routeGuards.js] [guardCheckUserRole] [start] Checking user role requirements { slug: '/log-in', supportedRoles: [ 'all' ], userRole: 'guest' }
[routeGuards.js] [guardCheckUserRole] [return] Route allows all roles { allow: true, redirectTo: null, reason: 'Route allows all roles' }
[routeGuards.js] [guardCheckDependencies] [start] Checking route dependencies { slug: '/log-in', hasDependencies: false }
[routeGuards.js] [guardCheckDependencies] [return] No dependencies { allow: true, redirectTo: null, reason: 'No dependencies' }
[routeGuards.js] [runAllRouteGuards] [return] Guard chain completed, navigation allowed { allow: true, redirectTo: null, reason: 'All guards passed' }

 ✓ tests/unit/clearNavigationHistoryNaming.test.js (2 tests) 155ms
stdout | tests/unit/performanceTrackerGuards.test.js > performanceTracker guards (S-05) > routeNavigation setCurrentActiveRoute works without performanceTracker (A4)
[routeNavigation.js] [setCurrentActiveRoute] [start] Setting active route { slug: '/dashboard' }
[objectSafety.js] [deepClone] [start] Creating deep clone { valueType: 'object' }
[objectSafety.js] [isPlainObject] [return] Returning plain object check { isPlain: true }
[objectSafety.js] [deepClone] [start] Creating deep clone { valueType: 'string' }
[objectSafety.js] [deepClone] [return] Returning primitive value as-is {}
[objectSafety.js] [deepClone] [return] Returning cloned object { keys: 1 }
[routeResolver.js] [getRouteChainForPath] [start] Getting route chain for path { targetPath: '/dashboard' }
[routeResolver.js] [getRouteChainForPath] [success] Route chain resolved { targetPath: '/dashboard', chainLength: 0 }
[routeResolver.js] [getRouteChainForPath] [return] Returning route chain { targetPath: '/dashboard', chainLength: 0, routes: [] }
[routeNavigation.js] [setCurrentActiveRoute] [success] Active route updated {
  currentPath: '/dashboard',
  previousPath: undefined,
  historySize: 1,
  routeChainLength: 0
}
[routeNavigation.js] [getCurrentActiveRoute] [get] Getting current route { hasRoute: true, slug: '/dashboard' }
[routeNavigation.js] [getCurrentActiveRoute] [return] Returning current active route { slug: '/dashboard' }
[routeNavigation.js] [clearNavigationHistory] [start] Clearing navigation history {}
[routeNavigation.js] [clearNavigationHistory] [success] Navigation history cleared {}
[routeNavigation.js] [getCurrentActiveRoute] [get] Getting current route { hasRoute: false, slug: undefined }
[routeNavigation.js] [getCurrentActiveRoute] [return] Returning current active route { slug: undefined }

 ✓ tests/unit/performanceTrackerGuards.test.js (6 tests) 181ms
stdout | tests/unit/routeNavigation.test.js > routeNavigation snapshots (A8) > stores a deep snapshot so later mutations do not alter history
[routeNavigation.js] [clearNavigationHistory] [start] Clearing navigation history {}
[routeNavigation.js] [clearNavigationHistory] [success] Navigation history cleared {}

stdout | tests/unit/routeNavigation.test.js > routeNavigation snapshots (A8) > stores a deep snapshot so later mutations do not alter history
[routeNavigation.js] [setCurrentActiveRoute] [start] Setting active route { slug: '/dashboard' }
[objectSafety.js] [deepClone] [start] Creating deep clone { valueType: 'object' }
[objectSafety.js] [isPlainObject] [return] Returning plain object check { isPlain: true }
[objectSafety.js] [deepClone] [start] Creating deep clone { valueType: 'string' }
[objectSafety.js] [deepClone] [return] Returning primitive value as-is {}
[objectSafety.js] [deepClone] [start] Creating deep clone { valueType: 'boolean' }
[objectSafety.js] [deepClone] [return] Returning primitive value as-is {}
[objectSafety.js] [deepClone] [start] Creating deep clone { valueType: 'object' }
[objectSafety.js] [deepClone] [start] Creating deep clone { valueType: 'string' }
[objectSafety.js] [deepClone] [return] Returning primitive value as-is {}
[objectSafety.js] [deepClone] [return] Returning cloned array { length: 1 }
[objectSafety.js] [deepClone] [return] Returning cloned object { keys: 3 }
[routeResolver.js] [getRouteChainForPath] [start] Getting route chain for path { targetPath: '/dashboard' }
[routeConfigLoader.js] [getRouteConfiguration] [call] Getting route configuration {}
[routeConfigLoader.js] [getCachedRouteConfiguration] [start] Getting cached route configuration {}
[routeConfigLoader.js] [loadRouteConfigurationFromFile] [start] Loading route configuration {}
[jsonConfigLoader.js] [loadJsonConfigFromImport] [start] Loading JSON config from import: route_config { configName: 'route_config', dataType: 'array' }
[jsonConfigLoader.js] [validateJsonData] [start] Validating JSON data for route_config {}
[jsonConfigLoader.js] [validateJsonData] [success] JSON data is valid { configName: 'route_config' }
[jsonConfigLoader.js] [validateJsonData] [return] Returning validation success { valid: true }
[jsonConfigLoader.js] [loadJsonConfigFromImport] [info] Running custom validator { configName: 'route_config' }
[jsonConfigValidator.js] [validateRouteConfig] [start] Validating route configuration { routeCount: 71 }
[jsonConfigValidator.js] [validateRouteConfig] [info] Route config validation complete { valid: true, errorCount: 0, warningCount: 0 }
[jsonConfigValidator.js] [validateRouteConfig] [return] Returning validation result { valid: true, errorCount: 0, warningCount: 0 }
[cacheHandler.js] [setValueWithExpiration] [start] Setting value in cache { key: 'json_config_route_config', hasTTL: false }
[cacheHandler.js] [setValueWithExpiration] [success] Value cached successfully { key: 'json_config_route_config', expiresAt: 'never' }
[cacheHandler.js] [setValueWithExpiration] [return] Cache set complete { key: 'json_config_route_config' }
[jsonConfigLoader.js] [loadJsonConfigFromImport] [success] Config loaded and cached: route_config { configName: 'route_config', dataType: 'array' }
[jsonConfigLoader.js] [loadJsonConfigFromImport] [return] Returning imported data { success: true }
[routeConfigLoader.js] [loadRouteConfigurationFromFile] [success] Route configuration loaded { routeCount: 71 }
[routeConfigLoader.js] [loadRouteConfigurationFromFile] [return] Returning loaded route configuration { routeCount: 71 }
[routeConfigLoader.js] [getCachedRouteConfiguration] [success] Route configuration retrieved { routeCount: 71 }
[routeConfigLoader.js] [getCachedRouteConfiguration] [return] Returning route configuration { routeCount: 71 }
[routeConfigLoader.js] [getRouteConfiguration] [return] Returning route configuration via cache { routeCount: 71 }
[routeResolver.js] [getRouteChainForPath] [success] Route chain resolved { targetPath: '/dashboard', chainLength: 1 }
[routeResolver.js] [getRouteChainForPath] [return] Returning route chain { targetPath: '/dashboard', chainLength: 1, routes: [ '/dashboard' ] }
[objectSafety.js] [deepClone] [start] Creating deep clone { valueType: 'object' }
[objectSafety.js] [isPlainObject] [return] Returning plain object check { isPlain: true }
[objectSafety.js] [deepClone] [start] Creating deep clone { valueType: 'string' }
[objectSafety.js] [deepClone] [return] Returning primitive value as-is {}
[objectSafety.js] [deepClone] [start] Creating deep clone { valueType: 'string' }
[objectSafety.js] [deepClone] [return] Returning primitive value as-is {}
[objectSafety.js] [deepClone] [start] Creating deep clone { valueType: 'boolean' }
[objectSafety.js] [deepClone] [return] Returning primitive value as-is {}
[objectSafety.js] [deepClone] [start] Creating deep clone { valueType: 'boolean' }
[objectSafety.js] [deepClone] [return] Returning primitive value as-is {}
[objectSafety.js] [deepClone] [start] Creating deep clone { valueType: 'object' }
[objectSafety.js] [deepClone] [start] Creating deep clone { valueType: 'string' }
[objectSafety.js] [deepClone] [return] Returning primitive value as-is {}
[objectSafety.js] [deepClone] [return] Returning cloned array { length: 1 }
[objectSafety.js] [deepClone] [start] Creating deep clone { valueType: 'string' }
[objectSafety.js] [deepClone] [return] Returning primitive value as-is {}
[objectSafety.js] [deepClone] [start] Creating deep clone { valueType: 'string' }
[objectSafety.js] [deepClone] [return] Returning primitive value as-is {}
[objectSafety.js] [deepClone] [start] Creating deep clone { valueType: 'object' }
[objectSafety.js] [isPlainObject] [return] Returning plain object check { isPlain: true }
[objectSafety.js] [deepClone] [start] Creating deep clone { valueType: 'object' }
[objectSafety.js] [isPlainObject] [return] Returning plain object check { isPlain: true }
[objectSafety.js] [deepClone] [start] Creating deep clone { valueType: 'object' }
[objectSafety.js] [isPlainObject] [return] Returning plain object check { isPlain: true }
[objectSafety.js] [deepClone] [start] Creating deep clone { valueType: 'object' }
[objectSafety.js] [isPlainObject] [return] Returning plain object check { isPlain: true }
[objectSafety.js] [deepClone] [start] Creating deep clone { valueType: 'boolean' }
[objectSafety.js] [deepClone] [return] Returning primitive value as-is {}
[objectSafety.js] [deepClone] [start] Creating deep clone { valueType: 'string' }
[objectSafety.js] [deepClone] [return] Returning primitive value as-is {}
[objectSafety.js] [deepClone] [return] Returning cloned object { keys: 2 }
[objectSafety.js] [deepClone] [start] Creating deep clone { valueType: 'object' }
[objectSafety.js] [isPlainObject] [return] Returning plain object check { isPlain: true }
[objectSafety.js] [deepClone] [start] Creating deep clone { valueType: 'boolean' }
[objectSafety.js] [deepClone] [return] Returning primitive value as-is {}
[objectSafety.js] [deepClone] [start] Creating deep clone { valueType: 'string' }
[objectSafety.js] [deepClone] [return] Returning primitive value as-is {}
[objectSafety.js] [deepClone] [return] Returning cloned object { keys: 2 }
[objectSafety.js] [deepClone] [return] Returning cloned object { keys: 2 }
[objectSafety.js] [deepClone] [start] Creating deep clone { valueType: 'object' }
[objectSafety.js] [isPlainObject] [return] Returning plain object check { isPlain: true }
[objectSafety.js] [deepClone] [start] Creating deep clone { valueType: 'object' }
[objectSafety.js] [isPlainObject] [return] Returning plain object check { isPlain: true }
[objectSafety.js] [deepClone] [start] Creating deep clone { valueType: 'boolean' }
[objectSafety.js] [deepClone] [return] Returning primitive value as-is {}
[objectSafety.js] [deepClone] [start] Creating deep clone { valueType: 'string' }
[objectSafety.js] [deepClone] [return] Returning primitive value as-is {}
[objectSafety.js] [deepClone] [return] Returning cloned object { keys: 2 }
[objectSafety.js] [deepClone] [return] Returning cloned object { keys: 1 }
[objectSafety.js] [deepClone] [start] Creating deep clone { valueType: 'object' }
[objectSafety.js] [isPlainObject] [return] Returning plain object check { isPlain: true }
[objectSafety.js] [deepClone] [start] Creating deep clone { valueType: 'object' }
[objectSafety.js] [isPlainObject] [return] Returning plain object check { isPlain: true }
[objectSafety.js] [deepClone] [start] Creating deep clone { valueType: 'boolean' }
[objectSafety.js] [deepClone] [return] Returning primitive value as-is {}
[objectSafety.js] [deepClone] [start] Creating deep clone { valueType: 'string' }
[objectSafety.js] [deepClone] [return] Returning primitive value as-is {}
[objectSafety.js] [deepClone] [return] Returning cloned object { keys: 2 }
[objectSafety.js] [deepClone] [return] Returning cloned object { keys: 1 }
[objectSafety.js] [deepClone] [start] Creating deep clone { valueType: 'object' }
[objectSafety.js] [isPlainObject] [return] Returning plain object check { isPlain: true }
[objectSafety.js] [deepClone] [start] Creating deep clone { valueType: 'object' }
[objectSafety.js] [isPlainObject] [return] Returning plain object check { isPlain: true }
[objectSafety.js] [deepClone] [start] Creating deep clone { valueType: 'boolean' }
[objectSafety.js] [deepClone] [return] Returning primitive value as-is {}
[objectSafety.js] [deepClone] [start] Creating deep clone { valueType: 'string' }
[objectSafety.js] [deepClone] [return] Returning primitive value as-is {}
[objectSafety.js] [deepClone] [return] Returning cloned object { keys: 2 }
[objectSafety.js] [deepClone] [return] Returning cloned object { keys: 1 }
[objectSafety.js] [deepClone] [start] Creating deep clone { valueType: 'object' }
[objectSafety.js] [isPlainObject] [return] Returning plain object check { isPlain: true }
[objectSafety.js] [deepClone] [start] Creating deep clone { valueType: 'object' }
[objectSafety.js] [isPlainObject] [return] Returning plain object check { isPlain: true }
[objectSafety.js] [deepClone] [start] Creating deep clone { valueType: 'boolean' }
[objectSafety.js] [deepClone] [return] Returning primitive value as-is {}
[objectSafety.js] [deepClone] [start] Creating deep clone { valueType: 'string' }
[objectSafety.js] [deepClone] [return] Returning primitive value as-is {}
[objectSafety.js] [deepClone] [return] Returning cloned object { keys: 2 }
[objectSafety.js] [deepClone] [return] Returning cloned object { keys: 1 }
[objectSafety.js] [deepClone] [return] Returning cloned object { keys: 5 }
[objectSafety.js] [deepClone] [return] Returning cloned object { keys: 1 }
[objectSafety.js] [deepClone] [start] Creating deep clone { valueType: 'object' }
[objectSafety.js] [deepClone] [start] Creating deep clone { valueType: 'object' }
[objectSafety.js] [isPlainObject] [return] Returning plain object check { isPlain: true }
[objectSafety.js] [deepClone] [start] Creating deep clone { valueType: 'string' }
[objectSafety.js] [deepClone] [return] Returning primitive value as-is {}
[objectSafety.js] [deepClone] [start] Creating deep clone { valueType: 'string' }
[objectSafety.js] [deepClone] [return] Returning primitive value as-is {}
[objectSafety.js] [deepClone] [start] Creating deep clone { valueType: 'string' }
[objectSafety.js] [deepClone] [return] Returning primitive value as-is {}
[objectSafety.js] [deepClone] [return] Returning cloned object { keys: 3 }
[objectSafety.js] [deepClone] [start] Creating deep clone { valueType: 'object' }
[objectSafety.js] [isPlainObject] [return] Returning plain object check { isPlain: true }
[objectSafety.js] [deepClone] [start] Creating deep clone { valueType: 'string' }
[objectSafety.js] [deepClone] [return] Returning primitive value as-is {}
[objectSafety.js] [deepClone] [start] Creating deep clone { valueType: 'string' }
[objectSafety.js] [deepClone] [return] Returning primitive value as-is {}
[objectSafety.js] [deepClone] [start] Creating deep clone { valueType: 'string' }
[objectSafety.js] [deepClone] [return] Returning primitive value as-is {}
[objectSafety.js] [deepClone] [return] Returning cloned object { keys: 3 }
[objectSafety.js] [deepClone] [start] Creating deep clone { valueType: 'object' }
[objectSafety.js] [isPlainObject] [return] Returning plain object check { isPlain: true }
[objectSafety.js] [deepClone] [start] Creating deep clone { valueType: 'string' }
[objectSafety.js] [deepClone] [return] Returning primitive value as-is {}
[objectSafety.js] [deepClone] [start] Creating deep clone { valueType: 'string' }
[objectSafety.js] [deepClone] [return] Returning primitive value as-is {}
[objectSafety.js] [deepClone] [start] Creating deep clone { valueType: 'string' }
[objectSafety.js] [deepClone] [return] Returning primitive value as-is {}
[objectSafety.js] [deepClone] [return] Returning cloned object { keys: 3 }
[objectSafety.js] [deepClone] [start] Creating deep clone { valueType: 'object' }
[objectSafety.js] [isPlainObject] [return] Returning plain object check { isPlain: true }
[objectSafety.js] [deepClone] [start] Creating deep clone { valueType: 'string' }
[objectSafety.js] [deepClone] [return] Returning primitive value as-is {}
[objectSafety.js] [deepClone] [start] Creating deep clone { valueType: 'string' }
[objectSafety.js] [deepClone] [return] Returning primitive value as-is {}
[objectSafety.js] [deepClone] [start] Creating deep clone { valueType: 'string' }
[objectSafety.js] [deepClone] [return] Returning primitive value as-is {}
[objectSafety.js] [deepClone] [return] Returning cloned object { keys: 3 }
[objectSafety.js] [deepClone] [start] Creating deep clone { valueType: 'object' }
[objectSafety.js] [isPlainObject] [return] Returning plain object check { isPlain: true }
[objectSafety.js] [deepClone] [start] Creating deep clone { valueType: 'string' }
[objectSafety.js] [deepClone] [return] Returning primitive value as-is {}
[objectSafety.js] [deepClone] [start] Creating deep clone { valueType: 'string' }
[objectSafety.js] [deepClone] [return] Returning primitive value as-is {}
[objectSafety.js] [deepClone] [start] Creating deep clone { valueType: 'string' }
[objectSafety.js] [deepClone] [return] Returning primitive value as-is {}
[objectSafety.js] [deepClone] [return] Returning cloned object { keys: 3 }
[objectSafety.js] [deepClone] [start] Creating deep clone { valueType: 'object' }
[objectSafety.js] [isPlainObject] [return] Returning plain object check { isPlain: true }
[objectSafety.js] [deepClone] [start] Creating deep clone { valueType: 'string' }
[objectSafety.js] [deepClone] [return] Returning primitive value as-is {}
[objectSafety.js] [deepClone] [start] Creating deep clone { valueType: 'string' }
[objectSafety.js] [deepClone] [return] Returning primitive value as-is {}
[objectSafety.js] [deepClone] [start] Creating deep clone { valueType: 'string' }
[objectSafety.js] [deepClone] [return] Returning primitive value as-is {}
[objectSafety.js] [deepClone] [return] Returning cloned object { keys: 3 }
[objectSafety.js] [deepClone] [start] Creating deep clone { valueType: 'object' }
[objectSafety.js] [isPlainObject] [return] Returning plain object check { isPlain: true }
[objectSafety.js] [deepClone] [start] Creating deep clone { valueType: 'string' }
[objectSafety.js] [deepClone] [return] Returning primitive value as-is {}
[objectSafety.js] [deepClone] [start] Creating deep clone { valueType: 'string' }
[objectSafety.js] [deepClone] [return] Returning primitive value as-is {}
[objectSafety.js] [deepClone] [start] Creating deep clone { valueType: 'string' }
[objectSafety.js] [deepClone] [return] Returning primitive value as-is {}
[objectSafety.js] [deepClone] [return] Returning cloned object { keys: 3 }
[objectSafety.js] [deepClone] [start] Creating deep clone { valueType: 'object' }
[objectSafety.js] [isPlainObject] [return] Returning plain object check { isPlain: true }
[objectSafety.js] [deepClone] [start] Creating deep clone { valueType: 'string' }
[objectSafety.js] [deepClone] [return] Returning primitive value as-is {}
[objectSafety.js] [deepClone] [start] Creating deep clone { valueType: 'string' }
[objectSafety.js] [deepClone] [return] Returning primitive value as-is {}
[objectSafety.js] [deepClone] [start] Creating deep clone { valueType: 'string' }
[objectSafety.js] [deepClone] [return] Returning primitive value as-is {}
[objectSafety.js] [deepClone] [return] Returning cloned object { keys: 3 }
[objectSafety.js] [deepClone] [start] Creating deep clone { valueType: 'object' }
[objectSafety.js] [isPlainObject] [return] Returning plain object check { isPlain: true }
[objectSafety.js] [deepClone] [start] Creating deep clone { valueType: 'string' }
[objectSafety.js] [deepClone] [return] Returning primitive value as-is {}
[objectSafety.js] [deepClone] [start] Creating deep clone { valueType: 'string' }
[objectSafety.js] [deepClone] [return] Returning primitive value as-is {}
[objectSafety.js] [deepClone] [start] Creating deep clone { valueType: 'string' }
[objectSafety.js] [deepClone] [return] Returning primitive value as-is {}
[objectSafety.js] [deepClone] [return] Returning cloned object { keys: 3 }
[objectSafety.js] [deepClone] [start] Creating deep clone { valueType: 'object' }
[objectSafety.js] [isPlainObject] [return] Returning plain object check { isPlain: true }
[objectSafety.js] [deepClone] [start] Creating deep clone { valueType: 'string' }
[objectSafety.js] [deepClone] [return] Returning primitive value as-is {}
[objectSafety.js] [deepClone] [start] Creating deep clone { valueType: 'string' }
[objectSafety.js] [deepClone] [return] Returning primitive value as-is {}
[objectSafety.js] [deepClone] [start] Creating deep clone { valueType: 'string' }
[objectSafety.js] [deepClone] [return] Returning primitive value as-is {}
[objectSafety.js] [deepClone] [return] Returning cloned object { keys: 3 }
[objectSafety.js] [deepClone] [start] Creating deep clone { valueType: 'object' }
[objectSafety.js] [isPlainObject] [return] Returning plain object check { isPlain: true }
[objectSafety.js] [deepClone] [start] Creating deep clone { valueType: 'string' }
[objectSafety.js] [deepClone] [return] Returning primitive value as-is {}
[objectSafety.js] [deepClone] [start] Creating deep clone { valueType: 'string' }
[objectSafety.js] [deepClone] [return] Returning primitive value as-is {}
[objectSafety.js] [deepClone] [start] Creating deep clone { valueType: 'string' }
[objectSafety.js] [deepClone] [return] Returning primitive value as-is {}
[objectSafety.js] [deepClone] [return] Returning cloned object { keys: 3 }
[objectSafety.js] [deepClone] [start] Creating deep clone { valueType: 'object' }
[objectSafety.js] [isPlainObject] [return] Returning plain object check { isPlain: true }
[objectSafety.js] [deepClone] [start] Creating deep clone { valueType: 'string' }
[objectSafety.js] [deepClone] [return] Returning primitive value as-is {}
[objectSafety.js] [deepClone] [start] Creating deep clone { valueType: 'string' }
[objectSafety.js] [deepClone] [return] Returning primitive value as-is {}
[objectSafety.js] [deepClone] [start] Creating deep clone { valueType: 'string' }
[objectSafety.js] [deepClone] [return] Returning primitive value as-is {}
[objectSafety.js] [deepClone] [return] Returning cloned object { keys: 3 }
[objectSafety.js] [deepClone] [start] Creating deep clone { valueType: 'object' }
[objectSafety.js] [isPlainObject] [return] Returning plain object check { isPlain: true }
[objectSafety.js] [deepClone] [start] Creating deep clone { valueType: 'string' }
[objectSafety.js] [deepClone] [return] Returning primitive value as-is {}
[objectSafety.js] [deepClone] [start] Creating deep clone { valueType: 'string' }
[objectSafety.js] [deepClone] [return] Returning primitive value as-is {}
[objectSafety.js] [deepClone] [start] Creating deep clone { valueType: 'string' }
[objectSafety.js] [deepClone] [return] Returning primitive value as-is {}
[objectSafety.js] [deepClone] [return] Returning cloned object { keys: 3 }
[objectSafety.js] [deepClone] [start] Creating deep clone { valueType: 'object' }
[objectSafety.js] [isPlainObject] [return] Returning plain object check { isPlain: true }
[objectSafety.js] [deepClone] [start] Creating deep clone { valueType: 'string' }
[objectSafety.js] [deepClone] [return] Returning primitive value as-is {}
[objectSafety.js] [deepClone] [start] Creating deep clone { valueType: 'string' }
[objectSafety.js] [deepClone] [return] Returning primitive value as-is {}
[objectSafety.js] [deepClone] [start] Creating deep clone { valueType: 'string' }
[objectSafety.js] [deepClone] [return] Returning primitive value as-is {}
[objectSafety.js] [deepClone] [return] Returning cloned object { keys: 3 }
[objectSafety.js] [deepClone] [start] Creating deep clone { valueType: 'object' }
[objectSafety.js] [isPlainObject] [return] Returning plain object check { isPlain: true }
[objectSafety.js] [deepClone] [start] Creating deep clone { valueType: 'string' }
[objectSafety.js] [deepClone] [return] Returning primitive value as-is {}
[objectSafety.js] [deepClone] [start] Creating deep clone { valueType: 'string' }
[objectSafety.js] [deepClone] [return] Returning primitive value as-is {}
[objectSafety.js] [deepClone] [start] Creating deep clone { valueType: 'string' }
[objectSafety.js] [deepClone] [return] Returning primitive value as-is {}
[objectSafety.js] [deepClone] [return] Returning cloned object { keys: 3 }
[objectSafety.js] [deepClone] [start] Creating deep clone { valueType: 'object' }
[objectSafety.js] [isPlainObject] [return] Returning plain object check { isPlain: true }
[objectSafety.js] [deepClone] [start] Creating deep clone { valueType: 'string' }
[objectSafety.js] [deepClone] [return] Returning primitive value as-is {}
[objectSafety.js] [deepClone] [start] Creating deep clone { valueType: 'string' }
[objectSafety.js] [deepClone] [return] Returning primitive value as-is {}
[objectSafety.js] [deepClone] [start] Creating deep clone { valueType: 'string' }
[objectSafety.js] [deepClone] [return] Returning primitive value as-is {}
[objectSafety.js] [deepClone] [return] Returning cloned object { keys: 3 }
[objectSafety.js] [deepClone] [start] Creating deep clone { valueType: 'object' }
[objectSafety.js] [isPlainObject] [return] Returning plain object check { isPlain: true }
[objectSafety.js] [deepClone] [start] Creating deep clone { valueType: 'string' }
[objectSafety.js] [deepClone] [return] Returning primitive value as-is {}
[objectSafety.js] [deepClone] [start] Creating deep clone { valueType: 'string' }
[objectSafety.js] [deepClone] [return] Returning primitive value as-is {}
[objectSafety.js] [deepClone] [start] Creating deep clone { valueType: 'string' }
[objectSafety.js] [deepClone] [return] Returning primitive value as-is {}
[objectSafety.js] [deepClone] [return] Returning cloned object { keys: 3 }
[objectSafety.js] [deepClone] [start] Creating deep clone { valueType: 'object' }
[objectSafety.js] [isPlainObject] [return] Returning plain object check { isPlain: true }
[objectSafety.js] [deepClone] [start] Creating deep clone { valueType: 'string' }
[objectSafety.js] [deepClone] [return] Returning primitive value as-is {}
[objectSafety.js] [deepClone] [start] Creating deep clone { valueType: 'string' }
[objectSafety.js] [deepClone] [return] Returning primitive value as-is {}
[objectSafety.js] [deepClone] [start] Creating deep clone { valueType: 'string' }
[objectSafety.js] [deepClone] [return] Returning primitive value as-is {}
[objectSafety.js] [deepClone] [return] Returning cloned object { keys: 3 }
[objectSafety.js] [deepClone] [start] Creating deep clone { valueType: 'object' }
[objectSafety.js] [isPlainObject] [return] Returning plain object check { isPlain: true }
[objectSafety.js] [deepClone] [start] Creating deep clone { valueType: 'string' }
[objectSafety.js] [deepClone] [return] Returning primitive value as-is {}
[objectSafety.js] [deepClone] [start] Creating deep clone { valueType: 'string' }
[objectSafety.js] [deepClone] [return] Returning primitive value as-is {}
[objectSafety.js] [deepClone] [start] Creating deep clone { valueType: 'string' }
[objectSafety.js] [deepClone] [return] Returning primitive value as-is {}
[objectSafety.js] [deepClone] [return] Returning cloned object { keys: 3 }
[objectSafety.js] [deepClone] [start] Creating deep clone { valueType: 'object' }
[objectSafety.js] [isPlainObject] [return] Returning plain object check { isPlain: true }
[objectSafety.js] [deepClone] [start] Creating deep clone { valueType: 'string' }
[objectSafety.js] [deepClone] [return] Returning primitive value as-is {}
[objectSafety.js] [deepClone] [start] Creating deep clone { valueType: 'string' }
[objectSafety.js] [deepClone] [return] Returning primitive value as-is {}
[objectSafety.js] [deepClone] [start] Creating deep clone { valueType: 'string' }
[objectSafety.js] [deepClone] [return] Returning primitive value as-is {}
[objectSafety.js] [deepClone] [return] Returning cloned object { keys: 3 }
[objectSafety.js] [deepClone] [start] Creating deep clone { valueType: 'object' }
[objectSafety.js] [isPlainObject] [return] Returning plain object check { isPlain: true }
[objectSafety.js] [deepClone] [start] Creating deep clone { valueType: 'string' }
[objectSafety.js] [deepClone] [return] Returning primitive value as-is {}
[objectSafety.js] [deepClone] [start] Creating deep clone { valueType: 'string' }
[objectSafety.js] [deepClone] [return] Returning primitive value as-is {}
[objectSafety.js] [deepClone] [start] Creating deep clone { valueType: 'string' }
[objectSafety.js] [deepClone] [return] Returning primitive value as-is {}
[objectSafety.js] [deepClone] [return] Returning cloned object { keys: 3 }
[objectSafety.js] [deepClone] [return] Returning cloned array { length: 21 }
[objectSafety.js] [deepClone] [return] Returning cloned object { keys: 9 }
[routeNavigation.js] [setCurrentActiveRoute] [success] Active route updated {
  currentPath: '/dashboard',
  previousPath: undefined,
  historySize: 1,
  routeChainLength: 1
}
[routeNavigation.js] [getCurrentActiveRoute] [get] Getting current route { hasRoute: true, slug: '/dashboard' }
[routeNavigation.js] [getCurrentActiveRoute] [return] Returning current active route { slug: '/dashboard' }
[routeNavigation.js] [getNavigationHistory] [get] Getting navigation history { maxEntries: 1, totalEntries: 1 }
[routeNavigation.js] [getNavigationHistory] [return] Returning limited navigation history { requested: 1, returned: 1 }

stdout | tests/unit/routeNavigation.test.js > routeNavigation snapshots (A8) > stores parent route chain for nested paths (A7)
[routeNavigation.js] [clearNavigationHistory] [start] Clearing navigation history {}
[routeNavigation.js] [clearNavigationHistory] [success] Navigation history cleared {}

stdout | tests/unit/routeNavigation.test.js > routeNavigation snapshots (A8) > stores parent route chain for nested paths (A7)
[routeNavigation.js] [setCurrentActiveRoute] [start] Setting active route { slug: '/dashboard/settings/privacy-security' }
[objectSafety.js] [deepClone] [start] Creating deep clone { valueType: 'object' }
[objectSafety.js] [isPlainObject] [return] Returning plain object check { isPlain: true }
[objectSafety.js] [deepClone] [start] Creating deep clone { valueType: 'string' }
[objectSafety.js] [deepClone] [return] Returning primitive value as-is {}
[objectSafety.js] [deepClone] [return] Returning cloned object { keys: 1 }
[routeResolver.js] [getRouteChainForPath] [start] Getting route chain for path { targetPath: '/dashboard/settings/privacy-security' }
[routeConfigLoader.js] [getRouteConfiguration] [call] Getting route configuration {}
[routeConfigLoader.js] [getCachedRouteConfiguration] [start] Getting cached route configuration {}
[routeConfigLoader.js] [loadRouteConfigurationFromFile] [start] Loading route configuration {}
[jsonConfigLoader.js] [loadJsonConfigFromImport] [start] Loading JSON config from import: route_config { configName: 'route_config', dataType: 'array' }
[jsonConfigLoader.js] [validateJsonData] [start] Validating JSON data for route_config {}
[jsonConfigLoader.js] [validateJsonData] [success] JSON data is valid { configName: 'route_config' }
[jsonConfigLoader.js] [validateJsonData] [return] Returning validation success { valid: true }
[jsonConfigLoader.js] [loadJsonConfigFromImport] [info] Running custom validator { configName: 'route_config' }
[jsonConfigValidator.js] [validateRouteConfig] [start] Validating route configuration { routeCount: 71 }
[jsonConfigValidator.js] [validateRouteConfig] [info] Route config validation complete { valid: true, errorCount: 0, warningCount: 0 }
[jsonConfigValidator.js] [validateRouteConfig] [return] Returning validation result { valid: true, errorCount: 0, warningCount: 0 }
[cacheHandler.js] [setValueWithExpiration] [start] Setting value in cache { key: 'json_config_route_config', hasTTL: false }
[cacheHandler.js] [setValueWithExpiration] [success] Value cached successfully { key: 'json_config_route_config', expiresAt: 'never' }
[cacheHandler.js] [setValueWithExpiration] [return] Cache set complete { key: 'json_config_route_config' }
[jsonConfigLoader.js] [loadJsonConfigFromImport] [success] Config loaded and cached: route_config { configName: 'route_config', dataType: 'array' }
[jsonConfigLoader.js] [loadJsonConfigFromImport] [return] Returning imported data { success: true }
[routeConfigLoader.js] [loadRouteConfigurationFromFile] [success] Route configuration loaded { routeCount: 71 }
[routeConfigLoader.js] [loadRouteConfigurationFromFile] [return] Returning loaded route configuration { routeCount: 71 }
[routeConfigLoader.js] [getCachedRouteConfiguration] [success] Route configuration retrieved { routeCount: 71 }
[routeConfigLoader.js] [getCachedRouteConfiguration] [return] Returning route configuration { routeCount: 71 }
[routeConfigLoader.js] [getRouteConfiguration] [return] Returning route configuration via cache { routeCount: 71 }
[routeConfigLoader.js] [getRouteConfiguration] [call] Getting route configuration {}
[routeConfigLoader.js] [getCachedRouteConfiguration] [start] Getting cached route configuration {}
[routeConfigLoader.js] [loadRouteConfigurationFromFile] [start] Loading route configuration {}
[jsonConfigLoader.js] [loadJsonConfigFromImport] [start] Loading JSON config from import: route_config { configName: 'route_config', dataType: 'array' }
[jsonConfigLoader.js] [validateJsonData] [start] Validating JSON data for route_config {}
[jsonConfigLoader.js] [validateJsonData] [success] JSON data is valid { configName: 'route_config' }
[jsonConfigLoader.js] [validateJsonData] [return] Returning validation success { valid: true }
[jsonConfigLoader.js] [loadJsonConfigFromImport] [info] Running custom validator { configName: 'route_config' }
[jsonConfigValidator.js] [validateRouteConfig] [start] Validating route configuration { routeCount: 71 }
[jsonConfigValidator.js] [validateRouteConfig] [info] Route config validation complete { valid: true, errorCount: 0, warningCount: 0 }
[jsonConfigValidator.js] [validateRouteConfig] [return] Returning validation result { valid: true, errorCount: 0, warningCount: 0 }
[cacheHandler.js] [setValueWithExpiration] [start] Setting value in cache { key: 'json_config_route_config', hasTTL: false }
[cacheHandler.js] [setValueWithExpiration] [success] Value cached successfully { key: 'json_config_route_config', expiresAt: 'never' }
[cacheHandler.js] [setValueWithExpiration] [return] Cache set complete { key: 'json_config_route_config' }
[jsonConfigLoader.js] [loadJsonConfigFromImport] [success] Config loaded and cached: route_config { configName: 'route_config', dataType: 'array' }
[jsonConfigLoader.js] [loadJsonConfigFromImport] [return] Returning imported data { success: true }
[routeConfigLoader.js] [loadRouteConfigurationFromFile] [success] Route configuration loaded { routeCount: 71 }
[routeConfigLoader.js] [loadRouteConfigurationFromFile] [return] Returning loaded route configuration { routeCount: 71 }
[routeConfigLoader.js] [getCachedRouteConfiguration] [success] Route configuration retrieved { routeCount: 71 }
[routeConfigLoader.js] [getCachedRouteConfiguration] [return] Returning route configuration { routeCount: 71 }
[routeConfigLoader.js] [getRouteConfiguration] [return] Returning route configuration via cache { routeCount: 71 }
[routeConfigLoader.js] [getRouteConfiguration] [call] Getting route configuration {}
[routeConfigLoader.js] [getCachedRouteConfiguration] [start] Getting cached route configuration {}
[routeConfigLoader.js] [loadRouteConfigurationFromFile] [start] Loading route configuration {}
[jsonConfigLoader.js] [loadJsonConfigFromImport] [start] Loading JSON config from import: route_config { configName: 'route_config', dataType: 'array' }
[jsonConfigLoader.js] [validateJsonData] [start] Validating JSON data for route_config {}
[jsonConfigLoader.js] [validateJsonData] [success] JSON data is valid { configName: 'route_config' }
[jsonConfigLoader.js] [validateJsonData] [return] Returning validation success { valid: true }
[jsonConfigLoader.js] [loadJsonConfigFromImport] [info] Running custom validator { configName: 'route_config' }
[jsonConfigValidator.js] [validateRouteConfig] [start] Validating route configuration { routeCount: 71 }
[jsonConfigValidator.js] [validateRouteConfig] [info] Route config validation complete { valid: true, errorCount: 0, warningCount: 0 }
[jsonConfigValidator.js] [validateRouteConfig] [return] Returning validation result { valid: true, errorCount: 0, warningCount: 0 }
[cacheHandler.js] [setValueWithExpiration] [start] Setting value in cache { key: 'json_config_route_config', hasTTL: false }
[cacheHandler.js] [setValueWithExpiration] [success] Value cached successfully { key: 'json_config_route_config', expiresAt: 'never' }
[cacheHandler.js] [setValueWithExpiration] [return] Cache set complete { key: 'json_config_route_config' }
[jsonConfigLoader.js] [loadJsonConfigFromImport] [success] Config loaded and cached: route_config { configName: 'route_config', dataType: 'array' }
[jsonConfigLoader.js] [loadJsonConfigFromImport] [return] Returning imported data { success: true }
[routeConfigLoader.js] [loadRouteConfigurationFromFile] [success] Route configuration loaded { routeCount: 71 }
[routeConfigLoader.js] [loadRouteConfigurationFromFile] [return] Returning loaded route configuration { routeCount: 71 }
[routeConfigLoader.js] [getCachedRouteConfiguration] [success] Route configuration retrieved { routeCount: 71 }
[routeConfigLoader.js] [getCachedRouteConfiguration] [return] Returning route configuration { routeCount: 71 }
[routeConfigLoader.js] [getRouteConfiguration] [return] Returning route configuration via cache { routeCount: 71 }
[routeResolver.js] [getRouteChainForPath] [success] Route chain resolved { targetPath: '/dashboard/settings/privacy-security', chainLength: 3 }
[routeResolver.js] [getRouteChainForPath] [return] Returning route chain {
  targetPath: '/dashboard/settings/privacy-security',
  chainLength: 3,
  routes: [
    '/dashboard',
    '/dashboard/settings',
    '/dashboard/settings/privacy-security'
  ]
}
[objectSafety.js] [deepClone] [start] Creating deep clone { valueType: 'object' }
[objectSafety.js] [isPlainObject] [return] Returning plain object check { isPlain: true }
[objectSafety.js] [deepClone] [start] Creating deep clone { valueType: 'string' }
[objectSafety.js] [deepClone] [return] Returning primitive value as-is {}
[objectSafety.js] [deepClone] [start] Creating deep clone { valueType: 'string' }
[objectSafety.js] [deepClone] [return] Returning primitive value as-is {}
[objectSafety.js] [deepClone] [start] Creating deep clone { valueType: 'boolean' }
[objectSafety.js] [deepClone] [return] Returning primitive value as-is {}
[objectSafety.js] [deepClone] [start] Creating deep clone { valueType: 'boolean' }
[objectSafety.js] [deepClone] [return] Returning primitive value as-is {}
[objectSafety.js] [deepClone] [start] Creating deep clone { valueType: 'object' }
[objectSafety.js] [deepClone] [start] Creating deep clone { valueType: 'string' }
[objectSafety.js] [deepClone] [return] Returning primitive value as-is {}
[objectSafety.js] [deepClone] [return] Returning cloned array { length: 1 }
[objectSafety.js] [deepClone] [start] Creating deep clone { valueType: 'string' }
[objectSafety.js] [deepClone] [return] Returning primitive value as-is {}
[objectSafety.js] [deepClone] [start] Creating deep clone { valueType: 'string' }
[objectSafety.js] [deepClone] [return] Returning primitive value as-is {}
[objectSafety.js] [deepClone] [start] Creating deep clone { valueType: 'object' }
[objectSafety.js] [isPlainObject] [return] Returning plain object check { isPlain: true }
[objectSafety.js] [deepClone] [start] Creating deep clone { valueType: 'object' }
[objectSafety.js] [isPlainObject] [return] Returning plain object check { isPlain: true }
[objectSafety.js] [deepClone] [start] Creating deep clone { valueType: 'object' }
[objectSafety.js] [isPlainObject] [return] Returning plain object check { isPlain: true }
[objectSafety.js] [deepClone] [start] Creating deep clone { valueType: 'object' }
[objectSafety.js] [isPlainObject] [return] Returning plain object check { isPlain: true }
[objectSafety.js] [deepClone] [start] Creating deep clone { valueType: 'boolean' }
[objectSafety.js] [deepClone] [return] Returning primitive value as-is {}
[objectSafety.js] [deepClone] [start] Creating deep clone { valueType: 'string' }
[objectSafety.js] [deepClone] [return] Returning primitive value as-is {}
[objectSafety.js] [deepClone] [return] Returning cloned object { keys: 2 }
[objectSafety.js] [deepClone] [start] Creating deep clone { valueType: 'object' }
[objectSafety.js] [isPlainObject] [return] Returning plain object check { isPlain: true }
[objectSafety.js] [deepClone] [start] Creating deep clone { valueType: 'boolean' }
[objectSafety.js] [deepClone] [return] Returning primitive value as-is {}
[objectSafety.js] [deepClone] [start] Creating deep clone { valueType: 'string' }
[objectSafety.js] [deepClone] [return] Returning primitive value as-is {}
[objectSafety.js] [deepClone] [return] Returning cloned object { keys: 2 }
[objectSafety.js] [deepClone] [return] Returning cloned object { keys: 2 }
[objectSafety.js] [deepClone] [start] Creating deep clone { valueType: 'object' }
[objectSafety.js] [isPlainObject] [return] Returning plain object check { isPlain: true }
[objectSafety.js] [deepClone] [start] Creating deep clone { valueType: 'object' }
[objectSafety.js] [isPlainObject] [return] Returning plain object check { isPlain: true }
[objectSafety.js] [deepClone] [start] Creating deep clone { valueType: 'boolean' }
[objectSafety.js] [deepClone] [return] Returning primitive value as-is {}
[objectSafety.js] [deepClone] [start] Creating deep clone { valueType: 'string' }
[objectSafety.js] [deepClone] [return] Returning primitive value as-is {}
[objectSafety.js] [deepClone] [return] Returning cloned object { keys: 2 }
[objectSafety.js] [deepClone] [return] Returning cloned object { keys: 1 }
[objectSafety.js] [deepClone] [start] Creating deep clone { valueType: 'object' }
[objectSafety.js] [isPlainObject] [return] Returning plain object check { isPlain: true }
[objectSafety.js] [deepClone] [start] Creating deep clone { valueType: 'object' }
[objectSafety.js] [isPlainObject] [return] Returning plain object check { isPlain: true }
[objectSafety.js] [deepClone] [start] Creating deep clone { valueType: 'boolean' }
[objectSafety.js] [deepClone] [return] Returning primitive value as-is {}
[objectSafety.js] [deepClone] [start] Creating deep clone { valueType: 'string' }
[objectSafety.js] [deepClone] [return] Returning primitive value as-is {}
[objectSafety.js] [deepClone] [return] Returning cloned object { keys: 2 }
[objectSafety.js] [deepClone] [return] Returning cloned object { keys: 1 }
[objectSafety.js] [deepClone] [start] Creating deep clone { valueType: 'object' }
[objectSafety.js] [isPlainObject] [return] Returning plain object check { isPlain: true }
[objectSafety.js] [deepClone] [start] Creating deep clone { valueType: 'object' }
[objectSafety.js] [isPlainObject] [return] Returning plain object check { isPlain: true }
[objectSafety.js] [deepClone] [start] Creating deep clone { valueType: 'boolean' }
[objectSafety.js] [deepClone] [return] Returning primitive value as-is {}
[objectSafety.js] [deepClone] [start] Creating deep clone { valueType: 'string' }
[objectSafety.js] [deepClone] [return] Returning primitive value as-is {}
[objectSafety.js] [deepClone] [return] Returning cloned object { keys: 2 }
[objectSafety.js] [deepClone] [return] Returning cloned object { keys: 1 }
[objectSafety.js] [deepClone] [start] Creating deep clone { valueType: 'object' }
[objectSafety.js] [isPlainObject] [return] Returning plain object check { isPlain: true }
[objectSafety.js] [deepClone] [start] Creating deep clone { valueType: 'object' }
[objectSafety.js] [isPlainObject] [return] Returning plain object check { isPlain: true }
[objectSafety.js] [deepClone] [start] Creating deep clone { valueType: 'boolean' }
[objectSafety.js] [deepClone] [return] Returning primitive value as-is {}
[objectSafety.js] [deepClone] [start] Creating deep clone { valueType: 'string' }
[objectSafety.js] [deepClone] [return] Returning primitive value as-is {}
[objectSafety.js] [deepClone] [return] Returning cloned object { keys: 2 }
[objectSafety.js] [deepClone] [return] Returning cloned object { keys: 1 }
[objectSafety.js] [deepClone] [return] Returning cloned object { keys: 5 }
[objectSafety.js] [deepClone] [return] Returning cloned object { keys: 1 }
[objectSafety.js] [deepClone] [start] Creating deep clone { valueType: 'object' }
[objectSafety.js] [deepClone] [start] Creating deep clone { valueType: 'object' }
[objectSafety.js] [isPlainObject] [return] Returning plain object check { isPlain: true }
[objectSafety.js] [deepClone] [start] Creating deep clone { valueType: 'string' }
[objectSafety.js] [deepClone] [return] Returning primitive value as-is {}
[objectSafety.js] [deepClone] [start] Creating deep clone { valueType: 'string' }
[objectSafety.js] [deepClone] [return] Returning primitive value as-is {}
[objectSafety.js] [deepClone] [start] Creating deep clone { valueType: 'string' }
[objectSafety.js] [deepClone] [return] Returning primitive value as-is {}
[objectSafety.js] [deepClone] [return] Returning cloned object { keys: 3 }
[objectSafety.js] [deepClone] [start] Creating deep clone { valueType: 'object' }
[objectSafety.js] [isPlainObject] [return] Returning plain object check { isPlain: true }
[objectSafety.js] [deepClone] [start] Creating deep clone { valueType: 'string' }
[objectSafety.js] [deepClone] [return] Returning primitive value as-is {}
[objectSafety.js] [deepClone] [start] Creating deep clone { valueType: 'string' }
[objectSafety.js] [deepClone] [return] Returning primitive value as-is {}
[objectSafety.js] [deepClone] [start] Creating deep clone { valueType: 'string' }
[objectSafety.js] [deepClone] [return] Returning primitive value as-is {}
[objectSafety.js] [deepClone] [return] Returning cloned object { keys: 3 }
[objectSafety.js] [deepClone] [start] Creating deep clone { valueType: 'object' }
[objectSafety.js] [isPlainObject] [return] Returning plain object check { isPlain: true }
[objectSafety.js] [deepClone] [start] Creating deep clone { valueType: 'string' }
[objectSafety.js] [deepClone] [return] Returning primitive value as-is {}
[objectSafety.js] [deepClone] [start] Creating deep clone { valueType: 'string' }
[objectSafety.js] [deepClone] [return] Returning primitive value as-is {}
[objectSafety.js] [deepClone] [start] Creating deep clone { valueType: 'string' }
[objectSafety.js] [deepClone] [return] Returning primitive value as-is {}
[objectSafety.js] [deepClone] [return] Returning cloned object { keys: 3 }
[objectSafety.js] [deepClone] [start] Creating deep clone { valueType: 'object' }
[objectSafety.js] [isPlainObject] [return] Returning plain object check { isPlain: true }
[objectSafety.js] [deepClone] [start] Creating deep clone { valueType: 'string' }
[objectSafety.js] [deepClone] [return] Returning primitive value as-is {}
[objectSafety.js] [deepClone] [start] Creating deep clone { valueType: 'string' }
[objectSafety.js] [deepClone] [return] Returning primitive value as-is {}
[objectSafety.js] [deepClone] [start] Creating deep clone { valueType: 'string' }
[objectSafety.js] [deepClone] [return] Returning primitive value as-is {}
[objectSafety.js] [deepClone] [return] Returning cloned object { keys: 3 }
[objectSafety.js] [deepClone] [start] Creating deep clone { valueType: 'object' }
[objectSafety.js] [isPlainObject] [return] Returning plain object check { isPlain: true }
[objectSafety.js] [deepClone] [start] Creating deep clone { valueType: 'string' }
[objectSafety.js] [deepClone] [return] Returning primitive value as-is {}
[objectSafety.js] [deepClone] [start] Creating deep clone { valueType: 'string' }
[objectSafety.js] [deepClone] [return] Returning primitive value as-is {}
[objectSafety.js] [deepClone] [start] Creating deep clone { valueType: 'string' }
[objectSafety.js] [deepClone] [return] Returning primitive value as-is {}
[objectSafety.js] [deepClone] [return] Returning cloned object { keys: 3 }
[objectSafety.js] [deepClone] [start] Creating deep clone { valueType: 'object' }
[objectSafety.js] [isPlainObject] [return] Returning plain object check { isPlain: true }
[objectSafety.js] [deepClone] [start] Creating deep clone { valueType: 'string' }
[objectSafety.js] [deepClone] [return] Returning primitive value as-is {}
[objectSafety.js] [deepClone] [start] Creating deep clone { valueType: 'string' }
[objectSafety.js] [deepClone] [return] Returning primitive value as-is {}
[objectSafety.js] [deepClone] [start] Creating deep clone { valueType: 'string' }
[objectSafety.js] [deepClone] [return] Returning primitive value as-is {}
[objectSafety.js] [deepClone] [return] Returning cloned object { keys: 3 }
[objectSafety.js] [deepClone] [start] Creating deep clone { valueType: 'object' }
[objectSafety.js] [isPlainObject] [return] Returning plain object check { isPlain: true }
[objectSafety.js] [deepClone] [start] Creating deep clone { valueType: 'string' }
[objectSafety.js] [deepClone] [return] Returning primitive value as-is {}
[objectSafety.js] [deepClone] [start] Creating deep clone { valueType: 'string' }
[objectSafety.js] [deepClone] [return] Returning primitive value as-is {}
[objectSafety.js] [deepClone] [start] Creating deep clone { valueType: 'string' }
[objectSafety.js] [deepClone] [return] Returning primitive value as-is {}
[objectSafety.js] [deepClone] [return] Returning cloned object { keys: 3 }
[objectSafety.js] [deepClone] [start] Creating deep clone { valueType: 'object' }
[objectSafety.js] [isPlainObject] [return] Returning plain object check { isPlain: true }
[objectSafety.js] [deepClone] [start] Creating deep clone { valueType: 'string' }
[objectSafety.js] [deepClone] [return] Returning primitive value as-is {}
[objectSafety.js] [deepClone] [start] Creating deep clone { valueType: 'string' }
[objectSafety.js] [deepClone] [return] Returning primitive value as-is {}
[objectSafety.js] [deepClone] [start] Creating deep clone { valueType: 'string' }
[objectSafety.js] [deepClone] [return] Returning primitive value as-is {}
[objectSafety.js] [deepClone] [return] Returning cloned object { keys: 3 }
[objectSafety.js] [deepClone] [start] Creating deep clone { valueType: 'object' }
[objectSafety.js] [isPlainObject] [return] Returning plain object check { isPlain: true }
[objectSafety.js] [deepClone] [start] Creating deep clone { valueType: 'string' }
[objectSafety.js] [deepClone] [return] Returning primitive value as-is {}
[objectSafety.js] [deepClone] [start] Creating deep clone { valueType: 'string' }
[objectSafety.js] [deepClone] [return] Returning primitive value as-is {}
[objectSafety.js] [deepClone] [start] Creating deep clone { valueType: 'string' }
[objectSafety.js] [deepClone] [return] Returning primitive value as-is {}
[objectSafety.js] [deepClone] [return] Returning cloned object { keys: 3 }
[objectSafety.js] [deepClone] [start] Creating deep clone { valueType: 'object' }
[objectSafety.js] [isPlainObject] [return] Returning plain object check { isPlain: true }
[objectSafety.js] [deepClone] [start] Creating deep clone { valueType: 'string' }
[objectSafety.js] [deepClone] [return] Returning primitive value as-is {}
[objectSafety.js] [deepClone] [start] Creating deep clone { valueType: 'string' }
[objectSafety.js] [deepClone] [return] Returning primitive value as-is {}
[objectSafety.js] [deepClone] [start] Creating deep clone { valueType: 'string' }
[objectSafety.js] [deepClone] [return] Returning primitive value as-is {}
[objectSafety.js] [deepClone] [return] Returning cloned object { keys: 3 }
[objectSafety.js] [deepClone] [start] Creating deep clone { valueType: 'object' }
[objectSafety.js] [isPlainObject] [return] Returning plain object check { isPlain: true }
[objectSafety.js] [deepClone] [start] Creating deep clone { valueType: 'string' }
[objectSafety.js] [deepClone] [return] Returning primitive value as-is {}
[objectSafety.js] [deepClone] [start] Creating deep clone { valueType: 'string' }
[objectSafety.js] [deepClone] [return] Returning primitive value as-is {}
[objectSafety.js] [deepClone] [start] Creating deep clone { valueType: 'string' }
[objectSafety.js] [deepClone] [return] Returning primitive value as-is {}
[objectSafety.js] [deepClone] [return] Returning cloned object { keys: 3 }
[objectSafety.js] [deepClone] [start] Creating deep clone { valueType: 'object' }
[objectSafety.js] [isPlainObject] [return] Returning plain object check { isPlain: true }
[objectSafety.js] [deepClone] [start] Creating deep clone { valueType: 'string' }
[objectSafety.js] [deepClone] [return] Returning primitive value as-is {}
[objectSafety.js] [deepClone] [start] Creating deep clone { valueType: 'string' }
[objectSafety.js] [deepClone] [return] Returning primitive value as-is {}
[objectSafety.js] [deepClone] [start] Creating deep clone { valueType: 'string' }
[objectSafety.js] [deepClone] [return] Returning primitive value as-is {}
[objectSafety.js] [deepClone] [return] Returning cloned object { keys: 3 }
[objectSafety.js] [deepClone] [start] Creating deep clone { valueType: 'object' }
[objectSafety.js] [isPlainObject] [return] Returning plain object check { isPlain: true }
[objectSafety.js] [deepClone] [start] Creating deep clone { valueType: 'string' }
[objectSafety.js] [deepClone] [return] Returning primitive value as-is {}
[objectSafety.js] [deepClone] [start] Creating deep clone { valueType: 'string' }
[objectSafety.js] [deepClone] [return] Returning primitive value as-is {}
[objectSafety.js] [deepClone] [start] Creating deep clone { valueType: 'string' }
[objectSafety.js] [deepClone] [return] Returning primitive value as-is {}
[objectSafety.js] [deepClone] [return] Returning cloned object { keys: 3 }
[objectSafety.js] [deepClone] [start] Creating deep clone { valueType: 'object' }
[objectSafety.js] [isPlainObject] [return] Returning plain object check { isPlain: true }
[objectSafety.js] [deepClone] [start] Creating deep clone { valueType: 'string' }
[objectSafety.js] [deepClone] [return] Returning primitive value as-is {}
[objectSafety.js] [deepClone] [start] Creating deep clone { valueType: 'string' }
[objectSafety.js] [deepClone] [return] Returning primitive value as-is {}
[objectSafety.js] [deepClone] [start] Creating deep clone { valueType: 'string' }
[objectSafety.js] [deepClone] [return] Returning primitive value as-is {}
[objectSafety.js] [deepClone] [return] Returning cloned object { keys: 3 }
[objectSafety.js] [deepClone] [start] Creating deep clone { valueType: 'object' }
[objectSafety.js] [isPlainObject] [return] Returning plain object check { isPlain: true }
[objectSafety.js] [deepClone] [start] Creating deep clone { valueType: 'string' }
[objectSafety.js] [deepClone] [return] Returning primitive value as-is {}
[objectSafety.js] [deepClone] [start] Creating deep clone { valueType: 'string' }
[objectSafety.js] [deepClone] [return] Returning primitive value as-is {}
[objectSafety.js] [deepClone] [start] Creating deep clone { valueType: 'string' }
[objectSafety.js] [deepClone] [return] Returning primitive value as-is {}
[objectSafety.js] [deepClone] [return] Returning cloned object { keys: 3 }
[objectSafety.js] [deepClone] [start] Creating deep clone { valueType: 'object' }
[objectSafety.js] [isPlainObject] [return] Returning plain object check { isPlain: true }
[objectSafety.js] [deepClone] [start] Creating deep clone { valueType: 'string' }
[objectSafety.js] [deepClone] [return] Returning primitive value as-is {}
[objectSafety.js] [deepClone] [start] Creating deep clone { valueType: 'string' }
[objectSafety.js] [deepClone] [return] Returning primitive value as-is {}
[objectSafety.js] [deepClone] [start] Creating deep clone { valueType: 'string' }
[objectSafety.js] [deepClone] [return] Returning primitive value as-is {}
[objectSafety.js] [deepClone] [return] Returning cloned object { keys: 3 }
[objectSafety.js] [deepClone] [start] Creating deep clone { valueType: 'object' }
[objectSafety.js] [isPlainObject] [return] Returning plain object check { isPlain: true }
[objectSafety.js] [deepClone] [start] Creating deep clone { valueType: 'string' }
[objectSafety.js] [deepClone] [return] Returning primitive value as-is {}
[objectSafety.js] [deepClone] [start] Creating deep clone { valueType: 'string' }
[objectSafety.js] [deepClone] [return] Returning primitive value as-is {}
[objectSafety.js] [deepClone] [start] Creating deep clone { valueType: 'string' }
[objectSafety.js] [deepClone] [return] Returning primitive value as-is {}
[objectSafety.js] [deepClone] [return] Returning cloned object { keys: 3 }
[objectSafety.js] [deepClone] [start] Creating deep clone { valueType: 'object' }
[objectSafety.js] [isPlainObject] [return] Returning plain object check { isPlain: true }
[objectSafety.js] [deepClone] [start] Creating deep clone { valueType: 'string' }
[objectSafety.js] [deepClone] [return] Returning primitive value as-is {}
[objectSafety.js] [deepClone] [start] Creating deep clone { valueType: 'string' }
[objectSafety.js] [deepClone] [return] Returning primitive value as-is {}
[objectSafety.js] [deepClone] [start] Creating deep clone { valueType: 'string' }
[objectSafety.js] [deepClone] [return] Returning primitive value as-is {}
[objectSafety.js] [deepClone] [return] Returning cloned object { keys: 3 }
[objectSafety.js] [deepClone] [start] Creating deep clone { valueType: 'object' }
[objectSafety.js] [isPlainObject] [return] Returning plain object check { isPlain: true }
[objectSafety.js] [deepClone] [start] Creating deep clone { valueType: 'string' }
[objectSafety.js] [deepClone] [return] Returning primitive value as-is {}
[objectSafety.js] [deepClone] [start] Creating deep clone { valueType: 'string' }
[objectSafety.js] [deepClone] [return] Returning primitive value as-is {}
[objectSafety.js] [deepClone] [start] Creating deep clone { valueType: 'string' }
[objectSafety.js] [deepClone] [return] Returning primitive value as-is {}
[objectSafety.js] [deepClone] [return] Returning cloned object { keys: 3 }
[objectSafety.js] [deepClone] [start] Creating deep clone { valueType: 'object' }
[objectSafety.js] [isPlainObject] [return] Returning plain object check { isPlain: true }
[objectSafety.js] [deepClone] [start] Creating deep clone { valueType: 'string' }
[objectSafety.js] [deepClone] [return] Returning primitive value as-is {}
[objectSafety.js] [deepClone] [start] Creating deep clone { valueType: 'string' }
[objectSafety.js] [deepClone] [return] Returning primitive value as-is {}
[objectSafety.js] [deepClone] [start] Creating deep clone { valueType: 'string' }
[objectSafety.js] [deepClone] [return] Returning primitive value as-is {}
[objectSafety.js] [deepClone] [return] Returning cloned object { keys: 3 }
[objectSafety.js] [deepClone] [start] Creating deep clone { valueType: 'object' }
[objectSafety.js] [isPlainObject] [return] Returning plain object check { isPlain: true }
[objectSafety.js] [deepClone] [start] Creating deep clone { valueType: 'string' }
[objectSafety.js] [deepClone] [return] Returning primitive value as-is {}
[objectSafety.js] [deepClone] [start] Creating deep clone { valueType: 'string' }
[objectSafety.js] [deepClone] [return] Returning primitive value as-is {}
[objectSafety.js] [deepClone] [start] Creating deep clone { valueType: 'string' }
[objectSafety.js] [deepClone] [return] Returning primitive value as-is {}
[objectSafety.js] [deepClone] [return] Returning cloned object { keys: 3 }
[objectSafety.js] [deepClone] [return] Returning cloned array { length: 21 }
[objectSafety.js] [deepClone] [return] Returning cloned object { keys: 9 }
[objectSafety.js] [deepClone] [start] Creating deep clone { valueType: 'object' }
[objectSafety.js] [isPlainObject] [return] Returning plain object check { isPlain: true }
[objectSafety.js] [deepClone] [start] Creating deep clone { valueType: 'string' }
[objectSafety.js] [deepClone] [return] Returning primitive value as-is {}
[objectSafety.js] [deepClone] [start] Creating deep clone { valueType: 'object' }
[objectSafety.js] [isPlainObject] [return] Returning plain object check { isPlain: true }
[objectSafety.js] [deepClone] [start] Creating deep clone { valueType: 'string' }
[objectSafety.js] [deepClone] [return] Returning primitive value as-is {}
[objectSafety.js] [deepClone] [start] Creating deep clone { valueType: 'string' }
[objectSafety.js] [deepClone] [return] Returning primitive value as-is {}
[objectSafety.js] [deepClone] [start] Creating deep clone { valueType: 'string' }
[objectSafety.js] [deepClone] [return] Returning primitive value as-is {}
[objectSafety.js] [deepClone] [start] Creating deep clone { valueType: 'string' }
[objectSafety.js] [deepClone] [return] Returning primitive value as-is {}
[objectSafety.js] [deepClone] [return] Returning cloned object { keys: 4 }
[objectSafety.js] [deepClone] [start] Creating deep clone { valueType: 'boolean' }
[objectSafety.js] [deepClone] [return] Returning primitive value as-is {}
[objectSafety.js] [deepClone] [start] Creating deep clone { valueType: 'object' }
[objectSafety.js] [deepClone] [start] Creating deep clone { valueType: 'string' }
[objectSafety.js] [deepClone] [return] Returning primitive value as-is {}
[objectSafety.js] [deepClone] [start] Creating deep clone { valueType: 'string' }
[objectSafety.js] [deepClone] [return] Returning primitive value as-is {}
[objectSafety.js] [deepClone] [start] Creating deep clone { valueType: 'string' }
[objectSafety.js] [deepClone] [return] Returning primitive value as-is {}
[objectSafety.js] [deepClone] [start] Creating deep clone { valueType: 'string' }
[objectSafety.js] [deepClone] [return] Returning primitive value as-is {}
[objectSafety.js] [deepClone] [return] Returning cloned array { length: 4 }
[objectSafety.js] [deepClone] [start] Creating deep clone { valueType: 'object' }
[objectSafety.js] [isPlainObject] [return] Returning plain object check { isPlain: true }
[objectSafety.js] [deepClone] [start] Creating deep clone { valueType: 'object' }
[objectSafety.js] [isPlainObject] [return] Returning plain object check { isPlain: true }
[objectSafety.js] [deepClone] [start] Creating deep clone { valueType: 'string' }
[objectSafety.js] [deepClone] [return] Returning primitive value as-is {}
[objectSafety.js] [deepClone] [return] Returning cloned object { keys: 1 }
[objectSafety.js] [deepClone] [start] Creating deep clone { valueType: 'object' }
[objectSafety.js] [isPlainObject] [return] Returning plain object check { isPlain: true }
[objectSafety.js] [deepClone] [start] Creating deep clone { valueType: 'string' }
[objectSafety.js] [deepClone] [return] Returning primitive value as-is {}
[objectSafety.js] [deepClone] [return] Returning cloned object { keys: 1 }
[objectSafety.js] [deepClone] [start] Creating deep clone { valueType: 'object' }
[objectSafety.js] [isPlainObject] [return] Returning plain object check { isPlain: true }
[objectSafety.js] [deepClone] [start] Creating deep clone { valueType: 'string' }
[objectSafety.js] [deepClone] [return] Returning primitive value as-is {}
[objectSafety.js] [deepClone] [return] Returning cloned object { keys: 1 }
[objectSafety.js] [deepClone] [start] Creating deep clone { valueType: 'object' }
[objectSafety.js] [isPlainObject] [return] Returning plain object check { isPlain: true }
[objectSafety.js] [deepClone] [start] Creating deep clone { valueType: 'string' }
[objectSafety.js] [deepClone] [return] Returning primitive value as-is {}
[objectSafety.js] [deepClone] [return] Returning cloned object { keys: 1 }
[objectSafety.js] [deepClone] [return] Returning cloned object { keys: 4 }
[objectSafety.js] [deepClone] [return] Returning cloned object { keys: 5 }
[objectSafety.js] [deepClone] [start] Creating deep clone { valueType: 'object' }
[objectSafety.js] [isPlainObject] [return] Returning plain object check { isPlain: true }
[objectSafety.js] [deepClone] [start] Creating deep clone { valueType: 'string' }
[objectSafety.js] [deepClone] [return] Returning primitive value as-is {}
[objectSafety.js] [deepClone] [start] Creating deep clone { valueType: 'object' }
[objectSafety.js] [isPlainObject] [return] Returning plain object check { isPlain: true }
[objectSafety.js] [deepClone] [start] Creating deep clone { valueType: 'string' }
[objectSafety.js] [deepClone] [return] Returning primitive value as-is {}
[objectSafety.js] [deepClone] [start] Creating deep clone { valueType: 'string' }
[objectSafety.js] [deepClone] [return] Returning primitive value as-is {}
[objectSafety.js] [deepClone] [start] Creating deep clone { valueType: 'string' }
[objectSafety.js] [deepClone] [return] Returning primitive value as-is {}
[objectSafety.js] [deepClone] [start] Creating deep clone { valueType: 'string' }
[objectSafety.js] [deepClone] [return] Returning primitive value as-is {}
[objectSafety.js] [deepClone] [return] Returning cloned object { keys: 4 }
[objectSafety.js] [deepClone] [start] Creating deep clone { valueType: 'boolean' }
[objectSafety.js] [deepClone] [return] Returning primitive value as-is {}
[objectSafety.js] [deepClone] [start] Creating deep clone { valueType: 'object' }
[objectSafety.js] [deepClone] [start] Creating deep clone { valueType: 'string' }
[objectSafety.js] [deepClone] [return] Returning primitive value as-is {}
[objectSafety.js] [deepClone] [start] Creating deep clone { valueType: 'string' }
[objectSafety.js] [deepClone] [return] Returning primitive value as-is {}
[objectSafety.js] [deepClone] [start] Creating deep clone { valueType: 'string' }
[objectSafety.js] [deepClone] [return] Returning primitive value as-is {}
[objectSafety.js] [deepClone] [start] Creating deep clone { valueType: 'string' }
[objectSafety.js] [deepClone] [return] Returning primitive value as-is {}
[objectSafety.js] [deepClone] [return] Returning cloned array { length: 4 }
[objectSafety.js] [deepClone] [start] Creating deep clone { valueType: 'string' }
[objectSafety.js] [deepClone] [return] Returning primitive value as-is {}
[objectSafety.js] [deepClone] [return] Returning cloned object { keys: 5 }
[routeNavigation.js] [setCurrentActiveRoute] [success] Active route updated {
  currentPath: '/dashboard/settings/privacy-security',
  previousPath: undefined,
  historySize: 1,
  routeChainLength: 3
}
[routeNavigation.js] [getCurrentRouteChain] [get] Getting current route chain { chainLength: 3 }
[routeNavigation.js] [getCurrentRouteChain] [return] Returning current route chain {
  chainLength: 3,
  slugs: [
    '/dashboard',
    '/dashboard/settings',
    '/dashboard/settings/privacy-security'
  ]
}

stdout | tests/unit/routeNavigation.test.js > routeNavigation snapshots (A8) > keeps previous route snapshot when navigating again
[routeNavigation.js] [clearNavigationHistory] [start] Clearing navigation history {}
[routeNavigation.js] [clearNavigationHistory] [success] Navigation history cleared {}

stdout | tests/unit/routeNavigation.test.js > routeNavigation snapshots (A8) > keeps previous route snapshot when navigating again
[routeNavigation.js] [setCurrentActiveRoute] [start] Setting active route { slug: '/log-in' }
[objectSafety.js] [deepClone] [start] Creating deep clone { valueType: 'object' }
[objectSafety.js] [isPlainObject] [return] Returning plain object check { isPlain: true }
[objectSafety.js] [deepClone] [start] Creating deep clone { valueType: 'string' }
[objectSafety.js] [deepClone] [return] Returning primitive value as-is {}
[objectSafety.js] [deepClone] [start] Creating deep clone { valueType: 'boolean' }
[objectSafety.js] [deepClone] [return] Returning primitive value as-is {}
[objectSafety.js] [deepClone] [return] Returning cloned object { keys: 2 }
[routeResolver.js] [getRouteChainForPath] [start] Getting route chain for path { targetPath: '/log-in' }
[routeConfigLoader.js] [getRouteConfiguration] [call] Getting route configuration {}
[routeConfigLoader.js] [getCachedRouteConfiguration] [start] Getting cached route configuration {}
[routeConfigLoader.js] [loadRouteConfigurationFromFile] [start] Loading route configuration {}
[jsonConfigLoader.js] [loadJsonConfigFromImport] [start] Loading JSON config from import: route_config { configName: 'route_config', dataType: 'array' }
[jsonConfigLoader.js] [validateJsonData] [start] Validating JSON data for route_config {}
[jsonConfigLoader.js] [validateJsonData] [success] JSON data is valid { configName: 'route_config' }
[jsonConfigLoader.js] [validateJsonData] [return] Returning validation success { valid: true }
[jsonConfigLoader.js] [loadJsonConfigFromImport] [info] Running custom validator { configName: 'route_config' }
[jsonConfigValidator.js] [validateRouteConfig] [start] Validating route configuration { routeCount: 71 }
[jsonConfigValidator.js] [validateRouteConfig] [info] Route config validation complete { valid: true, errorCount: 0, warningCount: 0 }
[jsonConfigValidator.js] [validateRouteConfig] [return] Returning validation result { valid: true, errorCount: 0, warningCount: 0 }
[cacheHandler.js] [setValueWithExpiration] [start] Setting value in cache { key: 'json_config_route_config', hasTTL: false }
[cacheHandler.js] [setValueWithExpiration] [success] Value cached successfully { key: 'json_config_route_config', expiresAt: 'never' }
[cacheHandler.js] [setValueWithExpiration] [return] Cache set complete { key: 'json_config_route_config' }
[jsonConfigLoader.js] [loadJsonConfigFromImport] [success] Config loaded and cached: route_config { configName: 'route_config', dataType: 'array' }
[jsonConfigLoader.js] [loadJsonConfigFromImport] [return] Returning imported data { success: true }
[routeConfigLoader.js] [loadRouteConfigurationFromFile] [success] Route configuration loaded { routeCount: 71 }
[routeConfigLoader.js] [loadRouteConfigurationFromFile] [return] Returning loaded route configuration { routeCount: 71 }
[routeConfigLoader.js] [getCachedRouteConfiguration] [success] Route configuration retrieved { routeCount: 71 }
[routeConfigLoader.js] [getCachedRouteConfiguration] [return] Returning route configuration { routeCount: 71 }
[routeConfigLoader.js] [getRouteConfiguration] [return] Returning route configuration via cache { routeCount: 71 }
[routeResolver.js] [getRouteChainForPath] [success] Route chain resolved { targetPath: '/log-in', chainLength: 1 }
[routeResolver.js] [getRouteChainForPath] [return] Returning route chain { targetPath: '/log-in', chainLength: 1, routes: [ '/log-in' ] }
[objectSafety.js] [deepClone] [start] Creating deep clone { valueType: 'object' }
[objectSafety.js] [isPlainObject] [return] Returning plain object check { isPlain: true }
[objectSafety.js] [deepClone] [start] Creating deep clone { valueType: 'string' }
[objectSafety.js] [deepClone] [return] Returning primitive value as-is {}
[objectSafety.js] [deepClone] [start] Creating deep clone { valueType: 'string' }
[objectSafety.js] [deepClone] [return] Returning primitive value as-is {}
[objectSafety.js] [deepClone] [start] Creating deep clone { valueType: 'boolean' }
[objectSafety.js] [deepClone] [return] Returning primitive value as-is {}
[objectSafety.js] [deepClone] [start] Creating deep clone { valueType: 'boolean' }
[objectSafety.js] [deepClone] [return] Returning primitive value as-is {}
[objectSafety.js] [deepClone] [start] Creating deep clone { valueType: 'string' }
[objectSafety.js] [deepClone] [return] Returning primitive value as-is {}
[objectSafety.js] [deepClone] [start] Creating deep clone { valueType: 'object' }
[objectSafety.js] [deepClone] [start] Creating deep clone { valueType: 'string' }
[objectSafety.js] [deepClone] [return] Returning primitive value as-is {}
[objectSafety.js] [deepClone] [start] Creating deep clone { valueType: 'string' }
[objectSafety.js] [deepClone] [return] Returning primitive value as-is {}
[objectSafety.js] [deepClone] [return] Returning cloned array { length: 2 }
[objectSafety.js] [deepClone] [start] Creating deep clone { valueType: 'object' }
[objectSafety.js] [deepClone] [start] Creating deep clone { valueType: 'string' }
[objectSafety.js] [deepClone] [return] Returning primitive value as-is {}
[objectSafety.js] [deepClone] [return] Returning cloned array { length: 1 }
[objectSafety.js] [deepClone] [start] Creating deep clone { valueType: 'string' }
[objectSafety.js] [deepClone] [return] Returning primitive value as-is {}
[objectSafety.js] [deepClone] [start] Creating deep clone { valueType: 'object' }
[objectSafety.js] [deepClone] [start] Creating deep clone { valueType: 'object' }
[objectSafety.js] [isPlainObject] [return] Returning plain object check { isPlain: true }
[objectSafety.js] [deepClone] [start] Creating deep clone { valueType: 'string' }
[objectSafety.js] [deepClone] [return] Returning primitive value as-is {}
[objectSafety.js] [deepClone] [start] Creating deep clone { valueType: 'string' }
[objectSafety.js] [deepClone] [return] Returning primitive value as-is {}
[objectSafety.js] [deepClone] [start] Creating deep clone { valueType: 'string' }
[objectSafety.js] [deepClone] [return] Returning primitive value as-is {}
[objectSafety.js] [deepClone] [return] Returning cloned object { keys: 3 }
[objectSafety.js] [deepClone] [start] Creating deep clone { valueType: 'object' }
[objectSafety.js] [isPlainObject] [return] Returning plain object check { isPlain: true }
[objectSafety.js] [deepClone] [start] Creating deep clone { valueType: 'string' }
[objectSafety.js] [deepClone] [return] Returning primitive value as-is {}
[objectSafety.js] [deepClone] [start] Creating deep clone { valueType: 'string' }
[objectSafety.js] [deepClone] [return] Returning primitive value as-is {}
[objectSafety.js] [deepClone] [start] Creating deep clone { valueType: 'string' }
[objectSafety.js] [deepClone] [return] Returning primitive value as-is {}
[objectSafety.js] [deepClone] [return] Returning cloned object { keys: 3 }
[objectSafety.js] [deepClone] [return] Returning cloned array { length: 2 }
[objectSafety.js] [deepClone] [start] Creating deep clone { valueType: 'object' }
[objectSafety.js] [deepClone] [start] Creating deep clone { valueType: 'string' }
[objectSafety.js] [deepClone] [return] Returning primitive value as-is {}
[objectSafety.js] [deepClone] [start] Creating deep clone { valueType: 'string' }
[objectSafety.js] [deepClone] [return] Returning primitive value as-is {}
[objectSafety.js] [deepClone] [return] Returning cloned array { length: 2 }
[objectSafety.js] [deepClone] [return] Returning cloned object { keys: 10 }
[routeNavigation.js] [setCurrentActiveRoute] [success] Active route updated {
  currentPath: '/log-in',
  previousPath: undefined,
  historySize: 1,
  routeChainLength: 1
}
[routeNavigation.js] [setCurrentActiveRoute] [start] Setting active route { slug: '/dashboard' }
[objectSafety.js] [deepClone] [start] Creating deep clone { valueType: 'object' }
[objectSafety.js] [isPlainObject] [return] Returning plain object check { isPlain: true }
[objectSafety.js] [deepClone] [start] Creating deep clone { valueType: 'string' }
[objectSafety.js] [deepClone] [return] Returning primitive value as-is {}
[objectSafety.js] [deepClone] [start] Creating deep clone { valueType: 'boolean' }
[objectSafety.js] [deepClone] [return] Returning primitive value as-is {}
[objectSafety.js] [deepClone] [return] Returning cloned object { keys: 2 }
[routeResolver.js] [getRouteChainForPath] [start] Getting route chain for path { targetPath: '/dashboard' }
[routeConfigLoader.js] [getRouteConfiguration] [call] Getting route configuration {}
[routeConfigLoader.js] [getCachedRouteConfiguration] [start] Getting cached route configuration {}
[routeConfigLoader.js] [loadRouteConfigurationFromFile] [start] Loading route configuration {}
[jsonConfigLoader.js] [loadJsonConfigFromImport] [start] Loading JSON config from import: route_config { configName: 'route_config', dataType: 'array' }
[jsonConfigLoader.js] [validateJsonData] [start] Validating JSON data for route_config {}
[jsonConfigLoader.js] [validateJsonData] [success] JSON data is valid { configName: 'route_config' }
[jsonConfigLoader.js] [validateJsonData] [return] Returning validation success { valid: true }
[jsonConfigLoader.js] [loadJsonConfigFromImport] [info] Running custom validator { configName: 'route_config' }
[jsonConfigValidator.js] [validateRouteConfig] [start] Validating route configuration { routeCount: 71 }
[jsonConfigValidator.js] [validateRouteConfig] [info] Route config validation complete { valid: true, errorCount: 0, warningCount: 0 }
[jsonConfigValidator.js] [validateRouteConfig] [return] Returning validation result { valid: true, errorCount: 0, warningCount: 0 }
[cacheHandler.js] [setValueWithExpiration] [start] Setting value in cache { key: 'json_config_route_config', hasTTL: false }
[cacheHandler.js] [setValueWithExpiration] [success] Value cached successfully { key: 'json_config_route_config', expiresAt: 'never' }
[cacheHandler.js] [setValueWithExpiration] [return] Cache set complete { key: 'json_config_route_config' }
[jsonConfigLoader.js] [loadJsonConfigFromImport] [success] Config loaded and cached: route_config { configName: 'route_config', dataType: 'array' }
[jsonConfigLoader.js] [loadJsonConfigFromImport] [return] Returning imported data { success: true }
[routeConfigLoader.js] [loadRouteConfigurationFromFile] [success] Route configuration loaded { routeCount: 71 }
[routeConfigLoader.js] [loadRouteConfigurationFromFile] [return] Returning loaded route configuration { routeCount: 71 }
[routeConfigLoader.js] [getCachedRouteConfiguration] [success] Route configuration retrieved { routeCount: 71 }
[routeConfigLoader.js] [getCachedRouteConfiguration] [return] Returning route configuration { routeCount: 71 }
[routeConfigLoader.js] [getRouteConfiguration] [return] Returning route configuration via cache { routeCount: 71 }
[routeResolver.js] [getRouteChainForPath] [success] Route chain resolved { targetPath: '/dashboard', chainLength: 1 }
[routeResolver.js] [getRouteChainForPath] [return] Returning route chain { targetPath: '/dashboard', chainLength: 1, routes: [ '/dashboard' ] }
[objectSafety.js] [deepClone] [start] Creating deep clone { valueType: 'object' }
[objectSafety.js] [isPlainObject] [return] Returning plain object check { isPlain: true }
[objectSafety.js] [deepClone] [start] Creating deep clone { valueType: 'string' }
[objectSafety.js] [deepClone] [return] Returning primitive value as-is {}
[objectSafety.js] [deepClone] [start] Creating deep clone { valueType: 'string' }
[objectSafety.js] [deepClone] [return] Returning primitive value as-is {}
[objectSafety.js] [deepClone] [start] Creating deep clone { valueType: 'boolean' }
[objectSafety.js] [deepClone] [return] Returning primitive value as-is {}
[objectSafety.js] [deepClone] [start] Creating deep clone { valueType: 'boolean' }
[objectSafety.js] [deepClone] [return] Returning primitive value as-is {}
[objectSafety.js] [deepClone] [start] Creating deep clone { valueType: 'object' }
[objectSafety.js] [deepClone] [start] Creating deep clone { valueType: 'string' }
[objectSafety.js] [deepClone] [return] Returning primitive value as-is {}
[objectSafety.js] [deepClone] [return] Returning cloned array { length: 1 }
[objectSafety.js] [deepClone] [start] Creating deep clone { valueType: 'string' }
[objectSafety.js] [deepClone] [return] Returning primitive value as-is {}
[objectSafety.js] [deepClone] [start] Creating deep clone { valueType: 'string' }
[objectSafety.js] [deepClone] [return] Returning primitive value as-is {}
[objectSafety.js] [deepClone] [start] Creating deep clone { valueType: 'object' }
[objectSafety.js] [isPlainObject] [return] Returning plain object check { isPlain: true }
[objectSafety.js] [deepClone] [start] Creating deep clone { valueType: 'object' }
[objectSafety.js] [isPlainObject] [return] Returning plain object check { isPlain: true }
[objectSafety.js] [deepClone] [start] Creating deep clone { valueType: 'object' }
[objectSafety.js] [isPlainObject] [return] Returning plain object check { isPlain: true }
[objectSafety.js] [deepClone] [start] Creating deep clone { valueType: 'object' }
[objectSafety.js] [isPlainObject] [return] Returning plain object check { isPlain: true }
[objectSafety.js] [deepClone] [start] Creating deep clone { valueType: 'boolean' }
[objectSafety.js] [deepClone] [return] Returning primitive value as-is {}
[objectSafety.js] [deepClone] [start] Creating deep clone { valueType: 'string' }
[objectSafety.js] [deepClone] [return] Returning primitive value as-is {}
[objectSafety.js] [deepClone] [return] Returning cloned object { keys: 2 }
[objectSafety.js] [deepClone] [start] Creating deep clone { valueType: 'object' }
[objectSafety.js] [isPlainObject] [return] Returning plain object check { isPlain: true }
[objectSafety.js] [deepClone] [start] Creating deep clone { valueType: 'boolean' }
[objectSafety.js] [deepClone] [return] Returning primitive value as-is {}
[objectSafety.js] [deepClone] [start] Creating deep clone { valueType: 'string' }
[objectSafety.js] [deepClone] [return] Returning primitive value as-is {}
[objectSafety.js] [deepClone] [return] Returning cloned object { keys: 2 }
[objectSafety.js] [deepClone] [return] Returning cloned object { keys: 2 }
[objectSafety.js] [deepClone] [start] Creating deep clone { valueType: 'object' }
[objectSafety.js] [isPlainObject] [return] Returning plain object check { isPlain: true }
[objectSafety.js] [deepClone] [start] Creating deep clone { valueType: 'object' }
[objectSafety.js] [isPlainObject] [return] Returning plain object check { isPlain: true }
[objectSafety.js] [deepClone] [start] Creating deep clone { valueType: 'boolean' }
[objectSafety.js] [deepClone] [return] Returning primitive value as-is {}
[objectSafety.js] [deepClone] [start] Creating deep clone { valueType: 'string' }
[objectSafety.js] [deepClone] [return] Returning primitive value as-is {}
[objectSafety.js] [deepClone] [return] Returning cloned object { keys: 2 }
[objectSafety.js] [deepClone] [return] Returning cloned object { keys: 1 }
[objectSafety.js] [deepClone] [start] Creating deep clone { valueType: 'object' }
[objectSafety.js] [isPlainObject] [return] Returning plain object check { isPlain: true }
[objectSafety.js] [deepClone] [start] Creating deep clone { valueType: 'object' }
[objectSafety.js] [isPlainObject] [return] Returning plain object check { isPlain: true }
[objectSafety.js] [deepClone] [start] Creating deep clone { valueType: 'boolean' }
[objectSafety.js] [deepClone] [return] Returning primitive value as-is {}
[objectSafety.js] [deepClone] [start] Creating deep clone { valueType: 'string' }
[objectSafety.js] [deepClone] [return] Returning primitive value as-is {}
[objectSafety.js] [deepClone] [return] Returning cloned object { keys: 2 }
[objectSafety.js] [deepClone] [return] Returning cloned object { keys: 1 }
[objectSafety.js] [deepClone] [start] Creating deep clone { valueType: 'object' }
[objectSafety.js] [isPlainObject] [return] Returning plain object check { isPlain: true }
[objectSafety.js] [deepClone] [start] Creating deep clone { valueType: 'object' }
[objectSafety.js] [isPlainObject] [return] Returning plain object check { isPlain: true }
[objectSafety.js] [deepClone] [start] Creating deep clone { valueType: 'boolean' }
[objectSafety.js] [deepClone] [return] Returning primitive value as-is {}
[objectSafety.js] [deepClone] [start] Creating deep clone { valueType: 'string' }
[objectSafety.js] [deepClone] [return] Returning primitive value as-is {}
[objectSafety.js] [deepClone] [return] Returning cloned object { keys: 2 }
[objectSafety.js] [deepClone] [return] Returning cloned object { keys: 1 }
[objectSafety.js] [deepClone] [start] Creating deep clone { valueType: 'object' }
[objectSafety.js] [isPlainObject] [return] Returning plain object check { isPlain: true }
[objectSafety.js] [deepClone] [start] Creating deep clone { valueType: 'object' }
[objectSafety.js] [isPlainObject] [return] Returning plain object check { isPlain: true }
[objectSafety.js] [deepClone] [start] Creating deep clone { valueType: 'boolean' }
[objectSafety.js] [deepClone] [return] Returning primitive value as-is {}
[objectSafety.js] [deepClone] [start] Creating deep clone { valueType: 'string' }
[objectSafety.js] [deepClone] [return] Returning primitive value as-is {}
[objectSafety.js] [deepClone] [return] Returning cloned object { keys: 2 }
[objectSafety.js] [deepClone] [return] Returning cloned object { keys: 1 }
[objectSafety.js] [deepClone] [return] Returning cloned object { keys: 5 }
[objectSafety.js] [deepClone] [return] Returning cloned object { keys: 1 }
[objectSafety.js] [deepClone] [start] Creating deep clone { valueType: 'object' }
[objectSafety.js] [deepClone] [start] Creating deep clone { valueType: 'object' }
[objectSafety.js] [isPlainObject] [return] Returning plain object check { isPlain: true }
[objectSafety.js] [deepClone] [start] Creating deep clone { valueType: 'string' }
[objectSafety.js] [deepClone] [return] Returning primitive value as-is {}
[objectSafety.js] [deepClone] [start] Creating deep clone { valueType: 'string' }
[objectSafety.js] [deepClone] [return] Returning primitive value as-is {}
[objectSafety.js] [deepClone] [start] Creating deep clone { valueType: 'string' }
[objectSafety.js] [deepClone] [return] Returning primitive value as-is {}
[objectSafety.js] [deepClone] [return] Returning cloned object { keys: 3 }
[objectSafety.js] [deepClone] [start] Creating deep clone { valueType: 'object' }
[objectSafety.js] [isPlainObject] [return] Returning plain object check { isPlain: true }
[objectSafety.js] [deepClone] [start] Creating deep clone { valueType: 'string' }
[objectSafety.js] [deepClone] [return] Returning primitive value as-is {}
[objectSafety.js] [deepClone] [start] Creating deep clone { valueType: 'string' }
[objectSafety.js] [deepClone] [return] Returning primitive value as-is {}
[objectSafety.js] [deepClone] [start] Creating deep clone { valueType: 'string' }
[objectSafety.js] [deepClone] [return] Returning primitive value as-is {}
[objectSafety.js] [deepClone] [return] Returning cloned object { keys: 3 }
[objectSafety.js] [deepClone] [start] Creating deep clone { valueType: 'object' }
[objectSafety.js] [isPlainObject] [return] Returning plain object check { isPlain: true }
[objectSafety.js] [deepClone] [start] Creating deep clone { valueType: 'string' }
[objectSafety.js] [deepClone] [return] Returning primitive value as-is {}
[objectSafety.js] [deepClone] [start] Creating deep clone { valueType: 'string' }
[objectSafety.js] [deepClone] [return] Returning primitive value as-is {}
[objectSafety.js] [deepClone] [start] Creating deep clone { valueType: 'string' }
[objectSafety.js] [deepClone] [return] Returning primitive value as-is {}
[objectSafety.js] [deepClone] [return] Returning cloned object { keys: 3 }
[objectSafety.js] [deepClone] [start] Creating deep clone { valueType: 'object' }
[objectSafety.js] [isPlainObject] [return] Returning plain object check { isPlain: true }
[objectSafety.js] [deepClone] [start] Creating deep clone { valueType: 'string' }
[objectSafety.js] [deepClone] [return] Returning primitive value as-is {}
[objectSafety.js] [deepClone] [start] Creating deep clone { valueType: 'string' }
[objectSafety.js] [deepClone] [return] Returning primitive value as-is {}
[objectSafety.js] [deepClone] [start] Creating deep clone { valueType: 'string' }
[objectSafety.js] [deepClone] [return] Returning primitive value as-is {}
[objectSafety.js] [deepClone] [return] Returning cloned object { keys: 3 }
[objectSafety.js] [deepClone] [start] Creating deep clone { valueType: 'object' }
[objectSafety.js] [isPlainObject] [return] Returning plain object check { isPlain: true }
[objectSafety.js] [deepClone] [start] Creating deep clone { valueType: 'string' }
[objectSafety.js] [deepClone] [return] Returning primitive value as-is {}
[objectSafety.js] [deepClone] [start] Creating deep clone { valueType: 'string' }
[objectSafety.js] [deepClone] [return] Returning primitive value as-is {}
[objectSafety.js] [deepClone] [start] Creating deep clone { valueType: 'string' }
[objectSafety.js] [deepClone] [return] Returning primitive value as-is {}
[objectSafety.js] [deepClone] [return] Returning cloned object { keys: 3 }
[objectSafety.js] [deepClone] [start] Creating deep clone { valueType: 'object' }
[objectSafety.js] [isPlainObject] [return] Returning plain object check { isPlain: true }
[objectSafety.js] [deepClone] [start] Creating deep clone { valueType: 'string' }
[objectSafety.js] [deepClone] [return] Returning primitive value as-is {}
[objectSafety.js] [deepClone] [start] Creating deep clone { valueType: 'string' }
[objectSafety.js] [deepClone] [return] Returning primitive value as-is {}
[objectSafety.js] [deepClone] [start] Creating deep clone { valueType: 'string' }
[objectSafety.js] [deepClone] [return] Returning primitive value as-is {}
[objectSafety.js] [deepClone] [return] Returning cloned object { keys: 3 }
[objectSafety.js] [deepClone] [start] Creating deep clone { valueType: 'object' }
[objectSafety.js] [isPlainObject] [return] Returning plain object check { isPlain: true }
[objectSafety.js] [deepClone] [start] Creating deep clone { valueType: 'string' }
[objectSafety.js] [deepClone] [return] Returning primitive value as-is {}
[objectSafety.js] [deepClone] [start] Creating deep clone { valueType: 'string' }
[objectSafety.js] [deepClone] [return] Returning primitive value as-is {}
[objectSafety.js] [deepClone] [start] Creating deep clone { valueType: 'string' }
[objectSafety.js] [deepClone] [return] Returning primitive value as-is {}
[objectSafety.js] [deepClone] [return] Returning cloned object { keys: 3 }
[objectSafety.js] [deepClone] [start] Creating deep clone { valueType: 'object' }
[objectSafety.js] [isPlainObject] [return] Returning plain object check { isPlain: true }
[objectSafety.js] [deepClone] [start] Creating deep clone { valueType: 'string' }
[objectSafety.js] [deepClone] [return] Returning primitive value as-is {}
[objectSafety.js] [deepClone] [start] Creating deep clone { valueType: 'string' }
[objectSafety.js] [deepClone] [return] Returning primitive value as-is {}
[objectSafety.js] [deepClone] [start] Creating deep clone { valueType: 'string' }
[objectSafety.js] [deepClone] [return] Returning primitive value as-is {}
[objectSafety.js] [deepClone] [return] Returning cloned object { keys: 3 }
[objectSafety.js] [deepClone] [start] Creating deep clone { valueType: 'object' }
[objectSafety.js] [isPlainObject] [return] Returning plain object check { isPlain: true }
[objectSafety.js] [deepClone] [start] Creating deep clone { valueType: 'string' }
[objectSafety.js] [deepClone] [return] Returning primitive value as-is {}
[objectSafety.js] [deepClone] [start] Creating deep clone { valueType: 'string' }
[objectSafety.js] [deepClone] [return] Returning primitive value as-is {}
[objectSafety.js] [deepClone] [start] Creating deep clone { valueType: 'string' }
[objectSafety.js] [deepClone] [return] Returning primitive value as-is {}
[objectSafety.js] [deepClone] [return] Returning cloned object { keys: 3 }
[objectSafety.js] [deepClone] [start] Creating deep clone { valueType: 'object' }
[objectSafety.js] [isPlainObject] [return] Returning plain object check { isPlain: true }
[objectSafety.js] [deepClone] [start] Creating deep clone { valueType: 'string' }
[objectSafety.js] [deepClone] [return] Returning primitive value as-is {}
[objectSafety.js] [deepClone] [start] Creating deep clone { valueType: 'string' }
[objectSafety.js] [deepClone] [return] Returning primitive value as-is {}
[objectSafety.js] [deepClone] [start] Creating deep clone { valueType: 'string' }
[objectSafety.js] [deepClone] [return] Returning primitive value as-is {}
[objectSafety.js] [deepClone] [return] Returning cloned object { keys: 3 }
[objectSafety.js] [deepClone] [start] Creating deep clone { valueType: 'object' }
[objectSafety.js] [isPlainObject] [return] Returning plain object check { isPlain: true }
[objectSafety.js] [deepClone] [start] Creating deep clone { valueType: 'string' }
[objectSafety.js] [deepClone] [return] Returning primitive value as-is {}
[objectSafety.js] [deepClone] [start] Creating deep clone { valueType: 'string' }
[objectSafety.js] [deepClone] [return] Returning primitive value as-is {}
[objectSafety.js] [deepClone] [start] Creating deep clone { valueType: 'string' }
[objectSafety.js] [deepClone] [return] Returning primitive value as-is {}
[objectSafety.js] [deepClone] [return] Returning cloned object { keys: 3 }
[objectSafety.js] [deepClone] [start] Creating deep clone { valueType: 'object' }
[objectSafety.js] [isPlainObject] [return] Returning plain object check { isPlain: true }
[objectSafety.js] [deepClone] [start] Creating deep clone { valueType: 'string' }
[objectSafety.js] [deepClone] [return] Returning primitive value as-is {}
[objectSafety.js] [deepClone] [start] Creating deep clone { valueType: 'string' }
[objectSafety.js] [deepClone] [return] Returning primitive value as-is {}
[objectSafety.js] [deepClone] [start] Creating deep clone { valueType: 'string' }
[objectSafety.js] [deepClone] [return] Returning primitive value as-is {}
[objectSafety.js] [deepClone] [return] Returning cloned object { keys: 3 }
[objectSafety.js] [deepClone] [start] Creating deep clone { valueType: 'object' }
[objectSafety.js] [isPlainObject] [return] Returning plain object check { isPlain: true }
[objectSafety.js] [deepClone] [start] Creating deep clone { valueType: 'string' }
[objectSafety.js] [deepClone] [return] Returning primitive value as-is {}
[objectSafety.js] [deepClone] [start] Creating deep clone { valueType: 'string' }
[objectSafety.js] [deepClone] [return] Returning primitive value as-is {}
[objectSafety.js] [deepClone] [start] Creating deep clone { valueType: 'string' }
[objectSafety.js] [deepClone] [return] Returning primitive value as-is {}
[objectSafety.js] [deepClone] [return] Returning cloned object { keys: 3 }
[objectSafety.js] [deepClone] [start] Creating deep clone { valueType: 'object' }
[objectSafety.js] [isPlainObject] [return] Returning plain object check { isPlain: true }
[objectSafety.js] [deepClone] [start] Creating deep clone { valueType: 'string' }
[objectSafety.js] [deepClone] [return] Returning primitive value as-is {}
[objectSafety.js] [deepClone] [start] Creating deep clone { valueType: 'string' }
[objectSafety.js] [deepClone] [return] Returning primitive value as-is {}
[objectSafety.js] [deepClone] [start] Creating deep clone { valueType: 'string' }
[objectSafety.js] [deepClone] [return] Returning primitive value as-is {}
[objectSafety.js] [deepClone] [return] Returning cloned object { keys: 3 }
[objectSafety.js] [deepClone] [start] Creating deep clone { valueType: 'object' }
[objectSafety.js] [isPlainObject] [return] Returning plain object check { isPlain: true }
[objectSafety.js] [deepClone] [start] Creating deep clone { valueType: 'string' }
[objectSafety.js] [deepClone] [return] Returning primitive value as-is {}
[objectSafety.js] [deepClone] [start] Creating deep clone { valueType: 'string' }
[objectSafety.js] [deepClone] [return] Returning primitive value as-is {}
[objectSafety.js] [deepClone] [start] Creating deep clone { valueType: 'string' }
[objectSafety.js] [deepClone] [return] Returning primitive value as-is {}
[objectSafety.js] [deepClone] [return] Returning cloned object { keys: 3 }
[objectSafety.js] [deepClone] [start] Creating deep clone { valueType: 'object' }
[objectSafety.js] [isPlainObject] [return] Returning plain object check { isPlain: true }
[objectSafety.js] [deepClone] [start] Creating deep clone { valueType: 'string' }
[objectSafety.js] [deepClone] [return] Returning primitive value as-is {}
[objectSafety.js] [deepClone] [start] Creating deep clone { valueType: 'string' }
[objectSafety.js] [deepClone] [return] Returning primitive value as-is {}
[objectSafety.js] [deepClone] [start] Creating deep clone { valueType: 'string' }
[objectSafety.js] [deepClone] [return] Returning primitive value as-is {}
[objectSafety.js] [deepClone] [return] Returning cloned object { keys: 3 }
[objectSafety.js] [deepClone] [start] Creating deep clone { valueType: 'object' }
[objectSafety.js] [isPlainObject] [return] Returning plain object check { isPlain: true }
[objectSafety.js] [deepClone] [start] Creating deep clone { valueType: 'string' }
[objectSafety.js] [deepClone] [return] Returning primitive value as-is {}
[objectSafety.js] [deepClone] [start] Creating deep clone { valueType: 'string' }
[objectSafety.js] [deepClone] [return] Returning primitive value as-is {}
[objectSafety.js] [deepClone] [start] Creating deep clone { valueType: 'string' }
[objectSafety.js] [deepClone] [return] Returning primitive value as-is {}
[objectSafety.js] [deepClone] [return] Returning cloned object { keys: 3 }
[objectSafety.js] [deepClone] [start] Creating deep clone { valueType: 'object' }
[objectSafety.js] [isPlainObject] [return] Returning plain object check { isPlain: true }
[objectSafety.js] [deepClone] [start] Creating deep clone { valueType: 'string' }
[objectSafety.js] [deepClone] [return] Returning primitive value as-is {}
[objectSafety.js] [deepClone] [start] Creating deep clone { valueType: 'string' }
[objectSafety.js] [deepClone] [return] Returning primitive value as-is {}
[objectSafety.js] [deepClone] [start] Creating deep clone { valueType: 'string' }
[objectSafety.js] [deepClone] [return] Returning primitive value as-is {}
[objectSafety.js] [deepClone] [return] Returning cloned object { keys: 3 }
[objectSafety.js] [deepClone] [start] Creating deep clone { valueType: 'object' }
[objectSafety.js] [isPlainObject] [return] Returning plain object check { isPlain: true }
[objectSafety.js] [deepClone] [start] Creating deep clone { valueType: 'string' }
[objectSafety.js] [deepClone] [return] Returning primitive value as-is {}
[objectSafety.js] [deepClone] [start] Creating deep clone { valueType: 'string' }
[objectSafety.js] [deepClone] [return] Returning primitive value as-is {}
[objectSafety.js] [deepClone] [start] Creating deep clone { valueType: 'string' }
[objectSafety.js] [deepClone] [return] Returning primitive value as-is {}
[objectSafety.js] [deepClone] [return] Returning cloned object { keys: 3 }
[objectSafety.js] [deepClone] [start] Creating deep clone { valueType: 'object' }
[objectSafety.js] [isPlainObject] [return] Returning plain object check { isPlain: true }
[objectSafety.js] [deepClone] [start] Creating deep clone { valueType: 'string' }
[objectSafety.js] [deepClone] [return] Returning primitive value as-is {}
[objectSafety.js] [deepClone] [start] Creating deep clone { valueType: 'string' }
[objectSafety.js] [deepClone] [return] Returning primitive value as-is {}
[objectSafety.js] [deepClone] [start] Creating deep clone { valueType: 'string' }
[objectSafety.js] [deepClone] [return] Returning primitive value as-is {}
[objectSafety.js] [deepClone] [return] Returning cloned object { keys: 3 }
[objectSafety.js] [deepClone] [start] Creating deep clone { valueType: 'object' }
[objectSafety.js] [isPlainObject] [return] Returning plain object check { isPlain: true }
[objectSafety.js] [deepClone] [start] Creating deep clone { valueType: 'string' }
[objectSafety.js] [deepClone] [return] Returning primitive value as-is {}
[objectSafety.js] [deepClone] [start] Creating deep clone { valueType: 'string' }
[objectSafety.js] [deepClone] [return] Returning primitive value as-is {}
[objectSafety.js] [deepClone] [start] Creating deep clone { valueType: 'string' }
[objectSafety.js] [deepClone] [return] Returning primitive value as-is {}
[objectSafety.js] [deepClone] [return] Returning cloned object { keys: 3 }
[objectSafety.js] [deepClone] [return] Returning cloned array { length: 21 }
[objectSafety.js] [deepClone] [return] Returning cloned object { keys: 9 }
[routeNavigation.js] [setCurrentActiveRoute] [success] Active route updated {
  currentPath: '/dashboard',
  previousPath: '/log-in',
  historySize: 2,
  routeChainLength: 1
}
[routeNavigation.js] [getPreviousActiveRoute] [get] Getting previous route { hasRoute: true, slug: '/log-in' }
[routeNavigation.js] [getPreviousActiveRoute] [return] Returning previous active route { slug: '/log-in' }
[routeNavigation.js] [getPreviousActiveRoute] [get] Getting previous route { hasRoute: true, slug: '/log-in' }
[routeNavigation.js] [getPreviousActiveRoute] [return] Returning previous active route { slug: '/log-in' }

 ✓ tests/unit/routeNavigation.test.js (3 tests) 64ms
stdout | tests/unit/preloadSectionAssets.test.js > preloadSectionAssets URL short-circuit (C-07) > skips preloadAssets when every resolved section URL is already in the store
[assetPreloader.js] [preloadSectionAssets] [start] Preloading section assets { sectionName: 'dashboard-global' }
[assetPreloader.js] [preloadSectionAssets] [routes-found] Section routes found { sectionName: 'dashboard-global', routeCount: 1 }

stdout | tests/unit/preloadSectionAssets.test.js > preloadSectionAssets URL short-circuit (C-07) > skips preloadAssets when every resolved section URL is already in the store
[assetPreloader.js] [preloadSectionAssets] [cache-hit] All section asset URLs already preloaded — skipping { sectionName: 'dashboard-global', assetCount: 1, resolvedUrlCount: 1 }

stdout | tests/unit/preloadSectionAssets.test.js > preloadSectionAssets URL short-circuit (C-07) > calls preloadAssets when at least one resolved URL is missing from the store
[assetPreloader.js] [preloadSectionAssets] [start] Preloading section assets { sectionName: 'dashboard-global' }
[assetPreloader.js] [preloadSectionAssets] [routes-found] Section routes found { sectionName: 'dashboard-global', routeCount: 1 }

stdout | tests/unit/preloadSectionAssets.test.js > preloadSectionAssets URL short-circuit (C-07) > calls preloadAssets when at least one resolved URL is missing from the store
[assetPreloader.js] [preloadSectionAssets] [assets-collected] Assets collected for section { sectionName: 'dashboard-global', assetCount: 1 }
[assetPreloader.js] [preloadAssets] [start] Preloading multiple assets { count: 1 }
[assetPreloader.js] [preloadAssets] [sorted] Assets sorted by priority { count: 1 }
[assetPreloader.js] [preloadAsset] [start] Preloading asset { asset: { flag: 'dashboard.logo', type: 'image', priority: 'high' } }

stdout | tests/unit/preloadSectionAssets.test.js > preloadSectionAssets URL short-circuit (C-07) > calls preloadAssets when at least one resolved URL is missing from the store
[assetPreloader.js] [preloadImage] [start] Preloading image { src: '/assets/logo.png', options: { priority: 'high' } }

stdout | tests/unit/preloadSectionAssets.test.js > preloadSectionAssets URL short-circuit (C-07) > calls preloadAssets when at least one resolved URL is missing from the store
[assetPreloader.js] [preloadImage] [success] Image preloaded successfully { src: '/assets/logo.png' }

stdout | tests/unit/preloadSectionAssets.test.js > preloadSectionAssets URL short-circuit (C-07) > calls preloadAssets when at least one resolved URL is missing from the store
[assetPreloader.js] [preloadAsset] [success] Asset preloaded { src: '/assets/logo.png', type: 'image' }

stdout | tests/unit/preloadSectionAssets.test.js > preloadSectionAssets URL short-circuit (C-07) > calls preloadAssets when at least one resolved URL is missing from the store
[assetPreloader.js] [preloadAssets] [success] All assets preloaded { count: 1 }

stdout | tests/unit/preloadSectionAssets.test.js > preloadSectionAssets URL short-circuit (C-07) > calls preloadAssets when at least one resolved URL is missing from the store
[assetPreloader.js] [preloadSectionAssets] [success] Section assets preloaded { sectionName: 'dashboard-global', assetCount: 1 }

 ✓ tests/unit/preloadSectionAssets.test.js (2 tests) 81ms
 ✓ tests/unit/manifestIntegrity.test.js (4 tests) 45ms
 ✓ tests/unit/validateI18n.test.js (8 tests) 71ms
stdout | tests/unit/hreflangTags.test.js
[authHandlerDev.js] [window-api] [expose] Dev auth utilities exposed on window.APP {
  commands: [
    'window.APP.setMockUserState({ role: "creator", onboardingPassed: false, kycPassed: false })',
    'window.APP.mockUser',
    'window.APP.getRegisteredUsers()'
  ]
}

stdout | tests/unit/hreflangTags.test.js
[authHandler.js] [initialization] [init] Initializing auth handler {
  authMode: undefined,
  isDevelopment: true,
  shouldUseDev: true,
  selectedHandler: 'dev'
}
[authHandler.js] [initialization] [dev-auto] Using development handler (auto-detected development mode) {}
[authHandler.js] [window-api] [expose] Console commands exposed {
  commands: [
    'window.APP.useAuthHandler("dev")',
    'window.APP.useAuthHandler("cognito")',
    'window.APP.getCurrentAuthMode()',
    'window.APP.testAuthToggle()'
  ]
}

 ✓ tests/unit/preloadConcurrency.test.js (2 tests) 61ms
stdout | tests/unit/hreflangTags.test.js
[localeManager.js] [window-api] [expose] Locale console commands exposed {
  commands: [
    'window.APP.setLocale("vi")',
    'window.APP.setLocale("en")',
    'window.APP.getLocale()',
    'window.APP.getSupportedLocales()',
    'window.APP.getLocalePreferenceOrder()',
    'window.APP.getTranslationStatistics()',
    'window.APP.testLocalePersistence()'
  ]
}

 ✓ tests/unit/hreflangTags.test.js (5 tests) 55ms
stdout | tests/unit/routeInheritance.test.js
[authHandlerDev.js] [window-api] [expose] Dev auth utilities exposed on window.APP {
  commands: [
    'window.APP.setMockUserState({ role: "creator", onboardingPassed: false, kycPassed: false })',
    'window.APP.mockUser',
    'window.APP.getRegisteredUsers()'
  ]
}

stdout | tests/unit/routeInheritance.test.js
[authHandler.js] [initialization] [init] Initializing auth handler {
  authMode: undefined,
  isDevelopment: true,
  shouldUseDev: true,
  selectedHandler: 'dev'
}
[authHandler.js] [initialization] [dev-auto] Using development handler (auto-detected development mode) {}
[authHandler.js] [window-api] [expose] Console commands exposed {
  commands: [
    'window.APP.useAuthHandler("dev")',
    'window.APP.useAuthHandler("cognito")',
    'window.APP.getCurrentAuthMode()',
    'window.APP.testAuthToggle()'
  ]
}

stdout | tests/unit/routeInheritance.test.js
[localeManager.js] [window-api] [expose] Locale console commands exposed {
  commands: [
    'window.APP.setLocale("vi")',
    'window.APP.setLocale("en")',
    'window.APP.getLocale()',
    'window.APP.getSupportedLocales()',
    'window.APP.getLocalePreferenceOrder()',
    'window.APP.getTranslationStatistics()',
    'window.APP.testLocalePersistence()'
  ]
}

stdout | tests/unit/routeInheritance.test.js > S4 — inheritConfigFromParent requiresAuth > inherits requiresAuth from /dashboard for direct child routes
[routeResolver.js] [inheritConfigurationFromParentRoute] [start] Inheriting configuration from parent { childSlug: '/dashboard/payout' }
[routeConfigLoader.js] [getRouteConfiguration] [call] Getting route configuration {}
[routeConfigLoader.js] [getCachedRouteConfiguration] [start] Getting cached route configuration {}
[routeConfigLoader.js] [loadRouteConfigurationFromFile] [start] Loading route configuration {}
[jsonConfigLoader.js] [loadJsonConfigFromImport] [start] Loading JSON config from import: route_config { configName: 'route_config', dataType: 'array' }
[jsonConfigLoader.js] [validateJsonData] [start] Validating JSON data for route_config {}
[jsonConfigLoader.js] [validateJsonData] [success] JSON data is valid { configName: 'route_config' }
[jsonConfigLoader.js] [validateJsonData] [return] Returning validation success { valid: true }
[jsonConfigLoader.js] [loadJsonConfigFromImport] [info] Running custom validator { configName: 'route_config' }
[jsonConfigValidator.js] [validateRouteConfig] [start] Validating route configuration { routeCount: 71 }
[jsonConfigValidator.js] [validateRouteConfig] [info] Route config validation complete { valid: true, errorCount: 0, warningCount: 0 }
[jsonConfigValidator.js] [validateRouteConfig] [return] Returning validation result { valid: true, errorCount: 0, warningCount: 0 }
[cacheHandler.js] [setValueWithExpiration] [start] Setting value in cache { key: 'json_config_route_config', hasTTL: false }
[cacheHandler.js] [setValueWithExpiration] [success] Value cached successfully { key: 'json_config_route_config', expiresAt: 'never' }
[cacheHandler.js] [setValueWithExpiration] [return] Cache set complete { key: 'json_config_route_config' }
[jsonConfigLoader.js] [loadJsonConfigFromImport] [success] Config loaded and cached: route_config { configName: 'route_config', dataType: 'array' }
[jsonConfigLoader.js] [loadJsonConfigFromImport] [return] Returning imported data { success: true }
[routeConfigLoader.js] [loadRouteConfigurationFromFile] [success] Route configuration loaded { routeCount: 71 }
[routeConfigLoader.js] [loadRouteConfigurationFromFile] [return] Returning loaded route configuration { routeCount: 71 }
[routeConfigLoader.js] [getCachedRouteConfiguration] [success] Route configuration retrieved { routeCount: 71 }
[routeConfigLoader.js] [getCachedRouteConfiguration] [return] Returning route configuration { routeCount: 71 }
[routeConfigLoader.js] [getRouteConfiguration] [return] Returning route configuration via cache { routeCount: 71 }
[routeResolver.js] [findParentRouteBySlug] [found] Parent route found { childSlug: '/dashboard/payout', parentSlug: '/dashboard' }
[routeResolver.js] [findParentRouteBySlug] [return] Returning found parent route { childSlug: '/dashboard/payout', parentSlug: '/dashboard' }
[objectSafety.js] [deepMergePreferChild] [start] Starting deep merge operation { hasParent: true, hasChild: true }
[objectSafety.js] [deepMergePreferChild] [success] Deep merge completed { mergedKeys: 10 }
[objectSafety.js] [deepMergePreferChild] [return] Returning merged object { mergedKeys: 10 }
[routeResolver.js] [inheritConfigurationFromParentRoute] [success] Parent configuration inherited {
  childSlug: '/dashboard/payout',
  parentSlug: '/dashboard',
  requiresAuth: true,
  redirectIfNotAuth: '/log-in',
  inheritedRequiresAuth: true,
  inheritedAssetPreloadCount: 21
}
[routeResolver.js] [inheritConfigurationFromParentRoute] [return] Returning merged configuration { childSlug: '/dashboard/payout', parentSlug: '/dashboard' }

stdout | tests/unit/routeInheritance.test.js > S4 — inheritConfigFromParent requiresAuth > inherits requiresAuth through nested inheritConfigFromParent chain
[routeResolver.js] [inheritConfigurationFromParentRoute] [start] Inheriting configuration from parent { childSlug: '/dashboard/settings/privacy-security' }
[routeConfigLoader.js] [getRouteConfiguration] [call] Getting route configuration {}
[routeConfigLoader.js] [getCachedRouteConfiguration] [start] Getting cached route configuration {}
[routeConfigLoader.js] [loadRouteConfigurationFromFile] [start] Loading route configuration {}
[jsonConfigLoader.js] [loadJsonConfigFromImport] [start] Loading JSON config from import: route_config { configName: 'route_config', dataType: 'array' }
[jsonConfigLoader.js] [validateJsonData] [start] Validating JSON data for route_config {}
[jsonConfigLoader.js] [validateJsonData] [success] JSON data is valid { configName: 'route_config' }
[jsonConfigLoader.js] [validateJsonData] [return] Returning validation success { valid: true }
[jsonConfigLoader.js] [loadJsonConfigFromImport] [info] Running custom validator { configName: 'route_config' }
[jsonConfigValidator.js] [validateRouteConfig] [start] Validating route configuration { routeCount: 71 }
[jsonConfigValidator.js] [validateRouteConfig] [info] Route config validation complete { valid: true, errorCount: 0, warningCount: 0 }
[jsonConfigValidator.js] [validateRouteConfig] [return] Returning validation result { valid: true, errorCount: 0, warningCount: 0 }
[cacheHandler.js] [setValueWithExpiration] [start] Setting value in cache { key: 'json_config_route_config', hasTTL: false }
[cacheHandler.js] [setValueWithExpiration] [success] Value cached successfully { key: 'json_config_route_config', expiresAt: 'never' }
[cacheHandler.js] [setValueWithExpiration] [return] Cache set complete { key: 'json_config_route_config' }
[jsonConfigLoader.js] [loadJsonConfigFromImport] [success] Config loaded and cached: route_config { configName: 'route_config', dataType: 'array' }
[jsonConfigLoader.js] [loadJsonConfigFromImport] [return] Returning imported data { success: true }
[routeConfigLoader.js] [loadRouteConfigurationFromFile] [success] Route configuration loaded { routeCount: 71 }
[routeConfigLoader.js] [loadRouteConfigurationFromFile] [return] Returning loaded route configuration { routeCount: 71 }
[routeConfigLoader.js] [getCachedRouteConfiguration] [success] Route configuration retrieved { routeCount: 71 }
[routeConfigLoader.js] [getCachedRouteConfiguration] [return] Returning route configuration { routeCount: 71 }
[routeConfigLoader.js] [getRouteConfiguration] [return] Returning route configuration via cache { routeCount: 71 }
[routeResolver.js] [findParentRouteBySlug] [found] Parent route found {
  childSlug: '/dashboard/settings/privacy-security',
  parentSlug: '/dashboard/settings'
}
[routeResolver.js] [findParentRouteBySlug] [return] Returning found parent route {
  childSlug: '/dashboard/settings/privacy-security',
  parentSlug: '/dashboard/settings'
}
[routeResolver.js] [inheritConfigurationFromParentRoute] [start] Inheriting configuration from parent { childSlug: '/dashboard/settings' }
[routeConfigLoader.js] [getRouteConfiguration] [call] Getting route configuration {}
[routeConfigLoader.js] [getCachedRouteConfiguration] [start] Getting cached route configuration {}
[routeConfigLoader.js] [loadRouteConfigurationFromFile] [start] Loading route configuration {}
[jsonConfigLoader.js] [loadJsonConfigFromImport] [start] Loading JSON config from import: route_config { configName: 'route_config', dataType: 'array' }
[jsonConfigLoader.js] [validateJsonData] [start] Validating JSON data for route_config {}
[jsonConfigLoader.js] [validateJsonData] [success] JSON data is valid { configName: 'route_config' }
[jsonConfigLoader.js] [validateJsonData] [return] Returning validation success { valid: true }
[jsonConfigLoader.js] [loadJsonConfigFromImport] [info] Running custom validator { configName: 'route_config' }
[jsonConfigValidator.js] [validateRouteConfig] [start] Validating route configuration { routeCount: 71 }
[jsonConfigValidator.js] [validateRouteConfig] [info] Route config validation complete { valid: true, errorCount: 0, warningCount: 0 }
[jsonConfigValidator.js] [validateRouteConfig] [return] Returning validation result { valid: true, errorCount: 0, warningCount: 0 }
[cacheHandler.js] [setValueWithExpiration] [start] Setting value in cache { key: 'json_config_route_config', hasTTL: false }
[cacheHandler.js] [setValueWithExpiration] [success] Value cached successfully { key: 'json_config_route_config', expiresAt: 'never' }
[cacheHandler.js] [setValueWithExpiration] [return] Cache set complete { key: 'json_config_route_config' }
[jsonConfigLoader.js] [loadJsonConfigFromImport] [success] Config loaded and cached: route_config { configName: 'route_config', dataType: 'array' }
[jsonConfigLoader.js] [loadJsonConfigFromImport] [return] Returning imported data { success: true }
[routeConfigLoader.js] [loadRouteConfigurationFromFile] [success] Route configuration loaded { routeCount: 71 }
[routeConfigLoader.js] [loadRouteConfigurationFromFile] [return] Returning loaded route configuration { routeCount: 71 }
[routeConfigLoader.js] [getCachedRouteConfiguration] [success] Route configuration retrieved { routeCount: 71 }
[routeConfigLoader.js] [getCachedRouteConfiguration] [return] Returning route configuration { routeCount: 71 }
[routeConfigLoader.js] [getRouteConfiguration] [return] Returning route configuration via cache { routeCount: 71 }
[routeResolver.js] [findParentRouteBySlug] [found] Parent route found { childSlug: '/dashboard/settings', parentSlug: '/dashboard' }
[routeResolver.js] [findParentRouteBySlug] [return] Returning found parent route { childSlug: '/dashboard/settings', parentSlug: '/dashboard' }
[objectSafety.js] [deepMergePreferChild] [start] Starting deep merge operation { hasParent: true, hasChild: true }
[objectSafety.js] [deepMergePreferChild] [success] Deep merge completed { mergedKeys: 11 }
[objectSafety.js] [deepMergePreferChild] [return] Returning merged object { mergedKeys: 11 }
[routeResolver.js] [inheritConfigurationFromParentRoute] [success] Parent configuration inherited {
  childSlug: '/dashboard/settings',
  parentSlug: '/dashboard',
  requiresAuth: true,
  redirectIfNotAuth: '/log-in',
  inheritedRequiresAuth: true,
  inheritedAssetPreloadCount: 21
}
[routeResolver.js] [inheritConfigurationFromParentRoute] [return] Returning merged configuration { childSlug: '/dashboard/settings', parentSlug: '/dashboard' }
[objectSafety.js] [deepMergePreferChild] [start] Starting deep merge operation { hasParent: true, hasChild: true }
[objectSafety.js] [deepMergePreferChild] [success] Deep merge completed { mergedKeys: 11 }
[objectSafety.js] [deepMergePreferChild] [return] Returning merged object { mergedKeys: 11 }
[routeResolver.js] [inheritConfigurationFromParentRoute] [success] Parent configuration inherited {
  childSlug: '/dashboard/settings/privacy-security',
  parentSlug: '/dashboard/settings',
  requiresAuth: true,
  redirectIfNotAuth: '/log-in',
  inheritedRequiresAuth: true,
  inheritedAssetPreloadCount: 21
}
[routeResolver.js] [inheritConfigurationFromParentRoute] [return] Returning merged configuration {
  childSlug: '/dashboard/settings/privacy-security',
  parentSlug: '/dashboard/settings'
}

stdout | tests/unit/routeInheritance.test.js > S4 — inheritConfigFromParent requiresAuth > resolveEffectiveRouteConfig matches inheritConfigurationFromParentRoute
[routeResolver.js] [inheritConfigurationFromParentRoute] [start] Inheriting configuration from parent { childSlug: '/dashboard/settings/privacy-security' }
[routeConfigLoader.js] [getRouteConfiguration] [call] Getting route configuration {}
[routeConfigLoader.js] [getCachedRouteConfiguration] [start] Getting cached route configuration {}
[routeConfigLoader.js] [loadRouteConfigurationFromFile] [start] Loading route configuration {}
[jsonConfigLoader.js] [loadJsonConfigFromImport] [start] Loading JSON config from import: route_config { configName: 'route_config', dataType: 'array' }
[jsonConfigLoader.js] [validateJsonData] [start] Validating JSON data for route_config {}
[jsonConfigLoader.js] [validateJsonData] [success] JSON data is valid { configName: 'route_config' }
[jsonConfigLoader.js] [validateJsonData] [return] Returning validation success { valid: true }
[jsonConfigLoader.js] [loadJsonConfigFromImport] [info] Running custom validator { configName: 'route_config' }
[jsonConfigValidator.js] [validateRouteConfig] [start] Validating route configuration { routeCount: 71 }
[jsonConfigValidator.js] [validateRouteConfig] [info] Route config validation complete { valid: true, errorCount: 0, warningCount: 0 }
[jsonConfigValidator.js] [validateRouteConfig] [return] Returning validation result { valid: true, errorCount: 0, warningCount: 0 }
[cacheHandler.js] [setValueWithExpiration] [start] Setting value in cache { key: 'json_config_route_config', hasTTL: false }
[cacheHandler.js] [setValueWithExpiration] [success] Value cached successfully { key: 'json_config_route_config', expiresAt: 'never' }
[cacheHandler.js] [setValueWithExpiration] [return] Cache set complete { key: 'json_config_route_config' }
[jsonConfigLoader.js] [loadJsonConfigFromImport] [success] Config loaded and cached: route_config { configName: 'route_config', dataType: 'array' }
[jsonConfigLoader.js] [loadJsonConfigFromImport] [return] Returning imported data { success: true }
[routeConfigLoader.js] [loadRouteConfigurationFromFile] [success] Route configuration loaded { routeCount: 71 }
[routeConfigLoader.js] [loadRouteConfigurationFromFile] [return] Returning loaded route configuration { routeCount: 71 }
[routeConfigLoader.js] [getCachedRouteConfiguration] [success] Route configuration retrieved { routeCount: 71 }
[routeConfigLoader.js] [getCachedRouteConfiguration] [return] Returning route configuration { routeCount: 71 }
[routeConfigLoader.js] [getRouteConfiguration] [return] Returning route configuration via cache { routeCount: 71 }
[routeResolver.js] [findParentRouteBySlug] [found] Parent route found {
  childSlug: '/dashboard/settings/privacy-security',
  parentSlug: '/dashboard/settings'
}
[routeResolver.js] [findParentRouteBySlug] [return] Returning found parent route {
  childSlug: '/dashboard/settings/privacy-security',
  parentSlug: '/dashboard/settings'
}
[routeResolver.js] [inheritConfigurationFromParentRoute] [start] Inheriting configuration from parent { childSlug: '/dashboard/settings' }
[routeConfigLoader.js] [getRouteConfiguration] [call] Getting route configuration {}
[routeConfigLoader.js] [getCachedRouteConfiguration] [start] Getting cached route configuration {}
[routeConfigLoader.js] [loadRouteConfigurationFromFile] [start] Loading route configuration {}
[jsonConfigLoader.js] [loadJsonConfigFromImport] [start] Loading JSON config from import: route_config { configName: 'route_config', dataType: 'array' }
[jsonConfigLoader.js] [validateJsonData] [start] Validating JSON data for route_config {}
[jsonConfigLoader.js] [validateJsonData] [success] JSON data is valid { configName: 'route_config' }
[jsonConfigLoader.js] [validateJsonData] [return] Returning validation success { valid: true }
[jsonConfigLoader.js] [loadJsonConfigFromImport] [info] Running custom validator { configName: 'route_config' }
[jsonConfigValidator.js] [validateRouteConfig] [start] Validating route configuration { routeCount: 71 }
[jsonConfigValidator.js] [validateRouteConfig] [info] Route config validation complete { valid: true, errorCount: 0, warningCount: 0 }
[jsonConfigValidator.js] [validateRouteConfig] [return] Returning validation result { valid: true, errorCount: 0, warningCount: 0 }
[cacheHandler.js] [setValueWithExpiration] [start] Setting value in cache { key: 'json_config_route_config', hasTTL: false }
[cacheHandler.js] [setValueWithExpiration] [success] Value cached successfully { key: 'json_config_route_config', expiresAt: 'never' }
[cacheHandler.js] [setValueWithExpiration] [return] Cache set complete { key: 'json_config_route_config' }
[jsonConfigLoader.js] [loadJsonConfigFromImport] [success] Config loaded and cached: route_config { configName: 'route_config', dataType: 'array' }
[jsonConfigLoader.js] [loadJsonConfigFromImport] [return] Returning imported data { success: true }
[routeConfigLoader.js] [loadRouteConfigurationFromFile] [success] Route configuration loaded { routeCount: 71 }
[routeConfigLoader.js] [loadRouteConfigurationFromFile] [return] Returning loaded route configuration { routeCount: 71 }
[routeConfigLoader.js] [getCachedRouteConfiguration] [success] Route configuration retrieved { routeCount: 71 }
[routeConfigLoader.js] [getCachedRouteConfiguration] [return] Returning route configuration { routeCount: 71 }
[routeConfigLoader.js] [getRouteConfiguration] [return] Returning route configuration via cache { routeCount: 71 }
[routeResolver.js] [findParentRouteBySlug] [found] Parent route found { childSlug: '/dashboard/settings', parentSlug: '/dashboard' }
[routeResolver.js] [findParentRouteBySlug] [return] Returning found parent route { childSlug: '/dashboard/settings', parentSlug: '/dashboard' }
stderr | tests/unit/routeInheritance.test.js > S4 — inheritConfigFromParent requiresAuth > auth guard blocks 
unauthenticated access on inherited requiresAuth route
[routeGuards.js] [guardCheckAuthentication] [warn] Authentication required but user not authenticated { slug: 
'/dashboard/payout' }

[objectSafety.js] [deepMergePreferChild] [start] Starting deep merge operation { hasParent: true, hasChild: true }
[objectSafety.js] [deepMergePreferChild] [success] Deep merge completed { mergedKeys: 11 }
[objectSafety.js] [deepMergePreferChild] [return] Returning merged object { mergedKeys: 11 }
[routeResolver.js] [inheritConfigurationFromParentRoute] [success] Parent configuration inherited {
  childSlug: '/dashboard/settings',
  parentSlug: '/dashboard',
  requiresAuth: true,
  redirectIfNotAuth: '/log-in',
  inheritedRequiresAuth: true,
  inheritedAssetPreloadCount: 21
}
[routeResolver.js] [inheritConfigurationFromParentRoute] [return] Returning merged configuration { childSlug: '/dashboard/settings', parentSlug: '/dashboard' }
[objectSafety.js] [deepMergePreferChild] [start] Starting deep merge operation { hasParent: true, hasChild: true }
[objectSafety.js] [deepMergePreferChild] [success] Deep merge completed { mergedKeys: 11 }
[objectSafety.js] [deepMergePreferChild] [return] Returning merged object { mergedKeys: 11 }
[routeResolver.js] [inheritConfigurationFromParentRoute] [success] Parent configuration inherited {
  childSlug: '/dashboard/settings/privacy-security',
  parentSlug: '/dashboard/settings',
  requiresAuth: true,
  redirectIfNotAuth: '/log-in',
  inheritedRequiresAuth: true,
  inheritedAssetPreloadCount: 21
}
[routeResolver.js] [inheritConfigurationFromParentRoute] [return] Returning merged configuration {
  childSlug: '/dashboard/settings/privacy-security',
  parentSlug: '/dashboard/settings'
}

stdout | tests/unit/routeInheritance.test.js > S4 — inheritConfigFromParent requiresAuth > auth guard blocks unauthenticated access on inherited requiresAuth route
[routeResolver.js] [inheritConfigurationFromParentRoute] [start] Inheriting configuration from parent { childSlug: '/dashboard/payout' }
[routeConfigLoader.js] [getRouteConfiguration] [call] Getting route configuration {}
[routeConfigLoader.js] [getCachedRouteConfiguration] [start] Getting cached route configuration {}
[routeConfigLoader.js] [loadRouteConfigurationFromFile] [start] Loading route configuration {}
[jsonConfigLoader.js] [loadJsonConfigFromImport] [start] Loading JSON config from import: route_config { configName: 'route_config', dataType: 'array' }
[jsonConfigLoader.js] [validateJsonData] [start] Validating JSON data for route_config {}
[jsonConfigLoader.js] [validateJsonData] [success] JSON data is valid { configName: 'route_config' }
[jsonConfigLoader.js] [validateJsonData] [return] Returning validation success { valid: true }
[jsonConfigLoader.js] [loadJsonConfigFromImport] [info] Running custom validator { configName: 'route_config' }
[jsonConfigValidator.js] [validateRouteConfig] [start] Validating route configuration { routeCount: 71 }
[jsonConfigValidator.js] [validateRouteConfig] [info] Route config validation complete { valid: true, errorCount: 0, warningCount: 0 }
[jsonConfigValidator.js] [validateRouteConfig] [return] Returning validation result { valid: true, errorCount: 0, warningCount: 0 }
[cacheHandler.js] [setValueWithExpiration] [start] Setting value in cache { key: 'json_config_route_config', hasTTL: false }
[cacheHandler.js] [setValueWithExpiration] [success] Value cached successfully { key: 'json_config_route_config', expiresAt: 'never' }
[cacheHandler.js] [setValueWithExpiration] [return] Cache set complete { key: 'json_config_route_config' }
[jsonConfigLoader.js] [loadJsonConfigFromImport] [success] Config loaded and cached: route_config { configName: 'route_config', dataType: 'array' }
[jsonConfigLoader.js] [loadJsonConfigFromImport] [return] Returning imported data { success: true }
[routeConfigLoader.js] [loadRouteConfigurationFromFile] [success] Route configuration loaded { routeCount: 71 }
[routeConfigLoader.js] [loadRouteConfigurationFromFile] [return] Returning loaded route configuration { routeCount: 71 }
[routeConfigLoader.js] [getCachedRouteConfiguration] [success] Route configuration retrieved { routeCount: 71 }
[routeConfigLoader.js] [getCachedRouteConfiguration] [return] Returning route configuration { routeCount: 71 }
[routeConfigLoader.js] [getRouteConfiguration] [return] Returning route configuration via cache { routeCount: 71 }
[routeResolver.js] [findParentRouteBySlug] [found] Parent route found { childSlug: '/dashboard/payout', parentSlug: '/dashboard' }
[routeResolver.js] [findParentRouteBySlug] [return] Returning found parent route { childSlug: '/dashboard/payout', parentSlug: '/dashboard' }
[objectSafety.js] [deepMergePreferChild] [start] Starting deep merge operation { hasParent: true, hasChild: true }
[objectSafety.js] [deepMergePreferChild] [success] Deep merge completed { mergedKeys: 10 }
[objectSafety.js] [deepMergePreferChild] [return] Returning merged object { mergedKeys: 10 }
[routeResolver.js] [inheritConfigurationFromParentRoute] [success] Parent configuration inherited {
  childSlug: '/dashboard/payout',
  parentSlug: '/dashboard',
  requiresAuth: true,
  redirectIfNotAuth: '/log-in',
  inheritedRequiresAuth: true,
  inheritedAssetPreloadCount: 21
}
[routeResolver.js] [inheritConfigurationFromParentRoute] [return] Returning merged configuration { childSlug: '/dashboard/payout', parentSlug: '/dashboard' }
[routeGuards.js] [guardCheckAuthentication] [start] Checking authentication requirements {
  slug: '/dashboard/payout',
  requiresAuth: true,
  isAuthenticated: false
}
[routeGuards.js] [guardCheckAuthentication] [return] Returning auth required block {
  allow: false,
  redirectTo: '/log-in',
  reason: 'Authentication required'
}

stdout | tests/unit/routeInheritance.test.js > S4 — inheritConfigFromParent requiresAuth > returns route unchanged when inheritConfigFromParent is false
[routeResolver.js] [inheritConfigurationFromParentRoute] [start] Inheriting configuration from parent { childSlug: '/log-in' }
[routeResolver.js] [inheritConfigurationFromParentRoute] [skip] Route does not inherit from parent, returning as-is {}
[routeResolver.js] [inheritConfigurationFromParentRoute] [return] Returning original route - no inheritance { slug: '/log-in' }

stdout | tests/unit/routeInheritance.test.js > S4 — inheritConfigFromParent requiresAuth > inherits assetPreload from /dashboard for direct child routes (C-02)
[routeResolver.js] [inheritConfigurationFromParentRoute] [start] Inheriting configuration from parent { childSlug: '/dashboard/payout' }
[routeConfigLoader.js] [getRouteConfiguration] [call] Getting route configuration {}
[routeConfigLoader.js] [getCachedRouteConfiguration] [start] Getting cached route configuration {}
[routeConfigLoader.js] [loadRouteConfigurationFromFile] [start] Loading route configuration {}
[jsonConfigLoader.js] [loadJsonConfigFromImport] [start] Loading JSON config from import: route_config { configName: 'route_config', dataType: 'array' }
[jsonConfigLoader.js] [validateJsonData] [start] Validating JSON data for route_config {}
[jsonConfigLoader.js] [validateJsonData] [success] JSON data is valid { configName: 'route_config' }
[jsonConfigLoader.js] [validateJsonData] [return] Returning validation success { valid: true }
[jsonConfigLoader.js] [loadJsonConfigFromImport] [info] Running custom validator { configName: 'route_config' }
[jsonConfigValidator.js] [validateRouteConfig] [start] Validating route configuration { routeCount: 71 }
[jsonConfigValidator.js] [validateRouteConfig] [info] Route config validation complete { valid: true, errorCount: 0, warningCount: 0 }
[jsonConfigValidator.js] [validateRouteConfig] [return] Returning validation result { valid: true, errorCount: 0, warningCount: 0 }
[cacheHandler.js] [setValueWithExpiration] [start] Setting value in cache { key: 'json_config_route_config', hasTTL: false }
[cacheHandler.js] [setValueWithExpiration] [success] Value cached successfully { key: 'json_config_route_config', expiresAt: 'never' }
[cacheHandler.js] [setValueWithExpiration] [return] Cache set complete { key: 'json_config_route_config' }
[jsonConfigLoader.js] [loadJsonConfigFromImport] [success] Config loaded and cached: route_config { configName: 'route_config', dataType: 'array' }
[jsonConfigLoader.js] [loadJsonConfigFromImport] [return] Returning imported data { success: true }
[routeConfigLoader.js] [loadRouteConfigurationFromFile] [success] Route configuration loaded { routeCount: 71 }
[routeConfigLoader.js] [loadRouteConfigurationFromFile] [return] Returning loaded route configuration { routeCount: 71 }
[routeConfigLoader.js] [getCachedRouteConfiguration] [success] Route configuration retrieved { routeCount: 71 }
[routeConfigLoader.js] [getCachedRouteConfiguration] [return] Returning route configuration { routeCount: 71 }
[routeConfigLoader.js] [getRouteConfiguration] [return] Returning route configuration via cache { routeCount: 71 }
[routeResolver.js] [findParentRouteBySlug] [found] Parent route found { childSlug: '/dashboard/payout', parentSlug: '/dashboard' }
[routeResolver.js] [findParentRouteBySlug] [return] Returning found parent route { childSlug: '/dashboard/payout', parentSlug: '/dashboard' }
[objectSafety.js] [deepMergePreferChild] [start] Starting deep merge operation { hasParent: true, hasChild: true }
[objectSafety.js] [deepMergePreferChild] [success] Deep merge completed { mergedKeys: 10 }
[objectSafety.js] [deepMergePreferChild] [return] Returning merged object { mergedKeys: 10 }
[routeResolver.js] [inheritConfigurationFromParentRoute] [success] Parent configuration inherited {
  childSlug: '/dashboard/payout',
  parentSlug: '/dashboard',
  requiresAuth: true,
  redirectIfNotAuth: '/log-in',
  inheritedRequiresAuth: true,
  inheritedAssetPreloadCount: 21
}
[routeResolver.js] [inheritConfigurationFromParentRoute] [return] Returning merged configuration { childSlug: '/dashboard/payout', parentSlug: '/dashboard' }

stdout | tests/unit/routeInheritance.test.js > S4 — inheritConfigFromParent requiresAuth > concatenates parent and child assetPreload when child adds entries (C-02)
[routeResolver.js] [inheritConfigurationFromParentRoute] [start] Inheriting configuration from parent { childSlug: '/dashboard/overview' }
[routeConfigLoader.js] [getRouteConfiguration] [call] Getting route configuration {}
[routeConfigLoader.js] [getCachedRouteConfiguration] [start] Getting cached route configuration {}
[routeConfigLoader.js] [loadRouteConfigurationFromFile] [start] Loading route configuration {}
[jsonConfigLoader.js] [loadJsonConfigFromImport] [start] Loading JSON config from import: route_config { configName: 'route_config', dataType: 'array' }
[jsonConfigLoader.js] [validateJsonData] [start] Validating JSON data for route_config {}
[jsonConfigLoader.js] [validateJsonData] [success] JSON data is valid { configName: 'route_config' }
[jsonConfigLoader.js] [validateJsonData] [return] Returning validation success { valid: true }
[jsonConfigLoader.js] [loadJsonConfigFromImport] [info] Running custom validator { configName: 'route_config' }
[jsonConfigValidator.js] [validateRouteConfig] [start] Validating route configuration { routeCount: 71 }
[jsonConfigValidator.js] [validateRouteConfig] [info] Route config validation complete { valid: true, errorCount: 0, warningCount: 0 }
[jsonConfigValidator.js] [validateRouteConfig] [return] Returning validation result { valid: true, errorCount: 0, warningCount: 0 }
[cacheHandler.js] [setValueWithExpiration] [start] Setting value in cache { key: 'json_config_route_config', hasTTL: false }
[cacheHandler.js] [setValueWithExpiration] [success] Value cached successfully { key: 'json_config_route_config', expiresAt: 'never' }
[cacheHandler.js] [setValueWithExpiration] [return] Cache set complete { key: 'json_config_route_config' }
[jsonConfigLoader.js] [loadJsonConfigFromImport] [success] Config loaded and cached: route_config { configName: 'route_config', dataType: 'array' }
[jsonConfigLoader.js] [loadJsonConfigFromImport] [return] Returning imported data { success: true }
[routeConfigLoader.js] [loadRouteConfigurationFromFile] [success] Route configuration loaded { routeCount: 71 }
[routeConfigLoader.js] [loadRouteConfigurationFromFile] [return] Returning loaded route configuration { routeCount: 71 }
[routeConfigLoader.js] [getCachedRouteConfiguration] [success] Route configuration retrieved { routeCount: 71 }
[routeConfigLoader.js] [getCachedRouteConfiguration] [return] Returning route configuration { routeCount: 71 }
[routeConfigLoader.js] [getRouteConfiguration] [return] Returning route configuration via cache { routeCount: 71 }
[routeResolver.js] [findParentRouteBySlug] [found] Parent route found { childSlug: '/dashboard/overview', parentSlug: '/dashboard' }
[routeResolver.js] [findParentRouteBySlug] [return] Returning found parent route { childSlug: '/dashboard/overview', parentSlug: '/dashboard' }
[objectSafety.js] [deepMergePreferChild] [start] Starting deep merge operation { hasParent: true, hasChild: true }
[objectSafety.js] [deepMergePreferChild] [success] Deep merge completed { mergedKeys: 10 }
[objectSafety.js] [deepMergePreferChild] [return] Returning merged object { mergedKeys: 10 }
[routeResolver.js] [inheritConfigurationFromParentRoute] [success] Parent configuration inherited {
  childSlug: '/dashboard/overview',
  parentSlug: '/dashboard',
  requiresAuth: true,
  redirectIfNotAuth: '/log-in',
  inheritedRequiresAuth: true,
  inheritedAssetPreloadCount: 22
}
[routeResolver.js] [inheritConfigurationFromParentRoute] [return] Returning merged configuration { childSlug: '/dashboard/overview', parentSlug: '/dashboard' }

 ✓ tests/unit/routeInheritance.test.js (7 tests) 41ms
 ✓ tests/unit/useLocaleStore.test.js (6 tests) 35ms
stdout | tests/unit/routeChain.test.js > getRouteChainForPath (A7) > returns progressive slug matches from root to target
[routeResolver.js] [getRouteChainForPath] [start] Getting route chain for path { targetPath: '/dashboard/settings/privacy-security' }
[routeConfigLoader.js] [getRouteConfiguration] [call] Getting route configuration {}
[routeConfigLoader.js] [getCachedRouteConfiguration] [start] Getting cached route configuration {}
[routeConfigLoader.js] [loadRouteConfigurationFromFile] [start] Loading route configuration {}
[jsonConfigLoader.js] [loadJsonConfigFromImport] [start] Loading JSON config from import: route_config { configName: 'route_config', dataType: 'array' }
[jsonConfigLoader.js] [validateJsonData] [start] Validating JSON data for route_config {}
[jsonConfigLoader.js] [validateJsonData] [success] JSON data is valid { configName: 'route_config' }
[jsonConfigLoader.js] [validateJsonData] [return] Returning validation success { valid: true }
[jsonConfigLoader.js] [loadJsonConfigFromImport] [info] Running custom validator { configName: 'route_config' }
[jsonConfigValidator.js] [validateRouteConfig] [start] Validating route configuration { routeCount: 71 }
[jsonConfigValidator.js] [validateRouteConfig] [info] Route config validation complete { valid: true, errorCount: 0, warningCount: 0 }
[jsonConfigValidator.js] [validateRouteConfig] [return] Returning validation result { valid: true, errorCount: 0, warningCount: 0 }
[cacheHandler.js] [setValueWithExpiration] [start] Setting value in cache { key: 'json_config_route_config', hasTTL: false }
[cacheHandler.js] [setValueWithExpiration] [success] Value cached successfully { key: 'json_config_route_config', expiresAt: 'never' }
[cacheHandler.js] [setValueWithExpiration] [return] Cache set complete { key: 'json_config_route_config' }
[jsonConfigLoader.js] [loadJsonConfigFromImport] [success] Config loaded and cached: route_config { configName: 'route_config', dataType: 'array' }
[jsonConfigLoader.js] [loadJsonConfigFromImport] [return] Returning imported data { success: true }
[routeConfigLoader.js] [loadRouteConfigurationFromFile] [success] Route configuration loaded { routeCount: 71 }
[routeConfigLoader.js] [loadRouteConfigurationFromFile] [return] Returning loaded route configuration { routeCount: 71 }
[routeConfigLoader.js] [getCachedRouteConfiguration] [success] Route configuration retrieved { routeCount: 71 }
[routeConfigLoader.js] [getCachedRouteConfiguration] [return] Returning route configuration { routeCount: 71 }
[routeConfigLoader.js] [getRouteConfiguration] [return] Returning route configuration via cache { routeCount: 71 }
[routeConfigLoader.js] [getRouteConfiguration] [call] Getting route configuration {}
[routeConfigLoader.js] [getCachedRouteConfiguration] [start] Getting cached route configuration {}
[routeConfigLoader.js] [loadRouteConfigurationFromFile] [start] Loading route configuration {}
[jsonConfigLoader.js] [loadJsonConfigFromImport] [start] Loading JSON config from import: route_config { configName: 'route_config', dataType: 'array' }
[jsonConfigLoader.js] [validateJsonData] [start] Validating JSON data for route_config {}
[jsonConfigLoader.js] [validateJsonData] [success] JSON data is valid { configName: 'route_config' }
[jsonConfigLoader.js] [validateJsonData] [return] Returning validation success { valid: true }
[jsonConfigLoader.js] [loadJsonConfigFromImport] [info] Running custom validator { configName: 'route_config' }
[jsonConfigValidator.js] [validateRouteConfig] [start] Validating route configuration { routeCount: 71 }
[jsonConfigValidator.js] [validateRouteConfig] [info] Route config validation complete { valid: true, errorCount: 0, warningCount: 0 }
[jsonConfigValidator.js] [validateRouteConfig] [return] Returning validation result { valid: true, errorCount: 0, warningCount: 0 }
[cacheHandler.js] [setValueWithExpiration] [start] Setting value in cache { key: 'json_config_route_config', hasTTL: false }
[cacheHandler.js] [setValueWithExpiration] [success] Value cached successfully { key: 'json_config_route_config', expiresAt: 'never' }
[cacheHandler.js] [setValueWithExpiration] [return] Cache set complete { key: 'json_config_route_config' }
[jsonConfigLoader.js] [loadJsonConfigFromImport] [success] Config loaded and cached: route_config { configName: 'route_config', dataType: 'array' }
[jsonConfigLoader.js] [loadJsonConfigFromImport] [return] Returning imported data { success: true }
[routeConfigLoader.js] [loadRouteConfigurationFromFile] [success] Route configuration loaded { routeCount: 71 }
[routeConfigLoader.js] [loadRouteConfigurationFromFile] [return] Returning loaded route configuration { routeCount: 71 }
[routeConfigLoader.js] [getCachedRouteConfiguration] [success] Route configuration retrieved { routeCount: 71 }
[routeConfigLoader.js] [getCachedRouteConfiguration] [return] Returning route configuration { routeCount: 71 }
[routeConfigLoader.js] [getRouteConfiguration] [return] Returning route configuration via cache { routeCount: 71 }
[routeConfigLoader.js] [getRouteConfiguration] [call] Getting route configuration {}
[routeConfigLoader.js] [getCachedRouteConfiguration] [start] Getting cached route configuration {}
[routeConfigLoader.js] [loadRouteConfigurationFromFile] [start] Loading route configuration {}
[jsonConfigLoader.js] [loadJsonConfigFromImport] [start] Loading JSON config from import: route_config { configName: 'route_config', dataType: 'array' }
[jsonConfigLoader.js] [validateJsonData] [start] Validating JSON data for route_config {}
[jsonConfigLoader.js] [validateJsonData] [success] JSON data is valid { configName: 'route_config' }
[jsonConfigLoader.js] [validateJsonData] [return] Returning validation success { valid: true }
[jsonConfigLoader.js] [loadJsonConfigFromImport] [info] Running custom validator { configName: 'route_config' }
[jsonConfigValidator.js] [validateRouteConfig] [start] Validating route configuration { routeCount: 71 }
[jsonConfigValidator.js] [validateRouteConfig] [info] Route config validation complete { valid: true, errorCount: 0, warningCount: 0 }
[jsonConfigValidator.js] [validateRouteConfig] [return] Returning validation result { valid: true, errorCount: 0, warningCount: 0 }
[cacheHandler.js] [setValueWithExpiration] [start] Setting value in cache { key: 'json_config_route_config', hasTTL: false }
[cacheHandler.js] [setValueWithExpiration] [success] Value cached successfully { key: 'json_config_route_config', expiresAt: 'never' }
[cacheHandler.js] [setValueWithExpiration] [return] Cache set complete { key: 'json_config_route_config' }
[jsonConfigLoader.js] [loadJsonConfigFromImport] [success] Config loaded and cached: route_config { configName: 'route_config', dataType: 'array' }
[jsonConfigLoader.js] [loadJsonConfigFromImport] [return] Returning imported data { success: true }
[routeConfigLoader.js] [loadRouteConfigurationFromFile] [success] Route configuration loaded { routeCount: 71 }
[routeConfigLoader.js] [loadRouteConfigurationFromFile] [return] Returning loaded route configuration { routeCount: 71 }
[routeConfigLoader.js] [getCachedRouteConfiguration] [success] Route configuration retrieved { routeCount: 71 }
[routeConfigLoader.js] [getCachedRouteConfiguration] [return] Returning route configuration { routeCount: 71 }
[routeConfigLoader.js] [getRouteConfiguration] [return] Returning route configuration via cache { routeCount: 71 }
[routeResolver.js] [getRouteChainForPath] [success] Route chain resolved { targetPath: '/dashboard/settings/privacy-security', chainLength: 3 }
[routeResolver.js] [getRouteChainForPath] [return] Returning route chain {
  targetPath: '/dashboard/settings/privacy-security',
  chainLength: 3,
  routes: [
    '/dashboard',
    '/dashboard/settings',
    '/dashboard/settings/privacy-security'
  ]
}

stdout | tests/unit/routeChain.test.js > getRouteChainForPath (A7) > returns a single entry for top-level routes
[routeResolver.js] [getRouteChainForPath] [start] Getting route chain for path { targetPath: '/log-in' }
[routeConfigLoader.js] [getRouteConfiguration] [call] Getting route configuration {}
[routeConfigLoader.js] [getCachedRouteConfiguration] [start] Getting cached route configuration {}
[routeConfigLoader.js] [loadRouteConfigurationFromFile] [start] Loading route configuration {}
[jsonConfigLoader.js] [loadJsonConfigFromImport] [start] Loading JSON config from import: route_config { configName: 'route_config', dataType: 'array' }
[jsonConfigLoader.js] [validateJsonData] [start] Validating JSON data for route_config {}
[jsonConfigLoader.js] [validateJsonData] [success] JSON data is valid { configName: 'route_config' }
[jsonConfigLoader.js] [validateJsonData] [return] Returning validation success { valid: true }
[jsonConfigLoader.js] [loadJsonConfigFromImport] [info] Running custom validator { configName: 'route_config' }
[jsonConfigValidator.js] [validateRouteConfig] [start] Validating route configuration { routeCount: 71 }
[jsonConfigValidator.js] [validateRouteConfig] [info] Route config validation complete { valid: true, errorCount: 0, warningCount: 0 }
[jsonConfigValidator.js] [validateRouteConfig] [return] Returning validation result { valid: true, errorCount: 0, warningCount: 0 }
[cacheHandler.js] [setValueWithExpiration] [start] Setting value in cache { key: 'json_config_route_config', hasTTL: false }
[cacheHandler.js] [setValueWithExpiration] [success] Value cached successfully { key: 'json_config_route_config', expiresAt: 'never' }
[cacheHandler.js] [setValueWithExpiration] [return] Cache set complete { key: 'json_config_route_config' }
[jsonConfigLoader.js] [loadJsonConfigFromImport] [success] Config loaded and cached: route_config { configName: 'route_config', dataType: 'array' }
[jsonConfigLoader.js] [loadJsonConfigFromImport] [return] Returning imported data { success: true }
[routeConfigLoader.js] [loadRouteConfigurationFromFile] [success] Route configuration loaded { routeCount: 71 }
[routeConfigLoader.js] [loadRouteConfigurationFromFile] [return] Returning loaded route configuration { routeCount: 71 }
[routeConfigLoader.js] [getCachedRouteConfiguration] [success] Route configuration retrieved { routeCount: 71 }
[routeConfigLoader.js] [getCachedRouteConfiguration] [return] Returning route configuration { routeCount: 71 }
[routeConfigLoader.js] [getRouteConfiguration] [return] Returning route configuration via cache { routeCount: 71 }
[routeResolver.js] [getRouteChainForPath] [success] Route chain resolved { targetPath: '/log-in', chainLength: 1 }
[routeResolver.js] [getRouteChainForPath] [return] Returning route chain { targetPath: '/log-in', chainLength: 1, routes: [ '/log-in' ] }

stdout | tests/unit/routeChain.test.js > getRouteChainForPath (A7) > returns an empty array when no route segments match
[routeResolver.js] [getRouteChainForPath] [start] Getting route chain for path { targetPath: '/totally-unknown/path' }
[routeConfigLoader.js] [getRouteConfiguration] [call] Getting route configuration {}
[routeConfigLoader.js] [getCachedRouteConfiguration] [start] Getting cached route configuration {}
[routeConfigLoader.js] [loadRouteConfigurationFromFile] [start] Loading route configuration {}
[jsonConfigLoader.js] [loadJsonConfigFromImport] [start] Loading JSON config from import: route_config { configName: 'route_config', dataType: 'array' }
[jsonConfigLoader.js] [validateJsonData] [start] Validating JSON data for route_config {}
[jsonConfigLoader.js] [validateJsonData] [success] JSON data is valid { configName: 'route_config' }
[jsonConfigLoader.js] [validateJsonData] [return] Returning validation success { valid: true }
[jsonConfigLoader.js] [loadJsonConfigFromImport] [info] Running custom validator { configName: 'route_config' }
[jsonConfigValidator.js] [validateRouteConfig] [start] Validating route configuration { routeCount: 71 }
[jsonConfigValidator.js] [validateRouteConfig] [info] Route config validation complete { valid: true, errorCount: 0, warningCount: 0 }
[jsonConfigValidator.js] [validateRouteConfig] [return] Returning validation result { valid: true, errorCount: 0, warningCount: 0 }
[cacheHandler.js] [setValueWithExpiration] [start] Setting value in cache { key: 'json_config_route_config', hasTTL: false }
[cacheHandler.js] [setValueWithExpiration] [success] Value cached successfully { key: 'json_config_route_config', expiresAt: 'never' }
[cacheHandler.js] [setValueWithExpiration] [return] Cache set complete { key: 'json_config_route_config' }
[jsonConfigLoader.js] [loadJsonConfigFromImport] [success] Config loaded and cached: route_config { configName: 'route_config', dataType: 'array' }
[jsonConfigLoader.js] [loadJsonConfigFromImport] [return] Returning imported data { success: true }
[routeConfigLoader.js] [loadRouteConfigurationFromFile] [success] Route configuration loaded { routeCount: 71 }
[routeConfigLoader.js] [loadRouteConfigurationFromFile] [return] Returning loaded route configuration { routeCount: 71 }
[routeConfigLoader.js] [getCachedRouteConfiguration] [success] Route configuration retrieved { routeCount: 71 }
[routeConfigLoader.js] [getCachedRouteConfiguration] [return] Returning route configuration { routeCount: 71 }
[routeConfigLoader.js] [getRouteConfiguration] [return] Returning route configuration via cache { routeCount: 71 }
[routeConfigLoader.js] [getRouteConfiguration] [call] Getting route configuration {}
[routeConfigLoader.js] [getCachedRouteConfiguration] [start] Getting cached route configuration {}
[routeConfigLoader.js] [loadRouteConfigurationFromFile] [start] Loading route configuration {}
[jsonConfigLoader.js] [loadJsonConfigFromImport] [start] Loading JSON config from import: route_config { configName: 'route_config', dataType: 'array' }
[jsonConfigLoader.js] [validateJsonData] [start] Validating JSON data for route_config {}
[jsonConfigLoader.js] [validateJsonData] [success] JSON data is valid { configName: 'route_config' }
[jsonConfigLoader.js] [validateJsonData] [return] Returning validation success { valid: true }
[jsonConfigLoader.js] [loadJsonConfigFromImport] [info] Running custom validator { configName: 'route_config' }
[jsonConfigValidator.js] [validateRouteConfig] [start] Validating route configuration { routeCount: 71 }
[jsonConfigValidator.js] [validateRouteConfig] [info] Route config validation complete { valid: true, errorCount: 0, warningCount: 0 }
[jsonConfigValidator.js] [validateRouteConfig] [return] Returning validation result { valid: true, errorCount: 0, warningCount: 0 }
[cacheHandler.js] [setValueWithExpiration] [start] Setting value in cache { key: 'json_config_route_config', hasTTL: false }
[cacheHandler.js] [setValueWithExpiration] [success] Value cached successfully { key: 'json_config_route_config', expiresAt: 'never' }
[cacheHandler.js] [setValueWithExpiration] [return] Cache set complete { key: 'json_config_route_config' }
[jsonConfigLoader.js] [loadJsonConfigFromImport] [success] Config loaded and cached: route_config { configName: 'route_config', dataType: 'array' }
[jsonConfigLoader.js] [loadJsonConfigFromImport] [return] Returning imported data { success: true }
[routeConfigLoader.js] [loadRouteConfigurationFromFile] [success] Route configuration loaded { routeCount: 71 }
[routeConfigLoader.js] [loadRouteConfigurationFromFile] [return] Returning loaded route configuration { routeCount: 71 }
[routeConfigLoader.js] [getCachedRouteConfiguration] [success] Route configuration retrieved { routeCount: 71 }
[routeConfigLoader.js] [getCachedRouteConfiguration] [return] Returning route configuration { routeCount: 71 }
[routeConfigLoader.js] [getRouteConfiguration] [return] Returning route configuration via cache { routeCount: 71 }
[routeResolver.js] [getRouteChainForPath] [success] Route chain resolved { targetPath: '/totally-unknown/path', chainLength: 0 }
[routeResolver.js] [getRouteChainForPath] [return] Returning route chain { targetPath: '/totally-unknown/path', chainLength: 0, routes: [] }

 ✓ tests/unit/routeChain.test.js (3 tests) 34ms
stdout | tests/unit/routeGuardsS6.test.js > routeGuards S6 — guard chain exception handling > reports guard chain failures via reportApplicationError and returns guard error redirect
[routeGuards.js] [runAllRouteGuards] [start] Starting guard chain { toPath: '/dashboard', fromPath: '/log-in' }
[routeGuards.js] [guardPreventNavigationLoop] [start] Checking for navigation loops { toPath: '/dashboard', fromPath: '/log-in' }
[routeGuards.js] [guardPreventNavigationLoop] [return] No loop – different path { allow: true, redirectTo: null, reason: 'No loop – different path' }
[routeGuards.js] [guardCheckRouteEnvironmentAccess] [start] Checking route environment access { slug: '/dashboard', envAccess: undefined }
[routeGuards.js] [guardCheckRouteEnvironmentAccess] [return] Route environment check passed {
  allow: true,
  redirectTo: null,
  reason: 'Route available in this environment'
}
[routeGuards.js] [guardCheckAuthentication] [start] Checking authentication requirements { slug: '/dashboard', requiresAuth: true, isAuthenticated: true }
[routeGuards.js] [guardCheckAuthentication] [return] Authentication check passed {
  allow: true,
  redirectTo: null,
  reason: 'Authentication check passed'
}
[routeGuards.js] [guardCheckRouteAdminAccess] [start] Checking admin-only route access { slug: '/dashboard', adminOnly: undefined, userRole: 'creator' }
[routeGuards.js] [guardCheckRouteAdminAccess] [return] Admin access check passed { allow: true, redirectTo: null, reason: 'Admin access check passed' }
[routeGuards.js] [guardCheckUserRole] [start] Checking user role requirements { slug: '/dashboard', supportedRoles: undefined, userRole: 'creator' }
[routeGuards.js] [guardCheckUserRole] [return] Route allows all roles { allow: true, redirectTo: null, reason: 'Route allows all roles' }
[routeGuards.js] [guardCheckDependencies] [start] Checking route dependencies { slug: '/dashboard', hasDependencies: true }
[routeGuards.js] [guardCheckDependencies] [user-profile] User profile state {
  slug: '/dashboard',
  contextUserRole: 'creator',
  profileRole: 'creator',
  resolvedUserRole: 'creator',
  userProfile: { onboardingPassed: false, kycPassed: undefined, role: 'creator' }
}
[routeGuards.js] [runAllRouteGuards] [return] Returning guard error redirect after exception {
  allow: false,
  redirectTo: '/404',
  reason: 'Guard execution failed',
  errorCode: 'GUARD_CHAIN_FAILURE'
}

stderr | tests/unit/routeGuardsS6.test.js > routeGuards S6 — guard chain exception handling > reports guard chain 
failures via reportApplicationError and returns guard error redirect
[routeGuards.js] [runAllRouteGuards] [error] Guard chain execution failed {
  toSlug: '/dashboard',
  fromSlug: '/log-in',
  userRole: 'creator',
  isAuthenticated: true,
  errorCode: 'GUARD_CHAIN_FAILURE',
  error: 'simulated dependency read failure',
  stack: 'Error: simulated dependency read failure\n' +
    '    at D:\\projects\\new-vue-main\\tests\\unit\\routeGuardsS6.test.js:15:28\n' +
    '    at file:///D:/projects/new-vue-main/node_modules/@vitest/runner/dist/chunk-hooks.js:155:11\n' +
    '    at file:///D:/projects/new-vue-main/node_modules/@vitest/runner/dist/chunk-hooks.js:752:26\n' +
    '    at file:///D:/projects/new-vue-main/node_modules/@vitest/runner/dist/chunk-hooks.js:1897:20\n' +
    '    at new Promise (<anonymous>)\n' +
    '    at runWithTimeout 
(file:///D:/projects/new-vue-main/node_modules/@vitest/runner/dist/chunk-hooks.js:1863:10)\n' +
    '    at runTest (file:///D:/projects/new-vue-main/node_modules/@vitest/runner/dist/chunk-hooks.js:1574:12)\n' +
    '    at processTicksAndRejections (node:internal/process/task_queues:105:5)\n' +
    '    at runSuite (file:///D:/projects/new-vue-main/node_modules/@vitest/runner/dist/chunk-hooks.js:1729:8)\n' +
    '    at runSuite (file:///D:/projects/new-vue-main/node_modules/@vitest/runner/dist/chunk-hooks.js:1729:8)'
}
[routeGuards.js] [runAllRouteGuards] Guard chain execution failed {
  toSlug: '/dashboard',
  fromSlug: '/log-in',
  userRole: 'creator',
  isAuthenticated: true,
  errorCode: 'GUARD_CHAIN_FAILURE',
  error: 'simulated dependency read failure',
  stack: 'Error: simulated dependency read failure\n' +
    '    at D:\\projects\\new-vue-main\\tests\\unit\\routeGuardsS6.test.js:15:28\n' +
    '    at file:///D:/projects/new-vue-main/node_modules/@vitest/runner/dist/chunk-hooks.js:155:11\n' +
    '    at file:///D:/projects/new-vue-main/node_modules/@vitest/runner/dist/chunk-hooks.js:752:26\n' +
    '    at file:///D:/projects/new-vue-main/node_modules/@vitest/runner/dist/chunk-hooks.js:1897:20\n' +
    '    at new Promise (<anonymous>)\n' +
    '    at runWithTimeout 
(file:///D:/projects/new-vue-main/node_modules/@vitest/runner/dist/chunk-hooks.js:1863:10)\n' +
    '    at runTest (file:///D:/projects/new-vue-main/node_modules/@vitest/runner/dist/chunk-hooks.js:1574:12)\n' +
    '    at processTicksAndRejections (node:internal/process/task_queues:105:5)\n' +
    '    at runSuite (file:///D:/projects/new-vue-main/node_modules/@vitest/runner/dist/chunk-hooks.js:1729:8)\n' +
    '    at runSuite (file:///D:/projects/new-vue-main/node_modules/@vitest/runner/dist/chunk-hooks.js:1729:8)'
}

stdout | tests/unit/routeGuardsS6.test.js > routeGuards S6 — guard chain exception handling > forwards guard chain failures to window.reportAppError when configured
[routeGuards.js] [runAllRouteGuards] [start] Starting guard chain { toPath: '/dashboard', fromPath: '/log-in' }
[routeGuards.js] [guardPreventNavigationLoop] [start] Checking for navigation loops { toPath: '/dashboard', fromPath: '/log-in' }
[routeGuards.js] [guardPreventNavigationLoop] [return] No loop – different path { allow: true, redirectTo: null, reason: 'No loop – different path' }
[routeGuards.js] [guardCheckRouteEnvironmentAccess] [start] Checking route environment access { slug: '/dashboard', envAccess: undefined }
[routeGuards.js] [guardCheckRouteEnvironmentAccess] [return] Route environment check passed {
  allow: true,
  redirectTo: null,
  reason: 'Route available in this environment'
}
[routeGuards.js] [guardCheckAuthentication] [start] Checking authentication requirements { slug: '/dashboard', requiresAuth: true, isAuthenticated: true }
[routeGuards.js] [guardCheckAuthentication] [return] Authentication check passed {
  allow: true,
  redirectTo: null,
  reason: 'Authentication check passed'
}
[routeGuards.js] [guardCheckRouteAdminAccess] [start] Checking admin-only route access { slug: '/dashboard', adminOnly: undefined, userRole: 'creator' }
[routeGuards.js] [guardCheckRouteAdminAccess] [return] Admin access check passed { allow: true, redirectTo: null, reason: 'Admin access check passed' }
[routeGuards.js] [guardCheckUserRole] [start] Checking user role requirements { slug: '/dashboard', supportedRoles: undefined, userRole: 'creator' }
[routeGuards.js] [guardCheckUserRole] [return] Route allows all roles { allow: true, redirectTo: null, reason: 'Route allows all roles' }
[routeGuards.js] [guardCheckDependencies] [start] Checking route dependencies { slug: '/dashboard', hasDependencies: true }
[routeGuards.js] [guardCheckDependencies] [user-profile] User profile state {
  slug: '/dashboard',
  contextUserRole: 'creator',
  profileRole: 'creator',
  resolvedUserRole: 'creator',
  userProfile: {
    onboardingPassed: undefined,
    kycPassed: undefined,
    role: 'creator'
  }
}
[routeGuards.js] [runAllRouteGuards] [return] Returning guard error redirect after exception {
  allow: false,
  redirectTo: '/404',
  reason: 'Guard execution failed',
  errorCode: 'GUARD_CHAIN_FAILURE'
}

stderr | tests/unit/routeGuardsS6.test.js > routeGuards S6 — guard chain exception handling > forwards guard chain 
failures to window.reportAppError when configured
[routeGuards.js] [runAllRouteGuards] [error] Guard chain execution failed {
  toSlug: '/dashboard',
  fromSlug: '/log-in',
  userRole: 'creator',
  isAuthenticated: true,
  errorCode: 'GUARD_CHAIN_FAILURE',
  error: 'external reporter test',
  stack: 'Error: external reporter test\n' +
    '    at D:\\projects\\new-vue-main\\tests\\unit\\routeGuardsS6.test.js:58:13\n' +
    '    at mockCall (file:///D:/projects/new-vue-main/node_modules/@vitest/spy/dist/index.js:96:15)\n' +
    '    at safelyGetNestedProperty (file:///D:/projects/new-vue-main/node_modules/tinyspy/dist/index.js:47:80)\n' +
    '    at guardCheckDependencies (D:\\projects\\new-vue-main\\src\\utils\\route\\routeGuards.js:834:51)\n' +
    '    at Module.runAllRouteGuards (D:\\projects\\new-vue-main\\src\\utils\\route\\routeGuards.js:178:29)\n' +
    '    at D:\\projects\\new-vue-main\\tests\\unit\\routeGuardsS6.test.js:61:29\n' +
    '    at file:///D:/projects/new-vue-main/node_modules/@vitest/runner/dist/chunk-hooks.js:155:11\n' +
    '    at file:///D:/projects/new-vue-main/node_modules/@vitest/runner/dist/chunk-hooks.js:752:26\n' +
    '    at file:///D:/projects/new-vue-main/node_modules/@vitest/runner/dist/chunk-hooks.js:1897:20\n' +
    '    at new Promise (<anonymous>)'
}
[routeGuards.js] [runAllRouteGuards] Guard chain execution failed {
  toSlug: '/dashboard',
  fromSlug: '/log-in',
  userRole: 'creator',
  isAuthenticated: true,
  errorCode: 'GUARD_CHAIN_FAILURE',
  error: 'external reporter test',
  stack: 'Error: external reporter test\n' +
    '    at D:\\projects\\new-vue-main\\tests\\unit\\routeGuardsS6.test.js:58:13\n' +
    '    at mockCall (file:///D:/projects/new-vue-main/node_modules/@vitest/spy/dist/index.js:96:15)\n' +
    '    at safelyGetNestedProperty (file:///D:/projects/new-vue-main/node_modules/tinyspy/dist/index.js:47:80)\n' +
    '    at guardCheckDependencies (D:\\projects\\new-vue-main\\src\\utils\\route\\routeGuards.js:834:51)\n' +
    '    at Module.runAllRouteGuards (D:\\projects\\new-vue-main\\src\\utils\\route\\routeGuards.js:178:29)\n' +
    '    at D:\\projects\\new-vue-main\\tests\\unit\\routeGuardsS6.test.js:61:29\n' +
    '    at file:///D:/projects/new-vue-main/node_modules/@vitest/runner/dist/chunk-hooks.js:155:11\n' +
    '    at file:///D:/projects/new-vue-main/node_modules/@vitest/runner/dist/chunk-hooks.js:752:26\n' +
    '    at file:///D:/projects/new-vue-main/node_modules/@vitest/runner/dist/chunk-hooks.js:1897:20\n' +
    '    at new Promise (<anonymous>)'
}

 ✓ tests/unit/routeGuardsS6.test.js (2 tests) 36ms
 ✓ tests/unit/bundlePathValidation.test.js (6 tests) 42ms
stdout | tests/unit/assetScanner.test.js > assetScanner — normalizeAssetDefinition (L-11) > applies fallbacks when src/type/priority are null on the source object
[assetScanner.js] [normalizeAssetDefinition] [start] Normalizing asset definition { assetType: 'object' }
[assetScanner.js] [normalizeAssetDefinition] [normalized] Asset definition normalized {
  normalized: { src: '', type: 'unknown', priority: 'low', flag: 'icon.test' }
}

stdout | tests/unit/assetScanner.test.js > assetScanner — normalizeAssetDefinition (L-11) > preserves valid fields from the source object
[assetScanner.js] [normalizeAssetDefinition] [start] Normalizing asset definition { assetType: 'object' }
[assetScanner.js] [normalizeAssetDefinition] [normalized] Asset definition normalized {
  normalized: { src: '/images/foo.webp', type: 'image', priority: 'high' }
}

stdout | tests/unit/assetScanner.test.js > assetScanner — scanComponentForAssetReferences (M-09) > detects static src attributes
[assetScanner.js] [scanComponentForAssetReferences] [start] Scanning template for assets { templateLength: 41 }
[assetScanner.js] [collectMediaAssetsFromTemplate] [found] Found image reference { src: '/assets/logo.png', binding: 'static' }
[assetScanner.js] [scanComponentForAssetReferences] [success] Template scanning complete { totalFound: 1 }

stdout | tests/unit/assetScanner.test.js > assetScanner — scanComponentForAssetReferences (M-09) > detects Vue :src and v-bind:src with string literal values
[assetScanner.js] [scanComponentForAssetReferences] [start] Scanning template for assets { templateLength: 115 }
[assetScanner.js] [collectMediaAssetsFromTemplate] [found] Found image reference { src: '/assets/dynamic-logo.png', binding: 'dynamic-literal' }
[assetScanner.js] [collectMediaAssetsFromTemplate] [found] Found video reference { src: '/media/intro.mp4', binding: 'dynamic-literal' }
[assetScanner.js] [scanComponentForAssetReferences] [success] Template scanning complete { totalFound: 2 }

stdout | tests/unit/assetScanner.test.js > assetScanner — scanComponentForAssetReferences (M-09) > ignores variable-bound :src expressions without string literals
[assetScanner.js] [scanComponentForAssetReferences] [start] Scanning template for assets { templateLength: 33 }
[assetScanner.js] [scanComponentForAssetReferences] [success] Template scanning complete { totalFound: 1 }

stdout | tests/unit/assetScanner.test.js > assetScanner — scanComponentForAssetReferences (M-09) > detects getAssetUrl flags from script and assets.slot maps (M-09)
[assetScanner.js] [scanComponentForAssetReferences] [start] Scanning template for assets { templateLength: 93 }
[assetScanner.js] [scanComponentForAssetReferences] [success] Template scanning complete { totalFound: 6 }

stdout | tests/unit/assetScanner.test.js > assetScanner / assetPreloader — trivial getters skip performanceTracker (P-05) > shouldIgnoreComponent does not emit performanceTracker steps
[assetScanner.js] [shouldIgnoreComponent] [check] Checking if component should be ignored {}
[assetScanner.js] [shouldIgnoreComponent] [ignored] Component has IGNORE_ASSET_PRELOAD=true {}
[assetScanner.js] [shouldIgnoreComponent] [check] Checking if component should be ignored {}
[assetScanner.js] [shouldIgnoreComponent] [not-ignored] Component should be scanned {}

stdout | tests/unit/assetScanner.test.js > assetScanner / assetPreloader — trivial getters skip performanceTracker (P-05) > normalizeAssetDefinition does not emit performanceTracker steps
[assetScanner.js] [normalizeAssetDefinition] [start] Normalizing asset definition { assetType: 'object' }
[assetScanner.js] [normalizeAssetDefinition] [normalized] Asset definition normalized { normalized: { src: '/a.png', type: 'image', priority: 'high' } }

stdout | tests/unit/assetScanner.test.js > assetScanner / assetPreloader — trivial getters skip performanceTracker (P-05) > getPreloadedAssetsCount does not emit performanceTracker steps
[assetPreloader.js] [getPreloadedAssetsCount] [get] Getting preloaded assets count { count: 0 }

 ✓ tests/unit/assetScanner.test.js (12 tests) 34ms
 ✓ tests/unit/localeConstantsCycle.test.js (5 tests) 26ms
 ✓ tests/unit/assetMapSource.test.js (3 tests) 22ms
 ✓ tests/unit/assertAllowedPreloadUrl.test.js (4 tests) 19ms
stdout | tests/unit/routeGuards.test.js > routeGuards L6 — supportedRoles vs dependencies.roles > role guard allows non-creator when dependencies.roles entry exists
[routeGuards.js] [guardCheckUserRole] [start] Checking user role requirements {
  slug: '/sign-up/onboarding/kyc',
  supportedRoles: [ 'creator' ],
  userRole: 'vendor'
}
[routeGuards.js] [guardCheckUserRole] [role-resolution] Resolved user role {
  slug: '/sign-up/onboarding/kyc',
  contextUserRole: 'vendor',
  profileRole: 'vendor',
  resolvedUserRole: 'vendor',
  supportedRoles: [ 'creator' ]
}
[routeGuards.js] [guardCheckUserRole] [info] Route has dependencies for this role, allowing through to dependency check { slug: '/sign-up/onboarding/kyc', userRole: 'vendor' }
[routeGuards.js] [guardCheckUserRole] [return] Allowing through to dependency check {
  allow: true,
  redirectTo: null,
  reason: 'Allowing through to dependency check'
}

stderr | tests/unit/routeGuards.test.js > routeGuards L6 — supportedRoles vs dependencies.roles > role guard allows 
non-creator when dependencies.roles entry exists
[routeGuards.js] [guardCheckUserRole] [warn] User role not authorized for route {
  slug: '/sign-up/onboarding/kyc',
  userRole: 'vendor',
  supportedRoles: [ 'creator' ]
}

stdout | tests/unit/routeGuards.test.js > routeGuards L6 — supportedRoles vs dependencies.roles > dependency guard blocks non-creator when no dependency redirect applies (L6)
[routeGuards.js] [guardCheckDependencies] [start] Checking route dependencies { slug: '/sign-up/onboarding/kyc', hasDependencies: true }
[routeGuards.js] [guardCheckDependencies] [user-profile] User profile state {
  slug: '/sign-up/onboarding/kyc',
  contextUserRole: 'vendor',
  profileRole: 'vendor',
  resolvedUserRole: 'vendor',
  userProfile: { onboardingPassed: false, kycPassed: undefined, role: 'vendor' }
}
[objectSafety.js] [safelyGetNestedProperty] [start] Getting nested property { hasTarget: true, path: 'roles.vendor' }
[objectSafety.js] [safelyGetNestedProperty] [success] Property found { path: 'roles.vendor', foundValue: 'object' }
[objectSafety.js] [safelyGetNestedProperty] [return] Returning found value { path: 'roles.vendor' }
[routeGuards.js] [guardCheckDependencies] [role-deps] Role dependencies found {
  slug: '/sign-up/onboarding/kyc',
  userRole: 'vendor',
  hasRoleDependencies: true,
  roleDependencies: [ 'onboardingPassed' ]
}
[routeGuards.js] [guardCheckDependencies] [dependency-check] Checking role-specific dependency {
  slug: '/sign-up/onboarding/kyc',
  userRole: 'vendor',
  dependency: 'onboardingPassed',
  isRequired: false,
  redirectIfComplete: true,
  userValue: false,
  userValueType: 'boolean',
  userHasDependency: false,
  fallbackSlug: '/dashboard'
}
[routeGuards.js] [guardCheckDependencies] [return] Returning unsupported role block after dependencies {
  allow: false,
  redirectTo: '/404',
  reason: 'Role vendor not authorized for route'
}

stderr | tests/unit/routeGuards.test.js > routeGuards L6 — supportedRoles vs dependencies.roles > dependency guard 
blocks non-creator when no dependency redirect applies (L6)
[routeGuards.js] [guardCheckDependencies] [warn] Role not in supportedRoles after dependency check {
  slug: '/sign-up/onboarding/kyc',
  userRole: 'vendor',
  supportedRoles: [ 'creator' ]
}

stdout | tests/unit/routeGuards.test.js > routeGuards L6 — supportedRoles vs dependencies.roles > dependency guard redirects non-creator when redirectIfComplete applies
[routeGuards.js] [guardCheckDependencies] [start] Checking route dependencies { slug: '/sign-up/onboarding/kyc', hasDependencies: true }
[routeGuards.js] [guardCheckDependencies] [user-profile] User profile state {
  slug: '/sign-up/onboarding/kyc',
  contextUserRole: 'vendor',
  profileRole: 'vendor',
  resolvedUserRole: 'vendor',
  userProfile: { onboardingPassed: true, kycPassed: undefined, role: 'vendor' }
}
[objectSafety.js] [safelyGetNestedProperty] [start] Getting nested property { hasTarget: true, path: 'roles.vendor' }
[objectSafety.js] [safelyGetNestedProperty] [success] Property found { path: 'roles.vendor', foundValue: 'object' }
[objectSafety.js] [safelyGetNestedProperty] [return] Returning found value { path: 'roles.vendor' }
[routeGuards.js] [guardCheckDependencies] [role-deps] Role dependencies found {
  slug: '/sign-up/onboarding/kyc',
  userRole: 'vendor',
  hasRoleDependencies: true,
  roleDependencies: [ 'onboardingPassed' ]
}
[routeGuards.js] [guardCheckDependencies] [dependency-check] Checking role-specific dependency {
  slug: '/sign-up/onboarding/kyc',
  userRole: 'vendor',
  dependency: 'onboardingPassed',
  isRequired: false,
  redirectIfComplete: true,
  userValue: true,
  userValueType: 'boolean',
  userHasDependency: true,
  fallbackSlug: '/dashboard'
}
[routeGuards.js] [guardCheckDependencies] [info] Dependency already complete, redirecting {
  slug: '/sign-up/onboarding/kyc',
  userRole: 'vendor',
  dependency: 'onboardingPassed',
  userValue: true,
  fallbackSlug: '/dashboard'
}
[routeGuards.js] [guardCheckDependencies] [return] Returning redirect for completed dependency {
  allow: false,
  redirectTo: '/dashboard',
  reason: 'Dependency already complete: onboardingPassed'
}

stdout | tests/unit/routeGuards.test.js > routeGuards L6 — supportedRoles vs dependencies.roles > dependency guard allows creator in supportedRoles when deps met
[routeGuards.js] [guardCheckDependencies] [start] Checking route dependencies { slug: '/sign-up/onboarding/kyc', hasDependencies: true }
[routeGuards.js] [guardCheckDependencies] [user-profile] User profile state {
  slug: '/sign-up/onboarding/kyc',
  contextUserRole: 'creator',
  profileRole: 'creator',
  resolvedUserRole: 'creator',
  userProfile: { onboardingPassed: true, kycPassed: false, role: 'creator' }
}
[objectSafety.js] [safelyGetNestedProperty] [start] Getting nested property { hasTarget: true, path: 'roles.creator' }
[objectSafety.js] [safelyGetNestedProperty] [success] Property found { path: 'roles.creator', foundValue: 'object' }
[objectSafety.js] [safelyGetNestedProperty] [return] Returning found value { path: 'roles.creator' }
[routeGuards.js] [guardCheckDependencies] [role-deps] Role dependencies found {
  slug: '/sign-up/onboarding/kyc',
  userRole: 'creator',
  hasRoleDependencies: true,
  roleDependencies: [ 'onboardingPassed', 'kycPassed' ]
}
[routeGuards.js] [guardCheckDependencies] [dependency-check] Checking role-specific dependency {
  slug: '/sign-up/onboarding/kyc',
  userRole: 'creator',
  dependency: 'onboardingPassed',
stderr | tests/unit/routeGuards.test.js > routeGuards onboarding redirect loop (L13 follow-up) > dashboard still sends 
incomplete onboarding to /sign-up/onboarding
[routeGuards.js] [guardCheckDependencies] [warn] User missing required dependency {
  slug: '/dashboard',
  userRole: 'creator',
  dependency: 'onboardingPassed',
  userValue: false,
  userValueType: 'boolean',
  fallbackSlug: '/sign-up/onboarding'
}

  isRequired: true,
  redirectIfComplete: false,
  userValue: true,
  userValueType: 'boolean',
  userHasDependency: true,
  fallbackSlug: '/sign-up/onboarding'
}
[routeGuards.js] [guardCheckDependencies] [dependency-check] Checking role-specific dependency {
  slug: '/sign-up/onboarding/kyc',
  userRole: 'creator',
  dependency: 'kycPassed',
  isRequired: false,
  redirectIfComplete: true,
  userValue: false,
  userValueType: 'boolean',
  userHasDependency: false,
  fallbackSlug: '/dashboard'
}
[routeGuards.js] [guardCheckDependencies] [return] All dependencies met { allow: true, redirectTo: null, reason: 'All dependencies met' }

stdout | tests/unit/routeGuards.test.js > routeGuards onboarding redirect loop (L13 follow-up) > does not redirect off onboarding when kycPassed but onboardingPassed is false
[routeGuards.js] [guardCheckDependencies] [start] Checking route dependencies { slug: '/sign-up/onboarding', hasDependencies: true }
[routeGuards.js] [guardCheckDependencies] [user-profile] User profile state {
  slug: '/sign-up/onboarding',
  contextUserRole: 'creator',
  profileRole: 'creator',
  resolvedUserRole: 'creator',
  userProfile: { onboardingPassed: false, kycPassed: true, role: 'creator' }
}
[objectSafety.js] [safelyGetNestedProperty] [start] Getting nested property { hasTarget: true, path: 'roles.creator' }
[objectSafety.js] [safelyGetNestedProperty] [success] Property found { path: 'roles.creator', foundValue: 'object' }
[objectSafety.js] [safelyGetNestedProperty] [return] Returning found value { path: 'roles.creator' }
[routeGuards.js] [guardCheckDependencies] [role-deps] Role dependencies found {
  slug: '/sign-up/onboarding',
  userRole: 'creator',
  hasRoleDependencies: true,
  roleDependencies: [ 'kycPassed', 'onboardingPassed' ]
}
[routeGuards.js] [guardCheckDependencies] [dependency-check] Checking role-specific dependency {
  slug: '/sign-up/onboarding',
  userRole: 'creator',
  dependency: 'onboardingPassed',
  isRequired: false,
  redirectIfComplete: true,
  userValue: false,
  userValueType: 'boolean',
  userHasDependency: false,
  fallbackSlug: '/sign-up/onboarding/kyc'
}
[routeGuards.js] [guardCheckDependencies] [dependency-check] Checking role-specific dependency {
  slug: '/sign-up/onboarding',
  userRole: 'creator',
  dependency: 'kycPassed',
  isRequired: false,
  redirectIfComplete: true,
  userValue: true,
  userValueType: 'boolean',
  userHasDependency: true,
  fallbackSlug: '/dashboard'
}
[routeGuards.js] [guardCheckDependencies] [info] Skipping redirectIfComplete — prerequisite dependency incomplete {
  slug: '/sign-up/onboarding',
  userRole: 'creator',
  dependency: 'kycPassed',
  userValue: true
}
[routeGuards.js] [guardCheckDependencies] [return] All dependencies met { allow: true, redirectTo: null, reason: 'All dependencies met' }

stdout | tests/unit/routeGuards.test.js > routeGuards onboarding redirect loop (L13 follow-up) > dashboard still sends incomplete onboarding to /sign-up/onboarding
[routeGuards.js] [guardCheckDependencies] [start] Checking route dependencies { slug: '/dashboard', hasDependencies: true }
[routeGuards.js] [guardCheckDependencies] [user-profile] User profile state {
  slug: '/dashboard',
  contextUserRole: 'creator',
  profileRole: 'creator',
  resolvedUserRole: 'creator',
  userProfile: { onboardingPassed: false, kycPassed: true, role: 'creator' }
}
[objectSafety.js] [safelyGetNestedProperty] [start] Getting nested property { hasTarget: true, path: 'roles.creator' }
[objectSafety.js] [safelyGetNestedProperty] [success] Property found { path: 'roles.creator', foundValue: 'object' }
[objectSafety.js] [safelyGetNestedProperty] [return] Returning found value { path: 'roles.creator' }
[routeGuards.js] [guardCheckDependencies] [role-deps] Role dependencies found {
  slug: '/dashboard',
  userRole: 'creator',
  hasRoleDependencies: true,
  roleDependencies: [ 'onboardingPassed', 'kycPassed' ]
}
[routeGuards.js] [guardCheckDependencies] [dependency-check] Checking role-specific dependency {
  slug: '/dashboard',
  userRole: 'creator',
  dependency: 'onboardingPassed',
  isRequired: true,
  redirectIfComplete: false,
  userValue: false,
  userValueType: 'boolean',
  userHasDependency: false,
  fallbackSlug: '/sign-up/onboarding'
}
[routeGuards.js] [guardCheckDependencies] [return] Returning missing dependency block {
  allow: false,
  redirectTo: '/sign-up/onboarding',
  reason: 'Missing required dependency: onboardingPassed'
}

stdout | tests/unit/routeGuards.test.js > routeGuards onboarding redirect loop (L13 follow-up) > onboarding redirects to kyc when onboarding complete and kyc incomplete
[routeGuards.js] [guardCheckDependencies] [start] Checking route dependencies { slug: '/sign-up/onboarding', hasDependencies: true }
[routeGuards.js] [guardCheckDependencies] [user-profile] User profile state {
  slug: '/sign-up/onboarding',
  contextUserRole: 'creator',
  profileRole: 'creator',
  resolvedUserRole: 'creator',
  userProfile: { onboardingPassed: true, kycPassed: false, role: 'creator' }
}
[objectSafety.js] [safelyGetNestedProperty] [start] Getting nested property { hasTarget: true, path: 'roles.creator' }
[objectSafety.js] [safelyGetNestedProperty] [success] Property found { path: 'roles.creator', foundValue: 'object' }
[objectSafety.js] [safelyGetNestedProperty] [return] Returning found value { path: 'roles.creator' }
[routeGuards.js] [guardCheckDependencies] [role-deps] Role dependencies found {
  slug: '/sign-up/onboarding',
  userRole: 'creator',
  hasRoleDependencies: true,
  roleDependencies: [ 'kycPassed', 'onboardingPassed' ]
}
[routeGuards.js] [guardCheckDependencies] [dependency-check] Checking role-specific dependency {
  slug: '/sign-up/onboarding',
  userRole: 'creator',
  dependency: 'onboardingPassed',
  isRequired: false,
  redirectIfComplete: true,
  userValue: true,
  userValueType: 'boolean',
  userHasDependency: true,
  fallbackSlug: '/sign-up/onboarding/kyc'
}
[routeGuards.js] [guardCheckDependencies] [info] Dependency already complete, redirecting {
  slug: '/sign-up/onboarding',
  userRole: 'creator',
  dependency: 'onboardingPassed',
  userValue: true,
  fallbackSlug: '/sign-up/onboarding/kyc'
}
[routeGuards.js] [guardCheckDependencies] [return] Returning redirect for completed dependency {
  allow: false,
  redirectTo: '/sign-up/onboarding/kyc',
  reason: 'Dependency already complete: onboardingPassed'
}

 ✓ tests/unit/routeGuards.test.js (7 tests) 19ms
 ✓ tests/unit/navigationProgress.test.js (4 tests) 13ms
stdout | tests/unit/sectionScanner.test.js > sectionScanner shared dashboard chrome > includes dashboard shell components in every section content paths
[jsonConfigLoaderNode] Loading JSON config: route_config_sections from D:\projects\new-vue-main\src\router\routeConfig.json
[jsonConfigLoaderNode] Resolving path: D:\projects\new-vue-main\src\router\routeConfig.json
[jsonConfigLoaderNode] Path is already absolute: D:\projects\new-vue-main\src\router\routeConfig.json
[jsonConfigLoaderNode] Parsing JSON string for route_config_sections
[jsonConfigLoaderNode] Successfully parsed JSON for route_config_sections
[jsonConfigLoaderNode] Validating JSON data for route_config_sections
[jsonConfigLoaderNode] JSON data is valid for route_config_sections
[jsonConfigLoaderNode] Config loaded and cached: route_config_sections

stdout | tests/unit/sectionScanner.test.js > sectionScanner shared dashboard chrome > includes dashboard shell in misc even though misc routes live outside templates/dashboard
[jsonConfigLoaderNode] Loading JSON config: route_config_sections from D:\projects\new-vue-main\src\router\routeConfig.json
[jsonConfigLoaderNode] Config loaded from cache: route_config_sections

 ✓ tests/unit/sectionScanner.test.js (2 tests) 14ms
stdout | tests/unit/usePreloadStore.test.js > usePreloadStore — preloadedAssets Set > removeAsset and clearAssets reset URL cache only
[usePreloadStore.js] [addSection] [add] Section marked as preloaded { sectionName: 'auth' }

 ✓ tests/unit/usePreloadStore.test.js (3 tests) 18ms
stdout | tests/unit/appBuildHash.test.js > appBuildHash / preload invalidation (M-05) > clears preload state when VITE_BUILD_HASH changes
[usePreloadStore.js] [clearState] [clear] Preload state cleared {}

stdout | tests/unit/appBuildHash.test.js > appBuildHash / preload invalidation (M-05) > does not clear state when build hash is unchanged
[usePreloadStore.js] [addSection] [add] Section marked as preloaded { sectionName: 'auth' }

 ✓ tests/unit/appBuildHash.test.js (2 tests) 21ms
 ✓ tests/unit/useRoutePrefetch.test.js (2 tests) 20ms
stdout | tests/unit/guardLoopHistoryClear.test.js > L5 — guard loop history clear policy > shouldClear returns false when navigation completed via guard redirect
[routeGuards.js] [consumeGuardRedirectNavigation] [return] Guard redirect flag consumed { wasRedirect: false }
[routeGuards.js] [clearGuardNavigationHistory] [info] Guard navigation history cleared { previousLength: 0 }
[routeGuards.js] [clearGuardNavigationHistory] [return] History cleared { newLength: 0 }

stdout | tests/unit/guardLoopHistoryClear.test.js > L5 — guard loop history clear policy > shouldClear returns false for same-path completion
[routeGuards.js] [consumeGuardRedirectNavigation] [return] Guard redirect flag consumed { wasRedirect: false }
[routeGuards.js] [clearGuardNavigationHistory] [info] Guard navigation history cleared { previousLength: 0 }
[routeGuards.js] [clearGuardNavigationHistory] [return] History cleared { newLength: 0 }

stdout | tests/unit/guardLoopHistoryClear.test.js > L5 — guard loop history clear policy > shouldClear returns false when from path is empty (initial load)
[routeGuards.js] [consumeGuardRedirectNavigation] [return] Guard redirect flag consumed { wasRedirect: false }
[routeGuards.js] [clearGuardNavigationHistory] [info] Guard navigation history cleared { previousLength: 0 }
[routeGuards.js] [clearGuardNavigationHistory] [return] History cleared { newLength: 0 }

stdout | tests/unit/guardLoopHistoryClear.test.js > L5 — guard loop history clear policy > shouldClear returns true for user-initiated path change
[routeGuards.js] [consumeGuardRedirectNavigation] [return] Guard redirect flag consumed { wasRedirect: false }
[routeGuards.js] [clearGuardNavigationHistory] [info] Guard navigation history cleared { previousLength: 0 }
[routeGuards.js] [clearGuardNavigationHistory] [return] History cleared { newLength: 0 }

stdout | tests/unit/guardLoopHistoryClear.test.js > L5 — guard loop history clear policy > consumeGuardRedirectNavigation returns true once after mark
[routeGuards.js] [consumeGuardRedirectNavigation] [return] Guard redirect flag consumed { wasRedirect: false }
[routeGuards.js] [clearGuardNavigationHistory] [info] Guard navigation history cleared { previousLength: 0 }
[routeGuards.js] [clearGuardNavigationHistory] [return] History cleared { newLength: 0 }

stdout | tests/unit/guardLoopHistoryClear.test.js > L5 — guard loop history clear policy > consumeGuardRedirectNavigation returns true once after mark
[routeGuards.js] [markGuardRedirectNavigation] [info] Guard redirect flagged {}
[routeGuards.js] [consumeGuardRedirectNavigation] [return] Guard redirect flag consumed { wasRedirect: true }
[routeGuards.js] [consumeGuardRedirectNavigation] [return] Guard redirect flag consumed { wasRedirect: false }

stdout | tests/unit/guardLoopHistoryClear.test.js > L5 — guard loop history clear policy > guardPreventNavigationLoop accumulates same-slug attempts when history is not cleared
[routeGuards.js] [consumeGuardRedirectNavigation] [return] Guard redirect flag consumed { wasRedirect: false }
[routeGuards.js] [clearGuardNavigationHistory] [info] Guard navigation history cleared { previousLength: 0 }
[routeGuards.js] [clearGuardNavigationHistory] [return] History cleared { newLength: 0 }

stdout | tests/unit/guardLoopHistoryClear.test.js > L5 — guard loop history clear policy > guardPreventNavigationLoop accumulates same-slug attempts when history is not cleared
[routeGuards.js] [guardPreventNavigationLoop] [start] Checking for navigation loops { toPath: '/dashboard', fromPath: '/dashboard' }
[routeGuards.js] [guardPreventNavigationLoop] [return] No loop detected { allow: true, redirectTo: null, reason: 'No loop detected' }
[routeGuards.js] [guardPreventNavigationLoop] [start] Checking for navigation loops { toPath: '/dashboard', fromPath: '/dashboard' }
[routeGuards.js] [guardPreventNavigationLoop] [return] No loop detected { allow: true, redirectTo: null, reason: 'No loop detected' }
[routeGuards.js] [guardPreventNavigationLoop] [start] Checking for navigation loops { toPath: '/dashboard', fromPath: '/dashboard' }
[routeGuards.js] [guardPreventNavigationLoop] [return] Returning loop block result {
  allow: false,
  redirectTo: '/404',
  reason: 'Navigation loop detected'
}

stderr | tests/unit/guardLoopHistoryClear.test.js > L5 — guard loop history clear policy > guardPreventNavigationLoop 
accumulates same-slug attempts when history is not cleared
[routeGuards.js] [guardPreventNavigationLoop] [warn] Navigation loop detected { path: '/dashboard', count: 3 }

 ✓ tests/unit/guardLoopHistoryClear.test.js (6 tests) 14ms
 ✓ tests/unit/routeComponentPathValidator.test.js (5 tests) 12ms
stdout | tests/unit/routeNavigationData.test.js > routeNavigationData (M9) > startCurrentSectionResourceLoads skips translation fetch when already loaded (P-02)
[test] [test] [translation-skip] Translations already loaded for section/locale { resolvedSection: 'auth', locale: 'vi' }

 ✓ tests/unit/routeNavigationData.test.js (5 tests) 11ms
stdout | tests/unit/routeEnvAccess.test.js > routeGuards S1 — guardCheckRouteEnvironmentAccess envAccess > blocks development-only routes when not in development
[routeGuards.js] [guardCheckRouteEnvironmentAccess] [start] Checking route environment access { slug: '/dashboard/demo-page', envAccess: 'development' }
[routeGuards.js] [guardCheckRouteEnvironmentAccess] [return] Route environment check passed {
  allow: true,
  redirectTo: null,
  reason: 'Route available in this environment'
}

stdout | tests/unit/routeEnvAccess.test.js > routeGuards B3 — enabled: false excluded at route generation > does not block enabled: false in guard (route is omitted from router)
[routeGuards.js] [guardCheckRouteEnvironmentAccess] [start] Checking route environment access { slug: '/about', envAccess: undefined }
[routeGuards.js] [guardCheckRouteEnvironmentAccess] [return] Route environment check passed {
  allow: true,
  redirectTo: null,
  reason: 'Route available in this environment'
}

stdout | tests/unit/routeEnvAccess.test.js > routeGuards B3 — enabled: false excluded at route generation > deprecated guardCheckRouteEnabled alias delegates to environment access
[routeGuards.js] [guardCheckRouteEnvironmentAccess] [start] Checking route environment access { slug: '/about', envAccess: undefined }
[routeGuards.js] [guardCheckRouteEnvironmentAccess] [return] Route environment check passed {
  allow: true,
  redirectTo: null,
  reason: 'Route available in this environment'
}

 ✓ tests/unit/routeEnvAccess.test.js (8 tests) 11ms
stdout | tests/unit/routeAdminAccess.test.js > guardCheckRouteAdminAccess (M11) > redirects non-admin users to 404
[routeGuards.js] [guardCheckRouteAdminAccess] [start] Checking admin-only route access { slug: '/internal/tools', adminOnly: true, userRole: 'creator' }
[routeGuards.js] [guardCheckRouteAdminAccess] [return] Returning admin block {
  allow: false,
  redirectTo: '/404',
  reason: 'Route requires admin access'
}

stdout | tests/unit/routeAdminAccess.test.js > guardCheckRouteAdminAccess (M11) > allows admin users through
[routeGuards.js] [guardCheckRouteAdminAccess] [start] Checking admin-only route access { slug: '/internal/tools', adminOnly: true, userRole: 'admin' }
[routeGuards.js] [guardCheckRouteAdminAccess] [return] Admin access check passed { allow: true, redirectTo: null, reason: 'Admin access check passed' }

 ✓ tests/unit/routeAdminAccess.test.js (5 tests) 11ms
 ✓ tests/unit/routeAliases.test.js (6 tests) 10ms
 ✓ tests/unit/assetMapBuildValidation.test.js (4 tests) 11ms
 ✓ tests/unit/validateRouteAssetPreloadFlags.test.js (6 tests) 10ms
stdout | tests/unit/localePathUtils.test.js
[authHandlerDev.js] [window-api] [expose] Dev auth utilities exposed on window.APP {
  commands: [
    'window.APP.setMockUserState({ role: "creator", onboardingPassed: false, kycPassed: false })',
    'window.APP.mockUser',
    'window.APP.getRegisteredUsers()'
  ]
}

stdout | tests/unit/localePathUtils.test.js
[authHandler.js] [initialization] [init] Initializing auth handler {
  authMode: undefined,
  isDevelopment: true,
  shouldUseDev: true,
  selectedHandler: 'dev'
}
[authHandler.js] [initialization] [dev-auto] Using development handler (auto-detected development mode) {}
[authHandler.js] [window-api] [expose] Console commands exposed {
  commands: [
    'window.APP.useAuthHandler("dev")',
    'window.APP.useAuthHandler("cognito")',
    'window.APP.getCurrentAuthMode()',
    'window.APP.testAuthToggle()'
  ]
}

stdout | tests/unit/localePathUtils.test.js
[localeManager.js] [window-api] [expose] Locale console commands exposed {
  commands: [
    'window.APP.setLocale("vi")',
    'window.APP.setLocale("en")',
    'window.APP.getLocale()',
    'window.APP.getSupportedLocales()',
    'window.APP.getLocalePreferenceOrder()',
    'window.APP.getTranslationStatistics()',
    'window.APP.testLocalePersistence()'
  ]
}

 ✓ tests/unit/localePathUtils.test.js (4 tests) 7ms
 ✓ tests/unit/cognitoScriptSelfHost.test.js (3 tests) 8ms
 ✓ tests/unit/sharedComponentAssetMappings.test.js (3 tests) 8ms
 ✓ tests/unit/routeTransition.test.js (5 tests) 8ms
 ✓ tests/unit/componentTranslationLoads.test.js (1 test) 8ms
 ✓ tests/unit/scrollBehavior.test.js (4 tests) 6ms
 ✓ tests/unit/normalizeAssetMapUrl.test.js (3 tests) 6ms
 ✓ tests/unit/navigationErrorHandler.test.js (3 tests) 4ms
 ✓ tests/unit/iconGlobeUrl.test.js (2 tests) 6ms
 ✓ tests/unit/routeErrorBoundary.test.js (3 tests) 3ms
stdout | tests/unit/cognitoLocaleProfile.test.js
[authHandlerDev.js] [window-api] [expose] Dev auth utilities exposed on window.APP {
  commands: [
    'window.APP.setMockUserState({ role: "creator", onboardingPassed: false, kycPassed: false })',
    'window.APP.mockUser',
    'window.APP.getRegisteredUsers()'
  ]
}

stdout | tests/unit/cognitoLocaleProfile.test.js
[authHandler.js] [initialization] [init] Initializing auth handler {
  authMode: undefined,
  isDevelopment: true,
  shouldUseDev: true,
  selectedHandler: 'dev'
}
[authHandler.js] [initialization] [dev-auto] Using development handler (auto-detected development mode) {}
[authHandler.js] [window-api] [expose] Console commands exposed {
  commands: [
    'window.APP.useAuthHandler("dev")',
    'window.APP.useAuthHandler("cognito")',
    'window.APP.getCurrentAuthMode()',
    'window.APP.testAuthToggle()'
  ]
}

stdout | tests/unit/cognitoLocaleProfile.test.js
[localeManager.js] [window-api] [expose] Locale console commands exposed {
  commands: [
    'window.APP.setLocale("vi")',
    'window.APP.setLocale("en")',
    'window.APP.getLocale()',
    'window.APP.getSupportedLocales()',
    'window.APP.getLocalePreferenceOrder()',
    'window.APP.getTranslationStatistics()',
    'window.APP.testLocalePersistence()'
  ]
}

 ✓ tests/unit/cognitoLocaleProfile.test.js (2 tests) 5ms
stdout | tests/unit/extractLocaleSelection.test.js
[authHandlerDev.js] [window-api] [expose] Dev auth utilities exposed on window.APP {
  commands: [
    'window.APP.setMockUserState({ role: "creator", onboardingPassed: false, kycPassed: false })',
    'window.APP.mockUser',
    'window.APP.getRegisteredUsers()'
  ]
}

stdout | tests/unit/extractLocaleSelection.test.js
[authHandler.js] [initialization] [init] Initializing auth handler {
  authMode: undefined,
  isDevelopment: true,
  shouldUseDev: true,
  selectedHandler: 'dev'
}
[authHandler.js] [initialization] [dev-auto] Using development handler (auto-detected development mode) {}
[authHandler.js] [window-api] [expose] Console commands exposed {
  commands: [
    'window.APP.useAuthHandler("dev")',
    'window.APP.useAuthHandler("cognito")',
    'window.APP.getCurrentAuthMode()',
    'window.APP.testAuthToggle()'
  ]
}

stdout | tests/unit/extractLocaleSelection.test.js
[localeManager.js] [window-api] [expose] Locale console commands exposed {
  commands: [
    'window.APP.setLocale("vi")',
    'window.APP.setLocale("en")',
    'window.APP.getLocale()',
    'window.APP.getSupportedLocales()',
    'window.APP.getLocalePreferenceOrder()',
    'window.APP.getTranslationStatistics()',
    'window.APP.testLocalePersistence()'
  ]
}

 ✓ tests/unit/extractLocaleSelection.test.js (2 tests) 2ms

⎯⎯⎯⎯⎯⎯ Failed Suites 2 ⎯⎯⎯⎯⎯⎯⎯

 FAIL  tests/assetLibrary.test.js [ tests/assetLibrary.test.js ]
Error: No test suite found in file D:/projects/new-vue-main/tests/assetLibrary.test.js
⎯⎯⎯⎯⎯⎯⎯⎯⎯⎯⎯⎯⎯⎯⎯⎯⎯⎯⎯⎯⎯⎯⎯⎯[1/6]⎯

 FAIL  tests/assetMapper.test.js [ tests/assetMapper.test.js ]
Error: No test suite found in file D:/projects/new-vue-main/tests/assetMapper.test.js
⎯⎯⎯⎯⎯⎯⎯⎯⎯⎯⎯⎯⎯⎯⎯⎯⎯⎯⎯⎯⎯⎯⎯⎯[2/6]⎯


⎯⎯⎯⎯⎯⎯⎯ Failed Tests 4 ⎯⎯⎯⎯⎯⎯⎯

 FAIL  tests/unit/applyLocaleTemporarily.test.js > applyLocaleTemporarily (L-03) > starts translation load for 
resolved section using routePath
AssertionError: expected 'en' to be 'vi' // Object.is equality

Expected: "vi"
Received: "en"

 ❯ tests/unit/applyLocaleTemporarily.test.js:55:31
     53|     await applyLocaleTemporarily('vi', { routePath: '/vi/log-in' });
     54| 
     55|     expect(getActiveLocale()).toBe('vi');
       |                               ^
     56|     expect(loadTranslationsForSection).toHaveBeenCalledWith('auth', 'v…
     57|   });

⎯⎯⎯⎯⎯⎯⎯⎯⎯⎯⎯⎯⎯⎯⎯⎯⎯⎯⎯⎯⎯⎯⎯⎯[3/6]⎯

 FAIL  tests/unit/dashboardLayoutSectionRoutes.test.js > dashboard app page route sections > redirects legacy 
/analytics to /dashboard/analytics
AssertionError: expected undefined to be '/dashboard/analytics' // Object.is equality

- Expected: 
"/dashboard/analytics"

+ Received: 
undefined

 ❯ tests/unit/dashboardLayoutSectionRoutes.test.js:26:30
     24|     const routes = loadRouteConfig();
     25|     const legacy = routes.find((entry) => entry.slug === '/analytics');
     26|     expect(legacy?.redirect).toBe('/dashboard/analytics');
       |                              ^
     27|   });
     28| });

⎯⎯⎯⎯⎯⎯⎯⎯⎯⎯⎯⎯⎯⎯⎯⎯⎯⎯⎯⎯⎯⎯⎯⎯[4/6]⎯

 FAIL  tests/unit/resolveRouteAssetPreloads.test.js > resolveRouteAssetPreloads (P4) > expands assetPreloadRef into 
assetPreload and removes the ref field
AssertionError: expected [ …(21) ] to have a length of 20 but got 21

- Expected
+ Received

- 20
+ 21

 ❯ tests/unit/resolveRouteAssetPreloads.test.js:18:38
     16| 
     17|     expect(resolved[0].assetPreloadRef).toBeUndefined();
     18|     expect(resolved[0].assetPreload).toHaveLength(20);
       |                                      ^
     19|     expect(resolved[0].assetPreload[0]).toEqual({
     20|       flag: 'dashboard.logo',

⎯⎯⎯⎯⎯⎯⎯⎯⎯⎯⎯⎯⎯⎯⎯⎯⎯⎯⎯⎯⎯⎯⎯⎯[5/6]⎯

 FAIL  tests/unit/resolveRouteAssetPreloads.test.js > resolveRouteAssetPreloads (P4) > appends inline assetPreload 
entries after shared ref entries
AssertionError: expected [ …(22) ] to have a length of 21 but got 22

- Expected
+ Received

- 21
+ 22

 ❯ tests/unit/resolveRouteAssetPreloads.test.js:40:38
     38|     const resolved = resolveRouteAssetPreloads(routes, sharedAssetPrel…
     39| 
     40|     expect(resolved[0].assetPreload).toHaveLength(21);
       |                                      ^
     41|     expect(resolved[0].assetPreload[20]).toEqual({
     42|       src: '/media/extra.png',

⎯⎯⎯⎯⎯⎯⎯⎯⎯⎯⎯⎯⎯⎯⎯⎯⎯⎯⎯⎯⎯⎯⎯⎯[6/6]⎯


 Test Files  5 failed | 84 passed (89)
      Tests  4 failed | 426 passed (430)
   Start at  15:41:19
   Duration  52.85s (transform 1.96s, setup 0ms, collect 18.78s, tests 33.82s, environment 250.58s, prepare 23.84s)

[SectionBundler] Build ended
[ManifestGenerator] closeBundle hook - generating manifest
[ManifestGenerator] scanDistAssetsForSections() started: { distPath: 'D:\\projects\\new-vue-main\\dist' }
[ManifestGenerator] Found bundle: { section: 'auth', type: 'js', file: 'section-auth-Cz4ebLTM.js' }
[ManifestGenerator] Found bundle: { section: 'auth', type: 'css', file: 'section-auth-DOpoe8sk.css' }
[ManifestGenerator] Found bundle: {
  section: 'contact',
  type: 'css',
  file: 'section-contact-B3xP2g2w.css'
}
[ManifestGenerator] Found bundle: { section: 'contact', type: 'js', file: 'section-contact-DDlsRJGa.js' }
[ManifestGenerator] Found bundle: {
  section: 'dashboard-global',
  type: 'js',
  file: 'section-dashboard-global-Dq2jIViZ.js'
}
[ManifestGenerator] Found bundle: {
  section: 'dashboard-global',
  type: 'css',
  file: 'section-dashboard-global-on5tbhqw.css'
}
[ManifestGenerator] Found bundle: {
  section: 'dashboard-global',
  type: 'css',
  file: 'section-dashboard-global-St3Pv6os.css'
}
[ManifestGenerator] Found bundle: {
  section: 'dashboard-vendor',
  type: 'css',
  file: 'section-dashboard-vendor-lfDiA90d.css'
}
[ManifestGenerator] Found bundle: { section: 'demo', type: 'css', file: 'section-demo-CKs02Cup.css' }
[ManifestGenerator] Found bundle: { section: 'dev', type: 'css', file: 'section-dev-5Lq5MdDC.css' }
[ManifestGenerator] Found bundle: {
  section: 'discover',
  type: 'js',
  file: 'section-discover-CDEDHGb8.js'
}
[ManifestGenerator] Found bundle: {
  section: 'discover',
  type: 'css',
  file: 'section-discover-CXkkdDC1.css'
}
[ManifestGenerator] Found bundle: { section: 'misc', type: 'js', file: 'section-misc-BwO4mK60.js' }
[ManifestGenerator] Found bundle: { section: 'misc', type: 'css', file: 'section-misc-ChgvK1vJ.css' }
[ManifestGenerator] Found bundle: {
  section: 'profile',
  type: 'css',
  file: 'section-profile-Bf88IwXj.css'
}
[ManifestGenerator] Found bundle: { section: 'shop', type: 'css', file: 'section-shop-CPuac7Go.css' }
[ManifestGenerator] Found bundle: { section: 'shop', type: 'js', file: 'section-shop-CxJbKAI8.js' }
[ManifestGenerator] Scan complete: { totalBundles: 17 }
[ManifestGenerator] generateSectionManifestFile() started
[ManifestGenerator] Manifest generated successfully: {
  path: 'D:\\projects\\new-vue-main\\dist\\section-manifest.json',
  sectionCount: 10
}
[ManifestGenerator] enrichManifestWithMetadata() called
[jsonConfigLoaderNode] Loading JSON config: route_config_manifest from D:\projects\new-vue-main\src\router\routeConfig.json
[jsonConfigLoaderNode] Resolving path: D:\projects\new-vue-main\src\router\routeConfig.json
[jsonConfigLoaderNode] Path is already absolute: D:\projects\new-vue-main\src\router\routeConfig.json
[jsonConfigLoaderNode] Parsing JSON string for route_config_manifest
[jsonConfigLoaderNode] Successfully parsed JSON for route_config_manifest
[jsonConfigLoaderNode] Validating JSON data for route_config_manifest
[jsonConfigLoaderNode] JSON data is valid for route_config_manifest
[jsonConfigLoaderNode] Config loaded and cached: route_config_manifest
[ManifestGenerator] Manifest enriched with metadata
[ManifestGenerator] Manifest generation complete: { sections: 10, totalSize: 1116156 }
[ManifestIntegrity] Injected manifest integrity meta tags into index.html { tagCount: 1 }
[ManifestGenerator] closeBundle hook - generating manifest
[ManifestGenerator] scanDistAssetsForSections() started: { distPath: 'D:\\projects\\new-vue-main\\dist' }
[ManifestGenerator] Found bundle: { section: 'auth', type: 'js', file: 'section-auth-Cz4ebLTM.js' }
[ManifestGenerator] Found bundle: { section: 'auth', type: 'css', file: 'section-auth-DOpoe8sk.css' }
[ManifestGenerator] Found bundle: {
  section: 'contact',
  type: 'css',
  file: 'section-contact-B3xP2g2w.css'
}
[ManifestGenerator] Found bundle: { section: 'contact', type: 'js', file: 'section-contact-DDlsRJGa.js' }
[ManifestGenerator] Found bundle: {
  section: 'dashboard-global',
  type: 'js',
  file: 'section-dashboard-global-Dq2jIViZ.js'
}
[ManifestGenerator] Found bundle: {
  section: 'dashboard-global',
  type: 'css',
  file: 'section-dashboard-global-on5tbhqw.css'
}
[ManifestGenerator] Found bundle: {
  section: 'dashboard-global',
  type: 'css',
  file: 'section-dashboard-global-St3Pv6os.css'
}
[ManifestGenerator] Found bundle: {
  section: 'dashboard-vendor',
  type: 'css',
  file: 'section-dashboard-vendor-lfDiA90d.css'
}
[ManifestGenerator] Found bundle: { section: 'demo', type: 'css', file: 'section-demo-CKs02Cup.css' }
[ManifestGenerator] Found bundle: { section: 'dev', type: 'css', file: 'section-dev-5Lq5MdDC.css' }
[ManifestGenerator] Found bundle: {
  section: 'discover',
  type: 'js',
  file: 'section-discover-CDEDHGb8.js'
}
[ManifestGenerator] Found bundle: {
  section: 'discover',
  type: 'css',
  file: 'section-discover-CXkkdDC1.css'
}
[ManifestGenerator] Found bundle: { section: 'misc', type: 'js', file: 'section-misc-BwO4mK60.js' }
[ManifestGenerator] Found bundle: { section: 'misc', type: 'css', file: 'section-misc-ChgvK1vJ.css' }
[ManifestGenerator] Found bundle: {
  section: 'profile',
  type: 'css',
  file: 'section-profile-Bf88IwXj.css'
}
[ManifestGenerator] Found bundle: { section: 'shop', type: 'css', file: 'section-shop-CPuac7Go.css' }
[ManifestGenerator] Found bundle: { section: 'shop', type: 'js', file: 'section-shop-CxJbKAI8.js' }
[ManifestGenerator] Scan complete: { totalBundles: 17 }
[ManifestGenerator] generateSectionManifestFile() started
[ManifestGenerator] Manifest generated successfully: {
  path: 'D:\\projects\\new-vue-main\\dist\\section-manifest.json',
  sectionCount: 10
}
[ManifestGenerator] enrichManifestWithMetadata() called
[jsonConfigLoaderNode] Loading JSON config: route_config_manifest from D:\projects\new-vue-main\src\router\routeConfig.json
[jsonConfigLoaderNode] Config loaded from cache: route_config_manifest
[ManifestGenerator] Manifest enriched with metadata
[ManifestGenerator] Manifest generation complete: { sections: 10, totalSize: 1116156 }
[ManifestIntegrity] Injected manifest integrity meta tags into index.html { tagCount: 1 }
